SWAY_INPUT_FRAME,0,2,363
SWAY_INPUT_FRAME,1,364,725
SWAY_INPUT_FRAME,2,726,17870
SWAY_OUTPUT,0,13,37239
SWAY_STALL,0,37240,45432
SWAY_INPUT_FRAME,3,17871,42742
SWAY_OUTPUT,1,13,45432
SWAY_OUTPUT,2,13,45433
SWAY_OUTPUT,3,13,45434
SWAY_OUTPUT,4,25,45435
SWAY_OUTPUT,5,36,45436
SWAY_OUTPUT,6,45,45437
SWAY_OUTPUT,7,2,45438
SWAY_OUTPUT,8,-6,45439
SWAY_OUTPUT,9,-12,45440
SWAY_OUTPUT,10,18,45442
SWAY_OUTPUT,11,21,45443
SWAY_OUTPUT,12,22,45444
SWAY_OUTPUT,13,23,45445
SWAY_OUTPUT,14,8,45446
SWAY_OUTPUT,15,2,45447
SWAY_OUTPUT,16,-2,45448
SWAY_OUTPUT,17,-4,45449
SWAY_OUTPUT,18,13,45450
SWAY_OUTPUT,19,126,45451
SWAY_OUTPUT,20,127,45453
SWAY_OUTPUT,21,125,45454
SWAY_OUTPUT,22,126,45455
SWAY_OUTPUT,23,126,45456
SWAY_OUTPUT,24,127,45457
SWAY_OUTPUT,25,126,45458
SWAY_OUTPUT,26,124,45459
SWAY_OUTPUT,27,124,45460
SWAY_OUTPUT,28,121,45461
SWAY_OUTPUT,29,125,45462
SWAY_OUTPUT,30,124,45464
SWAY_OUTPUT,31,127,45465
SWAY_OUTPUT,32,120,45466
SWAY_OUTPUT,33,124,45467
SWAY_OUTPUT,34,125,45468
SWAY_OUTPUT,35,127,45469
SWAY_OUTPUT,36,123,45470
SWAY_OUTPUT,37,127,45471
SWAY_OUTPUT,38,-15,45472
SWAY_OUTPUT,39,6,45473
SWAY_OUTPUT,40,25,45475
SWAY_OUTPUT,41,34,45476
SWAY_OUTPUT,42,18,45477
SWAY_OUTPUT,43,12,45478
SWAY_OUTPUT,44,7,45479
SWAY_OUTPUT,45,17,45480
SWAY_OUTPUT,46,6,45481
SWAY_OUTPUT,47,-5,45482
SWAY_OUTPUT,48,-14,45483
SWAY_OUTPUT,49,-33,45484
SWAY_OUTPUT,50,-56,45486
SWAY_OUTPUT,51,-58,45487
SWAY_OUTPUT,52,-14,45488
SWAY_OUTPUT,53,-32,45489
SWAY_OUTPUT,54,-54,45490
SWAY_OUTPUT,55,-58,45491
SWAY_OUTPUT,56,20,45492
SWAY_FRAME,0,37239,45492
SWAY_OUTPUT,57,11,62111
SWAY_STALL,1,62112,70304
SWAY_INPUT_FRAME,4,42743,67613
SWAY_OUTPUT,58,11,70304
SWAY_OUTPUT,59,11,70305
SWAY_OUTPUT,60,11,70306
SWAY_OUTPUT,61,23,70307
SWAY_OUTPUT,62,32,70308
SWAY_OUTPUT,63,40,70309
SWAY_OUTPUT,64,-1,70310
SWAY_OUTPUT,65,-9,70311
SWAY_OUTPUT,66,-16,70313
SWAY_OUTPUT,67,16,70314
SWAY_OUTPUT,68,20,70315
SWAY_OUTPUT,69,22,70316
SWAY_OUTPUT,70,24,70317
SWAY_OUTPUT,71,6,70318
SWAY_OUTPUT,72,1,70319
SWAY_OUTPUT,73,-3,70320
SWAY_OUTPUT,74,-5,70321
SWAY_OUTPUT,75,11,70322
SWAY_OUTPUT,76,126,70324
SWAY_OUTPUT,77,127,70325
SWAY_OUTPUT,78,126,70326
SWAY_OUTPUT,79,126,70327
SWAY_OUTPUT,80,126,70328
SWAY_OUTPUT,81,127,70329
SWAY_OUTPUT,82,125,70330
SWAY_OUTPUT,83,124,70331
SWAY_OUTPUT,84,125,70332
SWAY_OUTPUT,85,123,70333
SWAY_OUTPUT,86,124,70335
SWAY_OUTPUT,87,125,70336
SWAY_OUTPUT,88,126,70337
SWAY_OUTPUT,89,119,70338
SWAY_OUTPUT,90,124,70339
SWAY_OUTPUT,91,126,70340
SWAY_OUTPUT,92,127,70341
SWAY_OUTPUT,93,124,70342
SWAY_OUTPUT,94,127,70343
SWAY_OUTPUT,95,-10,70344
SWAY_OUTPUT,96,12,70346
SWAY_OUTPUT,97,32,70347
SWAY_OUTPUT,98,41,70348
SWAY_OUTPUT,99,24,70349
SWAY_OUTPUT,100,15,70350
SWAY_OUTPUT,101,7,70351
SWAY_OUTPUT,102,23,70352
SWAY_OUTPUT,103,13,70353
SWAY_OUTPUT,104,3,70354
SWAY_OUTPUT,105,-9,70355
SWAY_OUTPUT,106,-31,70357
SWAY_OUTPUT,107,-54,70358
SWAY_OUTPUT,108,-58,70359
SWAY_OUTPUT,109,-9,70360
SWAY_OUTPUT,110,-30,70361
SWAY_OUTPUT,111,-53,70362
SWAY_OUTPUT,112,-57,70363
SWAY_OUTPUT,113,27,70364
SWAY_FRAME,1,62111,70364
SWAY_OUTPUT,114,10,86983
SWAY_STALL,2,86984,95176
SWAY_INPUT_FRAME,5,67614,92484
SWAY_OUTPUT,115,10,95176
SWAY_OUTPUT,116,10,95177
SWAY_OUTPUT,117,10,95178
SWAY_OUTPUT,118,21,95179
SWAY_OUTPUT,119,29,95180
SWAY_OUTPUT,120,38,95181
SWAY_OUTPUT,121,-1,95182
SWAY_OUTPUT,122,-8,95184
SWAY_OUTPUT,123,-15,95185
SWAY_OUTPUT,124,16,95186
SWAY_OUTPUT,125,18,95187
SWAY_OUTPUT,126,19,95188
SWAY_OUTPUT,127,20,95189
SWAY_OUTPUT,128,6,95190
SWAY_OUTPUT,129,3,95191
SWAY_OUTPUT,130,2,95192
SWAY_OUTPUT,131,1,95193
SWAY_OUTPUT,132,10,95195
SWAY_OUTPUT,133,127,95196
SWAY_OUTPUT,134,127,95197
SWAY_OUTPUT,135,127,95198
SWAY_OUTPUT,136,127,95199
SWAY_OUTPUT,137,127,95200
SWAY_OUTPUT,138,127,95201
SWAY_OUTPUT,139,127,95202
SWAY_OUTPUT,140,127,95203
SWAY_OUTPUT,141,127,95204
SWAY_OUTPUT,142,125,95206
SWAY_OUTPUT,143,127,95207
SWAY_OUTPUT,144,127,95208
SWAY_OUTPUT,145,127,95209
SWAY_OUTPUT,146,124,95210
SWAY_OUTPUT,147,127,95211
SWAY_OUTPUT,148,127,95212
SWAY_OUTPUT,149,127,95213
SWAY_OUTPUT,150,125,95214
SWAY_OUTPUT,151,127,95215
SWAY_OUTPUT,152,-18,95217
SWAY_OUTPUT,153,2,95218
SWAY_OUTPUT,154,22,95219
SWAY_OUTPUT,155,30,95220
SWAY_OUTPUT,156,14,95221
SWAY_OUTPUT,157,5,95222
SWAY_OUTPUT,158,-5,95223
SWAY_OUTPUT,159,14,95224
SWAY_OUTPUT,160,2,95225
SWAY_OUTPUT,161,-10,95226
SWAY_OUTPUT,162,-17,95228
SWAY_OUTPUT,163,-34,95229
SWAY_OUTPUT,164,-57,95230
SWAY_OUTPUT,165,-60,95231
SWAY_OUTPUT,166,-17,95232
SWAY_OUTPUT,167,-34,95233
SWAY_OUTPUT,168,-56,95234
SWAY_OUTPUT,169,-60,95235
SWAY_OUTPUT,170,17,95236
SWAY_FRAME,2,86983,95236
SWAY_OUTPUT,171,11,111855
SWAY_STALL,3,111856,120048
SWAY_INPUT_FRAME,6,92485,117356
SWAY_OUTPUT,172,10,120048
SWAY_OUTPUT,173,10,120049
SWAY_OUTPUT,174,10,120050
SWAY_OUTPUT,175,22,120051
SWAY_OUTPUT,176,32,120052
SWAY_OUTPUT,177,39,120053
SWAY_OUTPUT,178,-2,120055
SWAY_OUTPUT,179,-11,120056
SWAY_OUTPUT,180,-15,120057
SWAY_OUTPUT,181,16,120058
SWAY_OUTPUT,182,20,120059
SWAY_OUTPUT,183,22,120060
SWAY_OUTPUT,184,24,120061
SWAY_OUTPUT,185,6,120062
SWAY_OUTPUT,186,3,120063
SWAY_OUTPUT,187,2,120064
SWAY_OUTPUT,188,0,120066
SWAY_OUTPUT,189,10,120067
SWAY_OUTPUT,190,125,120068
SWAY_OUTPUT,191,126,120069
SWAY_OUTPUT,192,126,120070
SWAY_OUTPUT,193,127,120071
SWAY_OUTPUT,194,127,120072
SWAY_OUTPUT,195,127,120073
SWAY_OUTPUT,196,125,120074
SWAY_OUTPUT,197,125,120075
SWAY_OUTPUT,198,125,120077
SWAY_OUTPUT,199,122,120078
SWAY_OUTPUT,200,123,120079
SWAY_OUTPUT,201,126,120080
SWAY_OUTPUT,202,126,120081
SWAY_OUTPUT,203,119,120082
SWAY_OUTPUT,204,123,120083
SWAY_OUTPUT,205,126,120084
SWAY_OUTPUT,206,127,120085
SWAY_OUTPUT,207,123,120086
SWAY_OUTPUT,208,127,120088
SWAY_OUTPUT,209,-7,120089
SWAY_OUTPUT,210,15,120090
SWAY_OUTPUT,211,36,120091
SWAY_OUTPUT,212,45,120092
SWAY_OUTPUT,213,28,120093
SWAY_OUTPUT,214,21,120094
SWAY_OUTPUT,215,16,120095
SWAY_OUTPUT,216,27,120096
SWAY_OUTPUT,217,18,120097
SWAY_OUTPUT,218,10,120099
SWAY_OUTPUT,219,-6,120100
SWAY_OUTPUT,220,-31,120101
SWAY_OUTPUT,221,-54,120102
SWAY_OUTPUT,222,-58,120103
SWAY_OUTPUT,223,-6,120104
SWAY_OUTPUT,224,-31,120105
SWAY_OUTPUT,225,-55,120106
SWAY_OUTPUT,226,-60,120107
SWAY_OUTPUT,227,31,120108
SWAY_FRAME,3,111855,120108
SWAY_OUTPUT,228,12,136727
SWAY_STALL,4,136728,144920
SWAY_INPUT_FRAME,7,117357,142228
SWAY_OUTPUT,229,14,144920
SWAY_OUTPUT,230,16,144921
SWAY_OUTPUT,231,14,144922
SWAY_OUTPUT,232,26,144923
SWAY_OUTPUT,233,38,144924
SWAY_OUTPUT,234,48,144926
SWAY_OUTPUT,235,3,144927
SWAY_OUTPUT,236,-12,144928
SWAY_OUTPUT,237,-28,144929
SWAY_OUTPUT,238,18,144930
SWAY_OUTPUT,239,21,144931
SWAY_OUTPUT,240,23,144932
SWAY_OUTPUT,241,24,144933
SWAY_OUTPUT,242,8,144934
SWAY_OUTPUT,243,-5,144935
SWAY_OUTPUT,244,-15,144937
SWAY_OUTPUT,245,-18,144938
SWAY_OUTPUT,246,15,144939
SWAY_OUTPUT,247,127,144940
SWAY_OUTPUT,248,127,144941
SWAY_OUTPUT,249,126,144942
SWAY_OUTPUT,250,127,144943
SWAY_OUTPUT,251,124,144944
SWAY_OUTPUT,252,123,144945
SWAY_OUTPUT,253,120,144946
SWAY_OUTPUT,254,127,144948
SWAY_OUTPUT,255,127,144949
SWAY_OUTPUT,256,127,144950
SWAY_OUTPUT,257,127,144951
SWAY_OUTPUT,258,127,144952
SWAY_OUTPUT,259,127,144953
SWAY_OUTPUT,260,127,144954
SWAY_OUTPUT,261,127,144955
SWAY_OUTPUT,262,124,144956
SWAY_OUTPUT,263,124,144957
SWAY_OUTPUT,264,118,144959
SWAY_OUTPUT,265,127,144960
SWAY_OUTPUT,266,-12,144961
SWAY_OUTPUT,267,9,144962
SWAY_OUTPUT,268,29,144963
SWAY_OUTPUT,269,38,144964
SWAY_OUTPUT,270,20,144965
SWAY_OUTPUT,271,14,144966
SWAY_OUTPUT,272,9,144967
SWAY_OUTPUT,273,22,144968
SWAY_OUTPUT,274,20,144970
SWAY_OUTPUT,275,19,144971
SWAY_OUTPUT,276,-12,144972
SWAY_OUTPUT,277,-32,144973
SWAY_OUTPUT,278,-57,144974
SWAY_OUTPUT,279,-60,144975
SWAY_OUTPUT,280,-10,144976
SWAY_OUTPUT,281,-27,144977
SWAY_OUTPUT,282,-50,144978
SWAY_OUTPUT,283,-53,144979
SWAY_OUTPUT,284,24,144981
SWAY_FRAME,4,136727,144981
SWAY_OUTPUT,285,8,161599
SWAY_STALL,5,161600,169792
SWAY_INPUT_FRAME,8,142229,167100
SWAY_OUTPUT,286,7,169792
SWAY_OUTPUT,287,7,169793
SWAY_OUTPUT,288,7,169794
SWAY_OUTPUT,289,19,169795
SWAY_OUTPUT,290,33,169797
SWAY_OUTPUT,291,40,169798
SWAY_OUTPUT,292,-5,169799
SWAY_OUTPUT,293,-16,169800
SWAY_OUTPUT,294,-21,169801
SWAY_OUTPUT,295,13,169802
SWAY_OUTPUT,296,19,169803
SWAY_OUTPUT,297,24,169804
SWAY_OUTPUT,298,26,169805
SWAY_OUTPUT,299,3,169806
SWAY_OUTPUT,300,-2,169808
SWAY_OUTPUT,301,-4,169809
SWAY_OUTPUT,302,-6,169810
SWAY_OUTPUT,303,8,169811
SWAY_OUTPUT,304,124,169812
SWAY_OUTPUT,305,125,169813
SWAY_OUTPUT,306,124,169814
SWAY_OUTPUT,307,125,169815
SWAY_OUTPUT,308,124,169816
SWAY_OUTPUT,309,126,169817
SWAY_OUTPUT,310,122,169819
SWAY_OUTPUT,311,123,169820
SWAY_OUTPUT,312,124,169821
SWAY_OUTPUT,313,121,169822
SWAY_OUTPUT,314,122,169823
SWAY_OUTPUT,315,123,169824
SWAY_OUTPUT,316,125,169825
SWAY_OUTPUT,317,117,169826
SWAY_OUTPUT,318,122,169827
SWAY_OUTPUT,319,122,169828
SWAY_OUTPUT,320,126,169830
SWAY_OUTPUT,321,121,169831
SWAY_OUTPUT,322,125,169832
SWAY_OUTPUT,323,-10,169833
SWAY_OUTPUT,324,12,169834
SWAY_OUTPUT,325,32,169835
SWAY_OUTPUT,326,41,169836
SWAY_OUTPUT,327,24,169837
SWAY_OUTPUT,328,22,169838
SWAY_OUTPUT,329,26,169839
SWAY_OUTPUT,330,23,169841
SWAY_OUTPUT,331,18,169842
SWAY_OUTPUT,332,17,169843
SWAY_OUTPUT,333,-9,169844
SWAY_OUTPUT,334,-31,169845
SWAY_OUTPUT,335,-54,169846
SWAY_OUTPUT,336,-57,169847
SWAY_OUTPUT,337,-9,169848
SWAY_OUTPUT,338,-30,169849
SWAY_OUTPUT,339,-54,169850
SWAY_OUTPUT,340,-58,169852
SWAY_OUTPUT,341,27,169853
SWAY_FRAME,5,161599,169853
SWAY_OUTPUT,342,7,186471
SWAY_STALL,6,186472,194664
SWAY_INPUT_FRAME,9,167101,191972
SWAY_OUTPUT,343,6,194664
SWAY_OUTPUT,344,5,194665
SWAY_OUTPUT,345,4,194666
SWAY_OUTPUT,346,17,194668
SWAY_OUTPUT,347,32,194669
SWAY_OUTPUT,348,42,194670
SWAY_OUTPUT,349,-7,194671
SWAY_OUTPUT,350,-20,194672
SWAY_OUTPUT,351,-29,194673
SWAY_OUTPUT,352,12,194674
SWAY_OUTPUT,353,21,194675
SWAY_OUTPUT,354,29,194676
SWAY_OUTPUT,355,32,194677
SWAY_OUTPUT,356,2,194679
SWAY_OUTPUT,357,-5,194680
SWAY_OUTPUT,358,-7,194681
SWAY_OUTPUT,359,-9,194682
SWAY_OUTPUT,360,5,194683
SWAY_OUTPUT,361,127,194684
SWAY_OUTPUT,362,127,194685
SWAY_OUTPUT,363,127,194686
SWAY_OUTPUT,364,127,194687
SWAY_OUTPUT,365,127,194688
SWAY_OUTPUT,366,127,194690
SWAY_OUTPUT,367,124,194691
SWAY_OUTPUT,368,127,194692
SWAY_OUTPUT,369,127,194693
SWAY_OUTPUT,370,126,194694
SWAY_OUTPUT,371,127,194695
SWAY_OUTPUT,372,127,194696
SWAY_OUTPUT,373,127,194697
SWAY_OUTPUT,374,123,194698
SWAY_OUTPUT,375,127,194699
SWAY_OUTPUT,376,126,194701
SWAY_OUTPUT,377,127,194702
SWAY_OUTPUT,378,123,194703
SWAY_OUTPUT,379,127,194704
SWAY_OUTPUT,380,-11,194705
SWAY_OUTPUT,381,10,194706
SWAY_OUTPUT,382,30,194707
SWAY_OUTPUT,383,39,194708
SWAY_OUTPUT,384,23,194709
SWAY_OUTPUT,385,21,194710
SWAY_OUTPUT,386,23,194712
SWAY_OUTPUT,387,22,194713
SWAY_OUTPUT,388,18,194714
SWAY_OUTPUT,389,16,194715
SWAY_OUTPUT,390,-10,194716
SWAY_OUTPUT,391,-29,194717
SWAY_OUTPUT,392,-53,194718
SWAY_OUTPUT,393,-57,194719
SWAY_OUTPUT,394,-10,194720
SWAY_OUTPUT,395,-30,194721
SWAY_OUTPUT,396,-55,194723
SWAY_OUTPUT,397,-59,194724
SWAY_OUTPUT,398,25,194725
SWAY_FRAME,6,186471,194725
SWAY_OUTPUT,399,18,211344
SWAY_STALL,7,211345,219537
SWAY_INPUT_FRAME,10,191973,216844
SWAY_OUTPUT,400,19,219537
SWAY_OUTPUT,401,20,219539
SWAY_OUTPUT,402,21,219540
SWAY_OUTPUT,403,31,219541
SWAY_OUTPUT,404,41,219542
SWAY_OUTPUT,405,50,219543
SWAY_OUTPUT,406,9,219544
SWAY_OUTPUT,407,-4,219545
SWAY_OUTPUT,408,-16,219546
SWAY_OUTPUT,409,24,219547
SWAY_OUTPUT,410,27,219548
SWAY_OUTPUT,411,25,219550
SWAY_OUTPUT,412,27,219551
SWAY_OUTPUT,413,13,219552
SWAY_OUTPUT,414,5,219553
SWAY_OUTPUT,415,-4,219554
SWAY_OUTPUT,416,-7,219555
SWAY_OUTPUT,417,20,219556
SWAY_OUTPUT,418,125,219557
SWAY_OUTPUT,419,126,219558
SWAY_OUTPUT,420,124,219559
SWAY_OUTPUT,421,125,219561
SWAY_OUTPUT,422,124,219562
SWAY_OUTPUT,423,127,219563
SWAY_OUTPUT,424,124,219564
SWAY_OUTPUT,425,123,219565
SWAY_OUTPUT,426,124,219566
SWAY_OUTPUT,427,122,219567
SWAY_OUTPUT,428,124,219568
SWAY_OUTPUT,429,122,219569
SWAY_OUTPUT,430,126,219570
SWAY_OUTPUT,431,119,219572
SWAY_OUTPUT,432,124,219573
SWAY_OUTPUT,433,125,219574
SWAY_OUTPUT,434,127,219575
SWAY_OUTPUT,435,123,219576
SWAY_OUTPUT,436,125,219577
SWAY_OUTPUT,437,-15,219578
SWAY_OUTPUT,438,6,219579
SWAY_OUTPUT,439,26,219580
SWAY_OUTPUT,440,34,219581
SWAY_OUTPUT,441,17,219583
SWAY_OUTPUT,442,9,219584
SWAY_OUTPUT,443,0,219585
SWAY_OUTPUT,444,18,219586
SWAY_OUTPUT,445,12,219587
SWAY_OUTPUT,446,5,219588
SWAY_OUTPUT,447,-14,219589
SWAY_OUTPUT,448,-33,219590
SWAY_OUTPUT,449,-56,219591
SWAY_OUTPUT,450,-59,219592
SWAY_OUTPUT,451,-13,219594
SWAY_OUTPUT,452,-31,219595
SWAY_OUTPUT,453,-52,219596
SWAY_OUTPUT,454,-55,219597
SWAY_OUTPUT,455,21,219598
SWAY_FRAME,7,211344,219598
SWAY_OUTPUT,456,10,236215
SWAY_STALL,8,236216,244408
SWAY_INPUT_FRAME,11,216845,241716
SWAY_OUTPUT,457,10,244408
SWAY_OUTPUT,458,10,244410
SWAY_OUTPUT,459,10,244411
SWAY_OUTPUT,460,22,244412
SWAY_OUTPUT,461,32,244413
SWAY_OUTPUT,462,36,244414
SWAY_OUTPUT,463,-2,244415
SWAY_OUTPUT,464,-16,244416
SWAY_OUTPUT,465,-23,244417
SWAY_OUTPUT,466,15,244418
SWAY_OUTPUT,467,19,244419
SWAY_OUTPUT,468,22,244421
SWAY_OUTPUT,469,24,244422
SWAY_OUTPUT,470,5,244423
SWAY_OUTPUT,471,-1,244424
SWAY_OUTPUT,472,-3,244425
SWAY_OUTPUT,473,-5,244426
SWAY_OUTPUT,474,10,244427
SWAY_OUTPUT,475,124,244428
SWAY_OUTPUT,476,124,244429
SWAY_OUTPUT,477,123,244430
SWAY_OUTPUT,478,124,244432
SWAY_OUTPUT,479,123,244433
SWAY_OUTPUT,480,125,244434
SWAY_OUTPUT,481,120,244435
SWAY_OUTPUT,482,123,244436
SWAY_OUTPUT,483,123,244437
SWAY_OUTPUT,484,121,244438
SWAY_OUTPUT,485,122,244439
SWAY_OUTPUT,486,122,244440
SWAY_OUTPUT,487,125,244441
SWAY_OUTPUT,488,117,244443
SWAY_OUTPUT,489,122,244444
SWAY_OUTPUT,490,122,244445
SWAY_OUTPUT,491,125,244446
SWAY_OUTPUT,492,120,244447
SWAY_OUTPUT,493,124,244448
SWAY_OUTPUT,494,-10,244449
SWAY_OUTPUT,495,12,244450
SWAY_OUTPUT,496,32,244451
SWAY_OUTPUT,497,41,244452
SWAY_OUTPUT,498,24,244454
SWAY_OUTPUT,499,17,244455
SWAY_OUTPUT,500,17,244456
SWAY_OUTPUT,501,24,244457
SWAY_OUTPUT,502,22,244458
SWAY_OUTPUT,503,25,244459
SWAY_OUTPUT,504,-9,244460
SWAY_OUTPUT,505,-32,244461
SWAY_OUTPUT,506,-55,244462
SWAY_OUTPUT,507,-59,244463
SWAY_OUTPUT,508,-9,244465
SWAY_OUTPUT,509,-31,244466
SWAY_OUTPUT,510,-54,244467
SWAY_OUTPUT,511,-59,244468
SWAY_OUTPUT,512,27,244469
SWAY_FRAME,8,236215,244469
SWAY_OUTPUT,513,47,261087
SWAY_STALL,9,261088,269280
SWAY_INPUT_FRAME,12,241717,266588
SWAY_OUTPUT,514,49,269281
SWAY_OUTPUT,515,52,269282
SWAY_OUTPUT,516,51,269283
SWAY_OUTPUT,517,57,269284
SWAY_OUTPUT,518,52,269285
SWAY_OUTPUT,519,71,269286
SWAY_OUTPUT,520,42,269287
SWAY_OUTPUT,521,49,269288
SWAY_OUTPUT,522,7,269289
SWAY_OUTPUT,523,52,269290
SWAY_OUTPUT,524,46,269292
SWAY_OUTPUT,525,34,269293
SWAY_OUTPUT,526,36,269294
SWAY_OUTPUT,527,43,269295
SWAY_OUTPUT,528,49,269296
SWAY_OUTPUT,529,40,269297
SWAY_OUTPUT,530,40,269298
SWAY_OUTPUT,531,51,269299
SWAY_OUTPUT,532,127,269300
SWAY_OUTPUT,533,127,269301
SWAY_OUTPUT,534,127,269303
SWAY_OUTPUT,535,127,269304
SWAY_OUTPUT,536,127,269305
SWAY_OUTPUT,537,127,269306
SWAY_OUTPUT,538,127,269307
SWAY_OUTPUT,539,127,269308
SWAY_OUTPUT,540,127,269309
SWAY_OUTPUT,541,127,269310
SWAY_OUTPUT,542,127,269311
SWAY_OUTPUT,543,127,269312
SWAY_OUTPUT,544,127,269314
SWAY_OUTPUT,545,127,269315
SWAY_OUTPUT,546,127,269316
SWAY_OUTPUT,547,127,269317
SWAY_OUTPUT,548,127,269318
SWAY_OUTPUT,549,127,269319
SWAY_OUTPUT,550,127,269320
SWAY_OUTPUT,551,23,269321
SWAY_OUTPUT,552,58,269322
SWAY_OUTPUT,553,90,269323
SWAY_OUTPUT,554,104,269325
SWAY_OUTPUT,555,64,269326
SWAY_OUTPUT,556,27,269327
SWAY_OUTPUT,557,3,269328
SWAY_OUTPUT,558,69,269329
SWAY_OUTPUT,559,1,269330
SWAY_OUTPUT,560,-45,269331
SWAY_OUTPUT,561,23,269332
SWAY_OUTPUT,562,-36,269333
SWAY_OUTPUT,563,-94,269334
SWAY_OUTPUT,564,-111,269336
SWAY_OUTPUT,565,25,269337
SWAY_OUTPUT,566,-40,269338
SWAY_OUTPUT,567,-84,269339
SWAY_OUTPUT,568,-90,269340
SWAY_OUTPUT,569,81,269341
SWAY_FRAME,9,261087,269341
SWAY_OUTPUT,570,0,285959
SWAY_STALL,10,285960,294152
SWAY_INPUT_FRAME,13,266589,291460
SWAY_OUTPUT,571,3,294152
SWAY_OUTPUT,572,6,294153
SWAY_OUTPUT,573,8,294154
SWAY_OUTPUT,574,20,294155
SWAY_OUTPUT,575,18,294156
SWAY_OUTPUT,576,-24,294157
SWAY_OUTPUT,577,-6,294158
SWAY_OUTPUT,578,-17,294159
SWAY_OUTPUT,579,14,294160
SWAY_OUTPUT,580,5,294161
SWAY_OUTPUT,581,-2,294163
SWAY_OUTPUT,582,-2,294164
SWAY_OUTPUT,583,-8,294165
SWAY_OUTPUT,584,-4,294166
SWAY_OUTPUT,585,-26,294167
SWAY_OUTPUT,586,-29,294168
SWAY_OUTPUT,587,-35,294169
SWAY_OUTPUT,588,5,294170
SWAY_OUTPUT,589,20,294171
SWAY_OUTPUT,590,19,294172
SWAY_OUTPUT,591,18,294174
SWAY_OUTPUT,592,17,294175
SWAY_OUTPUT,593,30,294176
SWAY_OUTPUT,594,43,294177
SWAY_OUTPUT,595,46,294178
SWAY_OUTPUT,596,17,294179
SWAY_OUTPUT,597,21,294180
SWAY_OUTPUT,598,34,294181
SWAY_OUTPUT,599,20,294182
SWAY_OUTPUT,600,21,294183
SWAY_OUTPUT,601,20,294185
SWAY_OUTPUT,602,0,294186
SWAY_OUTPUT,603,16,294187
SWAY_OUTPUT,604,4,294188
SWAY_OUTPUT,605,27,294189
SWAY_OUTPUT,606,37,294190
SWAY_OUTPUT,607,19,294191
SWAY_OUTPUT,608,-13,294192
SWAY_OUTPUT,609,5,294193
SWAY_OUTPUT,610,23,294194
SWAY_OUTPUT,611,30,294196
SWAY_OUTPUT,612,18,294197
SWAY_OUTPUT,613,13,294198
SWAY_OUTPUT,614,-7,294199
SWAY_OUTPUT,615,12,294200
SWAY_OUTPUT,616,15,294201
SWAY_OUTPUT,617,3,294202
SWAY_OUTPUT,618,-13,294203
SWAY_OUTPUT,619,-36,294204
SWAY_OUTPUT,620,-27,294205
SWAY_OUTPUT,621,-18,294207
SWAY_OUTPUT,622,-12,294208
SWAY_OUTPUT,623,-20,294209
SWAY_OUTPUT,624,-20,294210
SWAY_OUTPUT,625,-28,294211
SWAY_OUTPUT,626,19,294212
SWAY_FRAME,10,285959,294212
SWAY_OUTPUT,627,13,310831
SWAY_STALL,11,310832,319024
SWAY_OUTPUT,628,10,319024
SWAY_OUTPUT,629,10,319025
SWAY_OUTPUT,630,11,319026
SWAY_OUTPUT,631,15,319027
SWAY_OUTPUT,632,30,319028
SWAY_OUTPUT,633,69,319029
SWAY_OUTPUT,634,6,319030
SWAY_OUTPUT,635,4,319031
SWAY_OUTPUT,636,-10,319032
SWAY_OUTPUT,637,18,319034
SWAY_OUTPUT,638,7,319035
SWAY_OUTPUT,639,21,319036
SWAY_OUTPUT,640,29,319037
SWAY_OUTPUT,641,9,319038
SWAY_OUTPUT,642,31,319039
SWAY_OUTPUT,643,35,319040
SWAY_OUTPUT,644,36,319041
SWAY_OUTPUT,645,11,319042
SWAY_OUTPUT,646,127,319043
SWAY_OUTPUT,647,127,319045
SWAY_OUTPUT,648,127,319046
SWAY_OUTPUT,649,127,319047
SWAY_OUTPUT,650,127,319048
SWAY_OUTPUT,651,127,319049
SWAY_OUTPUT,652,127,319050
SWAY_OUTPUT,653,127,319051
SWAY_OUTPUT,654,127,319052
SWAY_OUTPUT,655,127,319053
SWAY_OUTPUT,656,127,319054
SWAY_OUTPUT,657,127,319056
SWAY_OUTPUT,658,127,319057
SWAY_OUTPUT,659,127,319058
SWAY_OUTPUT,660,127,319059
SWAY_OUTPUT,661,127,319060
SWAY_OUTPUT,662,127,319061
SWAY_OUTPUT,663,127,319062
SWAY_OUTPUT,664,127,319063
SWAY_OUTPUT,665,-30,319064
SWAY_OUTPUT,666,-12,319065
SWAY_OUTPUT,667,5,319067
SWAY_OUTPUT,668,10,319068
SWAY_OUTPUT,669,1,319069
SWAY_OUTPUT,670,6,319070
SWAY_OUTPUT,671,2,319071
SWAY_OUTPUT,672,-2,319072
SWAY_OUTPUT,673,-20,319073
SWAY_OUTPUT,674,-51,319074
SWAY_OUTPUT,675,-29,319075
SWAY_OUTPUT,676,-40,319076
SWAY_OUTPUT,677,-68,319078
SWAY_OUTPUT,678,-73,319079
SWAY_OUTPUT,679,-29,319080
SWAY_OUTPUT,680,-37,319081
SWAY_OUTPUT,681,-61,319082
SWAY_OUTPUT,682,-70,319083
SWAY_OUTPUT,683,0,319084
SWAY_FRAME,11,310831,319084
SWAY_OUTPUT,684,13,335703
SWAY_STALL,12,335704,343896
SWAY_OUTPUT,685,13,343896
SWAY_OUTPUT,686,13,343897
SWAY_OUTPUT,687,13,343898
SWAY_OUTPUT,688,25,343899
SWAY_OUTPUT,689,36,343900
SWAY_OUTPUT,690,45,343901
SWAY_OUTPUT,691,2,343902
SWAY_OUTPUT,692,-6,343903
SWAY_OUTPUT,693,-12,343905
SWAY_OUTPUT,694,18,343906
SWAY_OUTPUT,695,21,343907
SWAY_OUTPUT,696,22,343908
SWAY_OUTPUT,697,23,343909
SWAY_OUTPUT,698,8,343910
SWAY_OUTPUT,699,2,343911
SWAY_OUTPUT,700,-2,343912
SWAY_OUTPUT,701,-4,343913
SWAY_OUTPUT,702,13,343914
SWAY_OUTPUT,703,126,343916
SWAY_OUTPUT,704,127,343917
SWAY_OUTPUT,705,125,343918
SWAY_OUTPUT,706,126,343919
SWAY_OUTPUT,707,126,343920
SWAY_OUTPUT,708,127,343921
SWAY_OUTPUT,709,126,343922
SWAY_OUTPUT,710,124,343923
SWAY_OUTPUT,711,124,343924
SWAY_OUTPUT,712,121,343925
SWAY_OUTPUT,713,125,343927
SWAY_OUTPUT,714,124,343928
SWAY_OUTPUT,715,127,343929
SWAY_OUTPUT,716,120,343930
SWAY_OUTPUT,717,124,343931
SWAY_OUTPUT,718,125,343932
SWAY_OUTPUT,719,127,343933
SWAY_OUTPUT,720,123,343934
SWAY_OUTPUT,721,127,343935
SWAY_OUTPUT,722,-15,343936
SWAY_OUTPUT,723,6,343938
SWAY_OUTPUT,724,25,343939
SWAY_OUTPUT,725,34,343940
SWAY_OUTPUT,726,18,343941
SWAY_OUTPUT,727,12,343942
SWAY_OUTPUT,728,7,343943
SWAY_OUTPUT,729,17,343944
SWAY_OUTPUT,730,6,343945
SWAY_OUTPUT,731,-5,343946
SWAY_OUTPUT,732,-14,343947
SWAY_OUTPUT,733,-33,343949
SWAY_OUTPUT,734,-56,343950
SWAY_OUTPUT,735,-58,343951
SWAY_OUTPUT,736,-14,343952
SWAY_OUTPUT,737,-32,343953
SWAY_OUTPUT,738,-54,343954
SWAY_OUTPUT,739,-58,343955
SWAY_OUTPUT,740,20,343956
SWAY_FRAME,12,335703,343956
SWAY_OUTPUT,741,13,360575
SWAY_STALL,13,360576,368768
SWAY_OUTPUT,742,13,368768
SWAY_OUTPUT,743,13,368769
SWAY_OUTPUT,744,13,368770
SWAY_OUTPUT,745,25,368771
SWAY_OUTPUT,746,36,368772
SWAY_OUTPUT,747,45,368773
SWAY_OUTPUT,748,2,368774
SWAY_OUTPUT,749,-6,368776
SWAY_OUTPUT,750,-12,368777
SWAY_OUTPUT,751,18,368778
SWAY_OUTPUT,752,21,368779
SWAY_OUTPUT,753,22,368780
SWAY_OUTPUT,754,23,368781
SWAY_OUTPUT,755,8,368782
SWAY_OUTPUT,756,2,368783
SWAY_OUTPUT,757,-2,368784
SWAY_OUTPUT,758,-4,368785
SWAY_OUTPUT,759,13,368787
SWAY_OUTPUT,760,126,368788
SWAY_OUTPUT,761,127,368789
SWAY_OUTPUT,762,125,368790
SWAY_OUTPUT,763,126,368791
SWAY_OUTPUT,764,126,368792
SWAY_OUTPUT,765,127,368793
SWAY_OUTPUT,766,126,368794
SWAY_OUTPUT,767,124,368795
SWAY_OUTPUT,768,124,368796
SWAY_OUTPUT,769,121,368798
SWAY_OUTPUT,770,125,368799
SWAY_OUTPUT,771,124,368800
SWAY_OUTPUT,772,127,368801
SWAY_OUTPUT,773,120,368802
SWAY_OUTPUT,774,124,368803
SWAY_OUTPUT,775,125,368804
SWAY_OUTPUT,776,127,368805
SWAY_OUTPUT,777,123,368806
SWAY_OUTPUT,778,127,368807
SWAY_OUTPUT,779,-15,368809
SWAY_OUTPUT,780,6,368810
SWAY_OUTPUT,781,25,368811
SWAY_OUTPUT,782,34,368812
SWAY_OUTPUT,783,18,368813
SWAY_OUTPUT,784,12,368814
SWAY_OUTPUT,785,7,368815
SWAY_OUTPUT,786,17,368816
SWAY_OUTPUT,787,6,368817
SWAY_OUTPUT,788,-5,368818
SWAY_OUTPUT,789,-14,368820
SWAY_OUTPUT,790,-33,368821
SWAY_OUTPUT,791,-56,368822
SWAY_OUTPUT,792,-58,368823
SWAY_OUTPUT,793,-14,368824
SWAY_OUTPUT,794,-32,368825
SWAY_OUTPUT,795,-54,368826
SWAY_OUTPUT,796,-58,368827
SWAY_OUTPUT,797,20,368828
SWAY_FRAME,13,360575,368828
SWAY_PASS frames=14 outputs=798 cycles=370877 drain_cycles=2048
