SWAY_INPUT_FRAME,0,2,363
SWAY_INPUT_FRAME,1,364,725
SWAY_INPUT_FRAME,2,726,7368
SWAY_INPUT_FRAME,3,7369,14968
SWAY_OUTPUT,0,7,20749
SWAY_STALL,0,20750,28942
SWAY_INPUT_FRAME,4,14969,22568
SWAY_OUTPUT,1,7,28942
SWAY_OUTPUT,2,6,28943
SWAY_OUTPUT,3,6,28944
SWAY_OUTPUT,4,12,28945
SWAY_OUTPUT,5,16,28946
SWAY_OUTPUT,6,19,28947
SWAY_OUTPUT,7,1,28948
SWAY_OUTPUT,8,-2,28949
SWAY_OUTPUT,9,-3,28950
SWAY_OUTPUT,10,9,28951
SWAY_OUTPUT,11,10,28953
SWAY_OUTPUT,12,11,28954
SWAY_OUTPUT,13,11,28955
SWAY_OUTPUT,14,4,28956
SWAY_OUTPUT,15,2,28957
SWAY_OUTPUT,16,0,28958
SWAY_OUTPUT,17,0,28959
SWAY_OUTPUT,18,7,28960
SWAY_OUTPUT,19,63,28961
SWAY_OUTPUT,20,63,28962
SWAY_OUTPUT,21,63,28964
SWAY_OUTPUT,22,62,28965
SWAY_OUTPUT,23,62,28966
SWAY_OUTPUT,24,63,28967
SWAY_OUTPUT,25,61,28968
SWAY_OUTPUT,26,62,28969
SWAY_OUTPUT,27,63,28970
SWAY_OUTPUT,28,61,28971
SWAY_OUTPUT,29,62,28972
SWAY_OUTPUT,30,62,28973
SWAY_OUTPUT,31,63,28975
SWAY_OUTPUT,32,61,28976
SWAY_OUTPUT,33,62,28977
SWAY_OUTPUT,34,62,28978
SWAY_OUTPUT,35,63,28979
SWAY_OUTPUT,36,60,28980
SWAY_OUTPUT,37,63,28981
SWAY_OUTPUT,38,-7,28982
SWAY_OUTPUT,39,2,28983
SWAY_OUTPUT,40,13,28984
SWAY_OUTPUT,41,17,28986
SWAY_OUTPUT,42,9,28987
SWAY_OUTPUT,43,5,28988
SWAY_OUTPUT,44,2,28989
SWAY_OUTPUT,45,9,28990
SWAY_OUTPUT,46,2,28991
SWAY_OUTPUT,47,-4,28992
SWAY_OUTPUT,48,-7,28993
SWAY_OUTPUT,49,-17,28994
SWAY_OUTPUT,50,-28,28995
SWAY_OUTPUT,51,-29,28997
SWAY_OUTPUT,52,-7,28998
SWAY_OUTPUT,53,-16,28999
SWAY_OUTPUT,54,-27,29000
SWAY_OUTPUT,55,-29,29001
SWAY_OUTPUT,56,10,29002
SWAY_FRAME,0,20749,29002
SWAY_OUTPUT,57,7,29003
SWAY_STALL,1,29004,37196
SWAY_INPUT_FRAME,5,22569,30168
SWAY_OUTPUT,58,8,37196
SWAY_OUTPUT,59,8,37197
SWAY_OUTPUT,60,8,37198
SWAY_OUTPUT,61,13,37199
SWAY_OUTPUT,62,17,37200
SWAY_OUTPUT,63,20,37201
SWAY_OUTPUT,64,2,37203
SWAY_OUTPUT,65,-2,37204
SWAY_OUTPUT,66,-5,37205
SWAY_OUTPUT,67,10,37206
SWAY_OUTPUT,68,11,37207
SWAY_OUTPUT,69,10,37208
SWAY_OUTPUT,70,11,37209
SWAY_OUTPUT,71,5,37210
SWAY_OUTPUT,72,3,37211
SWAY_OUTPUT,73,0,37212
SWAY_OUTPUT,74,0,37214
SWAY_OUTPUT,75,8,37215
SWAY_OUTPUT,76,62,37216
SWAY_OUTPUT,77,62,37217
SWAY_OUTPUT,78,62,37218
SWAY_OUTPUT,79,62,37219
SWAY_OUTPUT,80,62,37220
SWAY_OUTPUT,81,62,37221
SWAY_OUTPUT,82,60,37222
SWAY_OUTPUT,83,61,37223
SWAY_OUTPUT,84,61,37225
SWAY_OUTPUT,85,60,37226
SWAY_OUTPUT,86,61,37227
SWAY_OUTPUT,87,60,37228
SWAY_OUTPUT,88,62,37229
SWAY_OUTPUT,89,59,37230
SWAY_OUTPUT,90,61,37231
SWAY_OUTPUT,91,61,37232
SWAY_OUTPUT,92,64,37233
SWAY_OUTPUT,93,60,37234
SWAY_OUTPUT,94,62,37236
SWAY_OUTPUT,95,-6,37237
SWAY_OUTPUT,96,4,37238
SWAY_OUTPUT,97,14,37239
SWAY_OUTPUT,98,18,37240
SWAY_OUTPUT,99,10,37241
SWAY_OUTPUT,100,6,37242
SWAY_OUTPUT,101,-1,37243
SWAY_OUTPUT,102,10,37244
SWAY_OUTPUT,103,4,37245
SWAY_OUTPUT,104,-1,37247
SWAY_OUTPUT,105,-5,37248
SWAY_OUTPUT,106,-16,37249
SWAY_OUTPUT,107,-26,37250
SWAY_OUTPUT,108,-29,37251
SWAY_OUTPUT,109,-6,37252
SWAY_OUTPUT,110,-15,37253
SWAY_OUTPUT,111,-26,37254
SWAY_OUTPUT,112,-28,37255
SWAY_OUTPUT,113,11,37256
SWAY_FRAME,1,29003,37256
SWAY_OUTPUT,114,8,37258
SWAY_STALL,2,37259,45451
SWAY_INPUT_FRAME,6,30169,37768
SWAY_INPUT_FRAME,7,37769,45368
SWAY_OUTPUT,115,9,45451
SWAY_OUTPUT,116,8,45453
SWAY_OUTPUT,117,9,45454
SWAY_OUTPUT,118,13,45455
SWAY_OUTPUT,119,16,45456
SWAY_OUTPUT,120,15,45457
SWAY_OUTPUT,121,4,45458
SWAY_OUTPUT,122,1,45459
SWAY_OUTPUT,123,0,45460
SWAY_OUTPUT,124,10,45461
SWAY_OUTPUT,125,10,45462
SWAY_OUTPUT,126,8,45464
SWAY_OUTPUT,127,8,45465
SWAY_OUTPUT,128,6,45466
SWAY_OUTPUT,129,4,45467
SWAY_OUTPUT,130,2,45468
SWAY_OUTPUT,131,1,45469
SWAY_OUTPUT,132,9,45470
SWAY_OUTPUT,133,63,45471
SWAY_OUTPUT,134,63,45472
SWAY_OUTPUT,135,63,45473
SWAY_OUTPUT,136,63,45475
SWAY_OUTPUT,137,62,45476
SWAY_OUTPUT,138,62,45477
SWAY_OUTPUT,139,60,45478
SWAY_OUTPUT,140,62,45479
SWAY_OUTPUT,141,64,45480
SWAY_OUTPUT,142,62,45481
SWAY_OUTPUT,143,62,45482
SWAY_OUTPUT,144,62,45483
SWAY_OUTPUT,145,63,45484
SWAY_OUTPUT,146,62,45486
SWAY_OUTPUT,147,62,45487
SWAY_OUTPUT,148,62,45488
SWAY_OUTPUT,149,63,45489
SWAY_OUTPUT,150,59,45490
SWAY_OUTPUT,151,63,45491
SWAY_OUTPUT,152,-8,45492
SWAY_OUTPUT,153,2,45493
SWAY_OUTPUT,154,13,45494
SWAY_OUTPUT,155,17,45495
SWAY_OUTPUT,156,9,45497
SWAY_OUTPUT,157,2,45498
SWAY_OUTPUT,158,-4,45499
SWAY_OUTPUT,159,8,45500
SWAY_OUTPUT,160,2,45501
SWAY_OUTPUT,161,-4,45502
SWAY_OUTPUT,162,-7,45503
SWAY_OUTPUT,163,-17,45504
SWAY_OUTPUT,164,-28,45505
SWAY_OUTPUT,165,-30,45506
SWAY_OUTPUT,166,-7,45508
SWAY_OUTPUT,167,-16,45509
SWAY_OUTPUT,168,-26,45510
SWAY_OUTPUT,169,-29,45511
SWAY_OUTPUT,170,10,45512
SWAY_FRAME,2,37258,45512
SWAY_OUTPUT,171,7,45513
SWAY_STALL,3,45514,53706
SWAY_INPUT_FRAME,8,45369,52968
SWAY_OUTPUT,172,7,53706
SWAY_OUTPUT,173,6,53707
SWAY_OUTPUT,174,7,53708
SWAY_OUTPUT,175,13,53709
SWAY_OUTPUT,176,17,53710
SWAY_OUTPUT,177,20,53711
SWAY_OUTPUT,178,1,53712
SWAY_OUTPUT,179,-3,53714
SWAY_OUTPUT,180,-4,53715
SWAY_OUTPUT,181,10,53716
SWAY_OUTPUT,182,11,53717
SWAY_OUTPUT,183,13,53718
SWAY_OUTPUT,184,13,53719
SWAY_OUTPUT,185,5,53720
SWAY_OUTPUT,186,4,53721
SWAY_OUTPUT,187,2,53722
SWAY_OUTPUT,188,2,53723
SWAY_OUTPUT,189,7,53725
SWAY_OUTPUT,190,62,53726
SWAY_OUTPUT,191,62,53727
SWAY_OUTPUT,192,62,53728
SWAY_OUTPUT,193,61,53729
SWAY_OUTPUT,194,63,53730
SWAY_OUTPUT,195,65,53731
SWAY_OUTPUT,196,62,53732
SWAY_OUTPUT,197,60,53733
SWAY_OUTPUT,198,59,53734
SWAY_OUTPUT,199,57,53736
SWAY_OUTPUT,200,60,53737
SWAY_OUTPUT,201,60,53738
SWAY_OUTPUT,202,59,53739
SWAY_OUTPUT,203,56,53740
SWAY_OUTPUT,204,60,53741
SWAY_OUTPUT,205,63,53742
SWAY_OUTPUT,206,65,53743
SWAY_OUTPUT,207,62,53744
SWAY_OUTPUT,208,62,53745
SWAY_OUTPUT,209,-3,53747
SWAY_OUTPUT,210,7,53748
SWAY_OUTPUT,211,17,53749
SWAY_OUTPUT,212,22,53750
SWAY_OUTPUT,213,14,53751
SWAY_OUTPUT,214,10,53752
SWAY_OUTPUT,215,8,53753
SWAY_OUTPUT,216,14,53754
SWAY_OUTPUT,217,8,53755
SWAY_OUTPUT,218,4,53756
SWAY_OUTPUT,219,-2,53758
SWAY_OUTPUT,220,-15,53759
SWAY_OUTPUT,221,-26,53760
SWAY_OUTPUT,222,-28,53761
SWAY_OUTPUT,223,-3,53762
SWAY_OUTPUT,224,-15,53763
SWAY_OUTPUT,225,-26,53764
SWAY_OUTPUT,226,-28,53765
SWAY_OUTPUT,227,15,53766
SWAY_FRAME,3,45513,53766
SWAY_OUTPUT,228,8,53767
SWAY_STALL,4,53768,61960
SWAY_INPUT_FRAME,9,52969,60568
SWAY_OUTPUT,229,9,61960
SWAY_OUTPUT,230,9,61961
SWAY_OUTPUT,231,9,61962
SWAY_OUTPUT,232,14,61964
SWAY_OUTPUT,233,20,61965
SWAY_OUTPUT,234,23,61966
SWAY_OUTPUT,235,3,61967
SWAY_OUTPUT,236,-4,61968
SWAY_OUTPUT,237,-9,61969
SWAY_OUTPUT,238,11,61970
SWAY_OUTPUT,239,13,61971
SWAY_OUTPUT,240,13,61972
SWAY_OUTPUT,241,14,61973
SWAY_OUTPUT,242,6,61975
SWAY_OUTPUT,243,0,61976
SWAY_OUTPUT,244,-5,61977
SWAY_OUTPUT,245,-5,61978
SWAY_OUTPUT,246,9,61979
SWAY_OUTPUT,247,62,61980
SWAY_OUTPUT,248,61,61981
SWAY_OUTPUT,249,60,61982
SWAY_OUTPUT,250,59,61983
SWAY_OUTPUT,251,59,61984
SWAY_OUTPUT,252,59,61986
SWAY_OUTPUT,253,58,61987
SWAY_OUTPUT,254,60,61988
SWAY_OUTPUT,255,60,61989
SWAY_OUTPUT,256,59,61990
SWAY_OUTPUT,257,60,61991
SWAY_OUTPUT,258,58,61992
SWAY_OUTPUT,259,61,61993
SWAY_OUTPUT,260,59,61994
SWAY_OUTPUT,261,61,61995
SWAY_OUTPUT,262,59,61997
SWAY_OUTPUT,263,61,61998
SWAY_OUTPUT,264,58,61999
SWAY_OUTPUT,265,60,62000
SWAY_OUTPUT,266,-8,62001
SWAY_OUTPUT,267,2,62002
SWAY_OUTPUT,268,11,62003
SWAY_OUTPUT,269,15,62004
SWAY_OUTPUT,270,8,62005
SWAY_OUTPUT,271,6,62006
SWAY_OUTPUT,272,5,62008
SWAY_OUTPUT,273,8,62009
SWAY_OUTPUT,274,6,62010
SWAY_OUTPUT,275,8,62011
SWAY_OUTPUT,276,-7,62012
SWAY_OUTPUT,277,-16,62013
SWAY_OUTPUT,278,-27,62014
SWAY_OUTPUT,279,-29,62015
SWAY_OUTPUT,280,-7,62016
SWAY_OUTPUT,281,-14,62017
SWAY_OUTPUT,282,-25,62019
SWAY_OUTPUT,283,-27,62020
SWAY_OUTPUT,284,9,62021
SWAY_FRAME,4,53767,62021
SWAY_OUTPUT,285,4,62022
SWAY_STALL,5,62023,70215
SWAY_INPUT_FRAME,10,60569,68168
SWAY_OUTPUT,286,4,70215
SWAY_OUTPUT,287,3,70216
SWAY_OUTPUT,288,3,70217
SWAY_OUTPUT,289,9,70218
SWAY_OUTPUT,290,16,70219
SWAY_OUTPUT,291,19,70220
SWAY_OUTPUT,292,-2,70221
SWAY_OUTPUT,293,-7,70222
SWAY_OUTPUT,294,-8,70223
SWAY_OUTPUT,295,7,70225
SWAY_OUTPUT,296,11,70226
SWAY_OUTPUT,297,13,70227
SWAY_OUTPUT,298,14,70228
SWAY_OUTPUT,299,2,70229
SWAY_OUTPUT,300,-1,70230
SWAY_OUTPUT,301,-2,70231
SWAY_OUTPUT,302,-2,70232
SWAY_OUTPUT,303,3,70233
SWAY_OUTPUT,304,61,70234
SWAY_OUTPUT,305,61,70236
SWAY_OUTPUT,306,60,70237
SWAY_OUTPUT,307,60,70238
SWAY_OUTPUT,308,60,70239
SWAY_OUTPUT,309,61,70240
SWAY_OUTPUT,310,59,70241
SWAY_OUTPUT,311,59,70242
SWAY_OUTPUT,312,59,70243
SWAY_OUTPUT,313,58,70244
SWAY_OUTPUT,314,60,70245
SWAY_OUTPUT,315,59,70247
SWAY_OUTPUT,316,60,70248
SWAY_OUTPUT,317,57,70249
SWAY_OUTPUT,318,60,70250
SWAY_OUTPUT,319,59,70251
SWAY_OUTPUT,320,62,70252
SWAY_OUTPUT,321,59,70253
SWAY_OUTPUT,322,60,70254
SWAY_OUTPUT,323,-6,70255
SWAY_OUTPUT,324,4,70256
SWAY_OUTPUT,325,14,70258
SWAY_OUTPUT,326,18,70259
SWAY_OUTPUT,327,11,70260
SWAY_OUTPUT,328,10,70261
SWAY_OUTPUT,329,11,70262
SWAY_OUTPUT,330,10,70263
SWAY_OUTPUT,331,6,70264
SWAY_OUTPUT,332,5,70265
SWAY_OUTPUT,333,-5,70266
SWAY_OUTPUT,334,-15,70267
SWAY_OUTPUT,335,-25,70269
SWAY_OUTPUT,336,-28,70270
SWAY_OUTPUT,337,-6,70271
SWAY_OUTPUT,338,-15,70272
SWAY_OUTPUT,339,-27,70273
SWAY_OUTPUT,340,-29,70274
SWAY_OUTPUT,341,12,70275
SWAY_FRAME,5,62022,70275
SWAY_OUTPUT,342,4,70276
SWAY_STALL,6,70277,78469
SWAY_INPUT_FRAME,11,68169,75768
SWAY_OUTPUT,343,4,78469
SWAY_OUTPUT,344,3,78470
SWAY_OUTPUT,345,3,78471
SWAY_OUTPUT,346,10,78472
SWAY_OUTPUT,347,16,78473
SWAY_OUTPUT,348,21,78475
SWAY_OUTPUT,349,-3,78476
SWAY_OUTPUT,350,-10,78477
SWAY_OUTPUT,351,-15,78478
SWAY_OUTPUT,352,7,78479
SWAY_OUTPUT,353,11,78480
SWAY_OUTPUT,354,15,78481
SWAY_OUTPUT,355,15,78482
SWAY_OUTPUT,356,2,78483
SWAY_OUTPUT,357,-2,78484
SWAY_OUTPUT,358,-5,78486
SWAY_OUTPUT,359,-5,78487
SWAY_OUTPUT,360,3,78488
SWAY_OUTPUT,361,63,78489
SWAY_OUTPUT,362,62,78490
SWAY_OUTPUT,363,61,78491
SWAY_OUTPUT,364,61,78492
SWAY_OUTPUT,365,62,78493
SWAY_OUTPUT,366,62,78494
SWAY_OUTPUT,367,60,78495
SWAY_OUTPUT,368,61,78497
SWAY_OUTPUT,369,61,78498
SWAY_OUTPUT,370,60,78499
SWAY_OUTPUT,371,61,78500
SWAY_OUTPUT,372,60,78501
SWAY_OUTPUT,373,61,78502
SWAY_OUTPUT,374,59,78503
SWAY_OUTPUT,375,61,78504
SWAY_OUTPUT,376,61,78505
SWAY_OUTPUT,377,63,78506
SWAY_OUTPUT,378,60,78508
SWAY_OUTPUT,379,61,78509
SWAY_OUTPUT,380,-4,78510
SWAY_OUTPUT,381,6,78511
SWAY_OUTPUT,382,17,78512
SWAY_OUTPUT,383,21,78513
SWAY_OUTPUT,384,13,78514
SWAY_OUTPUT,385,13,78515
SWAY_OUTPUT,386,14,78516
SWAY_OUTPUT,387,13,78517
SWAY_OUTPUT,388,12,78519
SWAY_OUTPUT,389,15,78520
SWAY_OUTPUT,390,-3,78521
SWAY_OUTPUT,391,-14,78522
SWAY_OUTPUT,392,-26,78523
SWAY_OUTPUT,393,-28,78524
SWAY_OUTPUT,394,-3,78525
SWAY_OUTPUT,395,-14,78526
SWAY_OUTPUT,396,-26,78527
SWAY_OUTPUT,397,-28,78528
SWAY_OUTPUT,398,14,78530
SWAY_FRAME,6,70276,78530
SWAY_OUTPUT,399,8,78531
SWAY_STALL,7,78532,86724
SWAY_INPUT_FRAME,12,75771,83370
SWAY_OUTPUT,400,9,86725
SWAY_OUTPUT,401,8,86726
SWAY_OUTPUT,402,8,86727
SWAY_OUTPUT,403,14,86728
SWAY_OUTPUT,404,19,86729
SWAY_OUTPUT,405,21,86730
SWAY_OUTPUT,406,3,86731
SWAY_OUTPUT,407,0,86732
SWAY_OUTPUT,408,-3,86733
SWAY_OUTPUT,409,10,86734
SWAY_OUTPUT,410,12,86736
SWAY_OUTPUT,411,12,86737
SWAY_OUTPUT,412,12,86738
SWAY_OUTPUT,413,6,86739
SWAY_OUTPUT,414,3,86740
SWAY_OUTPUT,415,0,86741
SWAY_OUTPUT,416,-1,86742
SWAY_OUTPUT,417,9,86743
SWAY_OUTPUT,418,61,86744
SWAY_OUTPUT,419,62,86745
SWAY_OUTPUT,420,61,86747
SWAY_OUTPUT,421,61,86748
SWAY_OUTPUT,422,61,86749
SWAY_OUTPUT,423,61,86750
SWAY_OUTPUT,424,59,86751
SWAY_OUTPUT,425,60,86752
SWAY_OUTPUT,426,61,86753
SWAY_OUTPUT,427,60,86754
SWAY_OUTPUT,428,60,86755
SWAY_OUTPUT,429,60,86756
SWAY_OUTPUT,430,62,86758
SWAY_OUTPUT,431,60,86759
SWAY_OUTPUT,432,61,86760
SWAY_OUTPUT,433,61,86761
SWAY_OUTPUT,434,62,86762
SWAY_OUTPUT,435,58,86763
SWAY_OUTPUT,436,61,86764
SWAY_OUTPUT,437,-6,86765
SWAY_OUTPUT,438,3,86766
SWAY_OUTPUT,439,14,86767
SWAY_OUTPUT,440,17,86769
SWAY_OUTPUT,441,10,86770
SWAY_OUTPUT,442,7,86771
SWAY_OUTPUT,443,6,86772
SWAY_OUTPUT,444,9,86773
SWAY_OUTPUT,445,4,86774
SWAY_OUTPUT,446,1,86775
SWAY_OUTPUT,447,-6,86776
SWAY_OUTPUT,448,-16,86777
SWAY_OUTPUT,449,-27,86778
SWAY_OUTPUT,450,-29,86780
SWAY_OUTPUT,451,-6,86781
SWAY_OUTPUT,452,-15,86782
SWAY_OUTPUT,453,-26,86783
SWAY_OUTPUT,454,-28,86784
SWAY_OUTPUT,455,11,86785
SWAY_FRAME,7,78531,86785
SWAY_OUTPUT,456,9,86786
SWAY_STALL,8,86787,94979
SWAY_INPUT_FRAME,13,83371,90970
SWAY_OUTPUT,457,9,94979
SWAY_OUTPUT,458,8,94980
SWAY_OUTPUT,459,9,94981
SWAY_OUTPUT,460,15,94982
SWAY_OUTPUT,461,18,94983
SWAY_OUTPUT,462,19,94984
SWAY_OUTPUT,463,4,94986
SWAY_OUTPUT,464,-2,94987
SWAY_OUTPUT,465,-5,94988
SWAY_OUTPUT,466,10,94989
SWAY_OUTPUT,467,11,94990
SWAY_OUTPUT,468,11,94991
SWAY_OUTPUT,469,11,94992
SWAY_OUTPUT,470,6,94993
SWAY_OUTPUT,471,4,94994
SWAY_OUTPUT,472,2,94995
SWAY_OUTPUT,473,2,94997
SWAY_OUTPUT,474,9,94998
SWAY_OUTPUT,475,64,94999
SWAY_OUTPUT,476,65,95000
SWAY_OUTPUT,477,65,95001
SWAY_OUTPUT,478,65,95002
SWAY_OUTPUT,479,65,95003
SWAY_OUTPUT,480,66,95004
SWAY_OUTPUT,481,64,95005
SWAY_OUTPUT,482,64,95006
SWAY_OUTPUT,483,65,95008
SWAY_OUTPUT,484,63,95009
SWAY_OUTPUT,485,63,95010
SWAY_OUTPUT,486,65,95011
SWAY_OUTPUT,487,63,95012
SWAY_OUTPUT,488,61,95013
SWAY_OUTPUT,489,63,95014
SWAY_OUTPUT,490,67,95015
SWAY_OUTPUT,491,66,95016
SWAY_OUTPUT,492,63,95017
SWAY_OUTPUT,493,65,95019
SWAY_OUTPUT,494,-2,95020
SWAY_OUTPUT,495,9,95021
SWAY_OUTPUT,496,20,95022
SWAY_OUTPUT,497,25,95023
SWAY_OUTPUT,498,16,95024
SWAY_OUTPUT,499,9,95025
SWAY_OUTPUT,500,5,95026
SWAY_OUTPUT,501,15,95027
SWAY_OUTPUT,502,12,95028
SWAY_OUTPUT,503,8,95030
SWAY_OUTPUT,504,-1,95031
SWAY_OUTPUT,505,-15,95032
SWAY_OUTPUT,506,-28,95033
SWAY_OUTPUT,507,-30,95034
SWAY_OUTPUT,508,-1,95035
SWAY_OUTPUT,509,-15,95036
SWAY_OUTPUT,510,-25,95037
SWAY_OUTPUT,511,-29,95038
SWAY_OUTPUT,512,17,95039
SWAY_FRAME,8,86786,95039
SWAY_OUTPUT,513,45,95041
SWAY_STALL,9,95042,103234
SWAY_OUTPUT,514,127,103234
SWAY_OUTPUT,515,-30,103236
SWAY_OUTPUT,516,40,103237
SWAY_OUTPUT,517,34,103238
SWAY_OUTPUT,518,87,103239
SWAY_OUTPUT,519,0,103240
SWAY_OUTPUT,520,38,103241
SWAY_OUTPUT,521,77,103242
SWAY_OUTPUT,522,-2,103243
SWAY_OUTPUT,523,28,103244
SWAY_OUTPUT,524,70,103245
SWAY_OUTPUT,525,-24,103247
SWAY_OUTPUT,526,31,103248
SWAY_OUTPUT,527,50,103249
SWAY_OUTPUT,528,123,103250
SWAY_OUTPUT,529,38,103251
SWAY_OUTPUT,530,95,103252
SWAY_OUTPUT,531,56,103253
SWAY_OUTPUT,532,-18,103254
SWAY_OUTPUT,533,-5,103255
SWAY_OUTPUT,534,-13,103256
SWAY_OUTPUT,535,72,103258
SWAY_OUTPUT,536,46,103259
SWAY_OUTPUT,537,35,103260
SWAY_OUTPUT,538,17,103261
SWAY_OUTPUT,539,-75,103262
SWAY_OUTPUT,540,-6,103263
SWAY_OUTPUT,541,-39,103264
SWAY_OUTPUT,542,-28,103265
SWAY_OUTPUT,543,-27,103266
SWAY_OUTPUT,544,-60,103267
SWAY_OUTPUT,545,-2,103269
SWAY_OUTPUT,546,27,103270
SWAY_OUTPUT,547,71,103271
SWAY_OUTPUT,548,117,103272
SWAY_OUTPUT,549,-2,103273
SWAY_OUTPUT,550,-19,103274
SWAY_OUTPUT,551,25,103275
SWAY_OUTPUT,552,34,103276
SWAY_OUTPUT,553,-36,103277
SWAY_OUTPUT,554,21,103278
SWAY_OUTPUT,555,-36,103280
SWAY_OUTPUT,556,96,103281
SWAY_OUTPUT,557,-49,103282
SWAY_OUTPUT,558,50,103283
SWAY_OUTPUT,559,-42,103284
SWAY_OUTPUT,560,-96,103285
SWAY_OUTPUT,561,0,103286
SWAY_OUTPUT,562,27,103287
SWAY_OUTPUT,563,-37,103288
SWAY_OUTPUT,564,77,103289
SWAY_OUTPUT,565,44,103291
SWAY_OUTPUT,566,0,103292
SWAY_OUTPUT,567,-56,103293
SWAY_OUTPUT,568,-77,103294
SWAY_OUTPUT,569,42,103295
SWAY_FRAME,9,95041,103295
SWAY_OUTPUT,570,21,103296
SWAY_STALL,10,103297,111489
SWAY_OUTPUT,571,1,111489
SWAY_OUTPUT,572,5,111490
SWAY_OUTPUT,573,-3,111491
SWAY_OUTPUT,574,23,111492
SWAY_OUTPUT,575,34,111493
SWAY_OUTPUT,576,42,111494
SWAY_OUTPUT,577,-2,111495
SWAY_OUTPUT,578,-9,111497
SWAY_OUTPUT,579,0,111498
SWAY_OUTPUT,580,8,111499
SWAY_OUTPUT,581,16,111500
SWAY_OUTPUT,582,59,111501
SWAY_OUTPUT,583,41,111502
SWAY_OUTPUT,584,9,111503
SWAY_OUTPUT,585,9,111504
SWAY_OUTPUT,586,12,111505
SWAY_OUTPUT,587,20,111506
SWAY_OUTPUT,588,14,111508
SWAY_OUTPUT,589,101,111509
SWAY_OUTPUT,590,109,111510
SWAY_OUTPUT,591,111,111511
SWAY_OUTPUT,592,108,111512
SWAY_OUTPUT,593,118,111513
SWAY_OUTPUT,594,113,111514
SWAY_OUTPUT,595,96,111515
SWAY_OUTPUT,596,121,111516
SWAY_OUTPUT,597,111,111517
SWAY_OUTPUT,598,120,111519
SWAY_OUTPUT,599,99,111520
SWAY_OUTPUT,600,127,111521
SWAY_OUTPUT,601,126,111522
SWAY_OUTPUT,602,112,111523
SWAY_OUTPUT,603,115,111524
SWAY_OUTPUT,604,127,111525
SWAY_OUTPUT,605,98,111526
SWAY_OUTPUT,606,103,111527
SWAY_OUTPUT,607,127,111528
SWAY_OUTPUT,608,35,111530
SWAY_OUTPUT,609,57,111531
SWAY_OUTPUT,610,75,111532
SWAY_OUTPUT,611,88,111533
SWAY_OUTPUT,612,62,111534
SWAY_OUTPUT,613,70,111535
SWAY_OUTPUT,614,104,111536
SWAY_OUTPUT,615,60,111537
SWAY_OUTPUT,616,31,111538
SWAY_OUTPUT,617,8,111539
SWAY_OUTPUT,618,19,111541
SWAY_OUTPUT,619,-29,111542
SWAY_OUTPUT,620,-52,111543
SWAY_OUTPUT,621,-46,111544
SWAY_OUTPUT,622,31,111545
SWAY_OUTPUT,623,-32,111546
SWAY_OUTPUT,624,-54,111547
SWAY_OUTPUT,625,-38,111548
SWAY_OUTPUT,626,68,111549
SWAY_FRAME,10,103296,111549
SWAY_OUTPUT,627,61,111550
SWAY_STALL,11,111551,119743
SWAY_OUTPUT,628,72,119743
SWAY_OUTPUT,629,58,119744
SWAY_OUTPUT,630,63,119745
SWAY_OUTPUT,631,71,119747
SWAY_OUTPUT,632,59,119748
SWAY_OUTPUT,633,17,119749
SWAY_OUTPUT,634,69,119750
SWAY_OUTPUT,635,80,119751
SWAY_OUTPUT,636,102,119752
SWAY_OUTPUT,637,53,119753
SWAY_OUTPUT,638,68,119754
SWAY_OUTPUT,639,58,119755
SWAY_OUTPUT,640,56,119756
SWAY_OUTPUT,641,48,119758
SWAY_OUTPUT,642,37,119759
SWAY_OUTPUT,643,13,119760
SWAY_OUTPUT,644,20,119761
SWAY_OUTPUT,645,73,119762
SWAY_OUTPUT,646,118,119763
SWAY_OUTPUT,647,127,119764
SWAY_OUTPUT,648,127,119765
SWAY_OUTPUT,649,127,119766
SWAY_OUTPUT,650,127,119767
SWAY_OUTPUT,651,116,119769
SWAY_OUTPUT,652,88,119770
SWAY_OUTPUT,653,127,119771
SWAY_OUTPUT,654,120,119772
SWAY_OUTPUT,655,119,119773
SWAY_OUTPUT,656,127,119774
SWAY_OUTPUT,657,110,119775
SWAY_OUTPUT,658,121,119776
SWAY_OUTPUT,659,118,119777
SWAY_OUTPUT,660,127,119778
SWAY_OUTPUT,661,127,119780
SWAY_OUTPUT,662,127,119781
SWAY_OUTPUT,663,127,119782
SWAY_OUTPUT,664,127,119783
SWAY_OUTPUT,665,-21,119784
SWAY_OUTPUT,666,-2,119785
SWAY_OUTPUT,667,32,119786
SWAY_OUTPUT,668,32,119787
SWAY_OUTPUT,669,17,119788
SWAY_OUTPUT,670,-14,119789
SWAY_OUTPUT,671,-22,119791
SWAY_OUTPUT,672,-12,119792
SWAY_OUTPUT,673,-47,119793
SWAY_OUTPUT,674,-38,119794
SWAY_OUTPUT,675,-36,119795
SWAY_OUTPUT,676,-46,119796
SWAY_OUTPUT,677,-81,119797
SWAY_OUTPUT,678,-67,119798
SWAY_OUTPUT,679,-17,119799
SWAY_OUTPUT,680,-41,119800
SWAY_OUTPUT,681,-65,119802
SWAY_OUTPUT,682,-78,119803
SWAY_OUTPUT,683,21,119804
SWAY_FRAME,11,111550,119804
SWAY_OUTPUT,684,7,119805
SWAY_STALL,12,119806,127998
SWAY_OUTPUT,685,7,127998
SWAY_OUTPUT,686,6,127999
SWAY_OUTPUT,687,6,128000
SWAY_OUTPUT,688,12,128001
SWAY_OUTPUT,689,16,128002
SWAY_OUTPUT,690,19,128003
SWAY_OUTPUT,691,1,128004
SWAY_OUTPUT,692,-2,128005
SWAY_OUTPUT,693,-3,128006
SWAY_OUTPUT,694,9,128008
SWAY_OUTPUT,695,10,128009
SWAY_OUTPUT,696,11,128010
SWAY_OUTPUT,697,11,128011
SWAY_OUTPUT,698,4,128012
SWAY_OUTPUT,699,2,128013
SWAY_OUTPUT,700,0,128014
SWAY_OUTPUT,701,0,128015
SWAY_OUTPUT,702,7,128016
SWAY_OUTPUT,703,63,128017
SWAY_OUTPUT,704,63,128019
SWAY_OUTPUT,705,63,128020
SWAY_OUTPUT,706,62,128021
SWAY_OUTPUT,707,62,128022
SWAY_OUTPUT,708,63,128023
SWAY_OUTPUT,709,61,128024
SWAY_OUTPUT,710,62,128025
SWAY_OUTPUT,711,63,128026
SWAY_OUTPUT,712,61,128027
SWAY_OUTPUT,713,62,128028
SWAY_OUTPUT,714,62,128030
SWAY_OUTPUT,715,63,128031
SWAY_OUTPUT,716,61,128032
SWAY_OUTPUT,717,62,128033
SWAY_OUTPUT,718,62,128034
SWAY_OUTPUT,719,63,128035
SWAY_OUTPUT,720,60,128036
SWAY_OUTPUT,721,63,128037
SWAY_OUTPUT,722,-7,128038
SWAY_OUTPUT,723,2,128039
SWAY_OUTPUT,724,13,128041
SWAY_OUTPUT,725,17,128042
SWAY_OUTPUT,726,9,128043
SWAY_OUTPUT,727,5,128044
SWAY_OUTPUT,728,2,128045
SWAY_OUTPUT,729,9,128046
SWAY_OUTPUT,730,2,128047
SWAY_OUTPUT,731,-4,128048
SWAY_OUTPUT,732,-7,128049
SWAY_OUTPUT,733,-17,128050
SWAY_OUTPUT,734,-28,128052
SWAY_OUTPUT,735,-29,128053
SWAY_OUTPUT,736,-7,128054
SWAY_OUTPUT,737,-16,128055
SWAY_OUTPUT,738,-27,128056
SWAY_OUTPUT,739,-29,128057
SWAY_OUTPUT,740,10,128058
SWAY_FRAME,12,119805,128058
SWAY_OUTPUT,741,7,128059
SWAY_STALL,13,128060,136252
SWAY_OUTPUT,742,7,136252
SWAY_OUTPUT,743,6,136253
SWAY_OUTPUT,744,6,136254
SWAY_OUTPUT,745,12,136255
SWAY_OUTPUT,746,16,136256
SWAY_OUTPUT,747,19,136258
SWAY_OUTPUT,748,1,136259
SWAY_OUTPUT,749,-2,136260
SWAY_OUTPUT,750,-3,136261
SWAY_OUTPUT,751,9,136262
SWAY_OUTPUT,752,10,136263
SWAY_OUTPUT,753,11,136264
SWAY_OUTPUT,754,11,136265
SWAY_OUTPUT,755,4,136266
SWAY_OUTPUT,756,2,136267
SWAY_OUTPUT,757,0,136269
SWAY_OUTPUT,758,0,136270
SWAY_OUTPUT,759,7,136271
SWAY_OUTPUT,760,63,136272
SWAY_OUTPUT,761,63,136273
SWAY_OUTPUT,762,63,136274
SWAY_OUTPUT,763,62,136275
SWAY_OUTPUT,764,62,136276
SWAY_OUTPUT,765,63,136277
SWAY_OUTPUT,766,61,136278
SWAY_OUTPUT,767,62,136280
SWAY_OUTPUT,768,63,136281
SWAY_OUTPUT,769,61,136282
SWAY_OUTPUT,770,62,136283
SWAY_OUTPUT,771,62,136284
SWAY_OUTPUT,772,63,136285
SWAY_OUTPUT,773,61,136286
SWAY_OUTPUT,774,62,136287
SWAY_OUTPUT,775,62,136288
SWAY_OUTPUT,776,63,136289
SWAY_OUTPUT,777,60,136291
SWAY_OUTPUT,778,63,136292
SWAY_OUTPUT,779,-7,136293
SWAY_OUTPUT,780,2,136294
SWAY_OUTPUT,781,13,136295
SWAY_OUTPUT,782,17,136296
SWAY_OUTPUT,783,9,136297
SWAY_OUTPUT,784,5,136298
SWAY_OUTPUT,785,2,136299
SWAY_OUTPUT,786,9,136300
SWAY_OUTPUT,787,2,136302
SWAY_OUTPUT,788,-4,136303
SWAY_OUTPUT,789,-7,136304
SWAY_OUTPUT,790,-17,136305
SWAY_OUTPUT,791,-28,136306
SWAY_OUTPUT,792,-29,136307
SWAY_OUTPUT,793,-7,136308
SWAY_OUTPUT,794,-16,136309
SWAY_OUTPUT,795,-27,136310
SWAY_OUTPUT,796,-29,136311
SWAY_OUTPUT,797,10,136313
SWAY_FRAME,13,128059,136313
SWAY_PASS frames=14 outputs=798 cycles=138362 drain_cycles=2048
