2026-09-28T19:33:58.2765469Z Current runner version: '2.337.0'
2026-09-28T19:33:58.2790222Z ##[group]Runner Image Provisioner
2026-09-28T19:33:58.2791144Z Hosted Compute Agent
2026-09-28T19:33:58.2791804Z Version: 20260828.587
2026-09-28T19:33:58.2792435Z Commit: abac92662cab4cc7352de4f9f9d2e2419aad9c29
2026-09-28T19:33:58.2793213Z Build Date: 2026-08-28T16:44:25Z
2026-09-28T19:33:58.2793893Z Worker ID: {ef5cf631-4351-4488-b02a-d8e3c475ac8c}
2026-09-28T19:33:58.2794922Z Azure Region: westcentralus
2026-09-28T19:33:58.2795584Z ##[endgroup]
2026-09-28T19:33:58.2797032Z ##[group]Operating System
2026-09-28T19:33:58.2797615Z Ubuntu
2026-09-28T19:33:58.2798181Z 24.04.5
2026-09-28T19:33:58.2798691Z LTS
2026-09-28T19:33:58.2799229Z ##[endgroup]
2026-09-28T19:33:58.2799776Z ##[group]Runner Image
2026-09-28T19:33:58.2800381Z Image: ubuntu-24.04
2026-09-28T19:33:58.2800964Z Version: 20260920.314.1
2026-09-28T19:33:58.2802161Z Included Software: https://github.com/actions/runner-images/blob/ubuntu24/20260920.314/images/ubuntu/Ubuntu2404-Readme.md
2026-09-28T19:33:58.2804398Z Image Release: https://github.com/actions/runner-images/releases/tag/ubuntu24%2F20260920.314
2026-09-28T19:33:58.2805387Z ##[endgroup]
2026-09-28T19:33:58.2806594Z ##[group]GITHUB_TOKEN Permissions
2026-09-28T19:33:58.2808954Z Actions: read
2026-09-28T19:33:58.2809579Z Contents: read
2026-09-28T19:33:58.2810125Z Metadata: read
2026-09-28T19:33:58.2810679Z ##[endgroup]
2026-09-28T19:33:58.2812735Z Secret source: Actions
2026-09-28T19:33:58.2813741Z Cache mode: write
2026-09-28T19:33:58.2814871Z Prepare workflow directory
2026-09-28T19:33:58.3142724Z Prepare all required actions
2026-09-28T19:33:58.3213474Z Getting action download info
2026-09-28T19:33:58.6377761Z Download action repository 'actions/checkout@11d5960a326750d5838078e36cf38b85af677262' (SHA:11d5960a326750d5838078e36cf38b85af677262)
2026-09-28T19:33:58.7346929Z Download action repository 'actions/upload-artifact@ea165f8d65b6e75b540449e92b4886f43607fa02' (SHA:ea165f8d65b6e75b540449e92b4886f43607fa02)
2026-09-28T19:33:58.9975013Z Complete job name: inspect
2026-09-28T19:33:59.0651028Z ##[group]Run actions/checkout@11d5960a326750d5838078e36cf38b85af677262
2026-09-28T19:33:59.0652123Z with:
2026-09-28T19:33:59.0652681Z   ref: 439af73b51b9e3f7c01b820caf3d25de575eca1d
2026-09-28T19:33:59.0653379Z   persist-credentials: false
2026-09-28T19:33:59.0653984Z   repository: SeMinLim/sway
2026-09-28T19:33:59.0658348Z   token: ***
2026-09-28T19:33:59.0658920Z   ssh-strict: true
2026-09-28T19:33:59.0659432Z   ssh-user: git
2026-09-28T19:33:59.0659931Z   clean: true
2026-09-28T19:33:59.0660467Z   sparse-checkout-cone-mode: true
2026-09-28T19:33:59.0661089Z   fetch-depth: 1
2026-09-28T19:33:59.0661610Z   fetch-tags: false
2026-09-28T19:33:59.0662133Z   show-progress: true
2026-09-28T19:33:59.0662637Z   lfs: false
2026-09-28T19:33:59.0663152Z   submodules: false
2026-09-28T19:33:59.0663743Z   set-safe-directory: true
2026-09-28T19:33:59.0664607Z   allow-unsafe-pr-checkout: false
2026-09-28T19:33:59.0665504Z ##[endgroup]
2026-09-28T19:33:59.1660685Z Syncing repository: SeMinLim/sway
2026-09-28T19:33:59.1663697Z ##[group]Getting Git version info
2026-09-28T19:33:59.1664974Z Working directory is '/home/runner/work/sway/sway'
2026-09-28T19:33:59.1666444Z [command]/usr/bin/git version
2026-09-28T19:33:59.1730768Z git version 2.55.0
2026-09-28T19:33:59.1749786Z ##[endgroup]
2026-09-28T19:33:59.1776526Z Temporarily overriding HOME='/home/runner/work/_temp/46b4e331-7b04-42e2-a7ca-1789fa7ba3ff' before making global git config changes
2026-09-28T19:33:59.1778573Z Adding repository directory to the temporary git global config as a safe directory
2026-09-28T19:33:59.1780130Z [command]/usr/bin/git config --global --add safe.directory /home/runner/work/sway/sway
2026-09-28T19:33:59.1826834Z Deleting the contents of '/home/runner/work/sway/sway'
2026-09-28T19:33:59.1842827Z ##[group]Initializing the repository
2026-09-28T19:33:59.1848921Z [command]/usr/bin/git init /home/runner/work/sway/sway
2026-09-28T19:33:59.1943612Z hint: Using 'master' as the name for the initial branch. This default branch name
2026-09-28T19:33:59.1945917Z hint: will change to "main" in Git 3.0. To configure the initial branch name
2026-09-28T19:33:59.1947547Z hint: to use in all of your new repositories, which will suppress this warning,
2026-09-28T19:33:59.1948856Z hint: call:
2026-09-28T19:33:59.1949697Z hint:
2026-09-28T19:33:59.1950648Z hint: 	git config --global init.defaultBranch <name>
2026-09-28T19:33:59.1951861Z hint:
2026-09-28T19:33:59.1952875Z hint: Names commonly chosen instead of 'master' are 'main', 'trunk' and
2026-09-28T19:33:59.1954592Z hint: 'development'. The just-created branch can be renamed via this command:
2026-09-28T19:33:59.1955895Z hint:
2026-09-28T19:33:59.1956675Z hint: 	git branch -m <name>
2026-09-28T19:33:59.1957503Z hint:
2026-09-28T19:33:59.1958584Z hint: Disable this message with "git config set advice.defaultBranchName false"
2026-09-28T19:33:59.1960604Z Initialized empty Git repository in /home/runner/work/sway/sway/.git/
2026-09-28T19:33:59.1963665Z [command]/usr/bin/git remote add origin https://github.com/SeMinLim/sway
2026-09-28T19:33:59.2010996Z ##[endgroup]
2026-09-28T19:33:59.2012274Z ##[group]Disabling automatic garbage collection
2026-09-28T19:33:59.2015511Z [command]/usr/bin/git config --local gc.auto 0
2026-09-28T19:33:59.2046192Z ##[endgroup]
2026-09-28T19:33:59.2047343Z ##[group]Setting up auth
2026-09-28T19:33:59.2053379Z [command]/usr/bin/git config --local --name-only --get-regexp core\.sshCommand
2026-09-28T19:33:59.2080771Z [command]/usr/bin/git submodule foreach --recursive sh -c "git config --local --name-only --get-regexp 'core\.sshCommand' && git config --local --unset-all 'core.sshCommand' || :"
2026-09-28T19:33:59.2426085Z [command]/usr/bin/git config --local --name-only --get-regexp http\.https\:\/\/github\.com\/\.extraheader
2026-09-28T19:33:59.2453692Z [command]/usr/bin/git submodule foreach --recursive sh -c "git config --local --name-only --get-regexp 'http\.https\:\/\/github\.com\/\.extraheader' && git config --local --unset-all 'http.https://github.com/.extraheader' || :"
2026-09-28T19:33:59.2679822Z [command]/usr/bin/git config --local --name-only --get-regexp ^includeIf\.gitdir:
2026-09-28T19:33:59.2710306Z [command]/usr/bin/git submodule foreach --recursive git config --local --show-origin --name-only --get-regexp remote.origin.url
2026-09-28T19:33:59.2899023Z [command]/usr/bin/git config --local http.https://github.com/.extraheader AUTHORIZATION: basic ***
2026-09-28T19:33:59.2938336Z ##[endgroup]
2026-09-28T19:33:59.2939491Z ##[group]Fetching the repository
2026-09-28T19:33:59.2947476Z [command]/usr/bin/git -c protocol.version=2 fetch --no-tags --prune --no-recurse-submodules --depth=1 origin 439af73b51b9e3f7c01b820caf3d25de575eca1d
2026-09-28T19:34:00.6070424Z From https://github.com/SeMinLim/sway
2026-09-28T19:34:00.6072133Z  * branch            439af73b51b9e3f7c01b820caf3d25de575eca1d -> FETCH_HEAD
2026-09-28T19:34:00.6086132Z ##[endgroup]
2026-09-28T19:34:00.6087523Z ##[group]Determining the checkout info
2026-09-28T19:34:00.6088860Z ##[endgroup]
2026-09-28T19:34:00.6089872Z [command]/usr/bin/git sparse-checkout disable
2026-09-28T19:34:00.6142454Z [command]/usr/bin/git config --local --unset-all extensions.worktreeConfig
2026-09-28T19:34:00.6180264Z ##[group]Checking out the ref
2026-09-28T19:34:00.6193472Z [command]/usr/bin/git checkout --progress --force 439af73b51b9e3f7c01b820caf3d25de575eca1d
2026-09-28T19:34:00.7129044Z Note: switching to '439af73b51b9e3f7c01b820caf3d25de575eca1d'.
2026-09-28T19:34:00.7130302Z 
2026-09-28T19:34:00.7131118Z You are in 'detached HEAD' state. You can look around, make experimental
2026-09-28T19:34:00.7132964Z changes and commit them, and you can discard any commits you make in this
2026-09-28T19:34:00.7135284Z state without impacting any branches by switching back to a branch.
2026-09-28T19:34:00.7136378Z 
2026-09-28T19:34:00.7137237Z If you want to create a new branch to retain commits you create, you may
2026-09-28T19:34:00.7139176Z do so (now or later) by using -c with the switch command. Example:
2026-09-28T19:34:00.7140587Z 
2026-09-28T19:34:00.7141072Z   git switch -c <new-branch-name>
2026-09-28T19:34:00.7141735Z 
2026-09-28T19:34:00.7142244Z Or undo this operation with:
2026-09-28T19:34:00.7143094Z 
2026-09-28T19:34:00.7143632Z   git switch -
2026-09-28T19:34:00.7144389Z 
2026-09-28T19:34:00.7145306Z Turn off this advice by setting config variable advice.detachedHead to false
2026-09-28T19:34:00.7146547Z 
2026-09-28T19:34:00.7147619Z HEAD is now at 439af73 Isolate DSP operands from validity and register affine bank selection
2026-09-28T19:34:00.7152472Z ##[endgroup]
2026-09-28T19:34:00.7182265Z [command]/usr/bin/git log -1 --format=%H
2026-09-28T19:34:00.7216852Z 439af73b51b9e3f7c01b820caf3d25de575eca1d
2026-09-28T19:34:00.7220488Z ##[group]Removing auth
2026-09-28T19:34:00.7222020Z [command]/usr/bin/git config --local --name-only --get-regexp core\.sshCommand
2026-09-28T19:34:00.7255412Z [command]/usr/bin/git submodule foreach --recursive sh -c "git config --local --name-only --get-regexp 'core\.sshCommand' && git config --local --unset-all 'core.sshCommand' || :"
2026-09-28T19:34:00.7448213Z [command]/usr/bin/git config --local --name-only --get-regexp http\.https\:\/\/github\.com\/\.extraheader
2026-09-28T19:34:00.7480868Z http.https://github.com/.extraheader
2026-09-28T19:34:00.7489328Z [command]/usr/bin/git config --local --unset-all http.https://github.com/.extraheader
2026-09-28T19:34:00.7525212Z [command]/usr/bin/git submodule foreach --recursive sh -c "git config --local --name-only --get-regexp 'http\.https\:\/\/github\.com\/\.extraheader' && git config --local --unset-all 'http.https://github.com/.extraheader' || :"
2026-09-28T19:34:00.7713710Z [command]/usr/bin/git config --local --name-only --get-regexp ^includeIf\.gitdir:
2026-09-28T19:34:00.7742514Z [command]/usr/bin/git submodule foreach --recursive git config --local --show-origin --name-only --get-regexp remote.origin.url
2026-09-28T19:34:00.7926246Z ##[endgroup]
2026-09-28T19:34:00.8175998Z ##[group]Run set -euo pipefail
2026-09-28T19:34:00.8177745Z [36;1mset -euo pipefail[0m
2026-09-28T19:34:00.8179104Z [36;1mpython3 - <<'PY'[0m
2026-09-28T19:34:00.8180840Z [36;1mimport hashlib,json,os,re,subprocess,urllib.request,zipfile[0m
2026-09-28T19:34:00.8182699Z [36;1mfrom pathlib import Path[0m
2026-09-28T19:34:00.8184023Z [36;1mrepo="SeMinLim/sway"[0m
2026-09-28T19:34:00.8185649Z [36;1mcommit="439af73b51b9e3f7c01b820caf3d25de575eca1d"[0m
2026-09-28T19:34:00.8187265Z [36;1mrun_id=36472552335[0m
2026-09-28T19:34:00.8188513Z [36;1mjob_id=109098154180[0m
2026-09-28T19:34:00.8189779Z [36;1mtoken=os.environ["GH_TOKEN"][0m
2026-09-28T19:34:00.8191111Z [36;1mdef api(path):[0m
2026-09-28T19:34:00.8193888Z [36;1m    request=urllib.request.Request("https://api.github.com/repos/"+repo+"/"+path,headers={"Authorization":"Bearer "+token,"Accept":"application/vnd.github+json"})[0m
2026-09-28T19:34:00.8197346Z [36;1m    with urllib.request.urlopen(request) as response:[0m
2026-09-28T19:34:00.8199016Z [36;1m        return json.load(response)[0m
2026-09-28T19:34:00.8200581Z [36;1msha=lambda b:hashlib.sha256(b).hexdigest()[0m
2026-09-28T19:34:00.8202696Z [36;1maudit={"status":"fail","candidate_commit":commit,"ci_run_id":run_id,"native_job_id":job_id}[0m
2026-09-28T19:34:00.8204761Z [36;1mtry:[0m
2026-09-28T19:34:00.8206399Z [36;1m    assert subprocess.check_output(["git","rev-parse","HEAD"],text=True).strip()==commit[0m
2026-09-28T19:34:00.8208342Z [36;1m    job=api(f"actions/jobs/{job_id}")[0m
2026-09-28T19:34:00.8209797Z [36;1m    assert job["conclusion"]=="success"[0m
2026-09-28T19:34:00.8212084Z [36;1m    artifact=next(a for a in api(f"actions/runs/{run_id}/artifacts")["artifacts"] if a["name"]=="baseline-native-"+commit)[0m
2026-09-28T19:34:00.8214466Z [36;1m    assert not artifact["expired"][0m
2026-09-28T19:34:00.8216396Z [36;1m    url=f'https://api.github.com/repos/{repo}/actions/artifacts/{artifact["id"]}/zip'[0m
2026-09-28T19:34:00.8220214Z [36;1m    subprocess.run(["curl","--fail","--silent","--show-error","--location","--retry","3","-H","Authorization: Bearer "+token,"-H","Accept: application/vnd.github+json",url,"--output","native-evidence.zip"],check=True)[0m
2026-09-28T19:34:00.8223809Z [36;1m    raw=Path("native-evidence.zip").read_bytes()[0m
2026-09-28T19:34:00.8225680Z [36;1m    assert sha(raw)==artifact["digest"].removeprefix("sha256:")[0m
2026-09-28T19:34:00.8227957Z [36;1m    audit["artifact"]={"id":artifact["id"],"bytes":len(raw),"sha256":sha(raw),"api_digest_verified":True}[0m
2026-09-28T19:34:00.8230199Z [36;1m    with zipfile.ZipFile("native-evidence.zip") as z:[0m
2026-09-28T19:34:00.8232061Z [36;1m        assert z.read("sway-commit.txt").decode().strip()==commit[0m
2026-09-28T19:34:00.8233807Z [36;1m        report_raw=z.read("native/report.json")[0m
2026-09-28T19:34:00.8235465Z [36;1m        report=json.loads(report_raw)[0m
2026-09-28T19:34:00.8236903Z [36;1m        assert report["status"]=="pass"[0m
2026-09-28T19:34:00.8238709Z [36;1m        assert set(report["backends"])=={"bluesim","iverilog","iverilog_bsim"}[0m
2026-09-28T19:34:00.8240579Z [36;1m        reference=report["backends"]["bluesim"][0m
2026-09-28T19:34:00.8242666Z [36;1m        assert reference["products"]==256 and reference["first_product_latency_cycles"]==4[0m
2026-09-28T19:34:00.8245153Z [36;1m        assert all(result==reference for result in report["backends"].values())[0m
2026-09-28T19:34:00.8249405Z [36;1m        mapping={"main.v":"hw/reference/native_multiply/main.v","bsv/TbNativeMultiply.bsv":"hw/reference/native_multiply/TbNativeMultiply.bsv","bsv/SwayMultiply.bsv":"hw/bsv/SwayMultiply.bsv","rtl/sway_mult18x18d.v":"hw/rtl/sway_mult18x18d.v"}[0m
2026-09-28T19:34:00.8253259Z [36;1m        assert set(report["source_sha256"])==set(mapping)[0m
2026-09-28T19:34:00.8254929Z [36;1m        for key,path in mapping.items():[0m
2026-09-28T19:34:00.8256859Z [36;1m            assert sha(Path(path).read_bytes())==report["source_sha256"][key][0m
2026-09-28T19:34:00.8258982Z [36;1m            assert sha(z.read("native/snapshot/"+key))==report["source_sha256"][key][0m
2026-09-28T19:34:00.8261127Z [36;1m        rtl_raw=z.read("native/snapshot/iverilog/mkTbNativeMultiply.v")[0m
2026-09-28T19:34:00.8262788Z [36;1m        rtl=rtl_raw.decode()[0m
2026-09-28T19:34:00.8264512Z [36;1m        prior=json.loads(z.read("native/operand-control-isolation.json"))[0m
2026-09-28T19:34:00.8266462Z [36;1m        assert sha(rtl_raw)==prior["generated_rtl_sha256"][0m
2026-09-28T19:34:00.8268381Z [36;1m        names=sorted(set(re.findall(r"(?<![\w$])[\w$]*[ab]Wire[$_]whas\b",rtl)))[0m
2026-09-28T19:34:00.8270529Z [36;1m        assignments=re.findall(r"assign\s+[\w$]*dsp[\w$]*dataa[xy]\s*=.*?;",rtl,re.S)[0m
2026-09-28T19:34:00.8272483Z [36;1m        ports=re.findall(r"\.dataa[xy]\s*\([^)]*\)",rtl)[0m
2026-09-28T19:34:00.8274514Z [36;1m        all_assignments=dict(re.findall(r"\bassign\s+([\w$]+)\s*=\s*(.*?);",rtl,re.S))[0m
2026-09-28T19:34:00.8276614Z [36;1m        operand_signals=re.findall(r"\.dataa[xy]\s*\(\s*([\w$]+)\s*\)",rtl)[0m
2026-09-28T19:34:00.8278256Z [36;1m        cones={}[0m
2026-09-28T19:34:00.8279385Z [36;1m        for signal in operand_signals:[0m
2026-09-28T19:34:00.8280722Z [36;1m            pending=[signal][0m
2026-09-28T19:34:00.8281923Z [36;1m            seen=set()[0m
2026-09-28T19:34:00.8283090Z [36;1m            while pending:[0m
2026-09-28T19:34:00.8284536Z [36;1m                current=pending.pop()[0m
2026-09-28T19:34:00.8285896Z [36;1m                if current in seen:[0m
2026-09-28T19:34:00.8287217Z [36;1m                    continue[0m
2026-09-28T19:34:00.8288464Z [36;1m                seen.add(current)[0m
2026-09-28T19:34:00.8289862Z [36;1m                if current in all_assignments:[0m
2026-09-28T19:34:00.8291750Z [36;1m                    pending.extend(re.findall(r"[A-Za-z_][\w$]*",all_assignments[current]))[0m
2026-09-28T19:34:00.8295137Z [36;1m            cones[signal]={"signals":sorted(seen),"assignments":{s:all_assignments[s] for s in sorted(seen) if s in all_assignments},"write_presence_dependencies":sorted(set(names)&seen)}[0m
2026-09-28T19:34:00.8298306Z [36;1m        audit["operand_dependency_cones"]=cones[0m
2026-09-28T19:34:00.8300600Z [36;1m        audit["retained_write_presence_uses"]=[line.strip() for line in rtl.splitlines() if any(name in line for name in names)][0m
2026-09-28T19:34:00.8309981Z [36;1m        audit.update({"native_report_sha256":sha(report_raw),"source_files_verified":len(mapping),"generated_rtl_sha256":sha(rtl_raw),"operand_whas_signals":names,"operand_assignments":assignments,"operand_ports":ports,"backends_equal":True,"products_per_backend":reference["products"],"first_product_latency_cycles":reference["first_product_latency_cycles"],"final_cycle":reference["final_cycle"],"scope":"Downloaded native ZIP digest, candidate source and snapshot hashes verified; actual generated RTL operand data cones inspected including dollar identifiers. Presence signals outside those cones are retained and reported. Functional report equality checked; no physical timing claim."})[0m
2026-09-28T19:34:00.8318826Z [36;1m        Path("native-mkTbNativeMultiply.v").write_bytes(rtl_raw)[0m
2026-09-28T19:34:00.8321004Z [36;1m        assert len(ports)==2 and len(assignments)==2, "Expected two operand ports and two assignments"[0m
2026-09-28T19:34:00.8324106Z [36;1m        assert len(cones)==2 and all(not c["write_presence_dependencies"] for c in cones.values()), "Operand data cone depends on write-presence control"[0m
2026-09-28T19:34:00.8326745Z [36;1m        audit["status"]="pass"[0m
2026-09-28T19:34:00.8328073Z [36;1mexcept Exception as error:[0m
2026-09-28T19:34:00.8329335Z [36;1m    audit["error"]=str(error)[0m
2026-09-28T19:34:00.8330492Z [36;1m    raise[0m
2026-09-28T19:34:00.8331548Z [36;1mfinally:[0m
2026-09-28T19:34:00.8333099Z [36;1m    Path("native-artifact-audit.json").write_text(json.dumps(audit,indent=2)+"\n")[0m
2026-09-28T19:34:00.8335521Z [36;1m    print("SWAY_NATIVE_ARTIFACT_AUDIT "+json.dumps(audit,sort_keys=True))[0m
2026-09-28T19:34:00.8337178Z [36;1mPY[0m
2026-09-28T19:34:00.8527328Z shell: /usr/bin/bash -e {0}
2026-09-28T19:34:00.8528593Z env:
2026-09-28T19:34:00.8538890Z   GH_TOKEN: ***
2026-09-28T19:34:00.8539934Z ##[endgroup]
2026-09-28T19:34:02.4318169Z SWAY_NATIVE_ARTIFACT_AUDIT {"artifact": {"api_digest_verified": true, "bytes": 292255, "id": 10991863026, "sha256": "6832a21cb59bea35165f37b0232fecf89def0982b0689cc38421c3b0af0e3e84"}, "backends_equal": true, "candidate_commit": "439af73b51b9e3f7c01b820caf3d25de575eca1d", "ci_run_id": 36472552335, "final_cycle": 403, "first_product_latency_cycles": 4, "generated_rtl_sha256": "2fa88a0477d6ed371e4341fe29a26a9ebfbee9526be37ba8f71c7a0f610583a6", "native_job_id": 109098154180, "native_report_sha256": "08d187b09e151b68e73aa93739013f30630d1f9c0a987274271ec5371ffaf4f7", "operand_assignments": ["assign test_multiplier_dsp$dataax = test_vectorsR$D_OUT_1[71:54] ;", "assign test_multiplier_dsp$dataay = test_vectorsR$D_OUT_1[53:36] ;"], "operand_dependency_cones": {"test_multiplier_dsp$dataax": {"assignments": {"test_multiplier_dsp$dataax": "test_vectorsR$D_OUT_1[71:54] "}, "signals": ["test_multiplier_dsp$dataax", "test_vectorsR$D_OUT_1"], "write_presence_dependencies": []}, "test_multiplier_dsp$dataay": {"assignments": {"test_multiplier_dsp$dataay": "test_vectorsR$D_OUT_1[53:36] "}, "signals": ["test_multiplier_dsp$dataay", "test_vectorsR$D_OUT_1"], "write_presence_dependencies": []}}, "operand_ports": [".dataax(test_multiplier_dsp$dataax)", ".dataay(test_multiplier_dsp$dataay)"], "operand_whas_signals": ["test_multiplier_aWire$whas"], "products_per_backend": 256, "retained_write_presence_uses": ["wire test_drainOn$whas, test_multiplier_aWire$whas;", "assign test_multiplier_aWire$whas =", "assign test_acceptedCnt$EN = test_multiplier_aWire$whas ;", "assign test_multiplier_acceptedCnt$EN = test_multiplier_aWire$whas ;", "{ test_multiplier_validR[1:0], test_multiplier_aWire$whas } ;", "assign test_expectedQ$ENQ = test_multiplier_aWire$whas ;"], "scope": "Downloaded native ZIP digest, candidate source and snapshot hashes verified; actual generated RTL operand data cones inspected including dollar identifiers. Presence signals outside those cones are retained and reported. Functional report equality checked; no physical timing claim.", "source_files_verified": 4, "status": "pass"}
2026-09-28T19:34:02.4501250Z ##[group]Run actions/upload-artifact@ea165f8d65b6e75b540449e92b4886f43607fa02
2026-09-28T19:34:02.4501862Z with:
2026-09-28T19:34:02.4502301Z   name: baseline-native-independent-audit-439af73
2026-09-28T19:34:02.4502876Z   path: native-artifact-audit.json
native-mkTbNativeMultiply.v

2026-09-28T19:34:02.4503386Z   if-no-files-found: error
2026-09-28T19:34:02.4503812Z   compression-level: 6
2026-09-28T19:34:02.4504383Z   overwrite: false
2026-09-28T19:34:02.4504861Z   include-hidden-files: false
2026-09-28T19:34:02.4505259Z ##[endgroup]
2026-09-28T19:34:02.6123863Z (node:2319) [DEP0040] DeprecationWarning: The `punycode` module is deprecated. Please use a userland alternative instead.
2026-09-28T19:34:02.6125439Z (Use `node --trace-deprecation ...` to show where the warning was created)
2026-09-28T19:34:02.6201414Z Multiple search paths detected. Calculating the least common ancestor of all paths
2026-09-28T19:34:02.6205736Z The least common ancestor is /home/runner/work/sway/sway. This will be the root directory of the artifact
2026-09-28T19:34:02.6208151Z With the provided path, there will be 2 files uploaded
2026-09-28T19:34:02.6209710Z Artifact name is valid!
2026-09-28T19:34:02.6210608Z Root directory input is valid!
2026-09-28T19:34:02.9551492Z Beginning upload of artifact content to blob storage
2026-09-28T19:34:02.9758385Z (node:2319) [DEP0169] DeprecationWarning: `url.parse()` behavior is not standardized and prone to errors that have security implications. Use the WHATWG URL API instead. CVEs are not issued for `url.parse()` vulnerabilities.
2026-09-28T19:34:03.2070503Z Uploaded bytes 4184
2026-09-28T19:34:03.2743666Z Finished uploading artifact content to blob storage!
2026-09-28T19:34:03.2744843Z SHA256 digest of uploaded artifact zip is 9081a7b0ae33049b543fec76b267548baacadb6bb49bfb1e6099bb308bf898ce
2026-09-28T19:34:03.2746659Z Finalizing artifact upload
2026-09-28T19:34:03.5262519Z Artifact baseline-native-independent-audit-439af73.zip successfully finalized. Artifact ID 10992217852
2026-09-28T19:34:03.5264008Z Artifact baseline-native-independent-audit-439af73 has been successfully uploaded! Final size is 4184 bytes. Artifact ID is 10992217852
2026-09-28T19:34:03.5275798Z Artifact download URL: https://github.com/SeMinLim/sway/actions/runs/36473103750/artifacts/10992217852
2026-09-28T19:34:03.5469992Z Post job cleanup.
2026-09-28T19:34:03.6336792Z [command]/usr/bin/git version
2026-09-28T19:34:03.6375164Z git version 2.55.0
2026-09-28T19:34:03.6408846Z Temporarily overriding HOME='/home/runner/work/_temp/1c2156c8-3a00-4a16-8ba8-218e597e81ce' before making global git config changes
2026-09-28T19:34:03.6410300Z Adding repository directory to the temporary git global config as a safe directory
2026-09-28T19:34:03.6415660Z [command]/usr/bin/git config --global --add safe.directory /home/runner/work/sway/sway
2026-09-28T19:34:03.6454515Z [command]/usr/bin/git config --local --name-only --get-regexp core\.sshCommand
2026-09-28T19:34:03.6498876Z [command]/usr/bin/git submodule foreach --recursive sh -c "git config --local --name-only --get-regexp 'core\.sshCommand' && git config --local --unset-all 'core.sshCommand' || :"
2026-09-28T19:34:03.6715473Z [command]/usr/bin/git config --local --name-only --get-regexp http\.https\:\/\/github\.com\/\.extraheader
2026-09-28T19:34:03.6748760Z [command]/usr/bin/git submodule foreach --recursive sh -c "git config --local --name-only --get-regexp 'http\.https\:\/\/github\.com\/\.extraheader' && git config --local --unset-all 'http.https://github.com/.extraheader' || :"
2026-09-28T19:34:03.6967500Z [command]/usr/bin/git config --local --name-only --get-regexp ^includeIf\.gitdir:
2026-09-28T19:34:03.7004710Z [command]/usr/bin/git submodule foreach --recursive git config --local --show-origin --name-only --get-regexp remote.origin.url
2026-09-28T19:34:03.7373825Z Cleaning up orphan processes
2026-09-28T19:34:03.7641547Z ##[warning]Node.js 20 is deprecated. The following actions target Node.js 20 but are being forced to run on Node.js 24: actions/checkout@11d5960a326750d5838078e36cf38b85af677262, actions/upload-artifact@ea165f8d65b6e75b540449e92b4886f43607fa02. For more information see: https://github.blog/changelog/2025-09-19-deprecation-of-node-20-on-github-actions-runners/
