SWAY_INPUT_FRAME,0,2,363
SWAY_INPUT_FRAME,1,364,725
SWAY_INPUT_FRAME,2,726,10484
SWAY_INPUT_FRAME,3,10485,23957
SWAY_OUTPUT,0,12,27264
SWAY_STALL,0,27265,35457
SWAY_OUTPUT,1,13,35457
SWAY_OUTPUT,2,12,35458
SWAY_OUTPUT,3,12,35459
SWAY_OUTPUT,4,25,35460
SWAY_OUTPUT,5,34,35461
SWAY_OUTPUT,6,39,35462
SWAY_OUTPUT,7,2,35463
SWAY_OUTPUT,8,-4,35465
SWAY_OUTPUT,9,-7,35466
SWAY_OUTPUT,10,17,35467
SWAY_OUTPUT,11,19,35468
SWAY_OUTPUT,12,18,35469
SWAY_OUTPUT,13,19,35470
SWAY_OUTPUT,14,8,35471
SWAY_OUTPUT,15,3,35472
SWAY_OUTPUT,16,0,35473
SWAY_OUTPUT,17,-1,35474
SWAY_OUTPUT,18,13,35476
SWAY_OUTPUT,19,127,35477
SWAY_OUTPUT,20,127,35478
SWAY_OUTPUT,21,127,35479
SWAY_OUTPUT,22,126,35480
SWAY_OUTPUT,23,126,35481
SWAY_OUTPUT,24,125,35482
SWAY_OUTPUT,25,124,35483
SWAY_OUTPUT,26,126,35484
SWAY_OUTPUT,27,126,35485
SWAY_OUTPUT,28,122,35487
SWAY_OUTPUT,29,125,35488
SWAY_OUTPUT,30,125,35489
SWAY_OUTPUT,31,127,35490
SWAY_OUTPUT,32,122,35491
SWAY_OUTPUT,33,125,35492
SWAY_OUTPUT,34,125,35493
SWAY_OUTPUT,35,127,35494
SWAY_OUTPUT,36,122,35495
SWAY_OUTPUT,37,127,35496
SWAY_OUTPUT,38,-15,35498
SWAY_OUTPUT,39,5,35499
SWAY_OUTPUT,40,25,35500
SWAY_OUTPUT,41,33,35501
SWAY_OUTPUT,42,17,35502
SWAY_OUTPUT,43,10,35503
SWAY_OUTPUT,44,7,35504
SWAY_OUTPUT,45,16,35505
SWAY_OUTPUT,46,4,35506
SWAY_OUTPUT,47,-6,35507
SWAY_OUTPUT,48,-15,35509
SWAY_OUTPUT,49,-34,35510
SWAY_OUTPUT,50,-55,35511
SWAY_OUTPUT,51,-60,35512
SWAY_OUTPUT,52,-14,35513
SWAY_OUTPUT,53,-33,35514
SWAY_OUTPUT,54,-55,35515
SWAY_OUTPUT,55,-59,35516
SWAY_OUTPUT,56,19,35517
SWAY_FRAME,0,27264,35517
SWAY_INPUT_FRAME,4,23958,37428
SWAY_OUTPUT,57,10,40736
SWAY_STALL,1,40737,48929
SWAY_OUTPUT,58,10,48929
SWAY_OUTPUT,59,10,48930
SWAY_OUTPUT,60,10,48931
SWAY_OUTPUT,61,22,48932
SWAY_OUTPUT,62,27,48933
SWAY_OUTPUT,63,32,48934
SWAY_OUTPUT,64,-1,48935
SWAY_OUTPUT,65,-6,48936
SWAY_OUTPUT,66,-11,48937
SWAY_OUTPUT,67,15,48938
SWAY_OUTPUT,68,17,48940
SWAY_OUTPUT,69,18,48941
SWAY_OUTPUT,70,19,48942
SWAY_OUTPUT,71,6,48943
SWAY_OUTPUT,72,2,48944
SWAY_OUTPUT,73,0,48945
SWAY_OUTPUT,74,-1,48946
SWAY_OUTPUT,75,10,48947
SWAY_OUTPUT,76,127,48948
SWAY_OUTPUT,77,127,48949
SWAY_OUTPUT,78,127,48951
SWAY_OUTPUT,79,127,48952
SWAY_OUTPUT,80,127,48953
SWAY_OUTPUT,81,127,48954
SWAY_OUTPUT,82,125,48955
SWAY_OUTPUT,83,127,48956
SWAY_OUTPUT,84,127,48957
SWAY_OUTPUT,85,124,48958
SWAY_OUTPUT,86,124,48959
SWAY_OUTPUT,87,127,48960
SWAY_OUTPUT,88,127,48962
SWAY_OUTPUT,89,122,48963
SWAY_OUTPUT,90,125,48964
SWAY_OUTPUT,91,127,48965
SWAY_OUTPUT,92,127,48966
SWAY_OUTPUT,93,123,48967
SWAY_OUTPUT,94,127,48968
SWAY_OUTPUT,95,-10,48969
SWAY_OUTPUT,96,12,48970
SWAY_OUTPUT,97,32,48971
SWAY_OUTPUT,98,41,48973
SWAY_OUTPUT,99,23,48974
SWAY_OUTPUT,100,9,48975
SWAY_OUTPUT,101,-3,48976
SWAY_OUTPUT,102,22,48977
SWAY_OUTPUT,103,8,48978
SWAY_OUTPUT,104,-6,48979
SWAY_OUTPUT,105,-10,48980
SWAY_OUTPUT,106,-32,48981
SWAY_OUTPUT,107,-54,48982
SWAY_OUTPUT,108,-59,48984
SWAY_OUTPUT,109,-9,48985
SWAY_OUTPUT,110,-31,48986
SWAY_OUTPUT,111,-54,48987
SWAY_OUTPUT,112,-59,48988
SWAY_OUTPUT,113,26,48989
SWAY_FRAME,1,40736,48989
SWAY_INPUT_FRAME,5,37429,50902
SWAY_OUTPUT,114,8,54209
SWAY_STALL,2,54210,62402
SWAY_OUTPUT,115,8,62402
SWAY_OUTPUT,116,7,62404
SWAY_OUTPUT,117,7,62405
SWAY_OUTPUT,118,19,62406
SWAY_OUTPUT,119,24,62407
SWAY_OUTPUT,120,30,62408
SWAY_OUTPUT,121,-2,62409
SWAY_OUTPUT,122,-7,62410
SWAY_OUTPUT,123,-11,62411
SWAY_OUTPUT,124,12,62412
SWAY_OUTPUT,125,15,62413
SWAY_OUTPUT,126,15,62415
SWAY_OUTPUT,127,17,62416
SWAY_OUTPUT,128,4,62417
SWAY_OUTPUT,129,3,62418
SWAY_OUTPUT,130,4,62419
SWAY_OUTPUT,131,3,62420
SWAY_OUTPUT,132,8,62421
SWAY_OUTPUT,133,127,62422
SWAY_OUTPUT,134,127,62423
SWAY_OUTPUT,135,127,62424
SWAY_OUTPUT,136,127,62426
SWAY_OUTPUT,137,127,62427
SWAY_OUTPUT,138,127,62428
SWAY_OUTPUT,139,127,62429
SWAY_OUTPUT,140,127,62430
SWAY_OUTPUT,141,127,62431
SWAY_OUTPUT,142,125,62432
SWAY_OUTPUT,143,127,62433
SWAY_OUTPUT,144,127,62434
SWAY_OUTPUT,145,127,62435
SWAY_OUTPUT,146,125,62437
SWAY_OUTPUT,147,127,62438
SWAY_OUTPUT,148,127,62439
SWAY_OUTPUT,149,127,62440
SWAY_OUTPUT,150,126,62441
SWAY_OUTPUT,151,127,62442
SWAY_OUTPUT,152,-19,62443
SWAY_OUTPUT,153,2,62444
SWAY_OUTPUT,154,21,62445
SWAY_OUTPUT,155,29,62446
SWAY_OUTPUT,156,13,62448
SWAY_OUTPUT,157,1,62449
SWAY_OUTPUT,158,-10,62450
SWAY_OUTPUT,159,12,62451
SWAY_OUTPUT,160,-3,62452
SWAY_OUTPUT,161,-17,62453
SWAY_OUTPUT,162,-19,62454
SWAY_OUTPUT,163,-35,62455
SWAY_OUTPUT,164,-55,62456
SWAY_OUTPUT,165,-60,62457
SWAY_OUTPUT,166,-18,62459
SWAY_OUTPUT,167,-36,62460
SWAY_OUTPUT,168,-57,62461
SWAY_OUTPUT,169,-62,62462
SWAY_OUTPUT,170,15,62463
SWAY_FRAME,2,54209,62463
SWAY_INPUT_FRAME,6,50903,64372
SWAY_OUTPUT,171,12,67680
SWAY_STALL,3,67681,75873
SWAY_OUTPUT,172,12,75873
SWAY_OUTPUT,173,12,75874
SWAY_OUTPUT,174,12,75875
SWAY_OUTPUT,175,25,75876
SWAY_OUTPUT,176,32,75877
SWAY_OUTPUT,177,37,75879
SWAY_OUTPUT,178,1,75880
SWAY_OUTPUT,179,-9,75881
SWAY_OUTPUT,180,-14,75882
SWAY_OUTPUT,181,17,75883
SWAY_OUTPUT,182,20,75884
SWAY_OUTPUT,183,21,75885
SWAY_OUTPUT,184,23,75886
SWAY_OUTPUT,185,7,75887
SWAY_OUTPUT,186,3,75888
SWAY_OUTPUT,187,0,75890
SWAY_OUTPUT,188,-1,75891
SWAY_OUTPUT,189,12,75892
SWAY_OUTPUT,190,127,75893
SWAY_OUTPUT,191,127,75894
SWAY_OUTPUT,192,127,75895
SWAY_OUTPUT,193,127,75896
SWAY_OUTPUT,194,127,75897
SWAY_OUTPUT,195,126,75898
SWAY_OUTPUT,196,124,75899
SWAY_OUTPUT,197,127,75901
SWAY_OUTPUT,198,127,75902
SWAY_OUTPUT,199,124,75903
SWAY_OUTPUT,200,124,75904
SWAY_OUTPUT,201,126,75905
SWAY_OUTPUT,202,127,75906
SWAY_OUTPUT,203,121,75907
SWAY_OUTPUT,204,125,75908
SWAY_OUTPUT,205,127,75909
SWAY_OUTPUT,206,127,75910
SWAY_OUTPUT,207,122,75912
SWAY_OUTPUT,208,127,75913
SWAY_OUTPUT,209,-7,75914
SWAY_OUTPUT,210,15,75915
SWAY_OUTPUT,211,35,75916
SWAY_OUTPUT,212,44,75917
SWAY_OUTPUT,213,26,75918
SWAY_OUTPUT,214,17,75919
SWAY_OUTPUT,215,11,75920
SWAY_OUTPUT,216,26,75921
SWAY_OUTPUT,217,17,75923
SWAY_OUTPUT,218,11,75924
SWAY_OUTPUT,219,-7,75925
SWAY_OUTPUT,220,-30,75926
SWAY_OUTPUT,221,-53,75927
SWAY_OUTPUT,222,-59,75928
SWAY_OUTPUT,223,-6,75929
SWAY_OUTPUT,224,-30,75930
SWAY_OUTPUT,225,-54,75931
SWAY_OUTPUT,226,-58,75932
SWAY_OUTPUT,227,29,75934
SWAY_FRAME,3,67680,75934
SWAY_INPUT_FRAME,7,64373,77846
SWAY_OUTPUT,228,13,81152
SWAY_STALL,4,81153,89345
SWAY_OUTPUT,229,14,89345
SWAY_OUTPUT,230,14,89346
SWAY_OUTPUT,231,14,89347
SWAY_OUTPUT,232,27,89348
SWAY_OUTPUT,233,37,89349
SWAY_OUTPUT,234,47,89350
SWAY_OUTPUT,235,3,89351
SWAY_OUTPUT,236,-11,89352
SWAY_OUTPUT,237,-26,89354
SWAY_OUTPUT,238,17,89355
SWAY_OUTPUT,239,23,89356
SWAY_OUTPUT,240,24,89357
SWAY_OUTPUT,241,26,89358
SWAY_OUTPUT,242,8,89359
SWAY_OUTPUT,243,-4,89360
SWAY_OUTPUT,244,-13,89361
SWAY_OUTPUT,245,-15,89362
SWAY_OUTPUT,246,14,89363
SWAY_OUTPUT,247,127,89365
SWAY_OUTPUT,248,127,89366
SWAY_OUTPUT,249,126,89367
SWAY_OUTPUT,250,126,89368
SWAY_OUTPUT,251,125,89369
SWAY_OUTPUT,252,124,89370
SWAY_OUTPUT,253,123,89371
SWAY_OUTPUT,254,127,89372
SWAY_OUTPUT,255,127,89373
SWAY_OUTPUT,256,126,89374
SWAY_OUTPUT,257,126,89376
SWAY_OUTPUT,258,125,89377
SWAY_OUTPUT,259,127,89378
SWAY_OUTPUT,260,124,89379
SWAY_OUTPUT,261,127,89380
SWAY_OUTPUT,262,125,89381
SWAY_OUTPUT,263,127,89382
SWAY_OUTPUT,264,123,89383
SWAY_OUTPUT,265,127,89384
SWAY_OUTPUT,266,-14,89385
SWAY_OUTPUT,267,6,89387
SWAY_OUTPUT,268,25,89388
SWAY_OUTPUT,269,33,89389
SWAY_OUTPUT,270,17,89390
SWAY_OUTPUT,271,11,89391
SWAY_OUTPUT,272,5,89392
SWAY_OUTPUT,273,18,89393
SWAY_OUTPUT,274,14,89394
SWAY_OUTPUT,275,12,89395
SWAY_OUTPUT,276,-15,89396
SWAY_OUTPUT,277,-33,89398
SWAY_OUTPUT,278,-56,89399
SWAY_OUTPUT,279,-61,89400
SWAY_OUTPUT,280,-13,89401
SWAY_OUTPUT,281,-29,89402
SWAY_OUTPUT,282,-51,89403
SWAY_OUTPUT,283,-55,89404
SWAY_OUTPUT,284,19,89405
SWAY_FRAME,4,81152,89405
SWAY_INPUT_FRAME,8,77847,91316
SWAY_OUTPUT,285,8,94624
SWAY_STALL,5,94625,102817
SWAY_OUTPUT,286,7,102818
SWAY_OUTPUT,287,6,102819
SWAY_OUTPUT,288,6,102820
SWAY_OUTPUT,289,20,102821
SWAY_OUTPUT,290,32,102822
SWAY_OUTPUT,291,40,102823
SWAY_OUTPUT,292,-5,102824
SWAY_OUTPUT,293,-16,102825
SWAY_OUTPUT,294,-21,102826
SWAY_OUTPUT,295,13,102827
SWAY_OUTPUT,296,18,102829
SWAY_OUTPUT,297,21,102830
SWAY_OUTPUT,298,23,102831
SWAY_OUTPUT,299,3,102832
SWAY_OUTPUT,300,-1,102833
SWAY_OUTPUT,301,-2,102834
SWAY_OUTPUT,302,-3,102835
SWAY_OUTPUT,303,7,102836
SWAY_OUTPUT,304,127,102837
SWAY_OUTPUT,305,127,102838
SWAY_OUTPUT,306,127,102840
SWAY_OUTPUT,307,127,102841
SWAY_OUTPUT,308,127,102842
SWAY_OUTPUT,309,127,102843
SWAY_OUTPUT,310,126,102844
SWAY_OUTPUT,311,127,102845
SWAY_OUTPUT,312,127,102846
SWAY_OUTPUT,313,124,102847
SWAY_OUTPUT,314,126,102848
SWAY_OUTPUT,315,127,102849
SWAY_OUTPUT,316,127,102851
SWAY_OUTPUT,317,122,102852
SWAY_OUTPUT,318,126,102853
SWAY_OUTPUT,319,126,102854
SWAY_OUTPUT,320,127,102855
SWAY_OUTPUT,321,123,102856
SWAY_OUTPUT,322,127,102857
SWAY_OUTPUT,323,-10,102858
SWAY_OUTPUT,324,11,102859
SWAY_OUTPUT,325,30,102860
SWAY_OUTPUT,326,39,102862
SWAY_OUTPUT,327,23,102863
SWAY_OUTPUT,328,20,102864
SWAY_OUTPUT,329,23,102865
SWAY_OUTPUT,330,22,102866
SWAY_OUTPUT,331,17,102867
SWAY_OUTPUT,332,17,102868
SWAY_OUTPUT,333,-10,102869
SWAY_OUTPUT,334,-31,102870
SWAY_OUTPUT,335,-54,102871
SWAY_OUTPUT,336,-59,102873
SWAY_OUTPUT,337,-10,102874
SWAY_OUTPUT,338,-32,102875
SWAY_OUTPUT,339,-56,102876
SWAY_OUTPUT,340,-60,102877
SWAY_OUTPUT,341,24,102878
SWAY_FRAME,5,94624,102878
SWAY_INPUT_FRAME,9,91317,104790
SWAY_OUTPUT,342,8,108096
SWAY_STALL,6,108097,116289
SWAY_OUTPUT,343,8,116289
SWAY_OUTPUT,344,7,116290
SWAY_OUTPUT,345,7,116291
SWAY_OUTPUT,346,20,116293
SWAY_OUTPUT,347,33,116294
SWAY_OUTPUT,348,47,116295
SWAY_OUTPUT,349,-4,116296
SWAY_OUTPUT,350,-19,116297
SWAY_OUTPUT,351,-33,116298
SWAY_OUTPUT,352,13,116299
SWAY_OUTPUT,353,23,116300
SWAY_OUTPUT,354,32,116301
SWAY_OUTPUT,355,35,116302
SWAY_OUTPUT,356,4,116304
SWAY_OUTPUT,357,-6,116305
SWAY_OUTPUT,358,-12,116306
SWAY_OUTPUT,359,-13,116307
SWAY_OUTPUT,360,7,116308
SWAY_OUTPUT,361,127,116309
SWAY_OUTPUT,362,127,116310
SWAY_OUTPUT,363,126,116311
SWAY_OUTPUT,364,126,116312
SWAY_OUTPUT,365,127,116313
SWAY_OUTPUT,366,127,116315
SWAY_OUTPUT,367,126,116316
SWAY_OUTPUT,368,127,116317
SWAY_OUTPUT,369,126,116318
SWAY_OUTPUT,370,124,116319
SWAY_OUTPUT,371,127,116320
SWAY_OUTPUT,372,126,116321
SWAY_OUTPUT,373,127,116322
SWAY_OUTPUT,374,122,116323
SWAY_OUTPUT,375,127,116324
SWAY_OUTPUT,376,126,116326
SWAY_OUTPUT,377,127,116327
SWAY_OUTPUT,378,124,116328
SWAY_OUTPUT,379,127,116329
SWAY_OUTPUT,380,-8,116330
SWAY_OUTPUT,381,12,116331
SWAY_OUTPUT,382,32,116332
SWAY_OUTPUT,383,41,116333
SWAY_OUTPUT,384,25,116334
SWAY_OUTPUT,385,21,116335
SWAY_OUTPUT,386,18,116337
SWAY_OUTPUT,387,24,116338
SWAY_OUTPUT,388,21,116339
SWAY_OUTPUT,389,19,116340
SWAY_OUTPUT,390,-8,116341
SWAY_OUTPUT,391,-27,116342
SWAY_OUTPUT,392,-52,116343
SWAY_OUTPUT,393,-56,116344
SWAY_OUTPUT,394,-8,116345
SWAY_OUTPUT,395,-27,116346
SWAY_OUTPUT,396,-52,116348
SWAY_OUTPUT,397,-56,116349
SWAY_OUTPUT,398,26,116350
SWAY_FRAME,6,108096,116350
SWAY_INPUT_FRAME,10,104791,118260
SWAY_OUTPUT,399,22,121568
SWAY_STALL,7,121569,129761
SWAY_OUTPUT,400,23,129761
SWAY_OUTPUT,401,24,129762
SWAY_OUTPUT,402,25,129763
SWAY_OUTPUT,403,37,129764
SWAY_OUTPUT,404,45,129765
SWAY_OUTPUT,405,50,129766
SWAY_OUTPUT,406,13,129768
SWAY_OUTPUT,407,1,129769
SWAY_OUTPUT,408,-9,129770
SWAY_OUTPUT,409,26,129771
SWAY_OUTPUT,410,28,129772
SWAY_OUTPUT,411,23,129773
SWAY_OUTPUT,412,24,129774
SWAY_OUTPUT,413,17,129775
SWAY_OUTPUT,414,8,129776
SWAY_OUTPUT,415,-2,129777
SWAY_OUTPUT,416,-3,129779
SWAY_OUTPUT,417,24,129780
SWAY_OUTPUT,418,126,129781
SWAY_OUTPUT,419,127,129782
SWAY_OUTPUT,420,125,129783
SWAY_OUTPUT,421,125,129784
SWAY_OUTPUT,422,124,129785
SWAY_OUTPUT,423,124,129786
SWAY_OUTPUT,424,123,129787
SWAY_OUTPUT,425,126,129788
SWAY_OUTPUT,426,126,129790
SWAY_OUTPUT,427,124,129791
SWAY_OUTPUT,428,124,129792
SWAY_OUTPUT,429,122,129793
SWAY_OUTPUT,430,127,129794
SWAY_OUTPUT,431,123,129795
SWAY_OUTPUT,432,125,129796
SWAY_OUTPUT,433,126,129797
SWAY_OUTPUT,434,127,129798
SWAY_OUTPUT,435,122,129799
SWAY_OUTPUT,436,126,129801
SWAY_OUTPUT,437,-16,129802
SWAY_OUTPUT,438,4,129803
SWAY_OUTPUT,439,23,129804
SWAY_OUTPUT,440,31,129805
SWAY_OUTPUT,441,15,129806
SWAY_OUTPUT,442,9,129807
SWAY_OUTPUT,443,5,129808
SWAY_OUTPUT,444,16,129809
SWAY_OUTPUT,445,12,129810
SWAY_OUTPUT,446,10,129812
SWAY_OUTPUT,447,-17,129813
SWAY_OUTPUT,448,-34,129814
SWAY_OUTPUT,449,-57,129815
SWAY_OUTPUT,450,-62,129816
SWAY_OUTPUT,451,-15,129817
SWAY_OUTPUT,452,-32,129818
SWAY_OUTPUT,453,-52,129819
SWAY_OUTPUT,454,-56,129820
SWAY_OUTPUT,455,17,129821
SWAY_FRAME,7,121568,129821
SWAY_INPUT_FRAME,11,118261,131732
SWAY_OUTPUT,456,12,135040
SWAY_STALL,8,135041,143233
SWAY_OUTPUT,457,13,143233
SWAY_OUTPUT,458,13,143234
SWAY_OUTPUT,459,13,143235
SWAY_OUTPUT,460,26,143236
SWAY_OUTPUT,461,36,143237
SWAY_OUTPUT,462,42,143238
SWAY_OUTPUT,463,2,143239
SWAY_OUTPUT,464,-13,143240
SWAY_OUTPUT,465,-22,143241
SWAY_OUTPUT,466,17,143243
SWAY_OUTPUT,467,21,143244
SWAY_OUTPUT,468,22,143245
SWAY_OUTPUT,469,23,143246
SWAY_OUTPUT,470,8,143247
SWAY_OUTPUT,471,1,143248
SWAY_OUTPUT,472,-4,143249
SWAY_OUTPUT,473,-5,143250
SWAY_OUTPUT,474,13,143251
SWAY_OUTPUT,475,127,143252
SWAY_OUTPUT,476,127,143254
SWAY_OUTPUT,477,127,143255
SWAY_OUTPUT,478,127,143256
SWAY_OUTPUT,479,127,143257
SWAY_OUTPUT,480,127,143258
SWAY_OUTPUT,481,125,143259
SWAY_OUTPUT,482,127,143260
SWAY_OUTPUT,483,127,143261
SWAY_OUTPUT,484,126,143262
SWAY_OUTPUT,485,126,143263
SWAY_OUTPUT,486,127,143265
SWAY_OUTPUT,487,127,143266
SWAY_OUTPUT,488,124,143267
SWAY_OUTPUT,489,127,143268
SWAY_OUTPUT,490,127,143269
SWAY_OUTPUT,491,127,143270
SWAY_OUTPUT,492,123,143271
SWAY_OUTPUT,493,127,143272
SWAY_OUTPUT,494,-12,143273
SWAY_OUTPUT,495,8,143274
SWAY_OUTPUT,496,28,143276
SWAY_OUTPUT,497,36,143277
SWAY_OUTPUT,498,20,143278
SWAY_OUTPUT,499,15,143279
SWAY_OUTPUT,500,14,143280
SWAY_OUTPUT,501,20,143281
SWAY_OUTPUT,502,19,143282
SWAY_OUTPUT,503,22,143283
SWAY_OUTPUT,504,-13,143284
SWAY_OUTPUT,505,-32,143285
SWAY_OUTPUT,506,-55,143287
SWAY_OUTPUT,507,-61,143288
SWAY_OUTPUT,508,-12,143289
SWAY_OUTPUT,509,-31,143290
SWAY_OUTPUT,510,-54,143291
SWAY_OUTPUT,511,-58,143292
SWAY_OUTPUT,512,22,143293
SWAY_FRAME,8,135040,143293
SWAY_INPUT_FRAME,12,131735,145204
SWAY_OUTPUT,513,21,148512
SWAY_STALL,9,148513,156705
SWAY_OUTPUT,514,20,156705
SWAY_OUTPUT,515,19,156707
SWAY_OUTPUT,516,22,156708
SWAY_OUTPUT,517,38,156709
SWAY_OUTPUT,518,40,156710
SWAY_OUTPUT,519,23,156711
SWAY_OUTPUT,520,12,156712
SWAY_OUTPUT,521,1,156713
SWAY_OUTPUT,522,11,156714
SWAY_OUTPUT,523,26,156715
SWAY_OUTPUT,524,0,156716
SWAY_OUTPUT,525,-36,156718
SWAY_OUTPUT,526,-45,156719
SWAY_OUTPUT,527,15,156720
SWAY_OUTPUT,528,26,156721
SWAY_OUTPUT,529,13,156722
SWAY_OUTPUT,530,14,156723
SWAY_OUTPUT,531,20,156724
SWAY_OUTPUT,532,61,156725
SWAY_OUTPUT,533,73,156726
SWAY_OUTPUT,534,84,156727
SWAY_OUTPUT,535,81,156729
SWAY_OUTPUT,536,83,156730
SWAY_OUTPUT,537,87,156731
SWAY_OUTPUT,538,99,156732
SWAY_OUTPUT,539,78,156733
SWAY_OUTPUT,540,72,156734
SWAY_OUTPUT,541,78,156735
SWAY_OUTPUT,542,59,156736
SWAY_OUTPUT,543,66,156737
SWAY_OUTPUT,544,77,156738
SWAY_OUTPUT,545,60,156740
SWAY_OUTPUT,546,59,156741
SWAY_OUTPUT,547,57,156742
SWAY_OUTPUT,548,48,156743
SWAY_OUTPUT,549,23,156744
SWAY_OUTPUT,550,81,156745
SWAY_OUTPUT,551,-36,156746
SWAY_OUTPUT,552,-17,156747
SWAY_OUTPUT,553,1,156748
SWAY_OUTPUT,554,6,156749
SWAY_OUTPUT,555,-4,156751
SWAY_OUTPUT,556,-14,156752
SWAY_OUTPUT,557,-12,156753
SWAY_OUTPUT,558,-10,156754
SWAY_OUTPUT,559,8,156755
SWAY_OUTPUT,560,16,156756
SWAY_OUTPUT,561,-35,156757
SWAY_OUTPUT,562,-46,156758
SWAY_OUTPUT,563,-27,156759
SWAY_OUTPUT,564,-22,156760
SWAY_OUTPUT,565,-34,156762
SWAY_OUTPUT,566,-42,156763
SWAY_OUTPUT,567,-43,156764
SWAY_OUTPUT,568,-37,156765
SWAY_OUTPUT,569,-5,156766
SWAY_FRAME,9,148512,156766
SWAY_INPUT_FRAME,13,145205,158676
SWAY_OUTPUT,570,32,161984
SWAY_STALL,10,161985,170177
SWAY_OUTPUT,571,30,170177
SWAY_OUTPUT,572,26,170178
SWAY_OUTPUT,573,24,170179
SWAY_OUTPUT,574,42,170180
SWAY_OUTPUT,575,62,170182
SWAY_OUTPUT,576,4,170183
SWAY_OUTPUT,577,15,170184
SWAY_OUTPUT,578,14,170185
SWAY_OUTPUT,579,63,170186
SWAY_OUTPUT,580,36,170187
SWAY_OUTPUT,581,45,170188
SWAY_OUTPUT,582,47,170189
SWAY_OUTPUT,583,46,170190
SWAY_OUTPUT,584,27,170191
SWAY_OUTPUT,585,21,170193
SWAY_OUTPUT,586,17,170194
SWAY_OUTPUT,587,15,170195
SWAY_OUTPUT,588,27,170196
SWAY_OUTPUT,589,79,170197
SWAY_OUTPUT,590,86,170198
SWAY_OUTPUT,591,91,170199
SWAY_OUTPUT,592,92,170200
SWAY_OUTPUT,593,92,170201
SWAY_OUTPUT,594,86,170202
SWAY_OUTPUT,595,84,170204
SWAY_OUTPUT,596,95,170205
SWAY_OUTPUT,597,94,170206
SWAY_OUTPUT,598,115,170207
SWAY_OUTPUT,599,74,170208
SWAY_OUTPUT,600,58,170209
SWAY_OUTPUT,601,54,170210
SWAY_OUTPUT,602,35,170211
SWAY_OUTPUT,603,77,170212
SWAY_OUTPUT,604,85,170213
SWAY_OUTPUT,605,84,170215
SWAY_OUTPUT,606,88,170216
SWAY_OUTPUT,607,89,170217
SWAY_OUTPUT,608,4,170218
SWAY_OUTPUT,609,25,170219
SWAY_OUTPUT,610,45,170220
SWAY_OUTPUT,611,55,170221
SWAY_OUTPUT,612,41,170222
SWAY_OUTPUT,613,53,170223
SWAY_OUTPUT,614,95,170224
SWAY_OUTPUT,615,32,170226
SWAY_OUTPUT,616,41,170227
SWAY_OUTPUT,617,48,170228
SWAY_OUTPUT,618,5,170229
SWAY_OUTPUT,619,-24,170230
SWAY_OUTPUT,620,-36,170231
SWAY_OUTPUT,621,-36,170232
SWAY_OUTPUT,622,4,170233
SWAY_OUTPUT,623,-31,170234
SWAY_OUTPUT,624,-40,170235
SWAY_OUTPUT,625,-57,170237
SWAY_OUTPUT,626,39,170238
SWAY_FRAME,10,161984,170238
SWAY_OUTPUT,627,13,175456
SWAY_STALL,11,175457,183649
SWAY_OUTPUT,628,17,183649
SWAY_OUTPUT,629,22,183650
SWAY_OUTPUT,630,16,183651
SWAY_OUTPUT,631,28,183652
SWAY_OUTPUT,632,34,183653
SWAY_OUTPUT,633,33,183654
SWAY_OUTPUT,634,15,183655
SWAY_OUTPUT,635,26,183657
SWAY_OUTPUT,636,20,183658
SWAY_OUTPUT,637,16,183659
SWAY_OUTPUT,638,2,183660
SWAY_OUTPUT,639,-4,183661
SWAY_OUTPUT,640,-13,183662
SWAY_OUTPUT,641,10,183663
SWAY_OUTPUT,642,8,183664
SWAY_OUTPUT,643,-17,183665
SWAY_OUTPUT,644,-24,183666
SWAY_OUTPUT,645,21,183668
SWAY_OUTPUT,646,108,183669
SWAY_OUTPUT,647,124,183670
SWAY_OUTPUT,648,127,183671
SWAY_OUTPUT,649,127,183672
SWAY_OUTPUT,650,119,183673
SWAY_OUTPUT,651,94,183674
SWAY_OUTPUT,652,97,183675
SWAY_OUTPUT,653,127,183676
SWAY_OUTPUT,654,127,183677
SWAY_OUTPUT,655,127,183679
SWAY_OUTPUT,656,98,183680
SWAY_OUTPUT,657,127,183681
SWAY_OUTPUT,658,127,183682
SWAY_OUTPUT,659,127,183683
SWAY_OUTPUT,660,111,183684
SWAY_OUTPUT,661,116,183685
SWAY_OUTPUT,662,85,183686
SWAY_OUTPUT,663,66,183687
SWAY_OUTPUT,664,127,183688
SWAY_OUTPUT,665,-1,183690
SWAY_OUTPUT,666,25,183691
SWAY_OUTPUT,667,50,183692
SWAY_OUTPUT,668,57,183693
SWAY_OUTPUT,669,34,183694
SWAY_OUTPUT,670,35,183695
SWAY_OUTPUT,671,59,183696
SWAY_OUTPUT,672,35,183697
SWAY_OUTPUT,673,26,183698
SWAY_OUTPUT,674,25,183699
SWAY_OUTPUT,675,-2,183701
SWAY_OUTPUT,676,-36,183702
SWAY_OUTPUT,677,-43,183703
SWAY_OUTPUT,678,-48,183704
SWAY_OUTPUT,679,1,183705
SWAY_OUTPUT,680,-27,183706
SWAY_OUTPUT,681,-39,183707
SWAY_OUTPUT,682,-40,183708
SWAY_OUTPUT,683,42,183709
SWAY_FRAME,11,175456,183709
SWAY_OUTPUT,684,12,188928
SWAY_STALL,12,188929,197121
SWAY_OUTPUT,685,13,197121
SWAY_OUTPUT,686,12,197122
SWAY_OUTPUT,687,12,197123
SWAY_OUTPUT,688,25,197124
SWAY_OUTPUT,689,34,197125
SWAY_OUTPUT,690,39,197126
SWAY_OUTPUT,691,2,197127
SWAY_OUTPUT,692,-4,197128
SWAY_OUTPUT,693,-7,197129
SWAY_OUTPUT,694,17,197130
SWAY_OUTPUT,695,19,197132
SWAY_OUTPUT,696,18,197133
SWAY_OUTPUT,697,19,197134
SWAY_OUTPUT,698,8,197135
SWAY_OUTPUT,699,3,197136
SWAY_OUTPUT,700,0,197137
SWAY_OUTPUT,701,-1,197138
SWAY_OUTPUT,702,13,197139
SWAY_OUTPUT,703,127,197140
SWAY_OUTPUT,704,127,197141
SWAY_OUTPUT,705,127,197143
SWAY_OUTPUT,706,126,197144
SWAY_OUTPUT,707,126,197145
SWAY_OUTPUT,708,125,197146
SWAY_OUTPUT,709,124,197147
SWAY_OUTPUT,710,126,197148
SWAY_OUTPUT,711,126,197149
SWAY_OUTPUT,712,122,197150
SWAY_OUTPUT,713,125,197151
SWAY_OUTPUT,714,125,197152
SWAY_OUTPUT,715,127,197154
SWAY_OUTPUT,716,122,197155
SWAY_OUTPUT,717,125,197156
SWAY_OUTPUT,718,125,197157
SWAY_OUTPUT,719,127,197158
SWAY_OUTPUT,720,122,197159
SWAY_OUTPUT,721,127,197160
SWAY_OUTPUT,722,-15,197161
SWAY_OUTPUT,723,5,197162
SWAY_OUTPUT,724,25,197163
SWAY_OUTPUT,725,33,197165
SWAY_OUTPUT,726,17,197166
SWAY_OUTPUT,727,10,197167
SWAY_OUTPUT,728,7,197168
SWAY_OUTPUT,729,16,197169
SWAY_OUTPUT,730,4,197170
SWAY_OUTPUT,731,-6,197171
SWAY_OUTPUT,732,-15,197172
SWAY_OUTPUT,733,-34,197173
SWAY_OUTPUT,734,-55,197174
SWAY_OUTPUT,735,-60,197176
SWAY_OUTPUT,736,-14,197177
SWAY_OUTPUT,737,-33,197178
SWAY_OUTPUT,738,-55,197179
SWAY_OUTPUT,739,-59,197180
SWAY_OUTPUT,740,19,197181
SWAY_FRAME,12,188928,197181
SWAY_OUTPUT,741,12,202401
SWAY_STALL,13,202402,210594
SWAY_OUTPUT,742,13,210594
SWAY_OUTPUT,743,12,210596
SWAY_OUTPUT,744,12,210597
SWAY_OUTPUT,745,25,210598
SWAY_OUTPUT,746,34,210599
SWAY_OUTPUT,747,39,210600
SWAY_OUTPUT,748,2,210601
SWAY_OUTPUT,749,-4,210602
SWAY_OUTPUT,750,-7,210603
SWAY_OUTPUT,751,17,210604
SWAY_OUTPUT,752,19,210605
SWAY_OUTPUT,753,18,210607
SWAY_OUTPUT,754,19,210608
SWAY_OUTPUT,755,8,210609
SWAY_OUTPUT,756,3,210610
SWAY_OUTPUT,757,0,210611
SWAY_OUTPUT,758,-1,210612
SWAY_OUTPUT,759,13,210613
SWAY_OUTPUT,760,127,210614
SWAY_OUTPUT,761,127,210615
SWAY_OUTPUT,762,127,210616
SWAY_OUTPUT,763,126,210618
SWAY_OUTPUT,764,126,210619
SWAY_OUTPUT,765,125,210620
SWAY_OUTPUT,766,124,210621
SWAY_OUTPUT,767,126,210622
SWAY_OUTPUT,768,126,210623
SWAY_OUTPUT,769,122,210624
SWAY_OUTPUT,770,125,210625
SWAY_OUTPUT,771,125,210626
SWAY_OUTPUT,772,127,210627
SWAY_OUTPUT,773,122,210629
SWAY_OUTPUT,774,125,210630
SWAY_OUTPUT,775,125,210631
SWAY_OUTPUT,776,127,210632
SWAY_OUTPUT,777,122,210633
SWAY_OUTPUT,778,127,210634
SWAY_OUTPUT,779,-15,210635
SWAY_OUTPUT,780,5,210636
SWAY_OUTPUT,781,25,210637
SWAY_OUTPUT,782,33,210638
SWAY_OUTPUT,783,17,210640
SWAY_OUTPUT,784,10,210641
SWAY_OUTPUT,785,7,210642
SWAY_OUTPUT,786,16,210643
SWAY_OUTPUT,787,4,210644
SWAY_OUTPUT,788,-6,210645
SWAY_OUTPUT,789,-15,210646
SWAY_OUTPUT,790,-34,210647
SWAY_OUTPUT,791,-55,210648
SWAY_OUTPUT,792,-60,210649
SWAY_OUTPUT,793,-14,210651
SWAY_OUTPUT,794,-33,210652
SWAY_OUTPUT,795,-55,210653
SWAY_OUTPUT,796,-59,210654
SWAY_OUTPUT,797,19,210655
SWAY_FRAME,13,202401,210655
SWAY_PASS frames=14 outputs=798 cycles=212704 drain_cycles=2048
