SWAY_INPUT_FRAME,0,0,319
SWAY_INPUT_FRAME,1,320,639
SWAY_INPUT_FRAME,2,640,10402
SWAY_INPUT_FRAME,3,10403,23874
SWAY_OUTPUT,0,12,27220
SWAY_OUTPUT,1,13,27221
SWAY_OUTPUT,2,12,27222
SWAY_OUTPUT,3,12,27223
SWAY_OUTPUT,4,25,27224
SWAY_OUTPUT,5,34,27225
SWAY_OUTPUT,6,39,27226
SWAY_OUTPUT,7,2,27227
SWAY_OUTPUT,8,-4,27228
SWAY_OUTPUT,9,-7,27229
SWAY_OUTPUT,10,17,27230
SWAY_OUTPUT,11,19,27231
SWAY_OUTPUT,12,18,27232
SWAY_OUTPUT,13,19,27233
SWAY_OUTPUT,14,8,27234
SWAY_OUTPUT,15,3,27235
SWAY_OUTPUT,16,0,27236
SWAY_OUTPUT,17,-1,27237
SWAY_OUTPUT,18,13,27238
SWAY_OUTPUT,19,127,27239
SWAY_OUTPUT,20,127,27240
SWAY_OUTPUT,21,127,27241
SWAY_OUTPUT,22,126,27242
SWAY_OUTPUT,23,126,27243
SWAY_OUTPUT,24,125,27244
SWAY_OUTPUT,25,124,27245
SWAY_OUTPUT,26,126,27246
SWAY_OUTPUT,27,126,27247
SWAY_OUTPUT,28,122,27248
SWAY_OUTPUT,29,125,27249
SWAY_OUTPUT,30,125,27250
SWAY_OUTPUT,31,127,27251
SWAY_OUTPUT,32,122,27252
SWAY_OUTPUT,33,125,27253
SWAY_OUTPUT,34,125,27254
SWAY_OUTPUT,35,127,27255
SWAY_OUTPUT,36,122,27256
SWAY_OUTPUT,37,127,27257
SWAY_OUTPUT,38,-15,27258
SWAY_OUTPUT,39,5,27259
SWAY_OUTPUT,40,25,27260
SWAY_OUTPUT,41,33,27261
SWAY_OUTPUT,42,17,27262
SWAY_OUTPUT,43,10,27263
SWAY_OUTPUT,44,7,27264
SWAY_OUTPUT,45,16,27265
SWAY_OUTPUT,46,4,27266
SWAY_OUTPUT,47,-6,27267
SWAY_OUTPUT,48,-15,27268
SWAY_OUTPUT,49,-34,27269
SWAY_OUTPUT,50,-55,27270
SWAY_OUTPUT,51,-60,27271
SWAY_OUTPUT,52,-14,27272
SWAY_OUTPUT,53,-33,27273
SWAY_OUTPUT,54,-55,27274
SWAY_OUTPUT,55,-59,27275
SWAY_OUTPUT,56,19,27276
SWAY_FRAME,0,27220,27276
SWAY_INPUT_FRAME,4,23875,37346
SWAY_OUTPUT,57,10,40692
SWAY_OUTPUT,58,10,40693
SWAY_OUTPUT,59,10,40694
SWAY_OUTPUT,60,10,40695
SWAY_OUTPUT,61,22,40696
SWAY_OUTPUT,62,27,40697
SWAY_OUTPUT,63,32,40698
SWAY_OUTPUT,64,-1,40699
SWAY_OUTPUT,65,-6,40700
SWAY_OUTPUT,66,-11,40701
SWAY_OUTPUT,67,15,40702
SWAY_OUTPUT,68,17,40703
SWAY_OUTPUT,69,18,40704
SWAY_OUTPUT,70,19,40705
SWAY_OUTPUT,71,6,40706
SWAY_OUTPUT,72,2,40707
SWAY_OUTPUT,73,0,40708
SWAY_OUTPUT,74,-1,40709
SWAY_OUTPUT,75,10,40710
SWAY_OUTPUT,76,127,40711
SWAY_OUTPUT,77,127,40712
SWAY_OUTPUT,78,127,40713
SWAY_OUTPUT,79,127,40714
SWAY_OUTPUT,80,127,40715
SWAY_OUTPUT,81,127,40716
SWAY_OUTPUT,82,125,40717
SWAY_OUTPUT,83,127,40718
SWAY_OUTPUT,84,127,40719
SWAY_OUTPUT,85,124,40720
SWAY_OUTPUT,86,124,40721
SWAY_OUTPUT,87,127,40722
SWAY_OUTPUT,88,127,40723
SWAY_OUTPUT,89,122,40724
SWAY_OUTPUT,90,125,40725
SWAY_OUTPUT,91,127,40726
SWAY_OUTPUT,92,127,40727
SWAY_OUTPUT,93,123,40728
SWAY_OUTPUT,94,127,40729
SWAY_OUTPUT,95,-10,40730
SWAY_OUTPUT,96,12,40731
SWAY_OUTPUT,97,32,40732
SWAY_OUTPUT,98,41,40733
SWAY_OUTPUT,99,23,40734
SWAY_OUTPUT,100,9,40735
SWAY_OUTPUT,101,-3,40736
SWAY_OUTPUT,102,22,40737
SWAY_OUTPUT,103,8,40738
SWAY_OUTPUT,104,-6,40739
SWAY_OUTPUT,105,-10,40740
SWAY_OUTPUT,106,-32,40741
SWAY_OUTPUT,107,-54,40742
SWAY_OUTPUT,108,-59,40743
SWAY_OUTPUT,109,-9,40744
SWAY_OUTPUT,110,-31,40745
SWAY_OUTPUT,111,-54,40746
SWAY_OUTPUT,112,-59,40747
SWAY_OUTPUT,113,26,40748
SWAY_FRAME,1,40692,40748
SWAY_INPUT_FRAME,5,37347,50818
SWAY_OUTPUT,114,8,54164
SWAY_OUTPUT,115,8,54165
SWAY_OUTPUT,116,7,54166
SWAY_OUTPUT,117,7,54167
SWAY_OUTPUT,118,19,54168
SWAY_OUTPUT,119,24,54169
SWAY_OUTPUT,120,30,54170
SWAY_OUTPUT,121,-2,54171
SWAY_OUTPUT,122,-7,54172
SWAY_OUTPUT,123,-11,54173
SWAY_OUTPUT,124,12,54174
SWAY_OUTPUT,125,15,54175
SWAY_OUTPUT,126,15,54176
SWAY_OUTPUT,127,17,54177
SWAY_OUTPUT,128,4,54178
SWAY_OUTPUT,129,3,54179
SWAY_OUTPUT,130,4,54180
SWAY_OUTPUT,131,3,54181
SWAY_OUTPUT,132,8,54182
SWAY_OUTPUT,133,127,54183
SWAY_OUTPUT,134,127,54184
SWAY_OUTPUT,135,127,54185
SWAY_OUTPUT,136,127,54186
SWAY_OUTPUT,137,127,54187
SWAY_OUTPUT,138,127,54188
SWAY_OUTPUT,139,127,54189
SWAY_OUTPUT,140,127,54190
SWAY_OUTPUT,141,127,54191
SWAY_OUTPUT,142,125,54192
SWAY_OUTPUT,143,127,54193
SWAY_OUTPUT,144,127,54194
SWAY_OUTPUT,145,127,54195
SWAY_OUTPUT,146,125,54196
SWAY_OUTPUT,147,127,54197
SWAY_OUTPUT,148,127,54198
SWAY_OUTPUT,149,127,54199
SWAY_OUTPUT,150,126,54200
SWAY_OUTPUT,151,127,54201
SWAY_OUTPUT,152,-19,54202
SWAY_OUTPUT,153,2,54203
SWAY_OUTPUT,154,21,54204
SWAY_OUTPUT,155,29,54205
SWAY_OUTPUT,156,13,54206
SWAY_OUTPUT,157,1,54207
SWAY_OUTPUT,158,-10,54208
SWAY_OUTPUT,159,12,54209
SWAY_OUTPUT,160,-3,54210
SWAY_OUTPUT,161,-17,54211
SWAY_OUTPUT,162,-19,54212
SWAY_OUTPUT,163,-35,54213
SWAY_OUTPUT,164,-55,54214
SWAY_OUTPUT,165,-60,54215
SWAY_OUTPUT,166,-18,54216
SWAY_OUTPUT,167,-36,54217
SWAY_OUTPUT,168,-57,54218
SWAY_OUTPUT,169,-62,54219
SWAY_OUTPUT,170,15,54220
SWAY_FRAME,2,54164,54220
SWAY_INPUT_FRAME,6,50819,64290
SWAY_OUTPUT,171,12,67636
SWAY_OUTPUT,172,12,67637
SWAY_OUTPUT,173,12,67638
SWAY_OUTPUT,174,12,67639
SWAY_OUTPUT,175,25,67640
SWAY_OUTPUT,176,32,67641
SWAY_OUTPUT,177,37,67642
SWAY_OUTPUT,178,1,67643
SWAY_OUTPUT,179,-9,67644
SWAY_OUTPUT,180,-14,67645
SWAY_OUTPUT,181,17,67646
SWAY_OUTPUT,182,20,67647
SWAY_OUTPUT,183,21,67648
SWAY_OUTPUT,184,23,67649
SWAY_OUTPUT,185,7,67650
SWAY_OUTPUT,186,3,67651
SWAY_OUTPUT,187,0,67652
SWAY_OUTPUT,188,-1,67653
SWAY_OUTPUT,189,12,67654
SWAY_OUTPUT,190,127,67655
SWAY_OUTPUT,191,127,67656
SWAY_OUTPUT,192,127,67657
SWAY_OUTPUT,193,127,67658
SWAY_OUTPUT,194,127,67659
SWAY_OUTPUT,195,126,67660
SWAY_OUTPUT,196,124,67661
SWAY_OUTPUT,197,127,67662
SWAY_OUTPUT,198,127,67663
SWAY_OUTPUT,199,124,67664
SWAY_OUTPUT,200,124,67665
SWAY_OUTPUT,201,126,67666
SWAY_OUTPUT,202,127,67667
SWAY_OUTPUT,203,121,67668
SWAY_OUTPUT,204,125,67669
SWAY_OUTPUT,205,127,67670
SWAY_OUTPUT,206,127,67671
SWAY_OUTPUT,207,122,67672
SWAY_OUTPUT,208,127,67673
SWAY_OUTPUT,209,-7,67674
SWAY_OUTPUT,210,15,67675
SWAY_OUTPUT,211,35,67676
SWAY_OUTPUT,212,44,67677
SWAY_OUTPUT,213,26,67678
SWAY_OUTPUT,214,17,67679
SWAY_OUTPUT,215,11,67680
SWAY_OUTPUT,216,26,67681
SWAY_OUTPUT,217,17,67682
SWAY_OUTPUT,218,11,67683
SWAY_OUTPUT,219,-7,67684
SWAY_OUTPUT,220,-30,67685
SWAY_OUTPUT,221,-53,67686
SWAY_OUTPUT,222,-59,67687
SWAY_OUTPUT,223,-6,67688
SWAY_OUTPUT,224,-30,67689
SWAY_OUTPUT,225,-54,67690
SWAY_OUTPUT,226,-58,67691
SWAY_OUTPUT,227,29,67692
SWAY_FRAME,3,67636,67692
SWAY_INPUT_FRAME,7,64291,77762
SWAY_OUTPUT,228,13,81108
SWAY_OUTPUT,229,14,81109
SWAY_OUTPUT,230,14,81110
SWAY_OUTPUT,231,14,81111
SWAY_OUTPUT,232,27,81112
SWAY_OUTPUT,233,37,81113
SWAY_OUTPUT,234,47,81114
SWAY_OUTPUT,235,3,81115
SWAY_OUTPUT,236,-11,81116
SWAY_OUTPUT,237,-26,81117
SWAY_OUTPUT,238,17,81118
SWAY_OUTPUT,239,23,81119
SWAY_OUTPUT,240,24,81120
SWAY_OUTPUT,241,26,81121
SWAY_OUTPUT,242,8,81122
SWAY_OUTPUT,243,-4,81123
SWAY_OUTPUT,244,-13,81124
SWAY_OUTPUT,245,-15,81125
SWAY_OUTPUT,246,14,81126
SWAY_OUTPUT,247,127,81127
SWAY_OUTPUT,248,127,81128
SWAY_OUTPUT,249,126,81129
SWAY_OUTPUT,250,126,81130
SWAY_OUTPUT,251,125,81131
SWAY_OUTPUT,252,124,81132
SWAY_OUTPUT,253,123,81133
SWAY_OUTPUT,254,127,81134
SWAY_OUTPUT,255,127,81135
SWAY_OUTPUT,256,126,81136
SWAY_OUTPUT,257,126,81137
SWAY_OUTPUT,258,125,81138
SWAY_OUTPUT,259,127,81139
SWAY_OUTPUT,260,124,81140
SWAY_OUTPUT,261,127,81141
SWAY_OUTPUT,262,125,81142
SWAY_OUTPUT,263,127,81143
SWAY_OUTPUT,264,123,81144
SWAY_OUTPUT,265,127,81145
SWAY_OUTPUT,266,-14,81146
SWAY_OUTPUT,267,6,81147
SWAY_OUTPUT,268,25,81148
SWAY_OUTPUT,269,33,81149
SWAY_OUTPUT,270,17,81150
SWAY_OUTPUT,271,11,81151
SWAY_OUTPUT,272,5,81152
SWAY_OUTPUT,273,18,81153
SWAY_OUTPUT,274,14,81154
SWAY_OUTPUT,275,12,81155
SWAY_OUTPUT,276,-15,81156
SWAY_OUTPUT,277,-33,81157
SWAY_OUTPUT,278,-56,81158
SWAY_OUTPUT,279,-61,81159
SWAY_OUTPUT,280,-13,81160
SWAY_OUTPUT,281,-29,81161
SWAY_OUTPUT,282,-51,81162
SWAY_OUTPUT,283,-55,81163
SWAY_OUTPUT,284,19,81164
SWAY_FRAME,4,81108,81164
SWAY_INPUT_FRAME,8,77763,91234
SWAY_OUTPUT,285,8,94580
SWAY_OUTPUT,286,7,94581
SWAY_OUTPUT,287,6,94582
SWAY_OUTPUT,288,6,94583
SWAY_OUTPUT,289,20,94584
SWAY_OUTPUT,290,32,94585
SWAY_OUTPUT,291,40,94586
SWAY_OUTPUT,292,-5,94587
SWAY_OUTPUT,293,-16,94588
SWAY_OUTPUT,294,-21,94589
SWAY_OUTPUT,295,13,94590
SWAY_OUTPUT,296,18,94591
SWAY_OUTPUT,297,21,94592
SWAY_OUTPUT,298,23,94593
SWAY_OUTPUT,299,3,94594
SWAY_OUTPUT,300,-1,94595
SWAY_OUTPUT,301,-2,94596
SWAY_OUTPUT,302,-3,94597
SWAY_OUTPUT,303,7,94598
SWAY_OUTPUT,304,127,94599
SWAY_OUTPUT,305,127,94600
SWAY_OUTPUT,306,127,94601
SWAY_OUTPUT,307,127,94602
SWAY_OUTPUT,308,127,94603
SWAY_OUTPUT,309,127,94604
SWAY_OUTPUT,310,126,94605
SWAY_OUTPUT,311,127,94606
SWAY_OUTPUT,312,127,94607
SWAY_OUTPUT,313,124,94608
SWAY_OUTPUT,314,126,94609
SWAY_OUTPUT,315,127,94610
SWAY_OUTPUT,316,127,94611
SWAY_OUTPUT,317,122,94612
SWAY_OUTPUT,318,126,94613
SWAY_OUTPUT,319,126,94614
SWAY_OUTPUT,320,127,94615
SWAY_OUTPUT,321,123,94616
SWAY_OUTPUT,322,127,94617
SWAY_OUTPUT,323,-10,94618
SWAY_OUTPUT,324,11,94619
SWAY_OUTPUT,325,30,94620
SWAY_OUTPUT,326,39,94621
SWAY_OUTPUT,327,23,94622
SWAY_OUTPUT,328,20,94623
SWAY_OUTPUT,329,23,94624
SWAY_OUTPUT,330,22,94625
SWAY_OUTPUT,331,17,94626
SWAY_OUTPUT,332,17,94627
SWAY_OUTPUT,333,-10,94628
SWAY_OUTPUT,334,-31,94629
SWAY_OUTPUT,335,-54,94630
SWAY_OUTPUT,336,-59,94631
SWAY_OUTPUT,337,-10,94632
SWAY_OUTPUT,338,-32,94633
SWAY_OUTPUT,339,-56,94634
SWAY_OUTPUT,340,-60,94635
SWAY_OUTPUT,341,24,94636
SWAY_FRAME,5,94580,94636
SWAY_INPUT_FRAME,9,91235,104706
SWAY_OUTPUT,342,8,108052
SWAY_OUTPUT,343,8,108053
SWAY_OUTPUT,344,7,108054
SWAY_OUTPUT,345,7,108055
SWAY_OUTPUT,346,20,108056
SWAY_OUTPUT,347,33,108057
SWAY_OUTPUT,348,47,108058
SWAY_OUTPUT,349,-4,108059
SWAY_OUTPUT,350,-19,108060
SWAY_OUTPUT,351,-33,108061
SWAY_OUTPUT,352,13,108062
SWAY_OUTPUT,353,23,108063
SWAY_OUTPUT,354,32,108064
SWAY_OUTPUT,355,35,108065
SWAY_OUTPUT,356,4,108066
SWAY_OUTPUT,357,-6,108067
SWAY_OUTPUT,358,-12,108068
SWAY_OUTPUT,359,-13,108069
SWAY_OUTPUT,360,7,108070
SWAY_OUTPUT,361,127,108071
SWAY_OUTPUT,362,127,108072
SWAY_OUTPUT,363,126,108073
SWAY_OUTPUT,364,126,108074
SWAY_OUTPUT,365,127,108075
SWAY_OUTPUT,366,127,108076
SWAY_OUTPUT,367,126,108077
SWAY_OUTPUT,368,127,108078
SWAY_OUTPUT,369,126,108079
SWAY_OUTPUT,370,124,108080
SWAY_OUTPUT,371,127,108081
SWAY_OUTPUT,372,126,108082
SWAY_OUTPUT,373,127,108083
SWAY_OUTPUT,374,122,108084
SWAY_OUTPUT,375,127,108085
SWAY_OUTPUT,376,126,108086
SWAY_OUTPUT,377,127,108087
SWAY_OUTPUT,378,124,108088
SWAY_OUTPUT,379,127,108089
SWAY_OUTPUT,380,-8,108090
SWAY_OUTPUT,381,12,108091
SWAY_OUTPUT,382,32,108092
SWAY_OUTPUT,383,41,108093
SWAY_OUTPUT,384,25,108094
SWAY_OUTPUT,385,21,108095
SWAY_OUTPUT,386,18,108096
SWAY_OUTPUT,387,24,108097
SWAY_OUTPUT,388,21,108098
SWAY_OUTPUT,389,19,108099
SWAY_OUTPUT,390,-8,108100
SWAY_OUTPUT,391,-27,108101
SWAY_OUTPUT,392,-52,108102
SWAY_OUTPUT,393,-56,108103
SWAY_OUTPUT,394,-8,108104
SWAY_OUTPUT,395,-27,108105
SWAY_OUTPUT,396,-52,108106
SWAY_OUTPUT,397,-56,108107
SWAY_OUTPUT,398,26,108108
SWAY_FRAME,6,108052,108108
SWAY_INPUT_FRAME,10,104707,118178
SWAY_OUTPUT,399,22,121524
SWAY_OUTPUT,400,23,121525
SWAY_OUTPUT,401,24,121526
SWAY_OUTPUT,402,25,121527
SWAY_OUTPUT,403,37,121528
SWAY_OUTPUT,404,45,121529
SWAY_OUTPUT,405,50,121530
SWAY_OUTPUT,406,13,121531
SWAY_OUTPUT,407,1,121532
SWAY_OUTPUT,408,-9,121533
SWAY_OUTPUT,409,26,121534
SWAY_OUTPUT,410,28,121535
SWAY_OUTPUT,411,23,121536
SWAY_OUTPUT,412,24,121537
SWAY_OUTPUT,413,17,121538
SWAY_OUTPUT,414,8,121539
SWAY_OUTPUT,415,-2,121540
SWAY_OUTPUT,416,-3,121541
SWAY_OUTPUT,417,24,121542
SWAY_OUTPUT,418,126,121543
SWAY_OUTPUT,419,127,121544
SWAY_OUTPUT,420,125,121545
SWAY_OUTPUT,421,125,121546
SWAY_OUTPUT,422,124,121547
SWAY_OUTPUT,423,124,121548
SWAY_OUTPUT,424,123,121549
SWAY_OUTPUT,425,126,121550
SWAY_OUTPUT,426,126,121551
SWAY_OUTPUT,427,124,121552
SWAY_OUTPUT,428,124,121553
SWAY_OUTPUT,429,122,121554
SWAY_OUTPUT,430,127,121555
SWAY_OUTPUT,431,123,121556
SWAY_OUTPUT,432,125,121557
SWAY_OUTPUT,433,126,121558
SWAY_OUTPUT,434,127,121559
SWAY_OUTPUT,435,122,121560
SWAY_OUTPUT,436,126,121561
SWAY_OUTPUT,437,-16,121562
SWAY_OUTPUT,438,4,121563
SWAY_OUTPUT,439,23,121564
SWAY_OUTPUT,440,31,121565
SWAY_OUTPUT,441,15,121566
SWAY_OUTPUT,442,9,121567
SWAY_OUTPUT,443,5,121568
SWAY_OUTPUT,444,16,121569
SWAY_OUTPUT,445,12,121570
SWAY_OUTPUT,446,10,121571
SWAY_OUTPUT,447,-17,121572
SWAY_OUTPUT,448,-34,121573
SWAY_OUTPUT,449,-57,121574
SWAY_OUTPUT,450,-62,121575
SWAY_OUTPUT,451,-15,121576
SWAY_OUTPUT,452,-32,121577
SWAY_OUTPUT,453,-52,121578
SWAY_OUTPUT,454,-56,121579
SWAY_OUTPUT,455,17,121580
SWAY_FRAME,7,121524,121580
SWAY_INPUT_FRAME,11,118179,131650
SWAY_OUTPUT,456,12,134996
SWAY_OUTPUT,457,13,134997
SWAY_OUTPUT,458,13,134998
SWAY_OUTPUT,459,13,134999
SWAY_OUTPUT,460,26,135000
SWAY_OUTPUT,461,36,135001
SWAY_OUTPUT,462,42,135002
SWAY_OUTPUT,463,2,135003
SWAY_OUTPUT,464,-13,135004
SWAY_OUTPUT,465,-22,135005
SWAY_OUTPUT,466,17,135006
SWAY_OUTPUT,467,21,135007
SWAY_OUTPUT,468,22,135008
SWAY_OUTPUT,469,23,135009
SWAY_OUTPUT,470,8,135010
SWAY_OUTPUT,471,1,135011
SWAY_OUTPUT,472,-4,135012
SWAY_OUTPUT,473,-5,135013
SWAY_OUTPUT,474,13,135014
SWAY_OUTPUT,475,127,135015
SWAY_OUTPUT,476,127,135016
SWAY_OUTPUT,477,127,135017
SWAY_OUTPUT,478,127,135018
SWAY_OUTPUT,479,127,135019
SWAY_OUTPUT,480,127,135020
SWAY_OUTPUT,481,125,135021
SWAY_OUTPUT,482,127,135022
SWAY_OUTPUT,483,127,135023
SWAY_OUTPUT,484,126,135024
SWAY_OUTPUT,485,126,135025
SWAY_OUTPUT,486,127,135026
SWAY_OUTPUT,487,127,135027
SWAY_OUTPUT,488,124,135028
SWAY_OUTPUT,489,127,135029
SWAY_OUTPUT,490,127,135030
SWAY_OUTPUT,491,127,135031
SWAY_OUTPUT,492,123,135032
SWAY_OUTPUT,493,127,135033
SWAY_OUTPUT,494,-12,135034
SWAY_OUTPUT,495,8,135035
SWAY_OUTPUT,496,28,135036
SWAY_OUTPUT,497,36,135037
SWAY_OUTPUT,498,20,135038
SWAY_OUTPUT,499,15,135039
SWAY_OUTPUT,500,14,135040
SWAY_OUTPUT,501,20,135041
SWAY_OUTPUT,502,19,135042
SWAY_OUTPUT,503,22,135043
SWAY_OUTPUT,504,-13,135044
SWAY_OUTPUT,505,-32,135045
SWAY_OUTPUT,506,-55,135046
SWAY_OUTPUT,507,-61,135047
SWAY_OUTPUT,508,-12,135048
SWAY_OUTPUT,509,-31,135049
SWAY_OUTPUT,510,-54,135050
SWAY_OUTPUT,511,-58,135051
SWAY_OUTPUT,512,22,135052
SWAY_FRAME,8,134996,135052
SWAY_INPUT_FRAME,12,131651,145122
SWAY_OUTPUT,513,21,148468
SWAY_OUTPUT,514,20,148469
SWAY_OUTPUT,515,19,148470
SWAY_OUTPUT,516,22,148471
SWAY_OUTPUT,517,38,148472
SWAY_OUTPUT,518,40,148473
SWAY_OUTPUT,519,23,148474
SWAY_OUTPUT,520,12,148475
SWAY_OUTPUT,521,1,148476
SWAY_OUTPUT,522,11,148477
SWAY_OUTPUT,523,26,148478
SWAY_OUTPUT,524,0,148479
SWAY_OUTPUT,525,-36,148480
SWAY_OUTPUT,526,-45,148481
SWAY_OUTPUT,527,15,148482
SWAY_OUTPUT,528,26,148483
SWAY_OUTPUT,529,13,148484
SWAY_OUTPUT,530,14,148485
SWAY_OUTPUT,531,20,148486
SWAY_OUTPUT,532,61,148487
SWAY_OUTPUT,533,73,148488
SWAY_OUTPUT,534,84,148489
SWAY_OUTPUT,535,81,148490
SWAY_OUTPUT,536,83,148491
SWAY_OUTPUT,537,87,148492
SWAY_OUTPUT,538,99,148493
SWAY_OUTPUT,539,78,148494
SWAY_OUTPUT,540,72,148495
SWAY_OUTPUT,541,78,148496
SWAY_OUTPUT,542,59,148497
SWAY_OUTPUT,543,66,148498
SWAY_OUTPUT,544,77,148499
SWAY_OUTPUT,545,60,148500
SWAY_OUTPUT,546,59,148501
SWAY_OUTPUT,547,57,148502
SWAY_OUTPUT,548,48,148503
SWAY_OUTPUT,549,23,148504
SWAY_OUTPUT,550,81,148505
SWAY_OUTPUT,551,-36,148506
SWAY_OUTPUT,552,-17,148507
SWAY_OUTPUT,553,1,148508
SWAY_OUTPUT,554,6,148509
SWAY_OUTPUT,555,-4,148510
SWAY_OUTPUT,556,-14,148511
SWAY_OUTPUT,557,-12,148512
SWAY_OUTPUT,558,-10,148513
SWAY_OUTPUT,559,8,148514
SWAY_OUTPUT,560,16,148515
SWAY_OUTPUT,561,-35,148516
SWAY_OUTPUT,562,-46,148517
SWAY_OUTPUT,563,-27,148518
SWAY_OUTPUT,564,-22,148519
SWAY_OUTPUT,565,-34,148520
SWAY_OUTPUT,566,-42,148521
SWAY_OUTPUT,567,-43,148522
SWAY_OUTPUT,568,-37,148523
SWAY_OUTPUT,569,-5,148524
SWAY_FRAME,9,148468,148524
SWAY_INPUT_FRAME,13,145123,158594
SWAY_OUTPUT,570,32,161940
SWAY_OUTPUT,571,30,161941
SWAY_OUTPUT,572,26,161942
SWAY_OUTPUT,573,24,161943
SWAY_OUTPUT,574,42,161944
SWAY_OUTPUT,575,62,161945
SWAY_OUTPUT,576,4,161946
SWAY_OUTPUT,577,15,161947
SWAY_OUTPUT,578,14,161948
SWAY_OUTPUT,579,63,161949
SWAY_OUTPUT,580,36,161950
SWAY_OUTPUT,581,45,161951
SWAY_OUTPUT,582,47,161952
SWAY_OUTPUT,583,46,161953
SWAY_OUTPUT,584,27,161954
SWAY_OUTPUT,585,21,161955
SWAY_OUTPUT,586,17,161956
SWAY_OUTPUT,587,15,161957
SWAY_OUTPUT,588,27,161958
SWAY_OUTPUT,589,79,161959
SWAY_OUTPUT,590,86,161960
SWAY_OUTPUT,591,91,161961
SWAY_OUTPUT,592,92,161962
SWAY_OUTPUT,593,92,161963
SWAY_OUTPUT,594,86,161964
SWAY_OUTPUT,595,84,161965
SWAY_OUTPUT,596,95,161966
SWAY_OUTPUT,597,94,161967
SWAY_OUTPUT,598,115,161968
SWAY_OUTPUT,599,74,161969
SWAY_OUTPUT,600,58,161970
SWAY_OUTPUT,601,54,161971
SWAY_OUTPUT,602,35,161972
SWAY_OUTPUT,603,77,161973
SWAY_OUTPUT,604,85,161974
SWAY_OUTPUT,605,84,161975
SWAY_OUTPUT,606,88,161976
SWAY_OUTPUT,607,89,161977
SWAY_OUTPUT,608,4,161978
SWAY_OUTPUT,609,25,161979
SWAY_OUTPUT,610,45,161980
SWAY_OUTPUT,611,55,161981
SWAY_OUTPUT,612,41,161982
SWAY_OUTPUT,613,53,161983
SWAY_OUTPUT,614,95,161984
SWAY_OUTPUT,615,32,161985
SWAY_OUTPUT,616,41,161986
SWAY_OUTPUT,617,48,161987
SWAY_OUTPUT,618,5,161988
SWAY_OUTPUT,619,-24,161989
SWAY_OUTPUT,620,-36,161990
SWAY_OUTPUT,621,-36,161991
SWAY_OUTPUT,622,4,161992
SWAY_OUTPUT,623,-31,161993
SWAY_OUTPUT,624,-40,161994
SWAY_OUTPUT,625,-57,161995
SWAY_OUTPUT,626,39,161996
SWAY_FRAME,10,161940,161996
SWAY_OUTPUT,627,13,175412
SWAY_OUTPUT,628,17,175413
SWAY_OUTPUT,629,22,175414
SWAY_OUTPUT,630,16,175415
SWAY_OUTPUT,631,28,175416
SWAY_OUTPUT,632,34,175417
SWAY_OUTPUT,633,33,175418
SWAY_OUTPUT,634,15,175419
SWAY_OUTPUT,635,26,175420
SWAY_OUTPUT,636,20,175421
SWAY_OUTPUT,637,16,175422
SWAY_OUTPUT,638,2,175423
SWAY_OUTPUT,639,-4,175424
SWAY_OUTPUT,640,-13,175425
SWAY_OUTPUT,641,10,175426
SWAY_OUTPUT,642,8,175427
SWAY_OUTPUT,643,-17,175428
SWAY_OUTPUT,644,-24,175429
SWAY_OUTPUT,645,21,175430
SWAY_OUTPUT,646,108,175431
SWAY_OUTPUT,647,124,175432
SWAY_OUTPUT,648,127,175433
SWAY_OUTPUT,649,127,175434
SWAY_OUTPUT,650,119,175435
SWAY_OUTPUT,651,94,175436
SWAY_OUTPUT,652,97,175437
SWAY_OUTPUT,653,127,175438
SWAY_OUTPUT,654,127,175439
SWAY_OUTPUT,655,127,175440
SWAY_OUTPUT,656,98,175441
SWAY_OUTPUT,657,127,175442
SWAY_OUTPUT,658,127,175443
SWAY_OUTPUT,659,127,175444
SWAY_OUTPUT,660,111,175445
SWAY_OUTPUT,661,116,175446
SWAY_OUTPUT,662,85,175447
SWAY_OUTPUT,663,66,175448
SWAY_OUTPUT,664,127,175449
SWAY_OUTPUT,665,-1,175450
SWAY_OUTPUT,666,25,175451
SWAY_OUTPUT,667,50,175452
SWAY_OUTPUT,668,57,175453
SWAY_OUTPUT,669,34,175454
SWAY_OUTPUT,670,35,175455
SWAY_OUTPUT,671,59,175456
SWAY_OUTPUT,672,35,175457
SWAY_OUTPUT,673,26,175458
SWAY_OUTPUT,674,25,175459
SWAY_OUTPUT,675,-2,175460
SWAY_OUTPUT,676,-36,175461
SWAY_OUTPUT,677,-43,175462
SWAY_OUTPUT,678,-48,175463
SWAY_OUTPUT,679,1,175464
SWAY_OUTPUT,680,-27,175465
SWAY_OUTPUT,681,-39,175466
SWAY_OUTPUT,682,-40,175467
SWAY_OUTPUT,683,42,175468
SWAY_FRAME,11,175412,175468
SWAY_OUTPUT,684,12,188884
SWAY_OUTPUT,685,13,188885
SWAY_OUTPUT,686,12,188886
SWAY_OUTPUT,687,12,188887
SWAY_OUTPUT,688,25,188888
SWAY_OUTPUT,689,34,188889
SWAY_OUTPUT,690,39,188890
SWAY_OUTPUT,691,2,188891
SWAY_OUTPUT,692,-4,188892
SWAY_OUTPUT,693,-7,188893
SWAY_OUTPUT,694,17,188894
SWAY_OUTPUT,695,19,188895
SWAY_OUTPUT,696,18,188896
SWAY_OUTPUT,697,19,188897
SWAY_OUTPUT,698,8,188898
SWAY_OUTPUT,699,3,188899
SWAY_OUTPUT,700,0,188900
SWAY_OUTPUT,701,-1,188901
SWAY_OUTPUT,702,13,188902
SWAY_OUTPUT,703,127,188903
SWAY_OUTPUT,704,127,188904
SWAY_OUTPUT,705,127,188905
SWAY_OUTPUT,706,126,188906
SWAY_OUTPUT,707,126,188907
SWAY_OUTPUT,708,125,188908
SWAY_OUTPUT,709,124,188909
SWAY_OUTPUT,710,126,188910
SWAY_OUTPUT,711,126,188911
SWAY_OUTPUT,712,122,188912
SWAY_OUTPUT,713,125,188913
SWAY_OUTPUT,714,125,188914
SWAY_OUTPUT,715,127,188915
SWAY_OUTPUT,716,122,188916
SWAY_OUTPUT,717,125,188917
SWAY_OUTPUT,718,125,188918
SWAY_OUTPUT,719,127,188919
SWAY_OUTPUT,720,122,188920
SWAY_OUTPUT,721,127,188921
SWAY_OUTPUT,722,-15,188922
SWAY_OUTPUT,723,5,188923
SWAY_OUTPUT,724,25,188924
SWAY_OUTPUT,725,33,188925
SWAY_OUTPUT,726,17,188926
SWAY_OUTPUT,727,10,188927
SWAY_OUTPUT,728,7,188928
SWAY_OUTPUT,729,16,188929
SWAY_OUTPUT,730,4,188930
SWAY_OUTPUT,731,-6,188931
SWAY_OUTPUT,732,-15,188932
SWAY_OUTPUT,733,-34,188933
SWAY_OUTPUT,734,-55,188934
SWAY_OUTPUT,735,-60,188935
SWAY_OUTPUT,736,-14,188936
SWAY_OUTPUT,737,-33,188937
SWAY_OUTPUT,738,-55,188938
SWAY_OUTPUT,739,-59,188939
SWAY_OUTPUT,740,19,188940
SWAY_FRAME,12,188884,188940
SWAY_OUTPUT,741,12,202356
SWAY_OUTPUT,742,13,202357
SWAY_OUTPUT,743,12,202358
SWAY_OUTPUT,744,12,202359
SWAY_OUTPUT,745,25,202360
SWAY_OUTPUT,746,34,202361
SWAY_OUTPUT,747,39,202362
SWAY_OUTPUT,748,2,202363
SWAY_OUTPUT,749,-4,202364
SWAY_OUTPUT,750,-7,202365
SWAY_OUTPUT,751,17,202366
SWAY_OUTPUT,752,19,202367
SWAY_OUTPUT,753,18,202368
SWAY_OUTPUT,754,19,202369
SWAY_OUTPUT,755,8,202370
SWAY_OUTPUT,756,3,202371
SWAY_OUTPUT,757,0,202372
SWAY_OUTPUT,758,-1,202373
SWAY_OUTPUT,759,13,202374
SWAY_OUTPUT,760,127,202375
SWAY_OUTPUT,761,127,202376
SWAY_OUTPUT,762,127,202377
SWAY_OUTPUT,763,126,202378
SWAY_OUTPUT,764,126,202379
SWAY_OUTPUT,765,125,202380
SWAY_OUTPUT,766,124,202381
SWAY_OUTPUT,767,126,202382
SWAY_OUTPUT,768,126,202383
SWAY_OUTPUT,769,122,202384
SWAY_OUTPUT,770,125,202385
SWAY_OUTPUT,771,125,202386
SWAY_OUTPUT,772,127,202387
SWAY_OUTPUT,773,122,202388
SWAY_OUTPUT,774,125,202389
SWAY_OUTPUT,775,125,202390
SWAY_OUTPUT,776,127,202391
SWAY_OUTPUT,777,122,202392
SWAY_OUTPUT,778,127,202393
SWAY_OUTPUT,779,-15,202394
SWAY_OUTPUT,780,5,202395
SWAY_OUTPUT,781,25,202396
SWAY_OUTPUT,782,33,202397
SWAY_OUTPUT,783,17,202398
SWAY_OUTPUT,784,10,202399
SWAY_OUTPUT,785,7,202400
SWAY_OUTPUT,786,16,202401
SWAY_OUTPUT,787,4,202402
SWAY_OUTPUT,788,-6,202403
SWAY_OUTPUT,789,-15,202404
SWAY_OUTPUT,790,-34,202405
SWAY_OUTPUT,791,-55,202406
SWAY_OUTPUT,792,-60,202407
SWAY_OUTPUT,793,-14,202408
SWAY_OUTPUT,794,-33,202409
SWAY_OUTPUT,795,-55,202410
SWAY_OUTPUT,796,-59,202411
SWAY_OUTPUT,797,19,202412
SWAY_FRAME,13,202356,202412
SWAY_PASS frames=14 outputs=798 cycles=204461 drain_cycles=2048
