%Warning-WIDTHTRUNC: /workspace/scratch/e6420b0fda2a/toolchains/bsc-2026.01-ubuntu-24.04/lib/Verilog/FIFO2.v:73:21: Operator ASSIGN expects 13 bits on the Assign RHS, but Assign RHS's REPLICATE generates 14 bits.
                                                                                                                  : ... note: In instance 'main.top.dut_patchByteQ'
   73 |         data0_reg   = {((width + 1)/2) {2'b10}} ;
      |                     ^
                     mkTbSway.v:14593:1: ... note: In file included from 'mkTbSway.v'
                     ... For warning description see https://verilator.org/warn/WIDTHTRUNC?v=5.053
                     ... Use "/* verilator lint_off WIDTHTRUNC */" and lint_on around source to disable this message.
%Warning-WIDTHTRUNC: /workspace/scratch/e6420b0fda2a/toolchains/bsc-2026.01-ubuntu-24.04/lib/Verilog/FIFO2.v:74:20: Operator ASSIGN expects 13 bits on the Assign RHS, but Assign RHS's REPLICATE generates 14 bits.
                                                                                                                  : ... note: In instance 'main.top.dut_patchByteQ'
   74 |         data1_reg  = {((width + 1)/2) {2'b10}} ;
      |                    ^
                     mkTbSway.v:14593:1: ... note: In file included from 'mkTbSway.v'
%Warning-WIDTHTRUNC: /workspace/scratch/e6420b0fda2a/toolchains/bsc-2026.01-ubuntu-24.04/lib/Verilog/FIFO2.v:73:21: Operator ASSIGN expects 15 bits on the Assign RHS, but Assign RHS's REPLICATE generates 16 bits.
                                                                                                                  : ... note: In instance 'main.top.dut_patchAddressQ'
   73 |         data0_reg   = {((width + 1)/2) {2'b10}} ;
      |                     ^
                     mkTbSway.v:14593:1: ... note: In file included from 'mkTbSway.v'
%Warning-WIDTHTRUNC: /workspace/scratch/e6420b0fda2a/toolchains/bsc-2026.01-ubuntu-24.04/lib/Verilog/FIFO2.v:74:20: Operator ASSIGN expects 15 bits on the Assign RHS, but Assign RHS's REPLICATE generates 16 bits.
                                                                                                                  : ... note: In instance 'main.top.dut_patchAddressQ'
   74 |         data1_reg  = {((width + 1)/2) {2'b10}} ;
      |                    ^
                     mkTbSway.v:14593:1: ... note: In file included from 'mkTbSway.v'
%Warning-WIDTHTRUNC: /workspace/scratch/e6420b0fda2a/toolchains/bsc-2026.01-ubuntu-24.04/lib/Verilog/FIFO1.v:64:17: Operator ASSIGN expects 19 bits on the Assign RHS, but Assign RHS's REPLICATE generates 20 bits.
                                                                                                                  : ... note: In instance 'main.top.dut_headHidden_writeQ'
   64 |         D_OUT   = {((width + 1)/2) {2'b10}} ;
      |                 ^
                     mkTbSway.v:14059:1: ... note: In file included from 'mkTbSway.v'
%Warning-WIDTHEXPAND: /workspace/scratch/e6420b0fda2a/toolchains/bsc-2026.01-ubuntu-24.04/lib/Verilog/RegFile.v:57:16: Operator ASSIGN expects 32 bits on the Assign RHS, but Assign RHS's VARREF 'lo' generates 6 bits.
                                                                                                                     : ... note: In instance 'main.top.dut_headHidden_memoryR_9'
   57 |         for (i = lo; i <= hi; i = i + 1) begin
      |                ^
                      mkTbSway.v:15544:1: ... note: In file included from 'mkTbSway.v'
                      ... For warning description see https://verilator.org/warn/WIDTHEXPAND?v=5.053
                      ... Use "/* verilator lint_off WIDTHEXPAND */" and lint_on around source to disable this message.
%Warning-WIDTHEXPAND: /workspace/scratch/e6420b0fda2a/toolchains/bsc-2026.01-ubuntu-24.04/lib/Verilog/RegFile.v:57:16: Operator ASSIGN expects 32 bits on the Assign RHS, but Assign RHS's VARREF 'lo' generates 10 bits.
                                                                                                                     : ... note: In instance 'main.top.dut_frameMemory'
   57 |         for (i = lo; i <= hi; i = i + 1) begin
      |                ^
                      mkTbSway.v:15544:1: ... note: In file included from 'mkTbSway.v'
%Warning-WIDTHEXPAND: /workspace/scratch/e6420b0fda2a/toolchains/bsc-2026.01-ubuntu-24.04/lib/Verilog/RegFile.v:57:16: Operator ASSIGN expects 32 bits on the Assign RHS, but Assign RHS's VARREF 'lo' generates 8 bits.
                                                                                                                     : ... note: In instance 'main.top.dut_block1_scan_stateR_1'
   57 |         for (i = lo; i <= hi; i = i + 1) begin
      |                ^
                      mkTbSway.v:15544:1: ... note: In file included from 'mkTbSway.v'
%Warning-WIDTHTRUNC: /workspace/scratch/e6420b0fda2a/toolchains/bsc-2026.01-ubuntu-24.04/lib/Verilog/RegFile.v:58:19: Operator ASSIGN expects 17 bits on the Assign RHS, but Assign RHS's REPLICATE generates 18 bits.
                                                                                                                    : ... note: In instance 'main.top.dut_block1_scan_stateR_1'
   58 |            arr[i] = {((data_width + 1)/2){2'b10}} ;
      |                   ^
                     mkTbSway.v:15544:1: ... note: In file included from 'mkTbSway.v'
%Warning-WIDTHTRUNC: /workspace/scratch/e6420b0fda2a/toolchains/bsc-2026.01-ubuntu-24.04/lib/Verilog/FIFO1.v:64:17: Operator ASSIGN expects 57 bits on the Assign RHS, but Assign RHS's REPLICATE generates 58 bits.
                                                                                                                  : ... note: In instance 'main.top.dut_block1_scan_totalQ'
   64 |         D_OUT   = {((width + 1)/2) {2'b10}} ;
      |                 ^
                     mkTbSway.v:14059:1: ... note: In file included from 'mkTbSway.v'
%Warning-WIDTHTRUNC: /workspace/scratch/e6420b0fda2a/toolchains/bsc-2026.01-ubuntu-24.04/lib/Verilog/FIFO1.v:64:17: Operator ASSIGN expects 197 bits on the Assign RHS, but Assign RHS's REPLICATE generates 198 bits.
                                                                                                                  : ... note: In instance 'main.top.dut_block1_scan_operandCandidateQ'
   64 |         D_OUT   = {((width + 1)/2) {2'b10}} ;
      |                 ^
                     mkTbSway.v:14059:1: ... note: In file included from 'mkTbSway.v'
%Warning-WIDTHTRUNC: /workspace/scratch/e6420b0fda2a/toolchains/bsc-2026.01-ubuntu-24.04/lib/Verilog/FIFO1.v:64:17: Operator ASSIGN expects 9 bits on the Assign RHS, but Assign RHS's REPLICATE generates 10 bits.
                                                                                                                  : ... note: In instance 'main.top.dut_block1_scan_addressQ'
   64 |         D_OUT   = {((width + 1)/2) {2'b10}} ;
      |                 ^
                     mkTbSway.v:14059:1: ... note: In file included from 'mkTbSway.v'
%Warning-WIDTHTRUNC: /workspace/scratch/e6420b0fda2a/toolchains/bsc-2026.01-ubuntu-24.04/lib/Verilog/FIFO2.v:73:21: Operator ASSIGN expects 9 bits on the Assign RHS, but Assign RHS's REPLICATE generates 10 bits.
                                                                                                                  : ... note: In instance 'main.top.dut_block1_normalization_statisticsQ'
   73 |         data0_reg   = {((width + 1)/2) {2'b10}} ;
      |                     ^
                     mkTbSway.v:14593:1: ... note: In file included from 'mkTbSway.v'
%Warning-WIDTHTRUNC: /workspace/scratch/e6420b0fda2a/toolchains/bsc-2026.01-ubuntu-24.04/lib/Verilog/FIFO2.v:74:20: Operator ASSIGN expects 9 bits on the Assign RHS, but Assign RHS's REPLICATE generates 10 bits.
                                                                                                                  : ... note: In instance 'main.top.dut_block1_normalization_statisticsQ'
   74 |         data1_reg  = {((width + 1)/2) {2'b10}} ;
      |                    ^
                     mkTbSway.v:14593:1: ... note: In file included from 'mkTbSway.v'
%Warning-WIDTHTRUNC: /workspace/scratch/e6420b0fda2a/toolchains/bsc-2026.01-ubuntu-24.04/lib/Verilog/FIFO2.v:73:21: Operator ASSIGN expects 65 bits on the Assign RHS, but Assign RHS's REPLICATE generates 66 bits.
                                                                                                                  : ... note: In instance 'main.top.dut_block1_inputProjection_engine_productQ'
   73 |         data0_reg   = {((width + 1)/2) {2'b10}} ;
      |                     ^
                     mkTbSway.v:14593:1: ... note: In file included from 'mkTbSway.v'
%Warning-WIDTHTRUNC: /workspace/scratch/e6420b0fda2a/toolchains/bsc-2026.01-ubuntu-24.04/lib/Verilog/FIFO2.v:74:20: Operator ASSIGN expects 65 bits on the Assign RHS, but Assign RHS's REPLICATE generates 66 bits.
                                                                                                                  : ... note: In instance 'main.top.dut_block1_inputProjection_engine_productQ'
   74 |         data1_reg  = {((width + 1)/2) {2'b10}} ;
      |                    ^
                     mkTbSway.v:14593:1: ... note: In file included from 'mkTbSway.v'
%Warning-WIDTHTRUNC: /workspace/scratch/e6420b0fda2a/toolchains/bsc-2026.01-ubuntu-24.04/lib/Verilog/FIFO2.v:73:21: Operator ASSIGN expects 101 bits on the Assign RHS, but Assign RHS's REPLICATE generates 102 bits.
                                                                                                                  : ... note: In instance 'main.top.dut_block1_inputProjection_engine_partialQ'
   73 |         data0_reg   = {((width + 1)/2) {2'b10}} ;
      |                     ^
                     mkTbSway.v:14593:1: ... note: In file included from 'mkTbSway.v'
%Warning-WIDTHTRUNC: /workspace/scratch/e6420b0fda2a/toolchains/bsc-2026.01-ubuntu-24.04/lib/Verilog/FIFO2.v:74:20: Operator ASSIGN expects 101 bits on the Assign RHS, but Assign RHS's REPLICATE generates 102 bits.
                                                                                                                  : ... note: In instance 'main.top.dut_block1_inputProjection_engine_partialQ'
   74 |         data1_reg  = {((width + 1)/2) {2'b10}} ;
      |                    ^
                     mkTbSway.v:14593:1: ... note: In file included from 'mkTbSway.v'
%Warning-WIDTHTRUNC: /workspace/scratch/e6420b0fda2a/toolchains/bsc-2026.01-ubuntu-24.04/lib/Verilog/FIFO2.v:73:21: Operator ASSIGN expects 41 bits on the Assign RHS, but Assign RHS's REPLICATE generates 42 bits.
                                                                                                                  : ... note: In instance 'main.top.dut_block1_inputProjection_engine_operandQ'
   73 |         data0_reg   = {((width + 1)/2) {2'b10}} ;
      |                     ^
                     mkTbSway.v:14593:1: ... note: In file included from 'mkTbSway.v'
%Warning-WIDTHTRUNC: /workspace/scratch/e6420b0fda2a/toolchains/bsc-2026.01-ubuntu-24.04/lib/Verilog/FIFO2.v:74:20: Operator ASSIGN expects 41 bits on the Assign RHS, but Assign RHS's REPLICATE generates 42 bits.
                                                                                                                  : ... note: In instance 'main.top.dut_block1_inputProjection_engine_operandQ'
   74 |         data1_reg  = {((width + 1)/2) {2'b10}} ;
      |                    ^
                     mkTbSway.v:14593:1: ... note: In file included from 'mkTbSway.v'
%Warning-WIDTHTRUNC: /workspace/scratch/e6420b0fda2a/toolchains/bsc-2026.01-ubuntu-24.04/lib/Verilog/FIFO1.v:64:17: Operator ASSIGN expects 21 bits on the Assign RHS, but Assign RHS's REPLICATE generates 22 bits.
                                                                                                                  : ... note: In instance 'main.top.dut_block1_gateResultQ'
   64 |         D_OUT   = {((width + 1)/2) {2'b10}} ;
      |                 ^
                     mkTbSway.v:14059:1: ... note: In file included from 'mkTbSway.v'
%Warning-WIDTHTRUNC: /workspace/scratch/e6420b0fda2a/toolchains/bsc-2026.01-ubuntu-24.04/lib/Verilog/FIFO1.v:64:17: Operator ASSIGN expects 55 bits on the Assign RHS, but Assign RHS's REPLICATE generates 56 bits.
                                                                                                                  : ... note: In instance 'main.top.dut_block1_gatePartialProductQ'
   64 |         D_OUT   = {((width + 1)/2) {2'b10}} ;
      |                 ^
                     mkTbSway.v:14059:1: ... note: In file included from 'mkTbSway.v'
%Warning-WIDTHTRUNC: /workspace/scratch/e6420b0fda2a/toolchains/bsc-2026.01-ubuntu-24.04/lib/Verilog/SizedFIFO.v:90:23: Operator ASSIGN expects 9 bits on the Assign RHS, but Assign RHS's REPLICATE generates 10 bits.
                                                                                                                      : ... note: In instance 'main.top.dut_headOutput_engine_requestMetadataQ'
   90 |         D_OUT         = {((p1width + 1)/2){2'b10}} ;
      |                       ^
                     mkTbSway.v:14322:1: ... note: In file included from 'mkTbSway.v'
%Warning-WIDTHTRUNC: /workspace/scratch/e6420b0fda2a/toolchains/bsc-2026.01-ubuntu-24.04/lib/Verilog/FIFO1.v:64:17: Operator ASSIGN expects 65 bits on the Assign RHS, but Assign RHS's REPLICATE generates 66 bits.
                                                                                                                  : ... note: In instance 'main.top.dut_headOutput_engine_productQ'
   64 |         D_OUT   = {((width + 1)/2) {2'b10}} ;
      |                 ^
                     mkTbSway.v:14059:1: ... note: In file included from 'mkTbSway.v'
%Warning-WIDTHTRUNC: /workspace/scratch/e6420b0fda2a/toolchains/bsc-2026.01-ubuntu-24.04/lib/Verilog/FIFO1.v:64:17: Operator ASSIGN expects 101 bits on the Assign RHS, but Assign RHS's REPLICATE generates 102 bits.
                                                                                                                  : ... note: In instance 'main.top.dut_headOutput_engine_sumQ'
   64 |         D_OUT   = {((width + 1)/2) {2'b10}} ;
      |                 ^
                     mkTbSway.v:14059:1: ... note: In file included from 'mkTbSway.v'
%Warning-WIDTHTRUNC: /workspace/scratch/e6420b0fda2a/toolchains/bsc-2026.01-ubuntu-24.04/lib/Verilog/FIFO1.v:64:17: Operator ASSIGN expects 41 bits on the Assign RHS, but Assign RHS's REPLICATE generates 42 bits.
                                                                                                                  : ... note: In instance 'main.top.dut_headOutput_engine_operandQ'
   64 |         D_OUT   = {((width + 1)/2) {2'b10}} ;
      |                 ^
                     mkTbSway.v:14059:1: ... note: In file included from 'mkTbSway.v'
%Warning-WIDTHTRUNC: /workspace/scratch/e6420b0fda2a/toolchains/bsc-2026.01-ubuntu-24.04/lib/Verilog/FIFO1.v:64:17: Operator ASSIGN expects 5 bits on the Assign RHS, but Assign RHS's REPLICATE generates 6 bits.
                                                                                                                  : ... note: In instance 'main.top.dut_headOutput_engine_groupStartQ'
   64 |         D_OUT   = {((width + 1)/2) {2'b10}} ;
      |                 ^
                     mkTbSway.v:14059:1: ... note: In file included from 'mkTbSway.v'
%Warning-WIDTHTRUNC: /workspace/scratch/e6420b0fda2a/toolchains/bsc-2026.01-ubuntu-24.04/lib/Verilog/FIFO1.v:64:17: Operator ASSIGN expects 261 bits on the Assign RHS, but Assign RHS's REPLICATE generates 262 bits.
                                                                                                                  : ... note: In instance 'main.top.dut_headOutput_engine_biasQ'
   64 |         D_OUT   = {((width + 1)/2) {2'b10}} ;
      |                 ^
                     mkTbSway.v:14059:1: ... note: In file included from 'mkTbSway.v'
%Warning-WIDTHTRUNC: /workspace/scratch/e6420b0fda2a/toolchains/bsc-2026.01-ubuntu-24.04/lib/Verilog/FIFO1.v:64:17: Operator ASSIGN expects 133 bits on the Assign RHS, but Assign RHS's REPLICATE generates 134 bits.
                                                                                                                  : ... note: In instance 'main.top.dut_headOutput_engine_affineQ'
   64 |         D_OUT   = {((width + 1)/2) {2'b10}} ;
      |                 ^
                     mkTbSway.v:14059:1: ... note: In file included from 'mkTbSway.v'
%Warning-WIDTHTRUNC: /workspace/scratch/e6420b0fda2a/toolchains/bsc-2026.01-ubuntu-24.04/lib/Verilog/FIFO1.v:64:17: Operator ASSIGN expects 73 bits on the Assign RHS, but Assign RHS's REPLICATE generates 74 bits.
                                                                                                                  : ... note: In instance 'main.top.dut_block1_convolvedQ'
   64 |         D_OUT   = {((width + 1)/2) {2'b10}} ;
      |                 ^
                     mkTbSway.v:14059:1: ... note: In file included from 'mkTbSway.v'
%Warning-WIDTHTRUNC: /workspace/scratch/e6420b0fda2a/toolchains/bsc-2026.01-ubuntu-24.04/lib/Verilog/FIFO1.v:64:17: Operator ASSIGN expects 237 bits on the Assign RHS, but Assign RHS's REPLICATE generates 238 bits.
                                                                                                                  : ... note: In instance 'main.top.dut_block1_convPartialProductQ'
   64 |         D_OUT   = {((width + 1)/2) {2'b10}} ;
      |                 ^
                     mkTbSway.v:14059:1: ... note: In file included from 'mkTbSway.v'
%Warning-WIDTHTRUNC: /workspace/scratch/e6420b0fda2a/toolchains/bsc-2026.01-ubuntu-24.04/lib/Verilog/FIFO1.v:64:17: Operator ASSIGN expects 105 bits on the Assign RHS, but Assign RHS's REPLICATE generates 106 bits.
                                                                                                                  : ... note: In instance 'main.top.dut_block1_convPairQ'
   64 |         D_OUT   = {((width + 1)/2) {2'b10}} ;
      |                 ^
                     mkTbSway.v:14059:1: ... note: In file included from 'mkTbSway.v'
%Warning-WIDTHTRUNC: /workspace/scratch/e6420b0fda2a/toolchains/bsc-2026.01-ubuntu-24.04/lib/Verilog/FIFO1.v:64:17: Operator ASSIGN expects 165 bits on the Assign RHS, but Assign RHS's REPLICATE generates 166 bits.
                                                                                                                  : ... note: In instance 'main.top.dut_block1_convSelectedQ'
   64 |         D_OUT   = {((width + 1)/2) {2'b10}} ;
      |                 ^
                     mkTbSway.v:14059:1: ... note: In file included from 'mkTbSway.v'
%Warning-WIDTHTRUNC: /workspace/scratch/e6420b0fda2a/toolchains/bsc-2026.01-ubuntu-24.04/lib/Verilog/FIFO1.v:64:17: Operator ASSIGN expects 533 bits on the Assign RHS, but Assign RHS's REPLICATE generates 534 bits.
                                                                                                                  : ... note: In instance 'main.top.dut_block1_convLookupQ'
   64 |         D_OUT   = {((width + 1)/2) {2'b10}} ;
      |                 ^
                     mkTbSway.v:14059:1: ... note: In file included from 'mkTbSway.v'
%Warning-WIDTHTRUNC: /workspace/scratch/e6420b0fda2a/toolchains/bsc-2026.01-ubuntu-24.04/lib/Verilog/FIFO1.v:64:17: Operator ASSIGN expects 37 bits on the Assign RHS, but Assign RHS's REPLICATE generates 38 bits.
                                                                                                                  : ... note: In instance 'main.top.dut_headOutput_engine_resultQ'
   64 |         D_OUT   = {((width + 1)/2) {2'b10}} ;
      |                 ^
                     mkTbSway.v:14059:1: ... note: In file included from 'mkTbSway.v'
%Warning-WIDTHTRUNC: /workspace/scratch/e6420b0fda2a/toolchains/bsc-2026.01-ubuntu-24.04/lib/Verilog/FIFO1.v:64:17: Operator ASSIGN expects 59 bits on the Assign RHS, but Assign RHS's REPLICATE generates 60 bits.
                                                                                                                  : ... note: In instance 'main.top.dut_block1_convAccumulatedQ'
   64 |         D_OUT   = {((width + 1)/2) {2'b10}} ;
      |                 ^
                     mkTbSway.v:14059:1: ... note: In file included from 'mkTbSway.v'
%Warning-WIDTHTRUNC: /workspace/scratch/e6420b0fda2a/toolchains/bsc-2026.01-ubuntu-24.04/lib/Verilog/FIFO2.v:73:21: Operator ASSIGN expects 1 bits on the Assign RHS, but Assign RHS's REPLICATE generates 2 bits.
                                                                                                                  : ... note: In instance 'main.top.dut_readyBankQ'
   73 |         data0_reg   = {((width + 1)/2) {2'b10}} ;
      |                     ^
                     mkTbSway.v:14593:1: ... note: In file included from 'mkTbSway.v'
%Warning-WIDTHTRUNC: /workspace/scratch/e6420b0fda2a/toolchains/bsc-2026.01-ubuntu-24.04/lib/Verilog/FIFO2.v:74:20: Operator ASSIGN expects 1 bits on the Assign RHS, but Assign RHS's REPLICATE generates 2 bits.
                                                                                                                  : ... note: In instance 'main.top.dut_readyBankQ'
   74 |         data1_reg  = {((width + 1)/2) {2'b10}} ;
      |                    ^
                     mkTbSway.v:14593:1: ... note: In file included from 'mkTbSway.v'
%Warning-UNSIGNED: /workspace/scratch/e6420b0fda2a/toolchains/bsc-2026.01-ubuntu-24.04/lib/Verilog/RegFileLoad.v:80:28: Comparison is constant due to unsigned arithmetic
                                                                                                                      : ... note: In instance 'main.top.inputR'
   80 |               if (( ADDR_1 < lo ) || (ADDR_1 > hi) )
      |                            ^
                   mkTbSway.v:19069:1: ... note: In file included from 'mkTbSway.v'
                   ... For warning description see https://verilator.org/warn/UNSIGNED?v=5.053
                   ... Use "/* verilator lint_off UNSIGNED */" and lint_on around source to disable this message.
%Warning-UNSIGNED: /workspace/scratch/e6420b0fda2a/toolchains/bsc-2026.01-ubuntu-24.04/lib/Verilog/RegFileLoad.v:82:28: Comparison is constant due to unsigned arithmetic
                                                                                                                      : ... note: In instance 'main.top.inputR'
   82 |               if (( ADDR_2 < lo ) || (ADDR_2 > hi) )
      |                            ^
                   mkTbSway.v:19069:1: ... note: In file included from 'mkTbSway.v'
%Warning-UNSIGNED: /workspace/scratch/e6420b0fda2a/toolchains/bsc-2026.01-ubuntu-24.04/lib/Verilog/RegFileLoad.v:84:28: Comparison is constant due to unsigned arithmetic
                                                                                                                      : ... note: In instance 'main.top.inputR'
   84 |               if (( ADDR_3 < lo ) || (ADDR_3 > hi) )
      |                            ^
                   mkTbSway.v:19069:1: ... note: In file included from 'mkTbSway.v'
%Warning-UNSIGNED: /workspace/scratch/e6420b0fda2a/toolchains/bsc-2026.01-ubuntu-24.04/lib/Verilog/RegFileLoad.v:86:28: Comparison is constant due to unsigned arithmetic
                                                                                                                      : ... note: In instance 'main.top.inputR'
   86 |               if (( ADDR_4 < lo ) || (ADDR_4 > hi) )
      |                            ^
                   mkTbSway.v:19069:1: ... note: In file included from 'mkTbSway.v'
%Warning-UNSIGNED: /workspace/scratch/e6420b0fda2a/toolchains/bsc-2026.01-ubuntu-24.04/lib/Verilog/RegFileLoad.v:88:28: Comparison is constant due to unsigned arithmetic
                                                                                                                      : ... note: In instance 'main.top.inputR'
   88 |               if (( ADDR_5 < lo ) || (ADDR_5 > hi) )
      |                            ^
                   mkTbSway.v:19069:1: ... note: In file included from 'mkTbSway.v'
%Warning-UNSIGNED: /workspace/scratch/e6420b0fda2a/toolchains/bsc-2026.01-ubuntu-24.04/lib/Verilog/RegFileLoad.v:90:36: Comparison is constant due to unsigned arithmetic
                                                                                                                      : ... note: In instance 'main.top.inputR'
   90 |               if ( WE && ( ADDR_IN < lo ) || (ADDR_IN > hi) )
      |                                    ^
                   mkTbSway.v:19069:1: ... note: In file included from 'mkTbSway.v'
%Warning-UNSIGNED: /workspace/scratch/e6420b0fda2a/toolchains/bsc-2026.01-ubuntu-24.04/lib/Verilog/RegFile.v:84:28: Comparison is constant due to unsigned arithmetic
                                                                                                                  : ... note: In instance 'main.top.dut_headHidden_memoryR_9'
   84 |               if (( ADDR_1 < lo ) || (ADDR_1 > hi) )
      |                            ^
                   mkTbSway.v:15544:1: ... note: In file included from 'mkTbSway.v'
%Warning-CMPCONST: /workspace/scratch/e6420b0fda2a/toolchains/bsc-2026.01-ubuntu-24.04/lib/Verilog/RegFile.v:84:46: Comparison is constant due to limited range
                                                                                                                  : ... note: In instance 'main.top.dut_headHidden_memoryR_9'
   84 |               if (( ADDR_1 < lo ) || (ADDR_1 > hi) )
      |                                              ^
                   mkTbSway.v:15544:1: ... note: In file included from 'mkTbSway.v'
                   ... For warning description see https://verilator.org/warn/CMPCONST?v=5.053
                   ... Use "/* verilator lint_off CMPCONST */" and lint_on around source to disable this message.
%Warning-UNSIGNED: /workspace/scratch/e6420b0fda2a/toolchains/bsc-2026.01-ubuntu-24.04/lib/Verilog/RegFile.v:86:28: Comparison is constant due to unsigned arithmetic
                                                                                                                  : ... note: In instance 'main.top.dut_headHidden_memoryR_9'
   86 |               if (( ADDR_2 < lo ) || (ADDR_2 > hi) )
      |                            ^
                   mkTbSway.v:15544:1: ... note: In file included from 'mkTbSway.v'
%Warning-CMPCONST: /workspace/scratch/e6420b0fda2a/toolchains/bsc-2026.01-ubuntu-24.04/lib/Verilog/RegFile.v:86:46: Comparison is constant due to limited range
                                                                                                                  : ... note: In instance 'main.top.dut_headHidden_memoryR_9'
   86 |               if (( ADDR_2 < lo ) || (ADDR_2 > hi) )
      |                                              ^
                   mkTbSway.v:15544:1: ... note: In file included from 'mkTbSway.v'
%Warning-UNSIGNED: /workspace/scratch/e6420b0fda2a/toolchains/bsc-2026.01-ubuntu-24.04/lib/Verilog/RegFile.v:88:28: Comparison is constant due to unsigned arithmetic
                                                                                                                  : ... note: In instance 'main.top.dut_headHidden_memoryR_9'
   88 |               if (( ADDR_3 < lo ) || (ADDR_3 > hi) )
      |                            ^
                   mkTbSway.v:15544:1: ... note: In file included from 'mkTbSway.v'
%Warning-CMPCONST: /workspace/scratch/e6420b0fda2a/toolchains/bsc-2026.01-ubuntu-24.04/lib/Verilog/RegFile.v:88:46: Comparison is constant due to limited range
                                                                                                                  : ... note: In instance 'main.top.dut_headHidden_memoryR_9'
   88 |               if (( ADDR_3 < lo ) || (ADDR_3 > hi) )
      |                                              ^
                   mkTbSway.v:15544:1: ... note: In file included from 'mkTbSway.v'
%Warning-UNSIGNED: /workspace/scratch/e6420b0fda2a/toolchains/bsc-2026.01-ubuntu-24.04/lib/Verilog/RegFile.v:90:28: Comparison is constant due to unsigned arithmetic
                                                                                                                  : ... note: In instance 'main.top.dut_headHidden_memoryR_9'
   90 |               if (( ADDR_4 < lo ) || (ADDR_4 > hi) )
      |                            ^
                   mkTbSway.v:15544:1: ... note: In file included from 'mkTbSway.v'
%Warning-CMPCONST: /workspace/scratch/e6420b0fda2a/toolchains/bsc-2026.01-ubuntu-24.04/lib/Verilog/RegFile.v:90:46: Comparison is constant due to limited range
                                                                                                                  : ... note: In instance 'main.top.dut_headHidden_memoryR_9'
   90 |               if (( ADDR_4 < lo ) || (ADDR_4 > hi) )
      |                                              ^
                   mkTbSway.v:15544:1: ... note: In file included from 'mkTbSway.v'
%Warning-UNSIGNED: /workspace/scratch/e6420b0fda2a/toolchains/bsc-2026.01-ubuntu-24.04/lib/Verilog/RegFile.v:92:28: Comparison is constant due to unsigned arithmetic
                                                                                                                  : ... note: In instance 'main.top.dut_headHidden_memoryR_9'
   92 |               if (( ADDR_5 < lo ) || (ADDR_5 > hi) )
      |                            ^
                   mkTbSway.v:15544:1: ... note: In file included from 'mkTbSway.v'
%Warning-CMPCONST: /workspace/scratch/e6420b0fda2a/toolchains/bsc-2026.01-ubuntu-24.04/lib/Verilog/RegFile.v:92:46: Comparison is constant due to limited range
                                                                                                                  : ... note: In instance 'main.top.dut_headHidden_memoryR_9'
   92 |               if (( ADDR_5 < lo ) || (ADDR_5 > hi) )
      |                                              ^
                   mkTbSway.v:15544:1: ... note: In file included from 'mkTbSway.v'
%Warning-UNSIGNED: /workspace/scratch/e6420b0fda2a/toolchains/bsc-2026.01-ubuntu-24.04/lib/Verilog/RegFile.v:94:36: Comparison is constant due to unsigned arithmetic
                                                                                                                  : ... note: In instance 'main.top.dut_headHidden_memoryR_9'
   94 |               if ( WE && ( ADDR_IN < lo ) || (ADDR_IN > hi) )
      |                                    ^
                   mkTbSway.v:15544:1: ... note: In file included from 'mkTbSway.v'
%Warning-CMPCONST: /workspace/scratch/e6420b0fda2a/toolchains/bsc-2026.01-ubuntu-24.04/lib/Verilog/RegFile.v:94:55: Comparison is constant due to limited range
                                                                                                                  : ... note: In instance 'main.top.dut_headHidden_memoryR_9'
   94 |               if ( WE && ( ADDR_IN < lo ) || (ADDR_IN > hi) )
      |                                                       ^
                   mkTbSway.v:15544:1: ... note: In file included from 'mkTbSway.v'
%Warning-CASEINCOMPLETE: /workspace/scratch/e6420b0fda2a/toolchains/bsc-2026.01-ubuntu-24.04/lib/Verilog/SizedFIFO.v:120:14: Case values incompletely covered (example pattern 0x0)
  120 |              casez ({CLR, DEQ, ENQ, hasodata, ring_empty})
      |              ^~~~~
                         mkTbSway.v:14322:1: ... note: In file included from 'mkTbSway.v'
                         ... For warning description see https://verilator.org/warn/CASEINCOMPLETE?v=5.053
                         ... Use "/* verilator lint_off CASEINCOMPLETE */" and lint_on around source to disable this message.
%Warning-CASEINCOMPLETE: /workspace/scratch/e6420b0fda2a/toolchains/bsc-2026.01-ubuntu-24.04/lib/Verilog/SizedFIFO.v:177:14: Case values incompletely covered (example pattern 0x0)
  177 |              casez ({CLR, DEQ, ENQ, hasodata, ring_empty})
      |              ^~~~~
                         mkTbSway.v:14322:1: ... note: In file included from 'mkTbSway.v'
make[1]: Entering directory '/workspace/scratch/e6420b0fda2a/sway/hw/resource-build/buffered/verilator/run-vxe7va_m/obj_dir'
g++ -Os  -I.  -MMD -I/workspace/scratch/e6420b0fda2a/toolchains/oss-cad-suite/share/verilator/include -I/workspace/scratch/e6420b0fda2a/toolchains/oss-cad-suite/share/verilator/include/vltstd -DVERILATOR=1 -DVM_COVERAGE=0 -DVM_SC=0 -DVM_TIMING=1 -DVM_TRACE=0 -DVM_TRACE_FST=0 -DVM_TRACE_VCD=0 -DVM_TRACE_SAIF=0 -DVM_VPI=0 -faligned-new -fcf-protection=none -Wno-bool-operation -Wno-int-in-bool-context -Wno-shadow -Wno-sign-compare -Wno-subobject-linkage -Wno-tautological-compare -Wno-uninitialized -Wno-unused-but-set-parameter -Wno-unused-but-set-variable -Wno-unused-parameter -Wno-unused-variable  -DVM_PREFIX_INCLUDE="<Vmain.h>"   -DVL_TIME_CONTEXT   -fcoroutines -c -o verilated.o /workspace/scratch/e6420b0fda2a/toolchains/oss-cad-suite/share/verilator/include/verilated.cpp
g++ -Os  -I.  -MMD -I/workspace/scratch/e6420b0fda2a/toolchains/oss-cad-suite/share/verilator/include -I/workspace/scratch/e6420b0fda2a/toolchains/oss-cad-suite/share/verilator/include/vltstd -DVERILATOR=1 -DVM_COVERAGE=0 -DVM_SC=0 -DVM_TIMING=1 -DVM_TRACE=0 -DVM_TRACE_FST=0 -DVM_TRACE_VCD=0 -DVM_TRACE_SAIF=0 -DVM_VPI=0 -faligned-new -fcf-protection=none -Wno-bool-operation -Wno-int-in-bool-context -Wno-shadow -Wno-sign-compare -Wno-subobject-linkage -Wno-tautological-compare -Wno-uninitialized -Wno-unused-but-set-parameter -Wno-unused-but-set-variable -Wno-unused-parameter -Wno-unused-variable  -DVM_PREFIX_INCLUDE="<Vmain.h>"   -DVL_TIME_CONTEXT   -fcoroutines -c -o verilated_timing.o /workspace/scratch/e6420b0fda2a/toolchains/oss-cad-suite/share/verilator/include/verilated_timing.cpp
g++ -Os  -I.  -MMD -I/workspace/scratch/e6420b0fda2a/toolchains/oss-cad-suite/share/verilator/include -I/workspace/scratch/e6420b0fda2a/toolchains/oss-cad-suite/share/verilator/include/vltstd -DVERILATOR=1 -DVM_COVERAGE=0 -DVM_SC=0 -DVM_TIMING=1 -DVM_TRACE=0 -DVM_TRACE_FST=0 -DVM_TRACE_VCD=0 -DVM_TRACE_SAIF=0 -DVM_VPI=0 -faligned-new -fcf-protection=none -Wno-bool-operation -Wno-int-in-bool-context -Wno-shadow -Wno-sign-compare -Wno-subobject-linkage -Wno-tautological-compare -Wno-uninitialized -Wno-unused-but-set-parameter -Wno-unused-but-set-variable -Wno-unused-parameter -Wno-unused-variable  -DVM_PREFIX_INCLUDE="<Vmain.h>"   -DVL_TIME_CONTEXT   -fcoroutines -c -o verilated_threads.o /workspace/scratch/e6420b0fda2a/toolchains/oss-cad-suite/share/verilator/include/verilated_threads.cpp
g++ -Os  -I.  -MMD -I/workspace/scratch/e6420b0fda2a/toolchains/oss-cad-suite/share/verilator/include -I/workspace/scratch/e6420b0fda2a/toolchains/oss-cad-suite/share/verilator/include/vltstd -DVERILATOR=1 -DVM_COVERAGE=0 -DVM_SC=0 -DVM_TIMING=1 -DVM_TRACE=0 -DVM_TRACE_FST=0 -DVM_TRACE_VCD=0 -DVM_TRACE_SAIF=0 -DVM_VPI=0 -faligned-new -fcf-protection=none -Wno-bool-operation -Wno-int-in-bool-context -Wno-shadow -Wno-sign-compare -Wno-subobject-linkage -Wno-tautological-compare -Wno-uninitialized -Wno-unused-but-set-parameter -Wno-unused-but-set-variable -Wno-unused-parameter -Wno-unused-variable  -DVM_PREFIX_INCLUDE="<Vmain.h>"   -DVL_TIME_CONTEXT   -fcoroutines -c -x c++-header Vmain__pch.h -o Vmain__pch.h.fast.gch
g++   -I.  -MMD -I/workspace/scratch/e6420b0fda2a/toolchains/oss-cad-suite/share/verilator/include -I/workspace/scratch/e6420b0fda2a/toolchains/oss-cad-suite/share/verilator/include/vltstd -DVERILATOR=1 -DVM_COVERAGE=0 -DVM_SC=0 -DVM_TIMING=1 -DVM_TRACE=0 -DVM_TRACE_FST=0 -DVM_TRACE_VCD=0 -DVM_TRACE_SAIF=0 -DVM_VPI=0 -faligned-new -fcf-protection=none -Wno-bool-operation -Wno-int-in-bool-context -Wno-shadow -Wno-sign-compare -Wno-subobject-linkage -Wno-tautological-compare -Wno-uninitialized -Wno-unused-but-set-parameter -Wno-unused-but-set-variable -Wno-unused-parameter -Wno-unused-variable  -DVM_PREFIX_INCLUDE="<Vmain.h>"   -DVL_TIME_CONTEXT   -fcoroutines -c -x c++-header Vmain__pch.h -o Vmain__pch.h.slow.gch
g++ -Os  -I.  -MMD -I/workspace/scratch/e6420b0fda2a/toolchains/oss-cad-suite/share/verilator/include -I/workspace/scratch/e6420b0fda2a/toolchains/oss-cad-suite/share/verilator/include/vltstd -DVERILATOR=1 -DVM_COVERAGE=0 -DVM_SC=0 -DVM_TIMING=1 -DVM_TRACE=0 -DVM_TRACE_FST=0 -DVM_TRACE_VCD=0 -DVM_TRACE_SAIF=0 -DVM_VPI=0 -faligned-new -fcf-protection=none -Wno-bool-operation -Wno-int-in-bool-context -Wno-shadow -Wno-sign-compare -Wno-subobject-linkage -Wno-tautological-compare -Wno-uninitialized -Wno-unused-but-set-parameter -Wno-unused-but-set-variable -Wno-unused-parameter -Wno-unused-variable  -DVM_PREFIX_INCLUDE="<Vmain.h>"   -DVL_TIME_CONTEXT   -fcoroutines -include Vmain__pch.h.fast -c Vmain_vm_classes_0.cpp
g++ -Os  -I.  -MMD -I/workspace/scratch/e6420b0fda2a/toolchains/oss-cad-suite/share/verilator/include -I/workspace/scratch/e6420b0fda2a/toolchains/oss-cad-suite/share/verilator/include/vltstd -DVERILATOR=1 -DVM_COVERAGE=0 -DVM_SC=0 -DVM_TIMING=1 -DVM_TRACE=0 -DVM_TRACE_FST=0 -DVM_TRACE_VCD=0 -DVM_TRACE_SAIF=0 -DVM_VPI=0 -faligned-new -fcf-protection=none -Wno-bool-operation -Wno-int-in-bool-context -Wno-shadow -Wno-sign-compare -Wno-subobject-linkage -Wno-tautological-compare -Wno-uninitialized -Wno-unused-but-set-parameter -Wno-unused-but-set-variable -Wno-unused-parameter -Wno-unused-variable  -DVM_PREFIX_INCLUDE="<Vmain.h>"   -DVL_TIME_CONTEXT   -fcoroutines -include Vmain__pch.h.fast -c Vmain_vm_classes_1.cpp
g++   -I.  -MMD -I/workspace/scratch/e6420b0fda2a/toolchains/oss-cad-suite/share/verilator/include -I/workspace/scratch/e6420b0fda2a/toolchains/oss-cad-suite/share/verilator/include/vltstd -DVERILATOR=1 -DVM_COVERAGE=0 -DVM_SC=0 -DVM_TIMING=1 -DVM_TRACE=0 -DVM_TRACE_FST=0 -DVM_TRACE_VCD=0 -DVM_TRACE_SAIF=0 -DVM_VPI=0 -faligned-new -fcf-protection=none -Wno-bool-operation -Wno-int-in-bool-context -Wno-shadow -Wno-sign-compare -Wno-subobject-linkage -Wno-tautological-compare -Wno-uninitialized -Wno-unused-but-set-parameter -Wno-unused-but-set-variable -Wno-unused-parameter -Wno-unused-variable  -DVM_PREFIX_INCLUDE="<Vmain.h>"   -DVL_TIME_CONTEXT   -fcoroutines -include Vmain__pch.h.slow -c Vmain__ConstPool__0__Slow.cpp
g++   -I.  -MMD -I/workspace/scratch/e6420b0fda2a/toolchains/oss-cad-suite/share/verilator/include -I/workspace/scratch/e6420b0fda2a/toolchains/oss-cad-suite/share/verilator/include/vltstd -DVERILATOR=1 -DVM_COVERAGE=0 -DVM_SC=0 -DVM_TIMING=1 -DVM_TRACE=0 -DVM_TRACE_FST=0 -DVM_TRACE_VCD=0 -DVM_TRACE_SAIF=0 -DVM_VPI=0 -faligned-new -fcf-protection=none -Wno-bool-operation -Wno-int-in-bool-context -Wno-shadow -Wno-sign-compare -Wno-subobject-linkage -Wno-tautological-compare -Wno-uninitialized -Wno-unused-but-set-parameter -Wno-unused-but-set-variable -Wno-unused-parameter -Wno-unused-variable  -DVM_PREFIX_INCLUDE="<Vmain.h>"   -DVL_TIME_CONTEXT   -fcoroutines -include Vmain__pch.h.slow -c Vmain__ConstPool__1__Slow.cpp
g++   -I.  -MMD -I/workspace/scratch/e6420b0fda2a/toolchains/oss-cad-suite/share/verilator/include -I/workspace/scratch/e6420b0fda2a/toolchains/oss-cad-suite/share/verilator/include/vltstd -DVERILATOR=1 -DVM_COVERAGE=0 -DVM_SC=0 -DVM_TIMING=1 -DVM_TRACE=0 -DVM_TRACE_FST=0 -DVM_TRACE_VCD=0 -DVM_TRACE_SAIF=0 -DVM_VPI=0 -faligned-new -fcf-protection=none -Wno-bool-operation -Wno-int-in-bool-context -Wno-shadow -Wno-sign-compare -Wno-subobject-linkage -Wno-tautological-compare -Wno-uninitialized -Wno-unused-but-set-parameter -Wno-unused-but-set-variable -Wno-unused-parameter -Wno-unused-variable  -DVM_PREFIX_INCLUDE="<Vmain.h>"   -DVL_TIME_CONTEXT   -fcoroutines -include Vmain__pch.h.slow -c Vmain___024root__Slow.cpp
g++   -I.  -MMD -I/workspace/scratch/e6420b0fda2a/toolchains/oss-cad-suite/share/verilator/include -I/workspace/scratch/e6420b0fda2a/toolchains/oss-cad-suite/share/verilator/include/vltstd -DVERILATOR=1 -DVM_COVERAGE=0 -DVM_SC=0 -DVM_TIMING=1 -DVM_TRACE=0 -DVM_TRACE_FST=0 -DVM_TRACE_VCD=0 -DVM_TRACE_SAIF=0 -DVM_VPI=0 -faligned-new -fcf-protection=none -Wno-bool-operation -Wno-int-in-bool-context -Wno-shadow -Wno-sign-compare -Wno-subobject-linkage -Wno-tautological-compare -Wno-uninitialized -Wno-unused-but-set-parameter -Wno-unused-but-set-variable -Wno-unused-parameter -Wno-unused-variable  -DVM_PREFIX_INCLUDE="<Vmain.h>"   -DVL_TIME_CONTEXT   -fcoroutines -include Vmain__pch.h.slow -c Vmain___024root__0__Slow.cpp
g++   -I.  -MMD -I/workspace/scratch/e6420b0fda2a/toolchains/oss-cad-suite/share/verilator/include -I/workspace/scratch/e6420b0fda2a/toolchains/oss-cad-suite/share/verilator/include/vltstd -DVERILATOR=1 -DVM_COVERAGE=0 -DVM_SC=0 -DVM_TIMING=1 -DVM_TRACE=0 -DVM_TRACE_FST=0 -DVM_TRACE_VCD=0 -DVM_TRACE_SAIF=0 -DVM_VPI=0 -faligned-new -fcf-protection=none -Wno-bool-operation -Wno-int-in-bool-context -Wno-shadow -Wno-sign-compare -Wno-subobject-linkage -Wno-tautological-compare -Wno-uninitialized -Wno-unused-but-set-parameter -Wno-unused-but-set-variable -Wno-unused-parameter -Wno-unused-variable  -DVM_PREFIX_INCLUDE="<Vmain.h>"   -DVL_TIME_CONTEXT   -fcoroutines -include Vmain__pch.h.slow -c Vmain___024root__1__Slow.cpp
g++   -I.  -MMD -I/workspace/scratch/e6420b0fda2a/toolchains/oss-cad-suite/share/verilator/include -I/workspace/scratch/e6420b0fda2a/toolchains/oss-cad-suite/share/verilator/include/vltstd -DVERILATOR=1 -DVM_COVERAGE=0 -DVM_SC=0 -DVM_TIMING=1 -DVM_TRACE=0 -DVM_TRACE_FST=0 -DVM_TRACE_VCD=0 -DVM_TRACE_SAIF=0 -DVM_VPI=0 -faligned-new -fcf-protection=none -Wno-bool-operation -Wno-int-in-bool-context -Wno-shadow -Wno-sign-compare -Wno-subobject-linkage -Wno-tautological-compare -Wno-uninitialized -Wno-unused-but-set-parameter -Wno-unused-but-set-variable -Wno-unused-parameter -Wno-unused-variable  -DVM_PREFIX_INCLUDE="<Vmain.h>"   -DVL_TIME_CONTEXT   -fcoroutines -include Vmain__pch.h.slow -c Vmain__Syms__Slow.cpp
g++    verilated.o verilated_timing.o verilated_threads.o Vmain__ALL.a    -pthread -lpthread -latomic   -o Vmain
rm Vmain__ALL.verilator_deplist.tmp
make[1]: Leaving directory '/workspace/scratch/e6420b0fda2a/sway/hw/resource-build/buffered/verilator/run-vxe7va_m/obj_dir'
- V e r i l a t i o n   R e p o r t: Verilator 5.053 devel rev v5.052-141-gc8b8c79ee (mod)
- Verilator: Built from 5.967 MB sources in 12 modules, into 9.893 MB in 18 C++ files needing 0.001 MB
- Verilator: Walltime 68.003 s (elab=1.097, cvt=4.117, bld=61.883); cpu 5.579 s on 2 threads; allocated 140.656 MB
