SWAY_INPUT_FRAME,0,2,363
SWAY_INPUT_FRAME,1,364,725
SWAY_INPUT_FRAME,2,726,6186
SWAY_INPUT_FRAME,3,6187,13786
SWAY_OUTPUT,0,7,16531
SWAY_STALL,0,16532,24724
SWAY_INPUT_FRAME,4,13789,21388
SWAY_OUTPUT,1,7,24724
SWAY_OUTPUT,2,6,24725
SWAY_OUTPUT,3,6,24726
SWAY_OUTPUT,4,12,24727
SWAY_OUTPUT,5,16,24729
SWAY_OUTPUT,6,19,24730
SWAY_OUTPUT,7,1,24731
SWAY_OUTPUT,8,-2,24732
SWAY_OUTPUT,9,-3,24733
SWAY_OUTPUT,10,9,24734
SWAY_OUTPUT,11,10,24735
SWAY_OUTPUT,12,11,24736
SWAY_OUTPUT,13,11,24737
SWAY_OUTPUT,14,4,24738
SWAY_OUTPUT,15,2,24740
SWAY_OUTPUT,16,0,24741
SWAY_OUTPUT,17,0,24742
SWAY_OUTPUT,18,7,24743
SWAY_OUTPUT,19,63,24744
SWAY_OUTPUT,20,63,24745
SWAY_OUTPUT,21,63,24746
SWAY_OUTPUT,22,62,24747
SWAY_OUTPUT,23,62,24748
SWAY_OUTPUT,24,63,24749
SWAY_OUTPUT,25,61,24751
SWAY_OUTPUT,26,62,24752
SWAY_OUTPUT,27,63,24753
SWAY_OUTPUT,28,61,24754
SWAY_OUTPUT,29,62,24755
SWAY_OUTPUT,30,62,24756
SWAY_OUTPUT,31,63,24757
SWAY_OUTPUT,32,61,24758
SWAY_OUTPUT,33,62,24759
SWAY_OUTPUT,34,62,24760
SWAY_OUTPUT,35,63,24762
SWAY_OUTPUT,36,60,24763
SWAY_OUTPUT,37,63,24764
SWAY_OUTPUT,38,-7,24765
SWAY_OUTPUT,39,2,24766
SWAY_OUTPUT,40,13,24767
SWAY_OUTPUT,41,17,24768
SWAY_OUTPUT,42,9,24769
SWAY_OUTPUT,43,5,24770
SWAY_OUTPUT,44,2,24771
SWAY_OUTPUT,45,9,24773
SWAY_OUTPUT,46,2,24774
SWAY_OUTPUT,47,-4,24775
SWAY_OUTPUT,48,-7,24776
SWAY_OUTPUT,49,-17,24777
SWAY_OUTPUT,50,-28,24778
SWAY_OUTPUT,51,-29,24779
SWAY_OUTPUT,52,-7,24780
SWAY_OUTPUT,53,-16,24781
SWAY_OUTPUT,54,-27,24782
SWAY_OUTPUT,55,-29,24784
SWAY_OUTPUT,56,10,24785
SWAY_FRAME,0,16531,24785
SWAY_OUTPUT,57,7,24786
SWAY_STALL,1,24787,32979
SWAY_INPUT_FRAME,5,21389,28988
SWAY_OUTPUT,58,8,32979
SWAY_OUTPUT,59,8,32980
SWAY_OUTPUT,60,8,32981
SWAY_OUTPUT,61,13,32982
SWAY_OUTPUT,62,17,32983
SWAY_OUTPUT,63,20,32984
SWAY_OUTPUT,64,2,32985
SWAY_OUTPUT,65,-2,32986
SWAY_OUTPUT,66,-5,32987
SWAY_OUTPUT,67,10,32988
SWAY_OUTPUT,68,11,32990
SWAY_OUTPUT,69,10,32991
SWAY_OUTPUT,70,11,32992
SWAY_OUTPUT,71,5,32993
SWAY_OUTPUT,72,3,32994
SWAY_OUTPUT,73,0,32995
SWAY_OUTPUT,74,0,32996
SWAY_OUTPUT,75,8,32997
SWAY_OUTPUT,76,62,32998
SWAY_OUTPUT,77,62,32999
SWAY_OUTPUT,78,62,33001
SWAY_OUTPUT,79,62,33002
SWAY_OUTPUT,80,62,33003
SWAY_OUTPUT,81,62,33004
SWAY_OUTPUT,82,60,33005
SWAY_OUTPUT,83,61,33006
SWAY_OUTPUT,84,61,33007
SWAY_OUTPUT,85,60,33008
SWAY_OUTPUT,86,61,33009
SWAY_OUTPUT,87,60,33010
SWAY_OUTPUT,88,62,33012
SWAY_OUTPUT,89,59,33013
SWAY_OUTPUT,90,61,33014
SWAY_OUTPUT,91,61,33015
SWAY_OUTPUT,92,64,33016
SWAY_OUTPUT,93,60,33017
SWAY_OUTPUT,94,62,33018
SWAY_OUTPUT,95,-6,33019
SWAY_OUTPUT,96,4,33020
SWAY_OUTPUT,97,14,33021
SWAY_OUTPUT,98,18,33023
SWAY_OUTPUT,99,10,33024
SWAY_OUTPUT,100,6,33025
SWAY_OUTPUT,101,-1,33026
SWAY_OUTPUT,102,10,33027
SWAY_OUTPUT,103,4,33028
SWAY_OUTPUT,104,-1,33029
SWAY_OUTPUT,105,-5,33030
SWAY_OUTPUT,106,-16,33031
SWAY_OUTPUT,107,-26,33032
SWAY_OUTPUT,108,-29,33034
SWAY_OUTPUT,109,-6,33035
SWAY_OUTPUT,110,-15,33036
SWAY_OUTPUT,111,-26,33037
SWAY_OUTPUT,112,-28,33038
SWAY_OUTPUT,113,11,33039
SWAY_FRAME,1,24786,33039
SWAY_OUTPUT,114,8,33040
SWAY_STALL,2,33041,41233
SWAY_INPUT_FRAME,6,28989,36588
SWAY_OUTPUT,115,9,41233
SWAY_OUTPUT,116,8,41234
SWAY_OUTPUT,117,9,41235
SWAY_OUTPUT,118,13,41236
SWAY_OUTPUT,119,16,41237
SWAY_OUTPUT,120,15,41238
SWAY_OUTPUT,121,4,41240
SWAY_OUTPUT,122,1,41241
SWAY_OUTPUT,123,0,41242
SWAY_OUTPUT,124,10,41243
SWAY_OUTPUT,125,10,41244
SWAY_OUTPUT,126,8,41245
SWAY_OUTPUT,127,8,41246
SWAY_OUTPUT,128,6,41247
SWAY_OUTPUT,129,4,41248
SWAY_OUTPUT,130,2,41249
SWAY_OUTPUT,131,1,41251
SWAY_OUTPUT,132,9,41252
SWAY_OUTPUT,133,63,41253
SWAY_OUTPUT,134,63,41254
SWAY_OUTPUT,135,63,41255
SWAY_OUTPUT,136,63,41256
SWAY_OUTPUT,137,62,41257
SWAY_OUTPUT,138,62,41258
SWAY_OUTPUT,139,60,41259
SWAY_OUTPUT,140,62,41260
SWAY_OUTPUT,141,64,41262
SWAY_OUTPUT,142,62,41263
SWAY_OUTPUT,143,62,41264
SWAY_OUTPUT,144,62,41265
SWAY_OUTPUT,145,63,41266
SWAY_OUTPUT,146,62,41267
SWAY_OUTPUT,147,62,41268
SWAY_OUTPUT,148,62,41269
SWAY_OUTPUT,149,63,41270
SWAY_OUTPUT,150,59,41271
SWAY_OUTPUT,151,63,41273
SWAY_OUTPUT,152,-8,41274
SWAY_OUTPUT,153,2,41275
SWAY_OUTPUT,154,13,41276
SWAY_OUTPUT,155,17,41277
SWAY_OUTPUT,156,9,41278
SWAY_OUTPUT,157,2,41279
SWAY_OUTPUT,158,-4,41280
SWAY_OUTPUT,159,8,41281
SWAY_OUTPUT,160,2,41282
SWAY_OUTPUT,161,-4,41284
SWAY_OUTPUT,162,-7,41285
SWAY_OUTPUT,163,-17,41286
SWAY_OUTPUT,164,-28,41287
SWAY_OUTPUT,165,-30,41288
SWAY_OUTPUT,166,-7,41289
SWAY_OUTPUT,167,-16,41290
SWAY_OUTPUT,168,-26,41291
SWAY_OUTPUT,169,-29,41292
SWAY_OUTPUT,170,10,41293
SWAY_FRAME,2,33040,41293
SWAY_OUTPUT,171,7,41295
SWAY_STALL,3,41296,49488
SWAY_INPUT_FRAME,7,36589,44187
SWAY_OUTPUT,172,7,49488
SWAY_OUTPUT,173,6,49490
SWAY_OUTPUT,174,7,49491
SWAY_OUTPUT,175,13,49492
SWAY_OUTPUT,176,17,49493
SWAY_OUTPUT,177,20,49494
SWAY_OUTPUT,178,1,49495
SWAY_OUTPUT,179,-3,49496
SWAY_OUTPUT,180,-4,49497
SWAY_OUTPUT,181,10,49498
SWAY_OUTPUT,182,11,49499
SWAY_OUTPUT,183,13,49501
SWAY_OUTPUT,184,13,49502
SWAY_OUTPUT,185,5,49503
SWAY_OUTPUT,186,4,49504
SWAY_OUTPUT,187,2,49505
SWAY_OUTPUT,188,2,49506
SWAY_OUTPUT,189,7,49507
SWAY_OUTPUT,190,62,49508
SWAY_OUTPUT,191,62,49509
SWAY_OUTPUT,192,62,49510
SWAY_OUTPUT,193,61,49512
SWAY_OUTPUT,194,63,49513
SWAY_OUTPUT,195,65,49514
SWAY_OUTPUT,196,62,49515
SWAY_OUTPUT,197,60,49516
SWAY_OUTPUT,198,59,49517
SWAY_OUTPUT,199,57,49518
SWAY_OUTPUT,200,60,49519
SWAY_OUTPUT,201,60,49520
SWAY_OUTPUT,202,59,49521
SWAY_OUTPUT,203,56,49523
SWAY_OUTPUT,204,60,49524
SWAY_OUTPUT,205,63,49525
SWAY_OUTPUT,206,65,49526
SWAY_OUTPUT,207,62,49527
SWAY_OUTPUT,208,62,49528
SWAY_OUTPUT,209,-3,49529
SWAY_OUTPUT,210,7,49530
SWAY_OUTPUT,211,17,49531
SWAY_OUTPUT,212,22,49532
SWAY_OUTPUT,213,14,49534
SWAY_OUTPUT,214,10,49535
SWAY_OUTPUT,215,8,49536
SWAY_OUTPUT,216,14,49537
SWAY_OUTPUT,217,8,49538
SWAY_OUTPUT,218,4,49539
SWAY_OUTPUT,219,-2,49540
SWAY_OUTPUT,220,-15,49541
SWAY_OUTPUT,221,-26,49542
SWAY_OUTPUT,222,-28,49543
SWAY_OUTPUT,223,-3,49545
SWAY_OUTPUT,224,-15,49546
SWAY_OUTPUT,225,-26,49547
SWAY_OUTPUT,226,-28,49548
SWAY_OUTPUT,227,15,49549
SWAY_FRAME,3,41295,49549
SWAY_OUTPUT,228,8,49550
SWAY_STALL,4,49551,57743
SWAY_INPUT_FRAME,8,44188,51786
SWAY_OUTPUT,229,9,57743
SWAY_OUTPUT,230,9,57744
SWAY_OUTPUT,231,9,57745
SWAY_OUTPUT,232,14,57746
SWAY_OUTPUT,233,20,57747
SWAY_OUTPUT,234,23,57748
SWAY_OUTPUT,235,3,57749
SWAY_OUTPUT,236,-4,57751
SWAY_OUTPUT,237,-9,57752
SWAY_OUTPUT,238,11,57753
SWAY_OUTPUT,239,13,57754
SWAY_OUTPUT,240,13,57755
SWAY_OUTPUT,241,14,57756
SWAY_OUTPUT,242,6,57757
SWAY_OUTPUT,243,0,57758
SWAY_OUTPUT,244,-5,57759
SWAY_OUTPUT,245,-5,57760
SWAY_OUTPUT,246,9,57762
SWAY_OUTPUT,247,62,57763
SWAY_OUTPUT,248,61,57764
SWAY_OUTPUT,249,60,57765
SWAY_OUTPUT,250,59,57766
SWAY_OUTPUT,251,59,57767
SWAY_OUTPUT,252,59,57768
SWAY_OUTPUT,253,58,57769
SWAY_OUTPUT,254,60,57770
SWAY_OUTPUT,255,60,57771
SWAY_OUTPUT,256,59,57773
SWAY_OUTPUT,257,60,57774
SWAY_OUTPUT,258,58,57775
SWAY_OUTPUT,259,61,57776
SWAY_OUTPUT,260,59,57777
SWAY_OUTPUT,261,61,57778
SWAY_OUTPUT,262,59,57779
SWAY_OUTPUT,263,61,57780
SWAY_OUTPUT,264,58,57781
SWAY_OUTPUT,265,60,57782
SWAY_OUTPUT,266,-8,57784
SWAY_OUTPUT,267,2,57785
SWAY_OUTPUT,268,11,57786
SWAY_OUTPUT,269,15,57787
SWAY_OUTPUT,270,8,57788
SWAY_OUTPUT,271,6,57789
SWAY_OUTPUT,272,5,57790
SWAY_OUTPUT,273,8,57791
SWAY_OUTPUT,274,6,57792
SWAY_OUTPUT,275,8,57793
SWAY_OUTPUT,276,-7,57795
SWAY_OUTPUT,277,-16,57796
SWAY_OUTPUT,278,-27,57797
SWAY_OUTPUT,279,-29,57798
SWAY_OUTPUT,280,-7,57799
SWAY_OUTPUT,281,-14,57800
SWAY_OUTPUT,282,-25,57801
SWAY_OUTPUT,283,-27,57802
SWAY_OUTPUT,284,9,57803
SWAY_FRAME,4,49550,57803
SWAY_OUTPUT,285,4,57804
SWAY_STALL,5,57805,65997
SWAY_INPUT_FRAME,9,51787,59386
SWAY_OUTPUT,286,4,65997
SWAY_OUTPUT,287,3,65998
SWAY_OUTPUT,288,3,65999
SWAY_OUTPUT,289,9,66001
SWAY_OUTPUT,290,16,66002
SWAY_OUTPUT,291,19,66003
SWAY_OUTPUT,292,-2,66004
SWAY_OUTPUT,293,-7,66005
SWAY_OUTPUT,294,-8,66006
SWAY_OUTPUT,295,7,66007
SWAY_OUTPUT,296,11,66008
SWAY_OUTPUT,297,13,66009
SWAY_OUTPUT,298,14,66010
SWAY_OUTPUT,299,2,66012
SWAY_OUTPUT,300,-1,66013
SWAY_OUTPUT,301,-2,66014
SWAY_OUTPUT,302,-2,66015
SWAY_OUTPUT,303,3,66016
SWAY_OUTPUT,304,61,66017
SWAY_OUTPUT,305,61,66018
SWAY_OUTPUT,306,60,66019
SWAY_OUTPUT,307,60,66020
SWAY_OUTPUT,308,60,66021
SWAY_OUTPUT,309,61,66023
SWAY_OUTPUT,310,59,66024
SWAY_OUTPUT,311,59,66025
SWAY_OUTPUT,312,59,66026
SWAY_OUTPUT,313,58,66027
SWAY_OUTPUT,314,60,66028
SWAY_OUTPUT,315,59,66029
SWAY_OUTPUT,316,60,66030
SWAY_OUTPUT,317,57,66031
SWAY_OUTPUT,318,60,66032
SWAY_OUTPUT,319,59,66034
SWAY_OUTPUT,320,62,66035
SWAY_OUTPUT,321,59,66036
SWAY_OUTPUT,322,60,66037
SWAY_OUTPUT,323,-6,66038
SWAY_OUTPUT,324,4,66039
SWAY_OUTPUT,325,14,66040
SWAY_OUTPUT,326,18,66041
SWAY_OUTPUT,327,11,66042
SWAY_OUTPUT,328,10,66043
SWAY_OUTPUT,329,11,66045
SWAY_OUTPUT,330,10,66046
SWAY_OUTPUT,331,6,66047
SWAY_OUTPUT,332,5,66048
SWAY_OUTPUT,333,-5,66049
SWAY_OUTPUT,334,-15,66050
SWAY_OUTPUT,335,-25,66051
SWAY_OUTPUT,336,-28,66052
SWAY_OUTPUT,337,-6,66053
SWAY_OUTPUT,338,-15,66054
SWAY_OUTPUT,339,-27,66056
SWAY_OUTPUT,340,-29,66057
SWAY_OUTPUT,341,12,66058
SWAY_FRAME,5,57804,66058
SWAY_OUTPUT,342,4,66059
SWAY_STALL,6,66060,74252
SWAY_INPUT_FRAME,10,59387,66986
SWAY_OUTPUT,343,4,74252
SWAY_OUTPUT,344,3,74253
SWAY_OUTPUT,345,3,74254
SWAY_OUTPUT,346,10,74255
SWAY_OUTPUT,347,16,74256
SWAY_OUTPUT,348,21,74257
SWAY_OUTPUT,349,-3,74258
SWAY_OUTPUT,350,-10,74259
SWAY_OUTPUT,351,-15,74260
SWAY_OUTPUT,352,7,74262
SWAY_OUTPUT,353,11,74263
SWAY_OUTPUT,354,15,74264
SWAY_OUTPUT,355,15,74265
SWAY_OUTPUT,356,2,74266
SWAY_OUTPUT,357,-2,74267
SWAY_OUTPUT,358,-5,74268
SWAY_OUTPUT,359,-5,74269
SWAY_OUTPUT,360,3,74270
SWAY_OUTPUT,361,63,74271
SWAY_OUTPUT,362,62,74273
SWAY_OUTPUT,363,61,74274
SWAY_OUTPUT,364,61,74275
SWAY_OUTPUT,365,62,74276
SWAY_OUTPUT,366,62,74277
SWAY_OUTPUT,367,60,74278
SWAY_OUTPUT,368,61,74279
SWAY_OUTPUT,369,61,74280
SWAY_OUTPUT,370,60,74281
SWAY_OUTPUT,371,61,74282
SWAY_OUTPUT,372,60,74284
SWAY_OUTPUT,373,61,74285
SWAY_OUTPUT,374,59,74286
SWAY_OUTPUT,375,61,74287
SWAY_OUTPUT,376,61,74288
SWAY_OUTPUT,377,63,74289
SWAY_OUTPUT,378,60,74290
SWAY_OUTPUT,379,61,74291
SWAY_OUTPUT,380,-4,74292
SWAY_OUTPUT,381,6,74293
SWAY_OUTPUT,382,17,74295
SWAY_OUTPUT,383,21,74296
SWAY_OUTPUT,384,13,74297
SWAY_OUTPUT,385,13,74298
SWAY_OUTPUT,386,14,74299
SWAY_OUTPUT,387,13,74300
SWAY_OUTPUT,388,12,74301
SWAY_OUTPUT,389,15,74302
SWAY_OUTPUT,390,-3,74303
SWAY_OUTPUT,391,-14,74304
SWAY_OUTPUT,392,-26,74306
SWAY_OUTPUT,393,-28,74307
SWAY_OUTPUT,394,-3,74308
SWAY_OUTPUT,395,-14,74309
SWAY_OUTPUT,396,-26,74310
SWAY_OUTPUT,397,-28,74311
SWAY_OUTPUT,398,14,74312
SWAY_FRAME,6,66059,74312
SWAY_OUTPUT,399,8,74313
SWAY_STALL,7,74314,82506
SWAY_INPUT_FRAME,11,66987,74586
SWAY_INPUT_FRAME,12,74587,82186
SWAY_OUTPUT,400,9,82506
SWAY_OUTPUT,401,8,82507
SWAY_OUTPUT,402,8,82508
SWAY_OUTPUT,403,14,82509
SWAY_OUTPUT,404,19,82510
SWAY_OUTPUT,405,21,82512
SWAY_OUTPUT,406,3,82513
SWAY_OUTPUT,407,0,82514
SWAY_OUTPUT,408,-3,82515
SWAY_OUTPUT,409,10,82516
SWAY_OUTPUT,410,12,82517
SWAY_OUTPUT,411,12,82518
SWAY_OUTPUT,412,12,82519
SWAY_OUTPUT,413,6,82520
SWAY_OUTPUT,414,3,82521
SWAY_OUTPUT,415,0,82523
SWAY_OUTPUT,416,-1,82524
SWAY_OUTPUT,417,9,82525
SWAY_OUTPUT,418,61,82526
SWAY_OUTPUT,419,62,82527
SWAY_OUTPUT,420,61,82528
SWAY_OUTPUT,421,61,82529
SWAY_OUTPUT,422,61,82530
SWAY_OUTPUT,423,61,82531
SWAY_OUTPUT,424,59,82532
SWAY_OUTPUT,425,60,82534
SWAY_OUTPUT,426,61,82535
SWAY_OUTPUT,427,60,82536
SWAY_OUTPUT,428,60,82537
SWAY_OUTPUT,429,60,82538
SWAY_OUTPUT,430,62,82539
SWAY_OUTPUT,431,60,82540
SWAY_OUTPUT,432,61,82541
SWAY_OUTPUT,433,61,82542
SWAY_OUTPUT,434,62,82543
SWAY_OUTPUT,435,58,82545
SWAY_OUTPUT,436,61,82546
SWAY_OUTPUT,437,-6,82547
SWAY_OUTPUT,438,3,82548
SWAY_OUTPUT,439,14,82549
SWAY_OUTPUT,440,17,82550
SWAY_OUTPUT,441,10,82551
SWAY_OUTPUT,442,7,82552
SWAY_OUTPUT,443,6,82553
SWAY_OUTPUT,444,9,82554
SWAY_OUTPUT,445,4,82556
SWAY_OUTPUT,446,1,82557
SWAY_OUTPUT,447,-6,82558
SWAY_OUTPUT,448,-16,82559
SWAY_OUTPUT,449,-27,82560
SWAY_OUTPUT,450,-29,82561
SWAY_OUTPUT,451,-6,82562
SWAY_OUTPUT,452,-15,82563
SWAY_OUTPUT,453,-26,82564
SWAY_OUTPUT,454,-28,82565
SWAY_OUTPUT,455,11,82567
SWAY_FRAME,7,74313,82567
SWAY_OUTPUT,456,9,82568
SWAY_STALL,8,82569,90761
SWAY_INPUT_FRAME,13,82187,89786
SWAY_OUTPUT,457,9,90762
SWAY_OUTPUT,458,8,90763
SWAY_OUTPUT,459,9,90764
SWAY_OUTPUT,460,15,90765
SWAY_OUTPUT,461,18,90766
SWAY_OUTPUT,462,19,90767
SWAY_OUTPUT,463,4,90768
SWAY_OUTPUT,464,-2,90769
SWAY_OUTPUT,465,-5,90770
SWAY_OUTPUT,466,10,90771
SWAY_OUTPUT,467,11,90773
SWAY_OUTPUT,468,11,90774
SWAY_OUTPUT,469,11,90775
SWAY_OUTPUT,470,6,90776
SWAY_OUTPUT,471,4,90777
SWAY_OUTPUT,472,2,90778
SWAY_OUTPUT,473,2,90779
SWAY_OUTPUT,474,9,90780
SWAY_OUTPUT,475,64,90781
SWAY_OUTPUT,476,65,90782
SWAY_OUTPUT,477,65,90784
SWAY_OUTPUT,478,65,90785
SWAY_OUTPUT,479,65,90786
SWAY_OUTPUT,480,66,90787
SWAY_OUTPUT,481,64,90788
SWAY_OUTPUT,482,64,90789
SWAY_OUTPUT,483,65,90790
SWAY_OUTPUT,484,63,90791
SWAY_OUTPUT,485,63,90792
SWAY_OUTPUT,486,65,90793
SWAY_OUTPUT,487,63,90795
SWAY_OUTPUT,488,61,90796
SWAY_OUTPUT,489,63,90797
SWAY_OUTPUT,490,67,90798
SWAY_OUTPUT,491,66,90799
SWAY_OUTPUT,492,63,90800
SWAY_OUTPUT,493,65,90801
SWAY_OUTPUT,494,-2,90802
SWAY_OUTPUT,495,9,90803
SWAY_OUTPUT,496,20,90804
SWAY_OUTPUT,497,25,90806
SWAY_OUTPUT,498,16,90807
SWAY_OUTPUT,499,9,90808
SWAY_OUTPUT,500,5,90809
SWAY_OUTPUT,501,15,90810
SWAY_OUTPUT,502,12,90811
SWAY_OUTPUT,503,8,90812
SWAY_OUTPUT,504,-1,90813
SWAY_OUTPUT,505,-15,90814
SWAY_OUTPUT,506,-28,90815
SWAY_OUTPUT,507,-30,90817
SWAY_OUTPUT,508,-1,90818
SWAY_OUTPUT,509,-15,90819
SWAY_OUTPUT,510,-25,90820
SWAY_OUTPUT,511,-29,90821
SWAY_OUTPUT,512,17,90822
SWAY_FRAME,8,82568,90822
SWAY_OUTPUT,513,45,90823
SWAY_STALL,9,90824,99016
SWAY_OUTPUT,514,127,99016
SWAY_OUTPUT,515,-30,99017
SWAY_OUTPUT,516,40,99018
SWAY_OUTPUT,517,34,99019
SWAY_OUTPUT,518,87,99020
SWAY_OUTPUT,519,0,99021
SWAY_OUTPUT,520,38,99023
SWAY_OUTPUT,521,77,99024
SWAY_OUTPUT,522,-2,99025
SWAY_OUTPUT,523,28,99026
SWAY_OUTPUT,524,70,99027
SWAY_OUTPUT,525,-24,99028
SWAY_OUTPUT,526,31,99029
SWAY_OUTPUT,527,50,99030
SWAY_OUTPUT,528,123,99031
SWAY_OUTPUT,529,38,99032
SWAY_OUTPUT,530,95,99034
SWAY_OUTPUT,531,56,99035
SWAY_OUTPUT,532,-18,99036
SWAY_OUTPUT,533,-5,99037
SWAY_OUTPUT,534,-13,99038
SWAY_OUTPUT,535,72,99039
SWAY_OUTPUT,536,46,99040
SWAY_OUTPUT,537,35,99041
SWAY_OUTPUT,538,17,99042
SWAY_OUTPUT,539,-75,99043
SWAY_OUTPUT,540,-6,99045
SWAY_OUTPUT,541,-39,99046
SWAY_OUTPUT,542,-28,99047
SWAY_OUTPUT,543,-27,99048
SWAY_OUTPUT,544,-60,99049
SWAY_OUTPUT,545,-2,99050
SWAY_OUTPUT,546,27,99051
SWAY_OUTPUT,547,71,99052
SWAY_OUTPUT,548,117,99053
SWAY_OUTPUT,549,-2,99054
SWAY_OUTPUT,550,-19,99056
SWAY_OUTPUT,551,25,99057
SWAY_OUTPUT,552,34,99058
SWAY_OUTPUT,553,-36,99059
SWAY_OUTPUT,554,21,99060
SWAY_OUTPUT,555,-36,99061
SWAY_OUTPUT,556,96,99062
SWAY_OUTPUT,557,-49,99063
SWAY_OUTPUT,558,50,99064
SWAY_OUTPUT,559,-42,99065
SWAY_OUTPUT,560,-96,99067
SWAY_OUTPUT,561,0,99068
SWAY_OUTPUT,562,27,99069
SWAY_OUTPUT,563,-37,99070
SWAY_OUTPUT,564,77,99071
SWAY_OUTPUT,565,44,99072
SWAY_OUTPUT,566,0,99073
SWAY_OUTPUT,567,-56,99074
SWAY_OUTPUT,568,-77,99075
SWAY_OUTPUT,569,42,99076
SWAY_FRAME,9,90823,99076
SWAY_OUTPUT,570,21,99078
SWAY_STALL,10,99079,107271
SWAY_OUTPUT,571,1,107271
SWAY_OUTPUT,572,5,107273
SWAY_OUTPUT,573,-3,107274
SWAY_OUTPUT,574,23,107275
SWAY_OUTPUT,575,34,107276
SWAY_OUTPUT,576,42,107277
SWAY_OUTPUT,577,-2,107278
SWAY_OUTPUT,578,-9,107279
SWAY_OUTPUT,579,0,107280
SWAY_OUTPUT,580,8,107281
SWAY_OUTPUT,581,16,107282
SWAY_OUTPUT,582,59,107284
SWAY_OUTPUT,583,41,107285
SWAY_OUTPUT,584,9,107286
SWAY_OUTPUT,585,9,107287
SWAY_OUTPUT,586,12,107288
SWAY_OUTPUT,587,20,107289
SWAY_OUTPUT,588,14,107290
SWAY_OUTPUT,589,101,107291
SWAY_OUTPUT,590,109,107292
SWAY_OUTPUT,591,111,107293
SWAY_OUTPUT,592,108,107295
SWAY_OUTPUT,593,118,107296
SWAY_OUTPUT,594,113,107297
SWAY_OUTPUT,595,96,107298
SWAY_OUTPUT,596,121,107299
SWAY_OUTPUT,597,111,107300
SWAY_OUTPUT,598,120,107301
SWAY_OUTPUT,599,99,107302
SWAY_OUTPUT,600,127,107303
SWAY_OUTPUT,601,126,107304
SWAY_OUTPUT,602,112,107306
SWAY_OUTPUT,603,115,107307
SWAY_OUTPUT,604,127,107308
SWAY_OUTPUT,605,98,107309
SWAY_OUTPUT,606,103,107310
SWAY_OUTPUT,607,127,107311
SWAY_OUTPUT,608,35,107312
SWAY_OUTPUT,609,57,107313
SWAY_OUTPUT,610,75,107314
SWAY_OUTPUT,611,88,107315
SWAY_OUTPUT,612,62,107317
SWAY_OUTPUT,613,70,107318
SWAY_OUTPUT,614,104,107319
SWAY_OUTPUT,615,60,107320
SWAY_OUTPUT,616,31,107321
SWAY_OUTPUT,617,8,107322
SWAY_OUTPUT,618,19,107323
SWAY_OUTPUT,619,-29,107324
SWAY_OUTPUT,620,-52,107325
SWAY_OUTPUT,621,-46,107326
SWAY_OUTPUT,622,31,107328
SWAY_OUTPUT,623,-32,107329
SWAY_OUTPUT,624,-54,107330
SWAY_OUTPUT,625,-38,107331
SWAY_OUTPUT,626,68,107332
SWAY_FRAME,10,99078,107332
SWAY_OUTPUT,627,61,107333
SWAY_STALL,11,107334,115526
SWAY_OUTPUT,628,72,115526
SWAY_OUTPUT,629,58,115527
SWAY_OUTPUT,630,63,115528
SWAY_OUTPUT,631,71,115529
SWAY_OUTPUT,632,59,115530
SWAY_OUTPUT,633,17,115531
SWAY_OUTPUT,634,69,115532
SWAY_OUTPUT,635,80,115534
SWAY_OUTPUT,636,102,115535
SWAY_OUTPUT,637,53,115536
SWAY_OUTPUT,638,68,115537
SWAY_OUTPUT,639,58,115538
SWAY_OUTPUT,640,56,115539
SWAY_OUTPUT,641,48,115540
SWAY_OUTPUT,642,37,115541
SWAY_OUTPUT,643,13,115542
SWAY_OUTPUT,644,20,115543
SWAY_OUTPUT,645,73,115545
SWAY_OUTPUT,646,118,115546
SWAY_OUTPUT,647,127,115547
SWAY_OUTPUT,648,127,115548
SWAY_OUTPUT,649,127,115549
SWAY_OUTPUT,650,127,115550
SWAY_OUTPUT,651,116,115551
SWAY_OUTPUT,652,88,115552
SWAY_OUTPUT,653,127,115553
SWAY_OUTPUT,654,120,115554
SWAY_OUTPUT,655,119,115556
SWAY_OUTPUT,656,127,115557
SWAY_OUTPUT,657,110,115558
SWAY_OUTPUT,658,121,115559
SWAY_OUTPUT,659,118,115560
SWAY_OUTPUT,660,127,115561
SWAY_OUTPUT,661,127,115562
SWAY_OUTPUT,662,127,115563
SWAY_OUTPUT,663,127,115564
SWAY_OUTPUT,664,127,115565
SWAY_OUTPUT,665,-21,115567
SWAY_OUTPUT,666,-2,115568
SWAY_OUTPUT,667,32,115569
SWAY_OUTPUT,668,32,115570
SWAY_OUTPUT,669,17,115571
SWAY_OUTPUT,670,-14,115572
SWAY_OUTPUT,671,-22,115573
SWAY_OUTPUT,672,-12,115574
SWAY_OUTPUT,673,-47,115575
SWAY_OUTPUT,674,-38,115576
SWAY_OUTPUT,675,-36,115578
SWAY_OUTPUT,676,-46,115579
SWAY_OUTPUT,677,-81,115580
SWAY_OUTPUT,678,-67,115581
SWAY_OUTPUT,679,-17,115582
SWAY_OUTPUT,680,-41,115583
SWAY_OUTPUT,681,-65,115584
SWAY_OUTPUT,682,-78,115585
SWAY_OUTPUT,683,21,115586
SWAY_FRAME,11,107333,115586
SWAY_OUTPUT,684,7,115587
SWAY_STALL,12,115588,123780
SWAY_OUTPUT,685,7,123780
SWAY_OUTPUT,686,6,123781
SWAY_OUTPUT,687,6,123782
SWAY_OUTPUT,688,12,123784
SWAY_OUTPUT,689,16,123785
SWAY_OUTPUT,690,19,123786
SWAY_OUTPUT,691,1,123787
SWAY_OUTPUT,692,-2,123788
SWAY_OUTPUT,693,-3,123789
SWAY_OUTPUT,694,9,123790
SWAY_OUTPUT,695,10,123791
SWAY_OUTPUT,696,11,123792
SWAY_OUTPUT,697,11,123793
SWAY_OUTPUT,698,4,123795
SWAY_OUTPUT,699,2,123796
SWAY_OUTPUT,700,0,123797
SWAY_OUTPUT,701,0,123798
SWAY_OUTPUT,702,7,123799
SWAY_OUTPUT,703,63,123800
SWAY_OUTPUT,704,63,123801
SWAY_OUTPUT,705,63,123802
SWAY_OUTPUT,706,62,123803
SWAY_OUTPUT,707,62,123804
SWAY_OUTPUT,708,63,123806
SWAY_OUTPUT,709,61,123807
SWAY_OUTPUT,710,62,123808
SWAY_OUTPUT,711,63,123809
SWAY_OUTPUT,712,61,123810
SWAY_OUTPUT,713,62,123811
SWAY_OUTPUT,714,62,123812
SWAY_OUTPUT,715,63,123813
SWAY_OUTPUT,716,61,123814
SWAY_OUTPUT,717,62,123815
SWAY_OUTPUT,718,62,123817
SWAY_OUTPUT,719,63,123818
SWAY_OUTPUT,720,60,123819
SWAY_OUTPUT,721,63,123820
SWAY_OUTPUT,722,-7,123821
SWAY_OUTPUT,723,2,123822
SWAY_OUTPUT,724,13,123823
SWAY_OUTPUT,725,17,123824
SWAY_OUTPUT,726,9,123825
SWAY_OUTPUT,727,5,123826
SWAY_OUTPUT,728,2,123828
SWAY_OUTPUT,729,9,123829
SWAY_OUTPUT,730,2,123830
SWAY_OUTPUT,731,-4,123831
SWAY_OUTPUT,732,-7,123832
SWAY_OUTPUT,733,-17,123833
SWAY_OUTPUT,734,-28,123834
SWAY_OUTPUT,735,-29,123835
SWAY_OUTPUT,736,-7,123836
SWAY_OUTPUT,737,-16,123837
SWAY_OUTPUT,738,-27,123839
SWAY_OUTPUT,739,-29,123840
SWAY_OUTPUT,740,10,123841
SWAY_FRAME,12,115587,123841
SWAY_OUTPUT,741,7,123842
SWAY_STALL,13,123843,132035
SWAY_OUTPUT,742,7,132035
SWAY_OUTPUT,743,6,132036
SWAY_OUTPUT,744,6,132037
SWAY_OUTPUT,745,12,132038
SWAY_OUTPUT,746,16,132039
SWAY_OUTPUT,747,19,132040
SWAY_OUTPUT,748,1,132041
SWAY_OUTPUT,749,-2,132042
SWAY_OUTPUT,750,-3,132043
SWAY_OUTPUT,751,9,132045
SWAY_OUTPUT,752,10,132046
SWAY_OUTPUT,753,11,132047
SWAY_OUTPUT,754,11,132048
SWAY_OUTPUT,755,4,132049
SWAY_OUTPUT,756,2,132050
SWAY_OUTPUT,757,0,132051
SWAY_OUTPUT,758,0,132052
SWAY_OUTPUT,759,7,132053
SWAY_OUTPUT,760,63,132054
SWAY_OUTPUT,761,63,132056
SWAY_OUTPUT,762,63,132057
SWAY_OUTPUT,763,62,132058
SWAY_OUTPUT,764,62,132059
SWAY_OUTPUT,765,63,132060
SWAY_OUTPUT,766,61,132061
SWAY_OUTPUT,767,62,132062
SWAY_OUTPUT,768,63,132063
SWAY_OUTPUT,769,61,132064
SWAY_OUTPUT,770,62,132065
SWAY_OUTPUT,771,62,132067
SWAY_OUTPUT,772,63,132068
SWAY_OUTPUT,773,61,132069
SWAY_OUTPUT,774,62,132070
SWAY_OUTPUT,775,62,132071
SWAY_OUTPUT,776,63,132072
SWAY_OUTPUT,777,60,132073
SWAY_OUTPUT,778,63,132074
SWAY_OUTPUT,779,-7,132075
SWAY_OUTPUT,780,2,132076
SWAY_OUTPUT,781,13,132078
SWAY_OUTPUT,782,17,132079
SWAY_OUTPUT,783,9,132080
SWAY_OUTPUT,784,5,132081
SWAY_OUTPUT,785,2,132082
SWAY_OUTPUT,786,9,132083
SWAY_OUTPUT,787,2,132084
SWAY_OUTPUT,788,-4,132085
SWAY_OUTPUT,789,-7,132086
SWAY_OUTPUT,790,-17,132087
SWAY_OUTPUT,791,-28,132089
SWAY_OUTPUT,792,-29,132090
SWAY_OUTPUT,793,-7,132091
SWAY_OUTPUT,794,-16,132092
SWAY_OUTPUT,795,-27,132093
SWAY_OUTPUT,796,-29,132094
SWAY_OUTPUT,797,10,132095
SWAY_FRAME,13,123842,132095
SWAY_PASS frames=14 outputs=798 cycles=134144 drain_cycles=2048
- mkTbSway.v:63653: Verilog $finish
- S i m u l a t i o n   R e p o r t: Verilator 5.053 devel
- Verilator: $finish at 1us; walltime 1.302 s; speed 1.030 us/s
- Verilator: cpu 1.065 s on 1 threads; allocated 3 MB
