SWAY_INPUT_FRAME,0,0,319
SWAY_INPUT_FRAME,1,320,639
SWAY_INPUT_FRAME,2,640,12255
SWAY_OUTPUT,0,13,24100
SWAY_OUTPUT,1,13,24101
SWAY_OUTPUT,2,13,24102
SWAY_OUTPUT,3,13,24103
SWAY_OUTPUT,4,25,24104
SWAY_OUTPUT,5,36,24105
SWAY_OUTPUT,6,45,24106
SWAY_OUTPUT,7,2,24107
SWAY_OUTPUT,8,-6,24108
SWAY_OUTPUT,9,-12,24109
SWAY_OUTPUT,10,18,24110
SWAY_OUTPUT,11,21,24111
SWAY_OUTPUT,12,22,24112
SWAY_OUTPUT,13,23,24113
SWAY_OUTPUT,14,8,24114
SWAY_OUTPUT,15,2,24115
SWAY_OUTPUT,16,-2,24116
SWAY_OUTPUT,17,-4,24117
SWAY_OUTPUT,18,13,24118
SWAY_OUTPUT,19,126,24119
SWAY_OUTPUT,20,127,24120
SWAY_OUTPUT,21,125,24121
SWAY_OUTPUT,22,126,24122
SWAY_OUTPUT,23,126,24123
SWAY_OUTPUT,24,127,24124
SWAY_OUTPUT,25,126,24125
SWAY_OUTPUT,26,124,24126
SWAY_OUTPUT,27,124,24127
SWAY_OUTPUT,28,121,24128
SWAY_OUTPUT,29,125,24129
SWAY_OUTPUT,30,124,24130
SWAY_OUTPUT,31,127,24131
SWAY_OUTPUT,32,120,24132
SWAY_OUTPUT,33,124,24133
SWAY_OUTPUT,34,125,24134
SWAY_OUTPUT,35,127,24135
SWAY_OUTPUT,36,123,24136
SWAY_OUTPUT,37,127,24137
SWAY_OUTPUT,38,-15,24138
SWAY_OUTPUT,39,6,24139
SWAY_OUTPUT,40,25,24140
SWAY_OUTPUT,41,34,24141
SWAY_OUTPUT,42,18,24142
SWAY_OUTPUT,43,12,24143
SWAY_OUTPUT,44,7,24144
SWAY_OUTPUT,45,17,24145
SWAY_OUTPUT,46,6,24146
SWAY_OUTPUT,47,-5,24147
SWAY_OUTPUT,48,-14,24148
SWAY_OUTPUT,49,-33,24149
SWAY_OUTPUT,50,-56,24150
SWAY_OUTPUT,51,-58,24151
SWAY_OUTPUT,52,-14,24152
SWAY_OUTPUT,53,-32,24153
SWAY_OUTPUT,54,-54,24154
SWAY_OUTPUT,55,-58,24155
SWAY_OUTPUT,56,20,24156
SWAY_FRAME,0,24100,24156
SWAY_INPUT_FRAME,3,12256,29175
SWAY_OUTPUT,57,11,41020
SWAY_OUTPUT,58,11,41021
SWAY_OUTPUT,59,11,41022
SWAY_OUTPUT,60,11,41023
SWAY_OUTPUT,61,23,41024
SWAY_OUTPUT,62,32,41025
SWAY_OUTPUT,63,40,41026
SWAY_OUTPUT,64,-1,41027
SWAY_OUTPUT,65,-9,41028
SWAY_OUTPUT,66,-16,41029
SWAY_OUTPUT,67,16,41030
SWAY_OUTPUT,68,20,41031
SWAY_OUTPUT,69,22,41032
SWAY_OUTPUT,70,24,41033
SWAY_OUTPUT,71,6,41034
SWAY_OUTPUT,72,1,41035
SWAY_OUTPUT,73,-3,41036
SWAY_OUTPUT,74,-5,41037
SWAY_OUTPUT,75,11,41038
SWAY_OUTPUT,76,126,41039
SWAY_OUTPUT,77,127,41040
SWAY_OUTPUT,78,126,41041
SWAY_OUTPUT,79,126,41042
SWAY_OUTPUT,80,126,41043
SWAY_OUTPUT,81,127,41044
SWAY_OUTPUT,82,125,41045
SWAY_OUTPUT,83,124,41046
SWAY_OUTPUT,84,125,41047
SWAY_OUTPUT,85,123,41048
SWAY_OUTPUT,86,124,41049
SWAY_OUTPUT,87,125,41050
SWAY_OUTPUT,88,126,41051
SWAY_OUTPUT,89,119,41052
SWAY_OUTPUT,90,124,41053
SWAY_OUTPUT,91,126,41054
SWAY_OUTPUT,92,127,41055
SWAY_OUTPUT,93,124,41056
SWAY_OUTPUT,94,127,41057
SWAY_OUTPUT,95,-10,41058
SWAY_OUTPUT,96,12,41059
SWAY_OUTPUT,97,32,41060
SWAY_OUTPUT,98,41,41061
SWAY_OUTPUT,99,24,41062
SWAY_OUTPUT,100,15,41063
SWAY_OUTPUT,101,7,41064
SWAY_OUTPUT,102,23,41065
SWAY_OUTPUT,103,13,41066
SWAY_OUTPUT,104,3,41067
SWAY_OUTPUT,105,-9,41068
SWAY_OUTPUT,106,-31,41069
SWAY_OUTPUT,107,-54,41070
SWAY_OUTPUT,108,-58,41071
SWAY_OUTPUT,109,-9,41072
SWAY_OUTPUT,110,-30,41073
SWAY_OUTPUT,111,-53,41074
SWAY_OUTPUT,112,-57,41075
SWAY_OUTPUT,113,27,41076
SWAY_FRAME,1,41020,41076
SWAY_INPUT_FRAME,4,29176,46095
SWAY_OUTPUT,114,10,57940
SWAY_OUTPUT,115,10,57941
SWAY_OUTPUT,116,10,57942
SWAY_OUTPUT,117,10,57943
SWAY_OUTPUT,118,21,57944
SWAY_OUTPUT,119,29,57945
SWAY_OUTPUT,120,38,57946
SWAY_OUTPUT,121,-1,57947
SWAY_OUTPUT,122,-8,57948
SWAY_OUTPUT,123,-15,57949
SWAY_OUTPUT,124,16,57950
SWAY_OUTPUT,125,18,57951
SWAY_OUTPUT,126,19,57952
SWAY_OUTPUT,127,20,57953
SWAY_OUTPUT,128,6,57954
SWAY_OUTPUT,129,3,57955
SWAY_OUTPUT,130,2,57956
SWAY_OUTPUT,131,1,57957
SWAY_OUTPUT,132,10,57958
SWAY_OUTPUT,133,127,57959
SWAY_OUTPUT,134,127,57960
SWAY_OUTPUT,135,127,57961
SWAY_OUTPUT,136,127,57962
SWAY_OUTPUT,137,127,57963
SWAY_OUTPUT,138,127,57964
SWAY_OUTPUT,139,127,57965
SWAY_OUTPUT,140,127,57966
SWAY_OUTPUT,141,127,57967
SWAY_OUTPUT,142,125,57968
SWAY_OUTPUT,143,127,57969
SWAY_OUTPUT,144,127,57970
SWAY_OUTPUT,145,127,57971
SWAY_OUTPUT,146,124,57972
SWAY_OUTPUT,147,127,57973
SWAY_OUTPUT,148,127,57974
SWAY_OUTPUT,149,127,57975
SWAY_OUTPUT,150,125,57976
SWAY_OUTPUT,151,127,57977
SWAY_OUTPUT,152,-18,57978
SWAY_OUTPUT,153,2,57979
SWAY_OUTPUT,154,22,57980
SWAY_OUTPUT,155,30,57981
SWAY_OUTPUT,156,14,57982
SWAY_OUTPUT,157,5,57983
SWAY_OUTPUT,158,-5,57984
SWAY_OUTPUT,159,14,57985
SWAY_OUTPUT,160,2,57986
SWAY_OUTPUT,161,-10,57987
SWAY_OUTPUT,162,-17,57988
SWAY_OUTPUT,163,-34,57989
SWAY_OUTPUT,164,-57,57990
SWAY_OUTPUT,165,-60,57991
SWAY_OUTPUT,166,-17,57992
SWAY_OUTPUT,167,-34,57993
SWAY_OUTPUT,168,-56,57994
SWAY_OUTPUT,169,-60,57995
SWAY_OUTPUT,170,17,57996
SWAY_FRAME,2,57940,57996
SWAY_INPUT_FRAME,5,46096,63015
SWAY_OUTPUT,171,11,74860
SWAY_OUTPUT,172,10,74861
SWAY_OUTPUT,173,10,74862
SWAY_OUTPUT,174,10,74863
SWAY_OUTPUT,175,22,74864
SWAY_OUTPUT,176,32,74865
SWAY_OUTPUT,177,39,74866
SWAY_OUTPUT,178,-2,74867
SWAY_OUTPUT,179,-11,74868
SWAY_OUTPUT,180,-15,74869
SWAY_OUTPUT,181,16,74870
SWAY_OUTPUT,182,20,74871
SWAY_OUTPUT,183,22,74872
SWAY_OUTPUT,184,24,74873
SWAY_OUTPUT,185,6,74874
SWAY_OUTPUT,186,3,74875
SWAY_OUTPUT,187,2,74876
SWAY_OUTPUT,188,0,74877
SWAY_OUTPUT,189,10,74878
SWAY_OUTPUT,190,125,74879
SWAY_OUTPUT,191,126,74880
SWAY_OUTPUT,192,126,74881
SWAY_OUTPUT,193,127,74882
SWAY_OUTPUT,194,127,74883
SWAY_OUTPUT,195,127,74884
SWAY_OUTPUT,196,125,74885
SWAY_OUTPUT,197,125,74886
SWAY_OUTPUT,198,125,74887
SWAY_OUTPUT,199,122,74888
SWAY_OUTPUT,200,123,74889
SWAY_OUTPUT,201,126,74890
SWAY_OUTPUT,202,126,74891
SWAY_OUTPUT,203,119,74892
SWAY_OUTPUT,204,123,74893
SWAY_OUTPUT,205,126,74894
SWAY_OUTPUT,206,127,74895
SWAY_OUTPUT,207,123,74896
SWAY_OUTPUT,208,127,74897
SWAY_OUTPUT,209,-7,74898
SWAY_OUTPUT,210,15,74899
SWAY_OUTPUT,211,36,74900
SWAY_OUTPUT,212,45,74901
SWAY_OUTPUT,213,28,74902
SWAY_OUTPUT,214,21,74903
SWAY_OUTPUT,215,16,74904
SWAY_OUTPUT,216,27,74905
SWAY_OUTPUT,217,18,74906
SWAY_OUTPUT,218,10,74907
SWAY_OUTPUT,219,-6,74908
SWAY_OUTPUT,220,-31,74909
SWAY_OUTPUT,221,-54,74910
SWAY_OUTPUT,222,-58,74911
SWAY_OUTPUT,223,-6,74912
SWAY_OUTPUT,224,-31,74913
SWAY_OUTPUT,225,-55,74914
SWAY_OUTPUT,226,-60,74915
SWAY_OUTPUT,227,31,74916
SWAY_FRAME,3,74860,74916
SWAY_INPUT_FRAME,6,63016,79935
SWAY_OUTPUT,228,12,91780
SWAY_OUTPUT,229,14,91781
SWAY_OUTPUT,230,16,91782
SWAY_OUTPUT,231,14,91783
SWAY_OUTPUT,232,26,91784
SWAY_OUTPUT,233,38,91785
SWAY_OUTPUT,234,48,91786
SWAY_OUTPUT,235,3,91787
SWAY_OUTPUT,236,-12,91788
SWAY_OUTPUT,237,-28,91789
SWAY_OUTPUT,238,18,91790
SWAY_OUTPUT,239,21,91791
SWAY_OUTPUT,240,23,91792
SWAY_OUTPUT,241,24,91793
SWAY_OUTPUT,242,8,91794
SWAY_OUTPUT,243,-5,91795
SWAY_OUTPUT,244,-15,91796
SWAY_OUTPUT,245,-18,91797
SWAY_OUTPUT,246,15,91798
SWAY_OUTPUT,247,127,91799
SWAY_OUTPUT,248,127,91800
SWAY_OUTPUT,249,126,91801
SWAY_OUTPUT,250,127,91802
SWAY_OUTPUT,251,124,91803
SWAY_OUTPUT,252,123,91804
SWAY_OUTPUT,253,120,91805
SWAY_OUTPUT,254,127,91806
SWAY_OUTPUT,255,127,91807
SWAY_OUTPUT,256,127,91808
SWAY_OUTPUT,257,127,91809
SWAY_OUTPUT,258,127,91810
SWAY_OUTPUT,259,127,91811
SWAY_OUTPUT,260,127,91812
SWAY_OUTPUT,261,127,91813
SWAY_OUTPUT,262,124,91814
SWAY_OUTPUT,263,124,91815
SWAY_OUTPUT,264,118,91816
SWAY_OUTPUT,265,127,91817
SWAY_OUTPUT,266,-12,91818
SWAY_OUTPUT,267,9,91819
SWAY_OUTPUT,268,29,91820
SWAY_OUTPUT,269,38,91821
SWAY_OUTPUT,270,20,91822
SWAY_OUTPUT,271,14,91823
SWAY_OUTPUT,272,9,91824
SWAY_OUTPUT,273,22,91825
SWAY_OUTPUT,274,20,91826
SWAY_OUTPUT,275,19,91827
SWAY_OUTPUT,276,-12,91828
SWAY_OUTPUT,277,-32,91829
SWAY_OUTPUT,278,-57,91830
SWAY_OUTPUT,279,-60,91831
SWAY_OUTPUT,280,-10,91832
SWAY_OUTPUT,281,-27,91833
SWAY_OUTPUT,282,-50,91834
SWAY_OUTPUT,283,-53,91835
SWAY_OUTPUT,284,24,91836
SWAY_FRAME,4,91780,91836
SWAY_INPUT_FRAME,7,79936,96855
SWAY_OUTPUT,285,8,108700
SWAY_OUTPUT,286,7,108701
SWAY_OUTPUT,287,7,108702
SWAY_OUTPUT,288,7,108703
SWAY_OUTPUT,289,19,108704
SWAY_OUTPUT,290,33,108705
SWAY_OUTPUT,291,40,108706
SWAY_OUTPUT,292,-5,108707
SWAY_OUTPUT,293,-16,108708
SWAY_OUTPUT,294,-21,108709
SWAY_OUTPUT,295,13,108710
SWAY_OUTPUT,296,19,108711
SWAY_OUTPUT,297,24,108712
SWAY_OUTPUT,298,26,108713
SWAY_OUTPUT,299,3,108714
SWAY_OUTPUT,300,-2,108715
SWAY_OUTPUT,301,-4,108716
SWAY_OUTPUT,302,-6,108717
SWAY_OUTPUT,303,8,108718
SWAY_OUTPUT,304,124,108719
SWAY_OUTPUT,305,125,108720
SWAY_OUTPUT,306,124,108721
SWAY_OUTPUT,307,125,108722
SWAY_OUTPUT,308,124,108723
SWAY_OUTPUT,309,126,108724
SWAY_OUTPUT,310,122,108725
SWAY_OUTPUT,311,123,108726
SWAY_OUTPUT,312,124,108727
SWAY_OUTPUT,313,121,108728
SWAY_OUTPUT,314,122,108729
SWAY_OUTPUT,315,123,108730
SWAY_OUTPUT,316,125,108731
SWAY_OUTPUT,317,117,108732
SWAY_OUTPUT,318,122,108733
SWAY_OUTPUT,319,122,108734
SWAY_OUTPUT,320,126,108735
SWAY_OUTPUT,321,121,108736
SWAY_OUTPUT,322,125,108737
SWAY_OUTPUT,323,-10,108738
SWAY_OUTPUT,324,12,108739
SWAY_OUTPUT,325,32,108740
SWAY_OUTPUT,326,41,108741
SWAY_OUTPUT,327,24,108742
SWAY_OUTPUT,328,22,108743
SWAY_OUTPUT,329,26,108744
SWAY_OUTPUT,330,23,108745
SWAY_OUTPUT,331,18,108746
SWAY_OUTPUT,332,17,108747
SWAY_OUTPUT,333,-9,108748
SWAY_OUTPUT,334,-31,108749
SWAY_OUTPUT,335,-54,108750
SWAY_OUTPUT,336,-57,108751
SWAY_OUTPUT,337,-9,108752
SWAY_OUTPUT,338,-30,108753
SWAY_OUTPUT,339,-54,108754
SWAY_OUTPUT,340,-58,108755
SWAY_OUTPUT,341,27,108756
SWAY_FRAME,5,108700,108756
SWAY_INPUT_FRAME,8,96856,113775
SWAY_OUTPUT,342,7,125620
SWAY_OUTPUT,343,6,125621
SWAY_OUTPUT,344,5,125622
SWAY_OUTPUT,345,4,125623
SWAY_OUTPUT,346,17,125624
SWAY_OUTPUT,347,32,125625
SWAY_OUTPUT,348,42,125626
SWAY_OUTPUT,349,-7,125627
SWAY_OUTPUT,350,-20,125628
SWAY_OUTPUT,351,-29,125629
SWAY_OUTPUT,352,12,125630
SWAY_OUTPUT,353,21,125631
SWAY_OUTPUT,354,29,125632
SWAY_OUTPUT,355,32,125633
SWAY_OUTPUT,356,2,125634
SWAY_OUTPUT,357,-5,125635
SWAY_OUTPUT,358,-7,125636
SWAY_OUTPUT,359,-9,125637
SWAY_OUTPUT,360,5,125638
SWAY_OUTPUT,361,127,125639
SWAY_OUTPUT,362,127,125640
SWAY_OUTPUT,363,127,125641
SWAY_OUTPUT,364,127,125642
SWAY_OUTPUT,365,127,125643
SWAY_OUTPUT,366,127,125644
SWAY_OUTPUT,367,124,125645
SWAY_OUTPUT,368,127,125646
SWAY_OUTPUT,369,127,125647
SWAY_OUTPUT,370,126,125648
SWAY_OUTPUT,371,127,125649
SWAY_OUTPUT,372,127,125650
SWAY_OUTPUT,373,127,125651
SWAY_OUTPUT,374,123,125652
SWAY_OUTPUT,375,127,125653
SWAY_OUTPUT,376,126,125654
SWAY_OUTPUT,377,127,125655
SWAY_OUTPUT,378,123,125656
SWAY_OUTPUT,379,127,125657
SWAY_OUTPUT,380,-11,125658
SWAY_OUTPUT,381,10,125659
SWAY_OUTPUT,382,30,125660
SWAY_OUTPUT,383,39,125661
SWAY_OUTPUT,384,23,125662
SWAY_OUTPUT,385,21,125663
SWAY_OUTPUT,386,23,125664
SWAY_OUTPUT,387,22,125665
SWAY_OUTPUT,388,18,125666
SWAY_OUTPUT,389,16,125667
SWAY_OUTPUT,390,-10,125668
SWAY_OUTPUT,391,-29,125669
SWAY_OUTPUT,392,-53,125670
SWAY_OUTPUT,393,-57,125671
SWAY_OUTPUT,394,-10,125672
SWAY_OUTPUT,395,-30,125673
SWAY_OUTPUT,396,-55,125674
SWAY_OUTPUT,397,-59,125675
SWAY_OUTPUT,398,25,125676
SWAY_FRAME,6,125620,125676
SWAY_INPUT_FRAME,9,113776,130695
SWAY_OUTPUT,399,18,142540
SWAY_OUTPUT,400,19,142541
SWAY_OUTPUT,401,20,142542
SWAY_OUTPUT,402,21,142543
SWAY_OUTPUT,403,31,142544
SWAY_OUTPUT,404,41,142545
SWAY_OUTPUT,405,50,142546
SWAY_OUTPUT,406,9,142547
SWAY_OUTPUT,407,-4,142548
SWAY_OUTPUT,408,-16,142549
SWAY_OUTPUT,409,24,142550
SWAY_OUTPUT,410,27,142551
SWAY_OUTPUT,411,25,142552
SWAY_OUTPUT,412,27,142553
SWAY_OUTPUT,413,13,142554
SWAY_OUTPUT,414,5,142555
SWAY_OUTPUT,415,-4,142556
SWAY_OUTPUT,416,-7,142557
SWAY_OUTPUT,417,20,142558
SWAY_OUTPUT,418,125,142559
SWAY_OUTPUT,419,126,142560
SWAY_OUTPUT,420,124,142561
SWAY_OUTPUT,421,125,142562
SWAY_OUTPUT,422,124,142563
SWAY_OUTPUT,423,127,142564
SWAY_OUTPUT,424,124,142565
SWAY_OUTPUT,425,123,142566
SWAY_OUTPUT,426,124,142567
SWAY_OUTPUT,427,122,142568
SWAY_OUTPUT,428,124,142569
SWAY_OUTPUT,429,122,142570
SWAY_OUTPUT,430,126,142571
SWAY_OUTPUT,431,119,142572
SWAY_OUTPUT,432,124,142573
SWAY_OUTPUT,433,125,142574
SWAY_OUTPUT,434,127,142575
SWAY_OUTPUT,435,123,142576
SWAY_OUTPUT,436,125,142577
SWAY_OUTPUT,437,-15,142578
SWAY_OUTPUT,438,6,142579
SWAY_OUTPUT,439,26,142580
SWAY_OUTPUT,440,34,142581
SWAY_OUTPUT,441,17,142582
SWAY_OUTPUT,442,9,142583
SWAY_OUTPUT,443,0,142584
SWAY_OUTPUT,444,18,142585
SWAY_OUTPUT,445,12,142586
SWAY_OUTPUT,446,5,142587
SWAY_OUTPUT,447,-14,142588
SWAY_OUTPUT,448,-33,142589
SWAY_OUTPUT,449,-56,142590
SWAY_OUTPUT,450,-59,142591
SWAY_OUTPUT,451,-13,142592
SWAY_OUTPUT,452,-31,142593
SWAY_OUTPUT,453,-52,142594
SWAY_OUTPUT,454,-55,142595
SWAY_OUTPUT,455,21,142596
SWAY_FRAME,7,142540,142596
SWAY_INPUT_FRAME,10,130696,147615
SWAY_OUTPUT,456,10,159460
SWAY_OUTPUT,457,10,159461
SWAY_OUTPUT,458,10,159462
SWAY_OUTPUT,459,10,159463
SWAY_OUTPUT,460,22,159464
SWAY_OUTPUT,461,32,159465
SWAY_OUTPUT,462,36,159466
SWAY_OUTPUT,463,-2,159467
SWAY_OUTPUT,464,-16,159468
SWAY_OUTPUT,465,-23,159469
SWAY_OUTPUT,466,15,159470
SWAY_OUTPUT,467,19,159471
SWAY_OUTPUT,468,22,159472
SWAY_OUTPUT,469,24,159473
SWAY_OUTPUT,470,5,159474
SWAY_OUTPUT,471,-1,159475
SWAY_OUTPUT,472,-3,159476
SWAY_OUTPUT,473,-5,159477
SWAY_OUTPUT,474,10,159478
SWAY_OUTPUT,475,124,159479
SWAY_OUTPUT,476,124,159480
SWAY_OUTPUT,477,123,159481
SWAY_OUTPUT,478,124,159482
SWAY_OUTPUT,479,123,159483
SWAY_OUTPUT,480,125,159484
SWAY_OUTPUT,481,120,159485
SWAY_OUTPUT,482,123,159486
SWAY_OUTPUT,483,123,159487
SWAY_OUTPUT,484,121,159488
SWAY_OUTPUT,485,122,159489
SWAY_OUTPUT,486,122,159490
SWAY_OUTPUT,487,125,159491
SWAY_OUTPUT,488,117,159492
SWAY_OUTPUT,489,122,159493
SWAY_OUTPUT,490,122,159494
SWAY_OUTPUT,491,125,159495
SWAY_OUTPUT,492,120,159496
SWAY_OUTPUT,493,124,159497
SWAY_OUTPUT,494,-10,159498
SWAY_OUTPUT,495,12,159499
SWAY_OUTPUT,496,32,159500
SWAY_OUTPUT,497,41,159501
SWAY_OUTPUT,498,24,159502
SWAY_OUTPUT,499,17,159503
SWAY_OUTPUT,500,17,159504
SWAY_OUTPUT,501,24,159505
SWAY_OUTPUT,502,22,159506
SWAY_OUTPUT,503,25,159507
SWAY_OUTPUT,504,-9,159508
SWAY_OUTPUT,505,-32,159509
SWAY_OUTPUT,506,-55,159510
SWAY_OUTPUT,507,-59,159511
SWAY_OUTPUT,508,-9,159512
SWAY_OUTPUT,509,-31,159513
SWAY_OUTPUT,510,-54,159514
SWAY_OUTPUT,511,-59,159515
SWAY_OUTPUT,512,27,159516
SWAY_FRAME,8,159460,159516
SWAY_INPUT_FRAME,11,147616,164535
SWAY_OUTPUT,513,47,176380
SWAY_OUTPUT,514,49,176381
SWAY_OUTPUT,515,52,176382
SWAY_OUTPUT,516,51,176383
SWAY_OUTPUT,517,57,176384
SWAY_OUTPUT,518,52,176385
SWAY_OUTPUT,519,71,176386
SWAY_OUTPUT,520,42,176387
SWAY_OUTPUT,521,49,176388
SWAY_OUTPUT,522,7,176389
SWAY_OUTPUT,523,52,176390
SWAY_OUTPUT,524,46,176391
SWAY_OUTPUT,525,34,176392
SWAY_OUTPUT,526,36,176393
SWAY_OUTPUT,527,43,176394
SWAY_OUTPUT,528,49,176395
SWAY_OUTPUT,529,40,176396
SWAY_OUTPUT,530,40,176397
SWAY_OUTPUT,531,51,176398
SWAY_OUTPUT,532,127,176399
SWAY_OUTPUT,533,127,176400
SWAY_OUTPUT,534,127,176401
SWAY_OUTPUT,535,127,176402
SWAY_OUTPUT,536,127,176403
SWAY_OUTPUT,537,127,176404
SWAY_OUTPUT,538,127,176405
SWAY_OUTPUT,539,127,176406
SWAY_OUTPUT,540,127,176407
SWAY_OUTPUT,541,127,176408
SWAY_OUTPUT,542,127,176409
SWAY_OUTPUT,543,127,176410
SWAY_OUTPUT,544,127,176411
SWAY_OUTPUT,545,127,176412
SWAY_OUTPUT,546,127,176413
SWAY_OUTPUT,547,127,176414
SWAY_OUTPUT,548,127,176415
SWAY_OUTPUT,549,127,176416
SWAY_OUTPUT,550,127,176417
SWAY_OUTPUT,551,23,176418
SWAY_OUTPUT,552,58,176419
SWAY_OUTPUT,553,90,176420
SWAY_OUTPUT,554,104,176421
SWAY_OUTPUT,555,64,176422
SWAY_OUTPUT,556,27,176423
SWAY_OUTPUT,557,3,176424
SWAY_OUTPUT,558,69,176425
SWAY_OUTPUT,559,1,176426
SWAY_OUTPUT,560,-45,176427
SWAY_OUTPUT,561,23,176428
SWAY_OUTPUT,562,-36,176429
SWAY_OUTPUT,563,-94,176430
SWAY_OUTPUT,564,-111,176431
SWAY_OUTPUT,565,25,176432
SWAY_OUTPUT,566,-40,176433
SWAY_OUTPUT,567,-84,176434
SWAY_OUTPUT,568,-90,176435
SWAY_OUTPUT,569,81,176436
SWAY_FRAME,9,176380,176436
SWAY_INPUT_FRAME,12,164536,181455
SWAY_OUTPUT,570,0,193300
SWAY_OUTPUT,571,3,193301
SWAY_OUTPUT,572,6,193302
SWAY_OUTPUT,573,8,193303
SWAY_OUTPUT,574,20,193304
SWAY_OUTPUT,575,18,193305
SWAY_OUTPUT,576,-24,193306
SWAY_OUTPUT,577,-6,193307
SWAY_OUTPUT,578,-17,193308
SWAY_OUTPUT,579,14,193309
SWAY_OUTPUT,580,5,193310
SWAY_OUTPUT,581,-2,193311
SWAY_OUTPUT,582,-2,193312
SWAY_OUTPUT,583,-8,193313
SWAY_OUTPUT,584,-4,193314
SWAY_OUTPUT,585,-26,193315
SWAY_OUTPUT,586,-29,193316
SWAY_OUTPUT,587,-35,193317
SWAY_OUTPUT,588,5,193318
SWAY_OUTPUT,589,20,193319
SWAY_OUTPUT,590,19,193320
SWAY_OUTPUT,591,18,193321
SWAY_OUTPUT,592,17,193322
SWAY_OUTPUT,593,30,193323
SWAY_OUTPUT,594,43,193324
SWAY_OUTPUT,595,46,193325
SWAY_OUTPUT,596,17,193326
SWAY_OUTPUT,597,21,193327
SWAY_OUTPUT,598,34,193328
SWAY_OUTPUT,599,20,193329
SWAY_OUTPUT,600,21,193330
SWAY_OUTPUT,601,20,193331
SWAY_OUTPUT,602,0,193332
SWAY_OUTPUT,603,16,193333
SWAY_OUTPUT,604,4,193334
SWAY_OUTPUT,605,27,193335
SWAY_OUTPUT,606,37,193336
SWAY_OUTPUT,607,19,193337
SWAY_OUTPUT,608,-13,193338
SWAY_OUTPUT,609,5,193339
SWAY_OUTPUT,610,23,193340
SWAY_OUTPUT,611,30,193341
SWAY_OUTPUT,612,18,193342
SWAY_OUTPUT,613,13,193343
SWAY_OUTPUT,614,-7,193344
SWAY_OUTPUT,615,12,193345
SWAY_OUTPUT,616,15,193346
SWAY_OUTPUT,617,3,193347
SWAY_OUTPUT,618,-13,193348
SWAY_OUTPUT,619,-36,193349
SWAY_OUTPUT,620,-27,193350
SWAY_OUTPUT,621,-18,193351
SWAY_OUTPUT,622,-12,193352
SWAY_OUTPUT,623,-20,193353
SWAY_OUTPUT,624,-20,193354
SWAY_OUTPUT,625,-28,193355
SWAY_OUTPUT,626,19,193356
SWAY_FRAME,10,193300,193356
SWAY_INPUT_FRAME,13,181456,198375
SWAY_OUTPUT,627,13,210220
SWAY_OUTPUT,628,10,210221
SWAY_OUTPUT,629,10,210222
SWAY_OUTPUT,630,11,210223
SWAY_OUTPUT,631,15,210224
SWAY_OUTPUT,632,30,210225
SWAY_OUTPUT,633,69,210226
SWAY_OUTPUT,634,6,210227
SWAY_OUTPUT,635,4,210228
SWAY_OUTPUT,636,-10,210229
SWAY_OUTPUT,637,18,210230
SWAY_OUTPUT,638,7,210231
SWAY_OUTPUT,639,21,210232
SWAY_OUTPUT,640,29,210233
SWAY_OUTPUT,641,9,210234
SWAY_OUTPUT,642,31,210235
SWAY_OUTPUT,643,35,210236
SWAY_OUTPUT,644,36,210237
SWAY_OUTPUT,645,11,210238
SWAY_OUTPUT,646,127,210239
SWAY_OUTPUT,647,127,210240
SWAY_OUTPUT,648,127,210241
SWAY_OUTPUT,649,127,210242
SWAY_OUTPUT,650,127,210243
SWAY_OUTPUT,651,127,210244
SWAY_OUTPUT,652,127,210245
SWAY_OUTPUT,653,127,210246
SWAY_OUTPUT,654,127,210247
SWAY_OUTPUT,655,127,210248
SWAY_OUTPUT,656,127,210249
SWAY_OUTPUT,657,127,210250
SWAY_OUTPUT,658,127,210251
SWAY_OUTPUT,659,127,210252
SWAY_OUTPUT,660,127,210253
SWAY_OUTPUT,661,127,210254
SWAY_OUTPUT,662,127,210255
SWAY_OUTPUT,663,127,210256
SWAY_OUTPUT,664,127,210257
SWAY_OUTPUT,665,-30,210258
SWAY_OUTPUT,666,-12,210259
SWAY_OUTPUT,667,5,210260
SWAY_OUTPUT,668,10,210261
SWAY_OUTPUT,669,1,210262
SWAY_OUTPUT,670,6,210263
SWAY_OUTPUT,671,2,210264
SWAY_OUTPUT,672,-2,210265
SWAY_OUTPUT,673,-20,210266
SWAY_OUTPUT,674,-51,210267
SWAY_OUTPUT,675,-29,210268
SWAY_OUTPUT,676,-40,210269
SWAY_OUTPUT,677,-68,210270
SWAY_OUTPUT,678,-73,210271
SWAY_OUTPUT,679,-29,210272
SWAY_OUTPUT,680,-37,210273
SWAY_OUTPUT,681,-61,210274
SWAY_OUTPUT,682,-70,210275
SWAY_OUTPUT,683,0,210276
SWAY_FRAME,11,210220,210276
SWAY_OUTPUT,684,13,227140
SWAY_OUTPUT,685,13,227141
SWAY_OUTPUT,686,13,227142
SWAY_OUTPUT,687,13,227143
SWAY_OUTPUT,688,25,227144
SWAY_OUTPUT,689,36,227145
SWAY_OUTPUT,690,45,227146
SWAY_OUTPUT,691,2,227147
SWAY_OUTPUT,692,-6,227148
SWAY_OUTPUT,693,-12,227149
SWAY_OUTPUT,694,18,227150
SWAY_OUTPUT,695,21,227151
SWAY_OUTPUT,696,22,227152
SWAY_OUTPUT,697,23,227153
SWAY_OUTPUT,698,8,227154
SWAY_OUTPUT,699,2,227155
SWAY_OUTPUT,700,-2,227156
SWAY_OUTPUT,701,-4,227157
SWAY_OUTPUT,702,13,227158
SWAY_OUTPUT,703,126,227159
SWAY_OUTPUT,704,127,227160
SWAY_OUTPUT,705,125,227161
SWAY_OUTPUT,706,126,227162
SWAY_OUTPUT,707,126,227163
SWAY_OUTPUT,708,127,227164
SWAY_OUTPUT,709,126,227165
SWAY_OUTPUT,710,124,227166
SWAY_OUTPUT,711,124,227167
SWAY_OUTPUT,712,121,227168
SWAY_OUTPUT,713,125,227169
SWAY_OUTPUT,714,124,227170
SWAY_OUTPUT,715,127,227171
SWAY_OUTPUT,716,120,227172
SWAY_OUTPUT,717,124,227173
SWAY_OUTPUT,718,125,227174
SWAY_OUTPUT,719,127,227175
SWAY_OUTPUT,720,123,227176
SWAY_OUTPUT,721,127,227177
SWAY_OUTPUT,722,-15,227178
SWAY_OUTPUT,723,6,227179
SWAY_OUTPUT,724,25,227180
SWAY_OUTPUT,725,34,227181
SWAY_OUTPUT,726,18,227182
SWAY_OUTPUT,727,12,227183
SWAY_OUTPUT,728,7,227184
SWAY_OUTPUT,729,17,227185
SWAY_OUTPUT,730,6,227186
SWAY_OUTPUT,731,-5,227187
SWAY_OUTPUT,732,-14,227188
SWAY_OUTPUT,733,-33,227189
SWAY_OUTPUT,734,-56,227190
SWAY_OUTPUT,735,-58,227191
SWAY_OUTPUT,736,-14,227192
SWAY_OUTPUT,737,-32,227193
SWAY_OUTPUT,738,-54,227194
SWAY_OUTPUT,739,-58,227195
SWAY_OUTPUT,740,20,227196
SWAY_FRAME,12,227140,227196
SWAY_OUTPUT,741,13,244060
SWAY_OUTPUT,742,13,244061
SWAY_OUTPUT,743,13,244062
SWAY_OUTPUT,744,13,244063
SWAY_OUTPUT,745,25,244064
SWAY_OUTPUT,746,36,244065
SWAY_OUTPUT,747,45,244066
SWAY_OUTPUT,748,2,244067
SWAY_OUTPUT,749,-6,244068
SWAY_OUTPUT,750,-12,244069
SWAY_OUTPUT,751,18,244070
SWAY_OUTPUT,752,21,244071
SWAY_OUTPUT,753,22,244072
SWAY_OUTPUT,754,23,244073
SWAY_OUTPUT,755,8,244074
SWAY_OUTPUT,756,2,244075
SWAY_OUTPUT,757,-2,244076
SWAY_OUTPUT,758,-4,244077
SWAY_OUTPUT,759,13,244078
SWAY_OUTPUT,760,126,244079
SWAY_OUTPUT,761,127,244080
SWAY_OUTPUT,762,125,244081
SWAY_OUTPUT,763,126,244082
SWAY_OUTPUT,764,126,244083
SWAY_OUTPUT,765,127,244084
SWAY_OUTPUT,766,126,244085
SWAY_OUTPUT,767,124,244086
SWAY_OUTPUT,768,124,244087
SWAY_OUTPUT,769,121,244088
SWAY_OUTPUT,770,125,244089
SWAY_OUTPUT,771,124,244090
SWAY_OUTPUT,772,127,244091
SWAY_OUTPUT,773,120,244092
SWAY_OUTPUT,774,124,244093
SWAY_OUTPUT,775,125,244094
SWAY_OUTPUT,776,127,244095
SWAY_OUTPUT,777,123,244096
SWAY_OUTPUT,778,127,244097
SWAY_OUTPUT,779,-15,244098
SWAY_OUTPUT,780,6,244099
SWAY_OUTPUT,781,25,244100
SWAY_OUTPUT,782,34,244101
SWAY_OUTPUT,783,18,244102
SWAY_OUTPUT,784,12,244103
SWAY_OUTPUT,785,7,244104
SWAY_OUTPUT,786,17,244105
SWAY_OUTPUT,787,6,244106
SWAY_OUTPUT,788,-5,244107
SWAY_OUTPUT,789,-14,244108
SWAY_OUTPUT,790,-33,244109
SWAY_OUTPUT,791,-56,244110
SWAY_OUTPUT,792,-58,244111
SWAY_OUTPUT,793,-14,244112
SWAY_OUTPUT,794,-32,244113
SWAY_OUTPUT,795,-54,244114
SWAY_OUTPUT,796,-58,244115
SWAY_OUTPUT,797,20,244116
SWAY_FRAME,13,244060,244116
SWAY_PASS frames=14 outputs=798 cycles=246165 drain_cycles=2048
