make: Entering directory '/workspace/scratch/e6420b0fda2a/resource60-shared-source/hw'
rm -rf /workspace/scratch/e6420b0fda2a/sway/hw/resource-build/clock60/shared/physical
mkdir -p /workspace/scratch/e6420b0fda2a/sway/hw/resource-build/clock60/shared/physical
bsc -show-schedule -show-range-conflict -aggressive-conditions -D SWAY_BUFFERED -D SWAY_REALLOCATE -D SWAY_SHARED_DELTA -D SWAY_CORE_60MHZ -D SWAY_INPUT_FIFO2 -D SWAY_INPUT_OVERLAP -bdir /workspace/scratch/e6420b0fda2a/sway/hw/resource-build/clock60/shared/physical -vdir /workspace/scratch/e6420b0fda2a/sway/hw/resource-build/clock60/shared/physical -simdir /workspace/scratch/e6420b0fda2a/sway/hw/resource-build/clock60/shared/physical -info-dir /workspace/scratch/e6420b0fda2a/sway/hw/resource-build/clock60/shared/physical -fdir /workspace/scratch/e6420b0fda2a/sway/hw/resource-build/clock60/shared/physical -remove-dollar \
	-p +:/workspace/scratch/e6420b0fda2a/blueyosys/lib/bsv:/workspace/scratch/e6420b0fda2a/blueyosys/fpga/ecp5/bsv:/workspace/scratch/e6420b0fda2a/blueyosys/boards/ulx3s/bsv:/workspace/scratch/e6420b0fda2a/resource60-shared-source/hw/bsv:/workspace/scratch/e6420b0fda2a/resource60-shared-source/hw/generated:/workspace/scratch/e6420b0fda2a/resource60-shared-source/hw/sim -verilog -u -g mkTop /workspace/scratch/e6420b0fda2a/resource60-shared-source/hw/bsv/Top.bsv
checking package dependencies
compiling /workspace/scratch/e6420b0fda2a/blueyosys/lib/bsv/Uart.bsv
Foreign import file created: /workspace/scratch/e6420b0fda2a/sway/hw/resource-build/clock60/shared/physical/bdpiUartGet.ba
Foreign import file created: /workspace/scratch/e6420b0fda2a/sway/hw/resource-build/clock60/shared/physical/bdpiUartPut.ba
VPI wrapper files created: /workspace/scratch/e6420b0fda2a/sway/hw/resource-build/clock60/shared/physical/vpi_wrapper_bdpiUartGet.{c,h}
VPI wrapper files created: /workspace/scratch/e6420b0fda2a/sway/hw/resource-build/clock60/shared/physical/vpi_wrapper_bdpiUartPut.{c,h}
compiling /workspace/scratch/e6420b0fda2a/resource60-shared-source/hw/bsv/SwayTypes.bsv
compiling /workspace/scratch/e6420b0fda2a/resource60-shared-source/hw/bsv/SwayReset.bsv
Warning: "/workspace/scratch/e6420b0fda2a/resource60-shared-source/hw/bsv/SwayReset.bsv", line 15, column 16: (P0216)
  import BVI module declares `ready' as a method name, which is maybe not what
  you intended.
compiling /workspace/scratch/e6420b0fda2a/resource60-shared-source/hw/bsv/SwayPll.bsv
compiling /workspace/scratch/e6420b0fda2a/resource60-shared-source/hw/bsv/SwayClock.bsv
compiling /workspace/scratch/e6420b0fda2a/resource60-shared-source/hw/generated/SwayParameters.bsv
compiling /workspace/scratch/e6420b0fda2a/resource60-shared-source/hw/bsv/SwayLookup.bsv
compiling /workspace/scratch/e6420b0fda2a/resource60-shared-source/hw/bsv/SwayNorm.bsv
compiling /workspace/scratch/e6420b0fda2a/resource60-shared-source/hw/bsv/SwayScan.bsv
Warning: "/workspace/scratch/e6420b0fda2a/resource60-shared-source/hw/bsv/SwayScan.bsv", line 514, column 41: (P0102)
  Declaration of `high' shadows previous declaration at
  "/workspace/scratch/e6420b0fda2a/resource60-shared-source/hw/bsv/SwayScan.bsv",
  line 505, column 33
compiling /workspace/scratch/e6420b0fda2a/resource60-shared-source/hw/bsv/SwayDelta.bsv
compiling /workspace/scratch/e6420b0fda2a/resource60-shared-source/hw/bsv/SwayCoeffRom.bsv
compiling /workspace/scratch/e6420b0fda2a/resource60-shared-source/hw/bsv/SwayLinear.bsv
compiling /workspace/scratch/e6420b0fda2a/resource60-shared-source/hw/bsv/SwayFoldedLinear.bsv
compiling /workspace/scratch/e6420b0fda2a/resource60-shared-source/hw/bsv/SwayHeadLinear.bsv
compiling /workspace/scratch/e6420b0fda2a/resource60-shared-source/hw/bsv/SwayBlock.bsv
compiling /workspace/scratch/e6420b0fda2a/resource60-shared-source/hw/bsv/SwayBaseline.bsv
compiling /workspace/scratch/e6420b0fda2a/resource60-shared-source/hw/bsv/Top.bsv
code generation for mkTop starts
Warning: "/workspace/scratch/e6420b0fda2a/resource60-shared-source/hw/bsv/SwayFoldedLinear.bsv", line 69, column 14: (G0043)
  Multiple reset signals influence rule
  `core_embedding_engine_process1Capture'.
  This can lead to inconsistent, non-atomic results when not all of these
  signals are asserted.
  Method calls by reset:
    Reset 1 (core_embedding_localReset_leaf.rst):
      core_embedding_inputQ.first core_embedding_inputQ.i_notEmpty
    Reset 2 (core_embedding_engine_localReset_leaf.rst):
      core_embedding_engine_activeOn.read
      core_embedding_engine_startQ.enq
      core_embedding_engine_startQ.i_notFull
  During elaboration of rule `process1Capture' at
  "/workspace/scratch/e6420b0fda2a/resource60-shared-source/hw/bsv/SwayFoldedLinear.bsv",
  line 69, column 14.
  During elaboration of `engine' at
  "/workspace/scratch/e6420b0fda2a/resource60-shared-source/hw/bsv/SwayFoldedLinear.bsv",
  line 297, column 29.
  During elaboration of `embedding' at
  "/workspace/scratch/e6420b0fda2a/resource60-shared-source/hw/bsv/SwayBaseline.bsv",
  line 38, column 28.
  During elaboration of `core' at
  "/workspace/scratch/e6420b0fda2a/resource60-shared-source/hw/bsv/Top.bsv",
  line 28, column 17.
  During elaboration of `mkTop' at
  "/workspace/scratch/e6420b0fda2a/resource60-shared-source/hw/bsv/Top.bsv",
  line 22, column 8.
Warning: "/workspace/scratch/e6420b0fda2a/resource60-shared-source/hw/bsv/SwayFoldedLinear.bsv", line 96, column 14: (G0043)
  Multiple reset signals influence rule `core_embedding_engine_process2Chunk'.
  This can lead to inconsistent, non-atomic results when not all of these
  signals are asserted.
  Method calls by reset:
    Reset 1 (core_embedding_localReset_leaf.rst):
      core_embedding_inputQ.first core_embedding_inputQ.i_notEmpty
    Reset 2 (core_embedding_engine_localReset_leaf.rst):
      core_embedding_engine_chunkLoadOn.read
      core_embedding_engine_chunkLoadOn.write
      core_embedding_engine_issueOn.write
  During elaboration of rule `process2Chunk' at
  "/workspace/scratch/e6420b0fda2a/resource60-shared-source/hw/bsv/SwayFoldedLinear.bsv",
  line 96, column 14.
  During elaboration of `engine' at
  "/workspace/scratch/e6420b0fda2a/resource60-shared-source/hw/bsv/SwayFoldedLinear.bsv",
  line 297, column 29.
  During elaboration of `embedding' at
  "/workspace/scratch/e6420b0fda2a/resource60-shared-source/hw/bsv/SwayBaseline.bsv",
  line 38, column 28.
  During elaboration of `core' at
  "/workspace/scratch/e6420b0fda2a/resource60-shared-source/hw/bsv/Top.bsv",
  line 28, column 17.
  During elaboration of `mkTop' at
  "/workspace/scratch/e6420b0fda2a/resource60-shared-source/hw/bsv/Top.bsv",
  line 22, column 8.
Warning: "/workspace/scratch/e6420b0fda2a/resource60-shared-source/hw/bsv/SwayFoldedLinear.bsv", line 253, column 14: (G0043)
  Multiple reset signals influence rule `core_embedding_engine_process8Emit'.
  This can lead to inconsistent, non-atomic results when not all of these
  signals are asserted.
  Method calls by reset:
    Reset 1 (core_embedding_localReset_leaf.rst):
      core_embedding_inputQ.deq core_embedding_inputQ.i_notEmpty
    Reset 2 (core_embedding_engine_localReset_leaf.rst):
      core_embedding_engine_activeOn.read
      core_embedding_engine_activeOn.write
      core_embedding_engine_emitOn.read
      core_embedding_engine_emitOn.write
      core_embedding_engine_outputQ.enq
      core_embedding_engine_outputQ.i_notFull
  During elaboration of rule `process8Emit' at
  "/workspace/scratch/e6420b0fda2a/resource60-shared-source/hw/bsv/SwayFoldedLinear.bsv",
  line 253, column 14.
  During elaboration of `engine' at
  "/workspace/scratch/e6420b0fda2a/resource60-shared-source/hw/bsv/SwayFoldedLinear.bsv",
  line 297, column 29.
  During elaboration of `embedding' at
  "/workspace/scratch/e6420b0fda2a/resource60-shared-source/hw/bsv/SwayBaseline.bsv",
  line 38, column 28.
  During elaboration of `core' at
  "/workspace/scratch/e6420b0fda2a/resource60-shared-source/hw/bsv/Top.bsv",
  line 28, column 17.
  During elaboration of `mkTop' at
  "/workspace/scratch/e6420b0fda2a/resource60-shared-source/hw/bsv/Top.bsv",
  line 22, column 8.
Warning: "/workspace/scratch/e6420b0fda2a/resource60-shared-source/hw/bsv/SwayLinear.bsv", line 141, column 14: (G0043)
  Multiple reset signals influence rule
  `core_block0_inputProjection_engine_process1Capture'.
  This can lead to inconsistent, non-atomic results when not all of these
  signals are asserted.
  Method calls by reset:
    Reset 1 (core_block0_inputProjection_localReset_leaf.rst):
      core_block0_inputProjection_inputQ.first
      core_block0_inputProjection_inputQ.i_notEmpty
    Reset 2 (core_block0_inputProjection_engine_localReset_leaf.rst):
      core_block0_inputProjection_engine_activeOn.read
      core_block0_inputProjection_engine_startQ.enq
      core_block0_inputProjection_engine_startQ.i_notFull
  During elaboration of rule `process1Capture' at
  "/workspace/scratch/e6420b0fda2a/resource60-shared-source/hw/bsv/SwayLinear.bsv",
  line 141, column 14.
  During elaboration of `engine' at
  "/workspace/scratch/e6420b0fda2a/resource60-shared-source/hw/bsv/SwayLinear.bsv",
  line 616, column 29.
  During elaboration of `inputProjection' at
  "/workspace/scratch/e6420b0fda2a/resource60-shared-source/hw/bsv/SwayBlock.bsv",
  line 139, column 28.
  During elaboration of `block0' at
  "/workspace/scratch/e6420b0fda2a/resource60-shared-source/hw/bsv/SwayBaseline.bsv",
  line 41, column 18.
  During elaboration of `core' at
  "/workspace/scratch/e6420b0fda2a/resource60-shared-source/hw/bsv/Top.bsv",
  line 28, column 17.
  During elaboration of `mkTop' at
  "/workspace/scratch/e6420b0fda2a/resource60-shared-source/hw/bsv/Top.bsv",
  line 22, column 8.
Warning: "/workspace/scratch/e6420b0fda2a/resource60-shared-source/hw/bsv/SwayLinear.bsv", line 200, column 14: (G0043)
  Multiple reset signals influence rule
  `core_block0_inputProjection_engine_process2Chunk'.
  This can lead to inconsistent, non-atomic results when not all of these
  signals are asserted.
  Method calls by reset:
    Reset 1 (core_block0_inputProjection_localReset_leaf.rst):
      core_block0_inputProjection_inputQ.first
      core_block0_inputProjection_inputQ.i_notEmpty
    Reset 2 (core_block0_inputProjection_engine_localReset_leaf.rst):
      core_block0_inputProjection_engine_chunkLoadOn.read
      core_block0_inputProjection_engine_chunkLoadOn.write
      core_block0_inputProjection_engine_issueOn.write
  During elaboration of rule `process2Chunk' at
  "/workspace/scratch/e6420b0fda2a/resource60-shared-source/hw/bsv/SwayLinear.bsv",
  line 200, column 14.
  During elaboration of `engine' at
  "/workspace/scratch/e6420b0fda2a/resource60-shared-source/hw/bsv/SwayLinear.bsv",
  line 616, column 29.
  During elaboration of `inputProjection' at
  "/workspace/scratch/e6420b0fda2a/resource60-shared-source/hw/bsv/SwayBlock.bsv",
  line 139, column 28.
  During elaboration of `block0' at
  "/workspace/scratch/e6420b0fda2a/resource60-shared-source/hw/bsv/SwayBaseline.bsv",
  line 41, column 18.
  During elaboration of `core' at
  "/workspace/scratch/e6420b0fda2a/resource60-shared-source/hw/bsv/Top.bsv",
  line 28, column 17.
  During elaboration of `mkTop' at
  "/workspace/scratch/e6420b0fda2a/resource60-shared-source/hw/bsv/Top.bsv",
  line 22, column 8.
Warning: "/workspace/scratch/e6420b0fda2a/resource60-shared-source/hw/bsv/SwayLinear.bsv", line 543, column 14: (G0043)
  Multiple reset signals influence rule
  `core_block0_inputProjection_engine_process8Emit'.
  This can lead to inconsistent, non-atomic results when not all of these
  signals are asserted.
  Method calls by reset:
    Reset 1 (core_block0_inputProjection_localReset_leaf.rst):
      core_block0_inputProjection_inputQ.deq
      core_block0_inputProjection_inputQ.i_notEmpty
    Reset 2 (core_block0_inputProjection_engine_localReset_leaf.rst):
      core_block0_inputProjection_engine_activeOn.read
      core_block0_inputProjection_engine_activeOn.write
      core_block0_inputProjection_engine_emitOn.read
      core_block0_inputProjection_engine_emitOn.write
      core_block0_inputProjection_engine_outputQ.enq
      core_block0_inputProjection_engine_outputQ.i_notFull
  During elaboration of rule `process8Emit' at
  "/workspace/scratch/e6420b0fda2a/resource60-shared-source/hw/bsv/SwayLinear.bsv",
  line 543, column 14.
  During elaboration of `engine' at
  "/workspace/scratch/e6420b0fda2a/resource60-shared-source/hw/bsv/SwayLinear.bsv",
  line 616, column 29.
  During elaboration of `inputProjection' at
  "/workspace/scratch/e6420b0fda2a/resource60-shared-source/hw/bsv/SwayBlock.bsv",
  line 139, column 28.
  During elaboration of `block0' at
  "/workspace/scratch/e6420b0fda2a/resource60-shared-source/hw/bsv/SwayBaseline.bsv",
  line 41, column 18.
  During elaboration of `core' at
  "/workspace/scratch/e6420b0fda2a/resource60-shared-source/hw/bsv/Top.bsv",
  line 28, column 17.
  During elaboration of `mkTop' at
  "/workspace/scratch/e6420b0fda2a/resource60-shared-source/hw/bsv/Top.bsv",
  line 22, column 8.
Warning: "/workspace/scratch/e6420b0fda2a/resource60-shared-source/hw/bsv/SwayFoldedLinear.bsv", line 69, column 14: (G0043)
  Multiple reset signals influence rule
  `core_block0_stateProjection_engine_process1Capture'.
  This can lead to inconsistent, non-atomic results when not all of these
  signals are asserted.
  Method calls by reset:
    Reset 1 (core_block0_stateProjection_localReset_leaf.rst):
      core_block0_stateProjection_inputQ.first
      core_block0_stateProjection_inputQ.i_notEmpty
    Reset 2 (core_block0_stateProjection_engine_localReset_leaf.rst):
      core_block0_stateProjection_engine_activeOn.read
      core_block0_stateProjection_engine_startQ.enq
      core_block0_stateProjection_engine_startQ.i_notFull
  During elaboration of rule `process1Capture' at
  "/workspace/scratch/e6420b0fda2a/resource60-shared-source/hw/bsv/SwayFoldedLinear.bsv",
  line 69, column 14.
  During elaboration of `engine' at
  "/workspace/scratch/e6420b0fda2a/resource60-shared-source/hw/bsv/SwayFoldedLinear.bsv",
  line 297, column 29.
  During elaboration of `stateProjection' at
  "/workspace/scratch/e6420b0fda2a/resource60-shared-source/hw/bsv/SwayBlock.bsv",
  line 141, column 28.
  During elaboration of `block0' at
  "/workspace/scratch/e6420b0fda2a/resource60-shared-source/hw/bsv/SwayBaseline.bsv",
  line 41, column 18.
  During elaboration of `core' at
  "/workspace/scratch/e6420b0fda2a/resource60-shared-source/hw/bsv/Top.bsv",
  line 28, column 17.
  During elaboration of `mkTop' at
  "/workspace/scratch/e6420b0fda2a/resource60-shared-source/hw/bsv/Top.bsv",
  line 22, column 8.
Warning: "/workspace/scratch/e6420b0fda2a/resource60-shared-source/hw/bsv/SwayFoldedLinear.bsv", line 96, column 14: (G0043)
  Multiple reset signals influence rule
  `core_block0_stateProjection_engine_process2Chunk'.
  This can lead to inconsistent, non-atomic results when not all of these
  signals are asserted.
  Method calls by reset:
    Reset 1 (core_block0_stateProjection_localReset_leaf.rst):
      core_block0_stateProjection_inputQ.first
      core_block0_stateProjection_inputQ.i_notEmpty
    Reset 2 (core_block0_stateProjection_engine_localReset_leaf.rst):
      core_block0_stateProjection_engine_chunkLoadOn.read
      core_block0_stateProjection_engine_chunkLoadOn.write
      core_block0_stateProjection_engine_issueOn.write
  During elaboration of rule `process2Chunk' at
  "/workspace/scratch/e6420b0fda2a/resource60-shared-source/hw/bsv/SwayFoldedLinear.bsv",
  line 96, column 14.
  During elaboration of `engine' at
  "/workspace/scratch/e6420b0fda2a/resource60-shared-source/hw/bsv/SwayFoldedLinear.bsv",
  line 297, column 29.
  During elaboration of `stateProjection' at
  "/workspace/scratch/e6420b0fda2a/resource60-shared-source/hw/bsv/SwayBlock.bsv",
  line 141, column 28.
  During elaboration of `block0' at
  "/workspace/scratch/e6420b0fda2a/resource60-shared-source/hw/bsv/SwayBaseline.bsv",
  line 41, column 18.
  During elaboration of `core' at
  "/workspace/scratch/e6420b0fda2a/resource60-shared-source/hw/bsv/Top.bsv",
  line 28, column 17.
  During elaboration of `mkTop' at
  "/workspace/scratch/e6420b0fda2a/resource60-shared-source/hw/bsv/Top.bsv",
  line 22, column 8.
Warning: "/workspace/scratch/e6420b0fda2a/resource60-shared-source/hw/bsv/SwayFoldedLinear.bsv", line 253, column 14: (G0043)
  Multiple reset signals influence rule
  `core_block0_stateProjection_engine_process8Emit'.
  This can lead to inconsistent, non-atomic results when not all of these
  signals are asserted.
  Method calls by reset:
    Reset 1 (core_block0_stateProjection_localReset_leaf.rst):
      core_block0_stateProjection_inputQ.deq
      core_block0_stateProjection_inputQ.i_notEmpty
    Reset 2 (core_block0_stateProjection_engine_localReset_leaf.rst):
      core_block0_stateProjection_engine_activeOn.read
      core_block0_stateProjection_engine_activeOn.write
      core_block0_stateProjection_engine_emitOn.read
      core_block0_stateProjection_engine_emitOn.write
      core_block0_stateProjection_engine_outputQ.enq
      core_block0_stateProjection_engine_outputQ.i_notFull
  During elaboration of rule `process8Emit' at
  "/workspace/scratch/e6420b0fda2a/resource60-shared-source/hw/bsv/SwayFoldedLinear.bsv",
  line 253, column 14.
  During elaboration of `engine' at
  "/workspace/scratch/e6420b0fda2a/resource60-shared-source/hw/bsv/SwayFoldedLinear.bsv",
  line 297, column 29.
  During elaboration of `stateProjection' at
  "/workspace/scratch/e6420b0fda2a/resource60-shared-source/hw/bsv/SwayBlock.bsv",
  line 141, column 28.
  During elaboration of `block0' at
  "/workspace/scratch/e6420b0fda2a/resource60-shared-source/hw/bsv/SwayBaseline.bsv",
  line 41, column 18.
  During elaboration of `core' at
  "/workspace/scratch/e6420b0fda2a/resource60-shared-source/hw/bsv/Top.bsv",
  line 28, column 17.
  During elaboration of `mkTop' at
  "/workspace/scratch/e6420b0fda2a/resource60-shared-source/hw/bsv/Top.bsv",
  line 22, column 8.
Warning: "/workspace/scratch/e6420b0fda2a/resource60-shared-source/hw/bsv/SwayFoldedLinear.bsv", line 69, column 14: (G0043)
  Multiple reset signals influence rule
  `core_block0_outputProjection_engine_process1Capture'.
  This can lead to inconsistent, non-atomic results when not all of these
  signals are asserted.
  Method calls by reset:
    Reset 1 (core_block0_outputProjection_localReset_leaf.rst):
      core_block0_outputProjection_inputQ.first
      core_block0_outputProjection_inputQ.i_notEmpty
    Reset 2 (core_block0_outputProjection_engine_localReset_leaf.rst):
      core_block0_outputProjection_engine_activeOn.read
      core_block0_outputProjection_engine_startQ.enq
      core_block0_outputProjection_engine_startQ.i_notFull
  During elaboration of rule `process1Capture' at
  "/workspace/scratch/e6420b0fda2a/resource60-shared-source/hw/bsv/SwayFoldedLinear.bsv",
  line 69, column 14.
  During elaboration of `engine' at
  "/workspace/scratch/e6420b0fda2a/resource60-shared-source/hw/bsv/SwayFoldedLinear.bsv",
  line 297, column 29.
  During elaboration of `outputProjection' at
  "/workspace/scratch/e6420b0fda2a/resource60-shared-source/hw/bsv/SwayBlock.bsv",
  line 142, column 28.
  During elaboration of `block0' at
  "/workspace/scratch/e6420b0fda2a/resource60-shared-source/hw/bsv/SwayBaseline.bsv",
  line 41, column 18.
  During elaboration of `core' at
  "/workspace/scratch/e6420b0fda2a/resource60-shared-source/hw/bsv/Top.bsv",
  line 28, column 17.
  During elaboration of `mkTop' at
  "/workspace/scratch/e6420b0fda2a/resource60-shared-source/hw/bsv/Top.bsv",
  line 22, column 8.
Warning: "/workspace/scratch/e6420b0fda2a/resource60-shared-source/hw/bsv/SwayFoldedLinear.bsv", line 96, column 14: (G0043)
  Multiple reset signals influence rule
  `core_block0_outputProjection_engine_process2Chunk'.
  This can lead to inconsistent, non-atomic results when not all of these
  signals are asserted.
  Method calls by reset:
    Reset 1 (core_block0_outputProjection_localReset_leaf.rst):
      core_block0_outputProjection_inputQ.first
      core_block0_outputProjection_inputQ.i_notEmpty
    Reset 2 (core_block0_outputProjection_engine_localReset_leaf.rst):
      core_block0_outputProjection_engine_chunkLoadOn.read
      core_block0_outputProjection_engine_chunkLoadOn.write
      core_block0_outputProjection_engine_issueOn.write
  During elaboration of rule `process2Chunk' at
  "/workspace/scratch/e6420b0fda2a/resource60-shared-source/hw/bsv/SwayFoldedLinear.bsv",
  line 96, column 14.
  During elaboration of `engine' at
  "/workspace/scratch/e6420b0fda2a/resource60-shared-source/hw/bsv/SwayFoldedLinear.bsv",
  line 297, column 29.
  During elaboration of `outputProjection' at
  "/workspace/scratch/e6420b0fda2a/resource60-shared-source/hw/bsv/SwayBlock.bsv",
  line 142, column 28.
  During elaboration of `block0' at
  "/workspace/scratch/e6420b0fda2a/resource60-shared-source/hw/bsv/SwayBaseline.bsv",
  line 41, column 18.
  During elaboration of `core' at
  "/workspace/scratch/e6420b0fda2a/resource60-shared-source/hw/bsv/Top.bsv",
  line 28, column 17.
  During elaboration of `mkTop' at
  "/workspace/scratch/e6420b0fda2a/resource60-shared-source/hw/bsv/Top.bsv",
  line 22, column 8.
Warning: "/workspace/scratch/e6420b0fda2a/resource60-shared-source/hw/bsv/SwayFoldedLinear.bsv", line 253, column 14: (G0043)
  Multiple reset signals influence rule
  `core_block0_outputProjection_engine_process8Emit'.
  This can lead to inconsistent, non-atomic results when not all of these
  signals are asserted.
  Method calls by reset:
    Reset 1 (core_block0_outputProjection_localReset_leaf.rst):
      core_block0_outputProjection_inputQ.deq
      core_block0_outputProjection_inputQ.i_notEmpty
    Reset 2 (core_block0_outputProjection_engine_localReset_leaf.rst):
      core_block0_outputProjection_engine_activeOn.read
      core_block0_outputProjection_engine_activeOn.write
      core_block0_outputProjection_engine_emitOn.read
      core_block0_outputProjection_engine_emitOn.write
      core_block0_outputProjection_engine_outputQ.enq
      core_block0_outputProjection_engine_outputQ.i_notFull
  During elaboration of rule `process8Emit' at
  "/workspace/scratch/e6420b0fda2a/resource60-shared-source/hw/bsv/SwayFoldedLinear.bsv",
  line 253, column 14.
  During elaboration of `engine' at
  "/workspace/scratch/e6420b0fda2a/resource60-shared-source/hw/bsv/SwayFoldedLinear.bsv",
  line 297, column 29.
  During elaboration of `outputProjection' at
  "/workspace/scratch/e6420b0fda2a/resource60-shared-source/hw/bsv/SwayBlock.bsv",
  line 142, column 28.
  During elaboration of `block0' at
  "/workspace/scratch/e6420b0fda2a/resource60-shared-source/hw/bsv/SwayBaseline.bsv",
  line 41, column 18.
  During elaboration of `core' at
  "/workspace/scratch/e6420b0fda2a/resource60-shared-source/hw/bsv/Top.bsv",
  line 28, column 17.
  During elaboration of `mkTop' at
  "/workspace/scratch/e6420b0fda2a/resource60-shared-source/hw/bsv/Top.bsv",
  line 22, column 8.
Warning: "Prelude.bs", line 586, column 27: (G0024)
  The function unfolding steps interval has been exceeded when unfolding
  `Prelude.PrimIndex~Prelude.Integer~32'. The current number of steps is
  100000. Next warning at 200000 steps. Elaboration terminates at 1000000
  steps.
  During elaboration of the body of rule `process2_2' at
  "/workspace/scratch/e6420b0fda2a/resource60-shared-source/hw/bsv/SwayScan.bsv",
  line 281, column 14.
  During elaboration of `scan' at
  "/workspace/scratch/e6420b0fda2a/resource60-shared-source/hw/bsv/SwayBlock.bsv",
  line 148, column 17.
  During elaboration of `block0' at
  "/workspace/scratch/e6420b0fda2a/resource60-shared-source/hw/bsv/SwayBaseline.bsv",
  line 41, column 18.
  During elaboration of `core' at
  "/workspace/scratch/e6420b0fda2a/resource60-shared-source/hw/bsv/Top.bsv",
  line 28, column 17.
  During elaboration of `mkTop' at
  "/workspace/scratch/e6420b0fda2a/resource60-shared-source/hw/bsv/Top.bsv",
  line 22, column 8.
Warning: "Prelude.bs", line 423, column 6: (G0024)
  The function unfolding steps interval has been exceeded when unfolding
  `Prelude.Ord~Prelude.Integer'. The current number of steps is 200000. Next
  warning at 300000 steps. Elaboration terminates at 1000000 steps.
  During elaboration of the body of rule `process2_2' at
  "/workspace/scratch/e6420b0fda2a/resource60-shared-source/hw/bsv/SwayScan.bsv",
  line 281, column 14.
  During elaboration of `scan' at
  "/workspace/scratch/e6420b0fda2a/resource60-shared-source/hw/bsv/SwayBlock.bsv",
  line 148, column 17.
  During elaboration of `block0' at
  "/workspace/scratch/e6420b0fda2a/resource60-shared-source/hw/bsv/SwayBaseline.bsv",
  line 41, column 18.
  During elaboration of `core' at
  "/workspace/scratch/e6420b0fda2a/resource60-shared-source/hw/bsv/Top.bsv",
  line 28, column 17.
  During elaboration of `mkTop' at
  "/workspace/scratch/e6420b0fda2a/resource60-shared-source/hw/bsv/Top.bsv",
  line 22, column 8.
Warning: "Prelude.bs", line 586, column 27: (G0024)
  The function unfolding steps interval has been exceeded when unfolding
  `Prelude.PrimIndex~Prelude.Integer~32'. The current number of steps is
  300000. Next warning at 400000 steps. Elaboration terminates at 1000000
  steps.
  During elaboration of the body of rule `process2_2' at
  "/workspace/scratch/e6420b0fda2a/resource60-shared-source/hw/bsv/SwayScan.bsv",
  line 281, column 14.
  During elaboration of `scan' at
  "/workspace/scratch/e6420b0fda2a/resource60-shared-source/hw/bsv/SwayBlock.bsv",
  line 148, column 17.
  During elaboration of `block0' at
  "/workspace/scratch/e6420b0fda2a/resource60-shared-source/hw/bsv/SwayBaseline.bsv",
  line 41, column 18.
  During elaboration of `core' at
  "/workspace/scratch/e6420b0fda2a/resource60-shared-source/hw/bsv/Top.bsv",
  line 28, column 17.
  During elaboration of `mkTop' at
  "/workspace/scratch/e6420b0fda2a/resource60-shared-source/hw/bsv/Top.bsv",
  line 22, column 8.
Warning: "/workspace/scratch/e6420b0fda2a/resource60-shared-source/hw/bsv/SwayBlock.bsv", line 227, column 14: (G0043)
  Multiple reset signals influence rule `core_block0_process1'.
  This can lead to inconsistent, non-atomic results when not all of these
  signals are asserted.
  Method calls by reset:
    Reset 1 (core_block0_localReset_leaf.rst):
      core_block0_inputQ.deq
      core_block0_inputQ.first
      core_block0_inputQ.i_notEmpty
      core_block0_residualQ.enq
      core_block0_residualQ.i_notFull
    Reset 2 (core_block0_normalization_localReset_leaf.rst):
      core_block0_normalization_inputQ.enq
      core_block0_normalization_inputQ.i_notFull
  During elaboration of rule `process1' at
  "/workspace/scratch/e6420b0fda2a/resource60-shared-source/hw/bsv/SwayBlock.bsv",
  line 227, column 14.
  During elaboration of `block0' at
  "/workspace/scratch/e6420b0fda2a/resource60-shared-source/hw/bsv/SwayBaseline.bsv",
  line 41, column 18.
  During elaboration of `core' at
  "/workspace/scratch/e6420b0fda2a/resource60-shared-source/hw/bsv/Top.bsv",
  line 28, column 17.
  During elaboration of `mkTop' at
  "/workspace/scratch/e6420b0fda2a/resource60-shared-source/hw/bsv/Top.bsv",
  line 22, column 8.
Warning: "/workspace/scratch/e6420b0fda2a/resource60-shared-source/hw/bsv/SwayBlock.bsv", line 240, column 14: (G0043)
  Multiple reset signals influence rule `core_block0_process2'.
  This can lead to inconsistent, non-atomic results when not all of these
  signals are asserted.
  Method calls by reset:
    Reset 1 (core_block0_normalization_localReset_leaf.rst):
      core_block0_normalization_outputQ.deq
      core_block0_normalization_outputQ.first
      core_block0_normalization_outputQ.i_notEmpty
    Reset 2 (core_block0_inputProjection_localReset_leaf.rst):
      core_block0_inputProjection_inputQ.enq
      core_block0_inputProjection_inputQ.i_notFull
  During elaboration of rule `process2' at
  "/workspace/scratch/e6420b0fda2a/resource60-shared-source/hw/bsv/SwayBlock.bsv",
  line 240, column 14.
  During elaboration of `block0' at
  "/workspace/scratch/e6420b0fda2a/resource60-shared-source/hw/bsv/SwayBaseline.bsv",
  line 41, column 18.
  During elaboration of `core' at
  "/workspace/scratch/e6420b0fda2a/resource60-shared-source/hw/bsv/Top.bsv",
  line 28, column 17.
  During elaboration of `mkTop' at
  "/workspace/scratch/e6420b0fda2a/resource60-shared-source/hw/bsv/Top.bsv",
  line 22, column 8.
Warning: "/workspace/scratch/e6420b0fda2a/resource60-shared-source/hw/bsv/SwayBlock.bsv", line 251, column 14: (G0043)
  Multiple reset signals influence rule `core_block0_process3'.
  This can lead to inconsistent, non-atomic results when not all of these
  signals are asserted.
  Method calls by reset:
    Reset 1 (core_block0_localReset_leaf.rst):
      core_block0_expandedQ.enq core_block0_expandedQ.i_notFull
    Reset 2 (core_block0_inputProjection_engine_localReset_leaf.rst):
      core_block0_inputProjection_engine_outputQ.deq
      core_block0_inputProjection_engine_outputQ.first
      core_block0_inputProjection_engine_outputQ.i_notEmpty
  During elaboration of rule `process3' at
  "/workspace/scratch/e6420b0fda2a/resource60-shared-source/hw/bsv/SwayBlock.bsv",
  line 251, column 14.
  During elaboration of `block0' at
  "/workspace/scratch/e6420b0fda2a/resource60-shared-source/hw/bsv/SwayBaseline.bsv",
  line 41, column 18.
  During elaboration of `core' at
  "/workspace/scratch/e6420b0fda2a/resource60-shared-source/hw/bsv/Top.bsv",
  line 28, column 17.
  During elaboration of `mkTop' at
  "/workspace/scratch/e6420b0fda2a/resource60-shared-source/hw/bsv/Top.bsv",
  line 22, column 8.
Warning: "/workspace/scratch/e6420b0fda2a/resource60-shared-source/hw/bsv/SwayBlock.bsv", line 479, column 14: (G0043)
  Multiple reset signals influence rule `core_block0_process5'.
  This can lead to inconsistent, non-atomic results when not all of these
  signals are asserted.
  Method calls by reset:
    Reset 1 (core_block0_localReset_leaf.rst):
      core_block0_activatedQ.deq
      core_block0_activatedQ.first
      core_block0_activatedQ.i_notEmpty
      core_block0_xDelayQ.enq
      core_block0_xDelayQ.i_notFull
    Reset 2 (core_block0_stateProjection_localReset_leaf.rst):
      core_block0_stateProjection_inputQ.enq
      core_block0_stateProjection_inputQ.i_notFull
  During elaboration of rule `process5' at
  "/workspace/scratch/e6420b0fda2a/resource60-shared-source/hw/bsv/SwayBlock.bsv",
  line 479, column 14.
  During elaboration of `block0' at
  "/workspace/scratch/e6420b0fda2a/resource60-shared-source/hw/bsv/SwayBaseline.bsv",
  line 41, column 18.
  During elaboration of `core' at
  "/workspace/scratch/e6420b0fda2a/resource60-shared-source/hw/bsv/Top.bsv",
  line 28, column 17.
  During elaboration of `mkTop' at
  "/workspace/scratch/e6420b0fda2a/resource60-shared-source/hw/bsv/Top.bsv",
  line 22, column 8.
Warning: "/workspace/scratch/e6420b0fda2a/resource60-shared-source/hw/bsv/SwayBlock.bsv", line 492, column 14: (G0043)
  Multiple reset signals influence rule `core_block0_process6'.
  This can lead to inconsistent, non-atomic results when not all of these
  signals are asserted.
  Method calls by reset:
    Reset 1 (core_delta_localReset_leaf.rst):
      core_delta_input0Q.enq core_delta_input0Q.i_notFull
    Reset 2 (core_block0_localReset_leaf.rst):
      core_block0_stateParameterQ.enq core_block0_stateParameterQ.i_notFull
    Reset 3 (core_block0_stateProjection_engine_localReset_leaf.rst):
      core_block0_stateProjection_engine_outputQ.deq
      core_block0_stateProjection_engine_outputQ.first
      core_block0_stateProjection_engine_outputQ.i_notEmpty
  During elaboration of rule `process6' at
  "/workspace/scratch/e6420b0fda2a/resource60-shared-source/hw/bsv/SwayBlock.bsv",
  line 492, column 14.
  During elaboration of `block0' at
  "/workspace/scratch/e6420b0fda2a/resource60-shared-source/hw/bsv/SwayBaseline.bsv",
  line 41, column 18.
  During elaboration of `core' at
  "/workspace/scratch/e6420b0fda2a/resource60-shared-source/hw/bsv/Top.bsv",
  line 28, column 17.
  During elaboration of `mkTop' at
  "/workspace/scratch/e6420b0fda2a/resource60-shared-source/hw/bsv/Top.bsv",
  line 22, column 8.
Warning: "/workspace/scratch/e6420b0fda2a/resource60-shared-source/hw/bsv/SwayBlock.bsv", line 514, column 14: (G0043)
  Multiple reset signals influence rule `core_block0_process7'.
  This can lead to inconsistent, non-atomic results when not all of these
  signals are asserted.
  Method calls by reset:
    Reset 1 (core_delta_localReset_leaf.rst):
      core_delta_output0Q.deq
      core_delta_output0Q.first
      core_delta_output0Q.i_notEmpty
    Reset 2 (core_block0_localReset_leaf.rst):
      core_block0_stateParameterQ.deq
      core_block0_stateParameterQ.first
      core_block0_stateParameterQ.i_notEmpty
      core_block0_xDelayQ.deq
      core_block0_xDelayQ.first
      core_block0_xDelayQ.i_notEmpty
    Reset 3 (core_block0_scan_localReset_leaf.rst):
      core_block0_scan_inputQ.enq core_block0_scan_inputQ.i_notFull
  During elaboration of rule `process7' at
  "/workspace/scratch/e6420b0fda2a/resource60-shared-source/hw/bsv/SwayBlock.bsv",
  line 514, column 14.
  During elaboration of `block0' at
  "/workspace/scratch/e6420b0fda2a/resource60-shared-source/hw/bsv/SwayBaseline.bsv",
  line 41, column 18.
  During elaboration of `core' at
  "/workspace/scratch/e6420b0fda2a/resource60-shared-source/hw/bsv/Top.bsv",
  line 28, column 17.
  During elaboration of `mkTop' at
  "/workspace/scratch/e6420b0fda2a/resource60-shared-source/hw/bsv/Top.bsv",
  line 22, column 8.
Warning: "Prelude.bs", line 2862, column 0: (G0024)
  The function unfolding steps interval has been exceeded when unfolding
  `isStaticValue'. The current number of steps is 400000. Next warning at
  500000 steps. Elaboration terminates at 1000000 steps.
  During elaboration of the body of rule `process8' at
  "/workspace/scratch/e6420b0fda2a/resource60-shared-source/hw/bsv/SwayBlock.bsv",
  line 538, column 14.
  During elaboration of `block0' at
  "/workspace/scratch/e6420b0fda2a/resource60-shared-source/hw/bsv/SwayBaseline.bsv",
  line 41, column 18.
  During elaboration of `core' at
  "/workspace/scratch/e6420b0fda2a/resource60-shared-source/hw/bsv/Top.bsv",
  line 28, column 17.
  During elaboration of `mkTop' at
  "/workspace/scratch/e6420b0fda2a/resource60-shared-source/hw/bsv/Top.bsv",
  line 22, column 8.
Warning: "/workspace/scratch/e6420b0fda2a/resource60-shared-source/hw/bsv/SwayBlock.bsv", line 538, column 14: (G0043)
  Multiple reset signals influence rule `core_block0_process8'.
  This can lead to inconsistent, non-atomic results when not all of these
  signals are asserted.
  Method calls by reset:
    Reset 1 (core_block0_localReset_leaf.rst):
      core_block0_gateDelayQ.deq
      core_block0_gateDelayQ.first
      core_block0_gateDelayQ.i_notEmpty
      core_block0_gatingOn.read
      core_block0_gatingOn.write
    Reset 2 (core_block0_scan_localReset_leaf.rst):
      core_block0_scan_outputQ.deq
      core_block0_scan_outputQ.first
      core_block0_scan_outputQ.i_notEmpty
  During elaboration of rule `process8' at
  "/workspace/scratch/e6420b0fda2a/resource60-shared-source/hw/bsv/SwayBlock.bsv",
  line 538, column 14.
  During elaboration of `block0' at
  "/workspace/scratch/e6420b0fda2a/resource60-shared-source/hw/bsv/SwayBaseline.bsv",
  line 41, column 18.
  During elaboration of `core' at
  "/workspace/scratch/e6420b0fda2a/resource60-shared-source/hw/bsv/Top.bsv",
  line 28, column 17.
  During elaboration of `mkTop' at
  "/workspace/scratch/e6420b0fda2a/resource60-shared-source/hw/bsv/Top.bsv",
  line 22, column 8.
Warning: "/workspace/scratch/e6420b0fda2a/resource60-shared-source/hw/bsv/SwayBlock.bsv", line 614, column 14: (G0043)
  Multiple reset signals influence rule `core_block0_process9_5'.
  This can lead to inconsistent, non-atomic results when not all of these
  signals are asserted.
  Method calls by reset:
    Reset 1 (core_block0_localReset_leaf.rst):
      core_block0_gateEmitOn.read
      core_block0_gateEmitOn.write
      core_block0_gatingOn.read
      core_block0_gatingOn.write
    Reset 2 (core_block0_outputProjection_localReset_leaf.rst):
      core_block0_outputProjection_inputQ.enq
      core_block0_outputProjection_inputQ.i_notFull
  During elaboration of rule `process9_5' at
  "/workspace/scratch/e6420b0fda2a/resource60-shared-source/hw/bsv/SwayBlock.bsv",
  line 614, column 14.
  During elaboration of `block0' at
  "/workspace/scratch/e6420b0fda2a/resource60-shared-source/hw/bsv/SwayBaseline.bsv",
  line 41, column 18.
  During elaboration of `core' at
  "/workspace/scratch/e6420b0fda2a/resource60-shared-source/hw/bsv/Top.bsv",
  line 28, column 17.
  During elaboration of `mkTop' at
  "/workspace/scratch/e6420b0fda2a/resource60-shared-source/hw/bsv/Top.bsv",
  line 22, column 8.
Warning: "/workspace/scratch/e6420b0fda2a/resource60-shared-source/hw/bsv/SwayBlock.bsv", line 636, column 14: (G0043)
  Multiple reset signals influence rule `core_block0_process10'.
  This can lead to inconsistent, non-atomic results when not all of these
  signals are asserted.
  Method calls by reset:
    Reset 1 (core_block0_localReset_leaf.rst):
      core_block0_residualQ.deq
      core_block0_residualQ.first
      core_block0_residualQ.i_notEmpty
      core_block0_residualSumQ.enq
      core_block0_residualSumQ.i_notFull
    Reset 2 (core_block0_outputProjection_engine_localReset_leaf.rst):
      core_block0_outputProjection_engine_outputQ.deq
      core_block0_outputProjection_engine_outputQ.first
      core_block0_outputProjection_engine_outputQ.i_notEmpty
  During elaboration of rule `process10' at
  "/workspace/scratch/e6420b0fda2a/resource60-shared-source/hw/bsv/SwayBlock.bsv",
  line 636, column 14.
  During elaboration of `block0' at
  "/workspace/scratch/e6420b0fda2a/resource60-shared-source/hw/bsv/SwayBaseline.bsv",
  line 41, column 18.
  During elaboration of `core' at
  "/workspace/scratch/e6420b0fda2a/resource60-shared-source/hw/bsv/Top.bsv",
  line 28, column 17.
  During elaboration of `mkTop' at
  "/workspace/scratch/e6420b0fda2a/resource60-shared-source/hw/bsv/Top.bsv",
  line 22, column 8.
Warning: "/workspace/scratch/e6420b0fda2a/resource60-shared-source/hw/bsv/SwayLinear.bsv", line 141, column 14: (G0043)
  Multiple reset signals influence rule
  `core_block1_inputProjection_engine_process1Capture'.
  This can lead to inconsistent, non-atomic results when not all of these
  signals are asserted.
  Method calls by reset:
    Reset 1 (core_block1_inputProjection_localReset_leaf.rst):
      core_block1_inputProjection_inputQ.first
      core_block1_inputProjection_inputQ.i_notEmpty
    Reset 2 (core_block1_inputProjection_engine_localReset_leaf.rst):
      core_block1_inputProjection_engine_activeOn.read
      core_block1_inputProjection_engine_startQ.enq
      core_block1_inputProjection_engine_startQ.i_notFull
  During elaboration of rule `process1Capture' at
  "/workspace/scratch/e6420b0fda2a/resource60-shared-source/hw/bsv/SwayLinear.bsv",
  line 141, column 14.
  During elaboration of `engine' at
  "/workspace/scratch/e6420b0fda2a/resource60-shared-source/hw/bsv/SwayLinear.bsv",
  line 616, column 29.
  During elaboration of `inputProjection' at
  "/workspace/scratch/e6420b0fda2a/resource60-shared-source/hw/bsv/SwayBlock.bsv",
  line 139, column 28.
  During elaboration of `block1' at
  "/workspace/scratch/e6420b0fda2a/resource60-shared-source/hw/bsv/SwayBaseline.bsv",
  line 42, column 18.
  During elaboration of `core' at
  "/workspace/scratch/e6420b0fda2a/resource60-shared-source/hw/bsv/Top.bsv",
  line 28, column 17.
  During elaboration of `mkTop' at
  "/workspace/scratch/e6420b0fda2a/resource60-shared-source/hw/bsv/Top.bsv",
  line 22, column 8.
Warning: "/workspace/scratch/e6420b0fda2a/resource60-shared-source/hw/bsv/SwayLinear.bsv", line 200, column 14: (G0043)
  Multiple reset signals influence rule
  `core_block1_inputProjection_engine_process2Chunk'.
  This can lead to inconsistent, non-atomic results when not all of these
  signals are asserted.
  Method calls by reset:
    Reset 1 (core_block1_inputProjection_localReset_leaf.rst):
      core_block1_inputProjection_inputQ.first
      core_block1_inputProjection_inputQ.i_notEmpty
    Reset 2 (core_block1_inputProjection_engine_localReset_leaf.rst):
      core_block1_inputProjection_engine_chunkLoadOn.read
      core_block1_inputProjection_engine_chunkLoadOn.write
      core_block1_inputProjection_engine_issueOn.write
  During elaboration of rule `process2Chunk' at
  "/workspace/scratch/e6420b0fda2a/resource60-shared-source/hw/bsv/SwayLinear.bsv",
  line 200, column 14.
  During elaboration of `engine' at
  "/workspace/scratch/e6420b0fda2a/resource60-shared-source/hw/bsv/SwayLinear.bsv",
  line 616, column 29.
  During elaboration of `inputProjection' at
  "/workspace/scratch/e6420b0fda2a/resource60-shared-source/hw/bsv/SwayBlock.bsv",
  line 139, column 28.
  During elaboration of `block1' at
  "/workspace/scratch/e6420b0fda2a/resource60-shared-source/hw/bsv/SwayBaseline.bsv",
  line 42, column 18.
  During elaboration of `core' at
  "/workspace/scratch/e6420b0fda2a/resource60-shared-source/hw/bsv/Top.bsv",
  line 28, column 17.
  During elaboration of `mkTop' at
  "/workspace/scratch/e6420b0fda2a/resource60-shared-source/hw/bsv/Top.bsv",
  line 22, column 8.
Warning: "/workspace/scratch/e6420b0fda2a/resource60-shared-source/hw/bsv/SwayLinear.bsv", line 543, column 14: (G0043)
  Multiple reset signals influence rule
  `core_block1_inputProjection_engine_process8Emit'.
  This can lead to inconsistent, non-atomic results when not all of these
  signals are asserted.
  Method calls by reset:
    Reset 1 (core_block1_inputProjection_localReset_leaf.rst):
      core_block1_inputProjection_inputQ.deq
      core_block1_inputProjection_inputQ.i_notEmpty
    Reset 2 (core_block1_inputProjection_engine_localReset_leaf.rst):
      core_block1_inputProjection_engine_activeOn.read
      core_block1_inputProjection_engine_activeOn.write
      core_block1_inputProjection_engine_emitOn.read
      core_block1_inputProjection_engine_emitOn.write
      core_block1_inputProjection_engine_outputQ.enq
      core_block1_inputProjection_engine_outputQ.i_notFull
  During elaboration of rule `process8Emit' at
  "/workspace/scratch/e6420b0fda2a/resource60-shared-source/hw/bsv/SwayLinear.bsv",
  line 543, column 14.
  During elaboration of `engine' at
  "/workspace/scratch/e6420b0fda2a/resource60-shared-source/hw/bsv/SwayLinear.bsv",
  line 616, column 29.
  During elaboration of `inputProjection' at
  "/workspace/scratch/e6420b0fda2a/resource60-shared-source/hw/bsv/SwayBlock.bsv",
  line 139, column 28.
  During elaboration of `block1' at
  "/workspace/scratch/e6420b0fda2a/resource60-shared-source/hw/bsv/SwayBaseline.bsv",
  line 42, column 18.
  During elaboration of `core' at
  "/workspace/scratch/e6420b0fda2a/resource60-shared-source/hw/bsv/Top.bsv",
  line 28, column 17.
  During elaboration of `mkTop' at
  "/workspace/scratch/e6420b0fda2a/resource60-shared-source/hw/bsv/Top.bsv",
  line 22, column 8.
Warning: "/workspace/scratch/e6420b0fda2a/resource60-shared-source/hw/bsv/SwayFoldedLinear.bsv", line 69, column 14: (G0043)
  Multiple reset signals influence rule
  `core_block1_stateProjection_engine_process1Capture'.
  This can lead to inconsistent, non-atomic results when not all of these
  signals are asserted.
  Method calls by reset:
    Reset 1 (core_block1_stateProjection_localReset_leaf.rst):
      core_block1_stateProjection_inputQ.first
      core_block1_stateProjection_inputQ.i_notEmpty
    Reset 2 (core_block1_stateProjection_engine_localReset_leaf.rst):
      core_block1_stateProjection_engine_activeOn.read
      core_block1_stateProjection_engine_startQ.enq
      core_block1_stateProjection_engine_startQ.i_notFull
  During elaboration of rule `process1Capture' at
  "/workspace/scratch/e6420b0fda2a/resource60-shared-source/hw/bsv/SwayFoldedLinear.bsv",
  line 69, column 14.
  During elaboration of `engine' at
  "/workspace/scratch/e6420b0fda2a/resource60-shared-source/hw/bsv/SwayFoldedLinear.bsv",
  line 297, column 29.
  During elaboration of `stateProjection' at
  "/workspace/scratch/e6420b0fda2a/resource60-shared-source/hw/bsv/SwayBlock.bsv",
  line 141, column 28.
  During elaboration of `block1' at
  "/workspace/scratch/e6420b0fda2a/resource60-shared-source/hw/bsv/SwayBaseline.bsv",
  line 42, column 18.
  During elaboration of `core' at
  "/workspace/scratch/e6420b0fda2a/resource60-shared-source/hw/bsv/Top.bsv",
  line 28, column 17.
  During elaboration of `mkTop' at
  "/workspace/scratch/e6420b0fda2a/resource60-shared-source/hw/bsv/Top.bsv",
  line 22, column 8.
Warning: "/workspace/scratch/e6420b0fda2a/resource60-shared-source/hw/bsv/SwayFoldedLinear.bsv", line 96, column 14: (G0043)
  Multiple reset signals influence rule
  `core_block1_stateProjection_engine_process2Chunk'.
  This can lead to inconsistent, non-atomic results when not all of these
  signals are asserted.
  Method calls by reset:
    Reset 1 (core_block1_stateProjection_localReset_leaf.rst):
      core_block1_stateProjection_inputQ.first
      core_block1_stateProjection_inputQ.i_notEmpty
    Reset 2 (core_block1_stateProjection_engine_localReset_leaf.rst):
      core_block1_stateProjection_engine_chunkLoadOn.read
      core_block1_stateProjection_engine_chunkLoadOn.write
      core_block1_stateProjection_engine_issueOn.write
  During elaboration of rule `process2Chunk' at
  "/workspace/scratch/e6420b0fda2a/resource60-shared-source/hw/bsv/SwayFoldedLinear.bsv",
  line 96, column 14.
  During elaboration of `engine' at
  "/workspace/scratch/e6420b0fda2a/resource60-shared-source/hw/bsv/SwayFoldedLinear.bsv",
  line 297, column 29.
  During elaboration of `stateProjection' at
  "/workspace/scratch/e6420b0fda2a/resource60-shared-source/hw/bsv/SwayBlock.bsv",
  line 141, column 28.
  During elaboration of `block1' at
  "/workspace/scratch/e6420b0fda2a/resource60-shared-source/hw/bsv/SwayBaseline.bsv",
  line 42, column 18.
  During elaboration of `core' at
  "/workspace/scratch/e6420b0fda2a/resource60-shared-source/hw/bsv/Top.bsv",
  line 28, column 17.
  During elaboration of `mkTop' at
  "/workspace/scratch/e6420b0fda2a/resource60-shared-source/hw/bsv/Top.bsv",
  line 22, column 8.
Warning: "/workspace/scratch/e6420b0fda2a/resource60-shared-source/hw/bsv/SwayFoldedLinear.bsv", line 253, column 14: (G0043)
  Multiple reset signals influence rule
  `core_block1_stateProjection_engine_process8Emit'.
  This can lead to inconsistent, non-atomic results when not all of these
  signals are asserted.
  Method calls by reset:
    Reset 1 (core_block1_stateProjection_localReset_leaf.rst):
      core_block1_stateProjection_inputQ.deq
      core_block1_stateProjection_inputQ.i_notEmpty
    Reset 2 (core_block1_stateProjection_engine_localReset_leaf.rst):
      core_block1_stateProjection_engine_activeOn.read
      core_block1_stateProjection_engine_activeOn.write
      core_block1_stateProjection_engine_emitOn.read
      core_block1_stateProjection_engine_emitOn.write
      core_block1_stateProjection_engine_outputQ.enq
      core_block1_stateProjection_engine_outputQ.i_notFull
  During elaboration of rule `process8Emit' at
  "/workspace/scratch/e6420b0fda2a/resource60-shared-source/hw/bsv/SwayFoldedLinear.bsv",
  line 253, column 14.
  During elaboration of `engine' at
  "/workspace/scratch/e6420b0fda2a/resource60-shared-source/hw/bsv/SwayFoldedLinear.bsv",
  line 297, column 29.
  During elaboration of `stateProjection' at
  "/workspace/scratch/e6420b0fda2a/resource60-shared-source/hw/bsv/SwayBlock.bsv",
  line 141, column 28.
  During elaboration of `block1' at
  "/workspace/scratch/e6420b0fda2a/resource60-shared-source/hw/bsv/SwayBaseline.bsv",
  line 42, column 18.
  During elaboration of `core' at
  "/workspace/scratch/e6420b0fda2a/resource60-shared-source/hw/bsv/Top.bsv",
  line 28, column 17.
  During elaboration of `mkTop' at
  "/workspace/scratch/e6420b0fda2a/resource60-shared-source/hw/bsv/Top.bsv",
  line 22, column 8.
Warning: "/workspace/scratch/e6420b0fda2a/resource60-shared-source/hw/bsv/SwayFoldedLinear.bsv", line 69, column 14: (G0043)
  Multiple reset signals influence rule
  `core_block1_outputProjection_engine_process1Capture'.
  This can lead to inconsistent, non-atomic results when not all of these
  signals are asserted.
  Method calls by reset:
    Reset 1 (core_block1_outputProjection_localReset_leaf.rst):
      core_block1_outputProjection_inputQ.first
      core_block1_outputProjection_inputQ.i_notEmpty
    Reset 2 (core_block1_outputProjection_engine_localReset_leaf.rst):
      core_block1_outputProjection_engine_activeOn.read
      core_block1_outputProjection_engine_startQ.enq
      core_block1_outputProjection_engine_startQ.i_notFull
  During elaboration of rule `process1Capture' at
  "/workspace/scratch/e6420b0fda2a/resource60-shared-source/hw/bsv/SwayFoldedLinear.bsv",
  line 69, column 14.
  During elaboration of `engine' at
  "/workspace/scratch/e6420b0fda2a/resource60-shared-source/hw/bsv/SwayFoldedLinear.bsv",
  line 297, column 29.
  During elaboration of `outputProjection' at
  "/workspace/scratch/e6420b0fda2a/resource60-shared-source/hw/bsv/SwayBlock.bsv",
  line 142, column 28.
  During elaboration of `block1' at
  "/workspace/scratch/e6420b0fda2a/resource60-shared-source/hw/bsv/SwayBaseline.bsv",
  line 42, column 18.
  During elaboration of `core' at
  "/workspace/scratch/e6420b0fda2a/resource60-shared-source/hw/bsv/Top.bsv",
  line 28, column 17.
  During elaboration of `mkTop' at
  "/workspace/scratch/e6420b0fda2a/resource60-shared-source/hw/bsv/Top.bsv",
  line 22, column 8.
Warning: "/workspace/scratch/e6420b0fda2a/resource60-shared-source/hw/bsv/SwayFoldedLinear.bsv", line 96, column 14: (G0043)
  Multiple reset signals influence rule
  `core_block1_outputProjection_engine_process2Chunk'.
  This can lead to inconsistent, non-atomic results when not all of these
  signals are asserted.
  Method calls by reset:
    Reset 1 (core_block1_outputProjection_localReset_leaf.rst):
      core_block1_outputProjection_inputQ.first
      core_block1_outputProjection_inputQ.i_notEmpty
    Reset 2 (core_block1_outputProjection_engine_localReset_leaf.rst):
      core_block1_outputProjection_engine_chunkLoadOn.read
      core_block1_outputProjection_engine_chunkLoadOn.write
      core_block1_outputProjection_engine_issueOn.write
  During elaboration of rule `process2Chunk' at
  "/workspace/scratch/e6420b0fda2a/resource60-shared-source/hw/bsv/SwayFoldedLinear.bsv",
  line 96, column 14.
  During elaboration of `engine' at
  "/workspace/scratch/e6420b0fda2a/resource60-shared-source/hw/bsv/SwayFoldedLinear.bsv",
  line 297, column 29.
  During elaboration of `outputProjection' at
  "/workspace/scratch/e6420b0fda2a/resource60-shared-source/hw/bsv/SwayBlock.bsv",
  line 142, column 28.
  During elaboration of `block1' at
  "/workspace/scratch/e6420b0fda2a/resource60-shared-source/hw/bsv/SwayBaseline.bsv",
  line 42, column 18.
  During elaboration of `core' at
  "/workspace/scratch/e6420b0fda2a/resource60-shared-source/hw/bsv/Top.bsv",
  line 28, column 17.
  During elaboration of `mkTop' at
  "/workspace/scratch/e6420b0fda2a/resource60-shared-source/hw/bsv/Top.bsv",
  line 22, column 8.
Warning: "/workspace/scratch/e6420b0fda2a/resource60-shared-source/hw/bsv/SwayFoldedLinear.bsv", line 253, column 14: (G0043)
  Multiple reset signals influence rule
  `core_block1_outputProjection_engine_process8Emit'.
  This can lead to inconsistent, non-atomic results when not all of these
  signals are asserted.
  Method calls by reset:
    Reset 1 (core_block1_outputProjection_localReset_leaf.rst):
      core_block1_outputProjection_inputQ.deq
      core_block1_outputProjection_inputQ.i_notEmpty
    Reset 2 (core_block1_outputProjection_engine_localReset_leaf.rst):
      core_block1_outputProjection_engine_activeOn.read
      core_block1_outputProjection_engine_activeOn.write
      core_block1_outputProjection_engine_emitOn.read
      core_block1_outputProjection_engine_emitOn.write
      core_block1_outputProjection_engine_outputQ.enq
      core_block1_outputProjection_engine_outputQ.i_notFull
  During elaboration of rule `process8Emit' at
  "/workspace/scratch/e6420b0fda2a/resource60-shared-source/hw/bsv/SwayFoldedLinear.bsv",
  line 253, column 14.
  During elaboration of `engine' at
  "/workspace/scratch/e6420b0fda2a/resource60-shared-source/hw/bsv/SwayFoldedLinear.bsv",
  line 297, column 29.
  During elaboration of `outputProjection' at
  "/workspace/scratch/e6420b0fda2a/resource60-shared-source/hw/bsv/SwayBlock.bsv",
  line 142, column 28.
  During elaboration of `block1' at
  "/workspace/scratch/e6420b0fda2a/resource60-shared-source/hw/bsv/SwayBaseline.bsv",
  line 42, column 18.
  During elaboration of `core' at
  "/workspace/scratch/e6420b0fda2a/resource60-shared-source/hw/bsv/Top.bsv",
  line 28, column 17.
  During elaboration of `mkTop' at
  "/workspace/scratch/e6420b0fda2a/resource60-shared-source/hw/bsv/Top.bsv",
  line 22, column 8.
Warning: "Prelude.bs", line 1335, column 9: (G0024)
  The function unfolding steps interval has been exceeded when unfolding
  `Prelude.Ord~Prelude.Integer'. The current number of steps is 500000. Next
  warning at 600000 steps. Elaboration terminates at 1000000 steps.
  During elaboration of the body of rule `process2_2' at
  "/workspace/scratch/e6420b0fda2a/resource60-shared-source/hw/bsv/SwayScan.bsv",
  line 281, column 14.
  During elaboration of `scan' at
  "/workspace/scratch/e6420b0fda2a/resource60-shared-source/hw/bsv/SwayBlock.bsv",
  line 148, column 17.
  During elaboration of `block1' at
  "/workspace/scratch/e6420b0fda2a/resource60-shared-source/hw/bsv/SwayBaseline.bsv",
  line 42, column 18.
  During elaboration of `core' at
  "/workspace/scratch/e6420b0fda2a/resource60-shared-source/hw/bsv/Top.bsv",
  line 28, column 17.
  During elaboration of `mkTop' at
  "/workspace/scratch/e6420b0fda2a/resource60-shared-source/hw/bsv/Top.bsv",
  line 22, column 8.
Warning: "Prelude.bs", line 3102, column 0: (G0024)
  The function unfolding steps interval has been exceeded when unfolding
  `primFix'. The current number of steps is 600000. Next warning at 700000
  steps. Elaboration terminates at 1000000 steps.
  During elaboration of the body of rule `process2_2' at
  "/workspace/scratch/e6420b0fda2a/resource60-shared-source/hw/bsv/SwayScan.bsv",
  line 281, column 14.
  During elaboration of `scan' at
  "/workspace/scratch/e6420b0fda2a/resource60-shared-source/hw/bsv/SwayBlock.bsv",
  line 148, column 17.
  During elaboration of `block1' at
  "/workspace/scratch/e6420b0fda2a/resource60-shared-source/hw/bsv/SwayBaseline.bsv",
  line 42, column 18.
  During elaboration of `core' at
  "/workspace/scratch/e6420b0fda2a/resource60-shared-source/hw/bsv/Top.bsv",
  line 28, column 17.
  During elaboration of `mkTop' at
  "/workspace/scratch/e6420b0fda2a/resource60-shared-source/hw/bsv/Top.bsv",
  line 22, column 8.
Warning: "Prelude.bs", line 2862, column 0: (G0024)
  The function unfolding steps interval has been exceeded when unfolding
  `isStaticValue'. The current number of steps is 700000. Next warning at
  800000 steps. Elaboration terminates at 1000000 steps.
  During elaboration of the body of rule `process2_2' at
  "/workspace/scratch/e6420b0fda2a/resource60-shared-source/hw/bsv/SwayScan.bsv",
  line 281, column 14.
  During elaboration of `scan' at
  "/workspace/scratch/e6420b0fda2a/resource60-shared-source/hw/bsv/SwayBlock.bsv",
  line 148, column 17.
  During elaboration of `block1' at
  "/workspace/scratch/e6420b0fda2a/resource60-shared-source/hw/bsv/SwayBaseline.bsv",
  line 42, column 18.
  During elaboration of `core' at
  "/workspace/scratch/e6420b0fda2a/resource60-shared-source/hw/bsv/Top.bsv",
  line 28, column 17.
  During elaboration of `mkTop' at
  "/workspace/scratch/e6420b0fda2a/resource60-shared-source/hw/bsv/Top.bsv",
  line 22, column 8.
Warning: "/workspace/scratch/e6420b0fda2a/resource60-shared-source/hw/bsv/SwayBlock.bsv", line 227, column 14: (G0043)
  Multiple reset signals influence rule `core_block1_process1'.
  This can lead to inconsistent, non-atomic results when not all of these
  signals are asserted.
  Method calls by reset:
    Reset 1 (core_block1_localReset_leaf.rst):
      core_block1_inputQ.deq
      core_block1_inputQ.first
      core_block1_inputQ.i_notEmpty
      core_block1_residualQ.enq
      core_block1_residualQ.i_notFull
    Reset 2 (core_block1_normalization_localReset_leaf.rst):
      core_block1_normalization_inputQ.enq
      core_block1_normalization_inputQ.i_notFull
  During elaboration of rule `process1' at
  "/workspace/scratch/e6420b0fda2a/resource60-shared-source/hw/bsv/SwayBlock.bsv",
  line 227, column 14.
  During elaboration of `block1' at
  "/workspace/scratch/e6420b0fda2a/resource60-shared-source/hw/bsv/SwayBaseline.bsv",
  line 42, column 18.
  During elaboration of `core' at
  "/workspace/scratch/e6420b0fda2a/resource60-shared-source/hw/bsv/Top.bsv",
  line 28, column 17.
  During elaboration of `mkTop' at
  "/workspace/scratch/e6420b0fda2a/resource60-shared-source/hw/bsv/Top.bsv",
  line 22, column 8.
Warning: "/workspace/scratch/e6420b0fda2a/resource60-shared-source/hw/bsv/SwayBlock.bsv", line 240, column 14: (G0043)
  Multiple reset signals influence rule `core_block1_process2'.
  This can lead to inconsistent, non-atomic results when not all of these
  signals are asserted.
  Method calls by reset:
    Reset 1 (core_block1_normalization_localReset_leaf.rst):
      core_block1_normalization_outputQ.deq
      core_block1_normalization_outputQ.first
      core_block1_normalization_outputQ.i_notEmpty
    Reset 2 (core_block1_inputProjection_localReset_leaf.rst):
      core_block1_inputProjection_inputQ.enq
      core_block1_inputProjection_inputQ.i_notFull
  During elaboration of rule `process2' at
  "/workspace/scratch/e6420b0fda2a/resource60-shared-source/hw/bsv/SwayBlock.bsv",
  line 240, column 14.
  During elaboration of `block1' at
  "/workspace/scratch/e6420b0fda2a/resource60-shared-source/hw/bsv/SwayBaseline.bsv",
  line 42, column 18.
  During elaboration of `core' at
  "/workspace/scratch/e6420b0fda2a/resource60-shared-source/hw/bsv/Top.bsv",
  line 28, column 17.
  During elaboration of `mkTop' at
  "/workspace/scratch/e6420b0fda2a/resource60-shared-source/hw/bsv/Top.bsv",
  line 22, column 8.
Warning: "/workspace/scratch/e6420b0fda2a/resource60-shared-source/hw/bsv/SwayBlock.bsv", line 251, column 14: (G0043)
  Multiple reset signals influence rule `core_block1_process3'.
  This can lead to inconsistent, non-atomic results when not all of these
  signals are asserted.
  Method calls by reset:
    Reset 1 (core_block1_localReset_leaf.rst):
      core_block1_expandedQ.enq core_block1_expandedQ.i_notFull
    Reset 2 (core_block1_inputProjection_engine_localReset_leaf.rst):
      core_block1_inputProjection_engine_outputQ.deq
      core_block1_inputProjection_engine_outputQ.first
      core_block1_inputProjection_engine_outputQ.i_notEmpty
  During elaboration of rule `process3' at
  "/workspace/scratch/e6420b0fda2a/resource60-shared-source/hw/bsv/SwayBlock.bsv",
  line 251, column 14.
  During elaboration of `block1' at
  "/workspace/scratch/e6420b0fda2a/resource60-shared-source/hw/bsv/SwayBaseline.bsv",
  line 42, column 18.
  During elaboration of `core' at
  "/workspace/scratch/e6420b0fda2a/resource60-shared-source/hw/bsv/Top.bsv",
  line 28, column 17.
  During elaboration of `mkTop' at
  "/workspace/scratch/e6420b0fda2a/resource60-shared-source/hw/bsv/Top.bsv",
  line 22, column 8.
Warning: "/workspace/scratch/e6420b0fda2a/resource60-shared-source/hw/bsv/SwayBlock.bsv", line 479, column 14: (G0043)
  Multiple reset signals influence rule `core_block1_process5'.
  This can lead to inconsistent, non-atomic results when not all of these
  signals are asserted.
  Method calls by reset:
    Reset 1 (core_block1_localReset_leaf.rst):
      core_block1_activatedQ.deq
      core_block1_activatedQ.first
      core_block1_activatedQ.i_notEmpty
      core_block1_xDelayQ.enq
      core_block1_xDelayQ.i_notFull
    Reset 2 (core_block1_stateProjection_localReset_leaf.rst):
      core_block1_stateProjection_inputQ.enq
      core_block1_stateProjection_inputQ.i_notFull
  During elaboration of rule `process5' at
  "/workspace/scratch/e6420b0fda2a/resource60-shared-source/hw/bsv/SwayBlock.bsv",
  line 479, column 14.
  During elaboration of `block1' at
  "/workspace/scratch/e6420b0fda2a/resource60-shared-source/hw/bsv/SwayBaseline.bsv",
  line 42, column 18.
  During elaboration of `core' at
  "/workspace/scratch/e6420b0fda2a/resource60-shared-source/hw/bsv/Top.bsv",
  line 28, column 17.
  During elaboration of `mkTop' at
  "/workspace/scratch/e6420b0fda2a/resource60-shared-source/hw/bsv/Top.bsv",
  line 22, column 8.
Warning: "/workspace/scratch/e6420b0fda2a/resource60-shared-source/hw/bsv/SwayBlock.bsv", line 492, column 14: (G0043)
  Multiple reset signals influence rule `core_block1_process6'.
  This can lead to inconsistent, non-atomic results when not all of these
  signals are asserted.
  Method calls by reset:
    Reset 1 (core_delta_localReset_leaf.rst):
      core_delta_input1Q.enq core_delta_input1Q.i_notFull
    Reset 2 (core_block1_localReset_leaf.rst):
      core_block1_stateParameterQ.enq core_block1_stateParameterQ.i_notFull
    Reset 3 (core_block1_stateProjection_engine_localReset_leaf.rst):
      core_block1_stateProjection_engine_outputQ.deq
      core_block1_stateProjection_engine_outputQ.first
      core_block1_stateProjection_engine_outputQ.i_notEmpty
  During elaboration of rule `process6' at
  "/workspace/scratch/e6420b0fda2a/resource60-shared-source/hw/bsv/SwayBlock.bsv",
  line 492, column 14.
  During elaboration of `block1' at
  "/workspace/scratch/e6420b0fda2a/resource60-shared-source/hw/bsv/SwayBaseline.bsv",
  line 42, column 18.
  During elaboration of `core' at
  "/workspace/scratch/e6420b0fda2a/resource60-shared-source/hw/bsv/Top.bsv",
  line 28, column 17.
  During elaboration of `mkTop' at
  "/workspace/scratch/e6420b0fda2a/resource60-shared-source/hw/bsv/Top.bsv",
  line 22, column 8.
Warning: "/workspace/scratch/e6420b0fda2a/resource60-shared-source/hw/bsv/SwayBlock.bsv", line 514, column 14: (G0043)
  Multiple reset signals influence rule `core_block1_process7'.
  This can lead to inconsistent, non-atomic results when not all of these
  signals are asserted.
  Method calls by reset:
    Reset 1 (core_delta_localReset_leaf.rst):
      core_delta_output1Q.deq
      core_delta_output1Q.first
      core_delta_output1Q.i_notEmpty
    Reset 2 (core_block1_localReset_leaf.rst):
      core_block1_stateParameterQ.deq
      core_block1_stateParameterQ.first
      core_block1_stateParameterQ.i_notEmpty
      core_block1_xDelayQ.deq
      core_block1_xDelayQ.first
      core_block1_xDelayQ.i_notEmpty
    Reset 3 (core_block1_scan_localReset_leaf.rst):
      core_block1_scan_inputQ.enq core_block1_scan_inputQ.i_notFull
  During elaboration of rule `process7' at
  "/workspace/scratch/e6420b0fda2a/resource60-shared-source/hw/bsv/SwayBlock.bsv",
  line 514, column 14.
  During elaboration of `block1' at
  "/workspace/scratch/e6420b0fda2a/resource60-shared-source/hw/bsv/SwayBaseline.bsv",
  line 42, column 18.
  During elaboration of `core' at
  "/workspace/scratch/e6420b0fda2a/resource60-shared-source/hw/bsv/Top.bsv",
  line 28, column 17.
  During elaboration of `mkTop' at
  "/workspace/scratch/e6420b0fda2a/resource60-shared-source/hw/bsv/Top.bsv",
  line 22, column 8.
Warning: "/workspace/scratch/e6420b0fda2a/resource60-shared-source/hw/bsv/SwayBlock.bsv", line 538, column 14: (G0043)
  Multiple reset signals influence rule `core_block1_process8'.
  This can lead to inconsistent, non-atomic results when not all of these
  signals are asserted.
  Method calls by reset:
    Reset 1 (core_block1_localReset_leaf.rst):
      core_block1_gateDelayQ.deq
      core_block1_gateDelayQ.first
      core_block1_gateDelayQ.i_notEmpty
      core_block1_gatingOn.read
      core_block1_gatingOn.write
    Reset 2 (core_block1_scan_localReset_leaf.rst):
      core_block1_scan_outputQ.deq
      core_block1_scan_outputQ.first
      core_block1_scan_outputQ.i_notEmpty
  During elaboration of rule `process8' at
  "/workspace/scratch/e6420b0fda2a/resource60-shared-source/hw/bsv/SwayBlock.bsv",
  line 538, column 14.
  During elaboration of `block1' at
  "/workspace/scratch/e6420b0fda2a/resource60-shared-source/hw/bsv/SwayBaseline.bsv",
  line 42, column 18.
  During elaboration of `core' at
  "/workspace/scratch/e6420b0fda2a/resource60-shared-source/hw/bsv/Top.bsv",
  line 28, column 17.
  During elaboration of `mkTop' at
  "/workspace/scratch/e6420b0fda2a/resource60-shared-source/hw/bsv/Top.bsv",
  line 22, column 8.
Warning: "Prelude.bs", line 2862, column 0: (G0024)
  The function unfolding steps interval has been exceeded when unfolding
  `areStaticBits'. The current number of steps is 800000. Next warning at
  900000 steps. Elaboration terminates at 1000000 steps.
  During elaboration of the body of rule `process9_1' at
  "/workspace/scratch/e6420b0fda2a/resource60-shared-source/hw/bsv/SwayBlock.bsv",
  line 553, column 14.
  During elaboration of `block1' at
  "/workspace/scratch/e6420b0fda2a/resource60-shared-source/hw/bsv/SwayBaseline.bsv",
  line 42, column 18.
  During elaboration of `core' at
  "/workspace/scratch/e6420b0fda2a/resource60-shared-source/hw/bsv/Top.bsv",
  line 28, column 17.
  During elaboration of `mkTop' at
  "/workspace/scratch/e6420b0fda2a/resource60-shared-source/hw/bsv/Top.bsv",
  line 22, column 8.
Warning: "/workspace/scratch/e6420b0fda2a/resource60-shared-source/hw/bsv/SwayBlock.bsv", line 614, column 14: (G0043)
  Multiple reset signals influence rule `core_block1_process9_5'.
  This can lead to inconsistent, non-atomic results when not all of these
  signals are asserted.
  Method calls by reset:
    Reset 1 (core_block1_localReset_leaf.rst):
      core_block1_gateEmitOn.read
      core_block1_gateEmitOn.write
      core_block1_gatingOn.read
      core_block1_gatingOn.write
    Reset 2 (core_block1_outputProjection_localReset_leaf.rst):
      core_block1_outputProjection_inputQ.enq
      core_block1_outputProjection_inputQ.i_notFull
  During elaboration of rule `process9_5' at
  "/workspace/scratch/e6420b0fda2a/resource60-shared-source/hw/bsv/SwayBlock.bsv",
  line 614, column 14.
  During elaboration of `block1' at
  "/workspace/scratch/e6420b0fda2a/resource60-shared-source/hw/bsv/SwayBaseline.bsv",
  line 42, column 18.
  During elaboration of `core' at
  "/workspace/scratch/e6420b0fda2a/resource60-shared-source/hw/bsv/Top.bsv",
  line 28, column 17.
  During elaboration of `mkTop' at
  "/workspace/scratch/e6420b0fda2a/resource60-shared-source/hw/bsv/Top.bsv",
  line 22, column 8.
Warning: "/workspace/scratch/e6420b0fda2a/resource60-shared-source/hw/bsv/SwayBlock.bsv", line 636, column 14: (G0043)
  Multiple reset signals influence rule `core_block1_process10'.
  This can lead to inconsistent, non-atomic results when not all of these
  signals are asserted.
  Method calls by reset:
    Reset 1 (core_block1_localReset_leaf.rst):
      core_block1_residualQ.deq
      core_block1_residualQ.first
      core_block1_residualQ.i_notEmpty
      core_block1_residualSumQ.enq
      core_block1_residualSumQ.i_notFull
    Reset 2 (core_block1_outputProjection_engine_localReset_leaf.rst):
      core_block1_outputProjection_engine_outputQ.deq
      core_block1_outputProjection_engine_outputQ.first
      core_block1_outputProjection_engine_outputQ.i_notEmpty
  During elaboration of rule `process10' at
  "/workspace/scratch/e6420b0fda2a/resource60-shared-source/hw/bsv/SwayBlock.bsv",
  line 636, column 14.
  During elaboration of `block1' at
  "/workspace/scratch/e6420b0fda2a/resource60-shared-source/hw/bsv/SwayBaseline.bsv",
  line 42, column 18.
  During elaboration of `core' at
  "/workspace/scratch/e6420b0fda2a/resource60-shared-source/hw/bsv/Top.bsv",
  line 28, column 17.
  During elaboration of `mkTop' at
  "/workspace/scratch/e6420b0fda2a/resource60-shared-source/hw/bsv/Top.bsv",
  line 22, column 8.
Warning: "/workspace/scratch/e6420b0fda2a/resource60-shared-source/hw/bsv/SwayFoldedLinear.bsv", line 69, column 14: (G0043)
  Multiple reset signals influence rule
  `core_headOutput_engine_process1Capture'.
  This can lead to inconsistent, non-atomic results when not all of these
  signals are asserted.
  Method calls by reset:
    Reset 1 (core_headOutput_localReset_leaf.rst):
      core_headOutput_inputQ.first core_headOutput_inputQ.i_notEmpty
    Reset 2 (core_headOutput_engine_localReset_leaf.rst):
      core_headOutput_engine_activeOn.read
      core_headOutput_engine_startQ.enq
      core_headOutput_engine_startQ.i_notFull
  During elaboration of rule `process1Capture' at
  "/workspace/scratch/e6420b0fda2a/resource60-shared-source/hw/bsv/SwayFoldedLinear.bsv",
  line 69, column 14.
  During elaboration of `engine' at
  "/workspace/scratch/e6420b0fda2a/resource60-shared-source/hw/bsv/SwayFoldedLinear.bsv",
  line 297, column 29.
  During elaboration of `headOutput' at
  "/workspace/scratch/e6420b0fda2a/resource60-shared-source/hw/bsv/SwayBaseline.bsv",
  line 49, column 28.
  During elaboration of `core' at
  "/workspace/scratch/e6420b0fda2a/resource60-shared-source/hw/bsv/Top.bsv",
  line 28, column 17.
  During elaboration of `mkTop' at
  "/workspace/scratch/e6420b0fda2a/resource60-shared-source/hw/bsv/Top.bsv",
  line 22, column 8.
Warning: "/workspace/scratch/e6420b0fda2a/resource60-shared-source/hw/bsv/SwayFoldedLinear.bsv", line 96, column 14: (G0043)
  Multiple reset signals influence rule
  `core_headOutput_engine_process2Chunk'.
  This can lead to inconsistent, non-atomic results when not all of these
  signals are asserted.
  Method calls by reset:
    Reset 1 (core_headOutput_localReset_leaf.rst):
      core_headOutput_inputQ.first core_headOutput_inputQ.i_notEmpty
    Reset 2 (core_headOutput_engine_localReset_leaf.rst):
      core_headOutput_engine_chunkLoadOn.read
      core_headOutput_engine_chunkLoadOn.write
      core_headOutput_engine_issueOn.write
  During elaboration of rule `process2Chunk' at
  "/workspace/scratch/e6420b0fda2a/resource60-shared-source/hw/bsv/SwayFoldedLinear.bsv",
  line 96, column 14.
  During elaboration of `engine' at
  "/workspace/scratch/e6420b0fda2a/resource60-shared-source/hw/bsv/SwayFoldedLinear.bsv",
  line 297, column 29.
  During elaboration of `headOutput' at
  "/workspace/scratch/e6420b0fda2a/resource60-shared-source/hw/bsv/SwayBaseline.bsv",
  line 49, column 28.
  During elaboration of `core' at
  "/workspace/scratch/e6420b0fda2a/resource60-shared-source/hw/bsv/Top.bsv",
  line 28, column 17.
  During elaboration of `mkTop' at
  "/workspace/scratch/e6420b0fda2a/resource60-shared-source/hw/bsv/Top.bsv",
  line 22, column 8.
Warning: "/workspace/scratch/e6420b0fda2a/resource60-shared-source/hw/bsv/SwayFoldedLinear.bsv", line 253, column 14: (G0043)
  Multiple reset signals influence rule `core_headOutput_engine_process8Emit'.
  This can lead to inconsistent, non-atomic results when not all of these
  signals are asserted.
  Method calls by reset:
    Reset 1 (core_headOutput_localReset_leaf.rst):
      core_headOutput_inputQ.deq core_headOutput_inputQ.i_notEmpty
    Reset 2 (core_headOutput_engine_localReset_leaf.rst):
      core_headOutput_engine_activeOn.read
      core_headOutput_engine_activeOn.write
      core_headOutput_engine_emitOn.read
      core_headOutput_engine_emitOn.write
      core_headOutput_engine_outputQ.enq
      core_headOutput_engine_outputQ.i_notFull
  During elaboration of rule `process8Emit' at
  "/workspace/scratch/e6420b0fda2a/resource60-shared-source/hw/bsv/SwayFoldedLinear.bsv",
  line 253, column 14.
  During elaboration of `engine' at
  "/workspace/scratch/e6420b0fda2a/resource60-shared-source/hw/bsv/SwayFoldedLinear.bsv",
  line 297, column 29.
  During elaboration of `headOutput' at
  "/workspace/scratch/e6420b0fda2a/resource60-shared-source/hw/bsv/SwayBaseline.bsv",
  line 49, column 28.
  During elaboration of `core' at
  "/workspace/scratch/e6420b0fda2a/resource60-shared-source/hw/bsv/Top.bsv",
  line 28, column 17.
  During elaboration of `mkTop' at
  "/workspace/scratch/e6420b0fda2a/resource60-shared-source/hw/bsv/Top.bsv",
  line 22, column 8.
Warning: "/workspace/scratch/e6420b0fda2a/resource60-shared-source/hw/bsv/SwayFoldedLinear.bsv", line 69, column 14: (G0043)
  Multiple reset signals influence rule
  `core_headHidden_engine_process1Capture'.
  This can lead to inconsistent, non-atomic results when not all of these
  signals are asserted.
  Method calls by reset:
    Reset 1 (core_headHidden_localReset_leaf.rst):
      core_headHidden_readBankR.write
      core_headHidden_readyBankQ.deq
      core_headHidden_readyBankQ.first
      core_headHidden_readyBankQ.i_notEmpty
    Reset 2 (core_headHidden_engine_localReset_leaf.rst):
      core_headHidden_engine_activeOn.read
      core_headHidden_engine_startQ.enq
      core_headHidden_engine_startQ.i_notFull
  During elaboration of rule `process1Capture' at
  "/workspace/scratch/e6420b0fda2a/resource60-shared-source/hw/bsv/SwayFoldedLinear.bsv",
  line 69, column 14.
  During elaboration of `engine' at
  "/workspace/scratch/e6420b0fda2a/resource60-shared-source/hw/bsv/SwayHeadLinear.bsv",
  line 119, column 30.
  During elaboration of `headHidden' at
  "/workspace/scratch/e6420b0fda2a/resource60-shared-source/hw/bsv/SwayBaseline.bsv",
  line 56, column 28.
  During elaboration of `core' at
  "/workspace/scratch/e6420b0fda2a/resource60-shared-source/hw/bsv/Top.bsv",
  line 28, column 17.
  During elaboration of `mkTop' at
  "/workspace/scratch/e6420b0fda2a/resource60-shared-source/hw/bsv/Top.bsv",
  line 22, column 8.
Warning: "/workspace/scratch/e6420b0fda2a/resource60-shared-source/hw/bsv/SwayFoldedLinear.bsv", line 96, column 14: (G0043)
  Multiple reset signals influence rule
  `core_headHidden_engine_process2Chunk'.
  This can lead to inconsistent, non-atomic results when not all of these
  signals are asserted.
  Method calls by reset:
    Reset 1 (core_headHidden_localReset_leaf.rst):
      core_headHidden_readBankR.read
    Reset 2 (core_headHidden_engine_localReset_leaf.rst):
      core_headHidden_engine_chunkLoadOn.read
      core_headHidden_engine_chunkLoadOn.write
      core_headHidden_engine_issueOn.write
  During elaboration of rule `process2Chunk' at
  "/workspace/scratch/e6420b0fda2a/resource60-shared-source/hw/bsv/SwayFoldedLinear.bsv",
  line 96, column 14.
  During elaboration of `engine' at
  "/workspace/scratch/e6420b0fda2a/resource60-shared-source/hw/bsv/SwayHeadLinear.bsv",
  line 119, column 30.
  During elaboration of `headHidden' at
  "/workspace/scratch/e6420b0fda2a/resource60-shared-source/hw/bsv/SwayBaseline.bsv",
  line 56, column 28.
  During elaboration of `core' at
  "/workspace/scratch/e6420b0fda2a/resource60-shared-source/hw/bsv/Top.bsv",
  line 28, column 17.
  During elaboration of `mkTop' at
  "/workspace/scratch/e6420b0fda2a/resource60-shared-source/hw/bsv/Top.bsv",
  line 22, column 8.
Warning: "/workspace/scratch/e6420b0fda2a/resource60-shared-source/hw/bsv/SwayFoldedLinear.bsv", line 253, column 14: (G0043)
  Multiple reset signals influence rule `core_headHidden_engine_process8Emit'.
  This can lead to inconsistent, non-atomic results when not all of these
  signals are asserted.
  Method calls by reset:
    Reset 1 (core_headHidden_localReset_leaf.rst):
      core_headHidden_freeBankQ.enq
      core_headHidden_freeBankQ.i_notFull
      core_headHidden_initializeCnt.read
      core_headHidden_readBankR.read
    Reset 2 (core_headHidden_engine_localReset_leaf.rst):
      core_headHidden_engine_activeOn.read
      core_headHidden_engine_activeOn.write
      core_headHidden_engine_emitOn.read
      core_headHidden_engine_emitOn.write
      core_headHidden_engine_outputQ.enq
      core_headHidden_engine_outputQ.i_notFull
  During elaboration of rule `process8Emit' at
  "/workspace/scratch/e6420b0fda2a/resource60-shared-source/hw/bsv/SwayFoldedLinear.bsv",
  line 253, column 14.
  During elaboration of `engine' at
  "/workspace/scratch/e6420b0fda2a/resource60-shared-source/hw/bsv/SwayHeadLinear.bsv",
  line 119, column 30.
  During elaboration of `headHidden' at
  "/workspace/scratch/e6420b0fda2a/resource60-shared-source/hw/bsv/SwayBaseline.bsv",
  line 56, column 28.
  During elaboration of `core' at
  "/workspace/scratch/e6420b0fda2a/resource60-shared-source/hw/bsv/Top.bsv",
  line 28, column 17.
  During elaboration of `mkTop' at
  "/workspace/scratch/e6420b0fda2a/resource60-shared-source/hw/bsv/Top.bsv",
  line 22, column 8.
Warning: "/workspace/scratch/e6420b0fda2a/resource60-shared-source/hw/bsv/SwayBaseline.bsv", line 177, column 14: (G0043)
  Multiple reset signals influence rule `core_process3Embed'.
  This can lead to inconsistent, non-atomic results when not all of these
  signals are asserted.
  Method calls by reset:
    Reset 1 (core_localReset_leaf.rst):
      core_patchTokenQ.deq core_patchTokenQ.first core_patchTokenQ.i_notEmpty
    Reset 2 (core_embedding_localReset_leaf.rst):
      core_embedding_inputQ.enq core_embedding_inputQ.i_notFull
  During elaboration of rule `process3Embed' at
  "/workspace/scratch/e6420b0fda2a/resource60-shared-source/hw/bsv/SwayBaseline.bsv",
  line 177, column 14.
  During elaboration of `core' at
  "/workspace/scratch/e6420b0fda2a/resource60-shared-source/hw/bsv/Top.bsv",
  line 28, column 17.
  During elaboration of `mkTop' at
  "/workspace/scratch/e6420b0fda2a/resource60-shared-source/hw/bsv/Top.bsv",
  line 22, column 8.
Warning: "/workspace/scratch/e6420b0fda2a/resource60-shared-source/hw/bsv/SwayBaseline.bsv", line 189, column 14: (G0043)
  Multiple reset signals influence rule `core_process4'.
  This can lead to inconsistent, non-atomic results when not all of these
  signals are asserted.
  Method calls by reset:
    Reset 1 (core_embedding_engine_localReset_leaf.rst):
      core_embedding_engine_outputQ.deq
      core_embedding_engine_outputQ.first
      core_embedding_engine_outputQ.i_notEmpty
    Reset 2 (core_block0_localReset_leaf.rst):
      core_block0_inputQ.enq core_block0_inputQ.i_notFull
  During elaboration of rule `process4' at
  "/workspace/scratch/e6420b0fda2a/resource60-shared-source/hw/bsv/SwayBaseline.bsv",
  line 189, column 14.
  During elaboration of `core' at
  "/workspace/scratch/e6420b0fda2a/resource60-shared-source/hw/bsv/Top.bsv",
  line 28, column 17.
  During elaboration of `mkTop' at
  "/workspace/scratch/e6420b0fda2a/resource60-shared-source/hw/bsv/Top.bsv",
  line 22, column 8.
