{
  "variant": "shared",
  "status": "pass",
  "flow_attempt": "resource_comparison_60mhz",
  "synthesis_status": "pass",
  "native_rom_audit": "pass",
  "control_replication_audit": "pass",
  "routing_status": "completed",
  "route_build_exit_code": 0,
  "timing_status": "pass",
  "actual_core_constraint_mhz": 60.0,
  "clocks": {
    "$glbnet$CLK_clk_25mhz$TRELLIS_IO_IN": {
      "achieved": 109.92634582519531,
      "constraint": 25
    },
    "$glbnet$clocks_coreReset.CLK": {
      "achieved": 75.88404846191406,
      "constraint": 60.00239944458008
    }
  },
  "packed_resources": {
    "TRELLIS_COMB": {
      "available": 83640,
      "used": 43538
    },
    "TRELLIS_FF": {
      "available": 83640,
      "used": 44555
    },
    "DP16KD": {
      "available": 208,
      "used": 41
    },
    "MULT18X18D": {
      "available": 156,
      "used": 0
    },
    "TRELLIS_RAMW": {
      "available": 10455,
      "used": 479
    }
  },
  "raw_yosys_cells": {
    "CCU2C": 3576,
    "DP16KD": 41,
    "EHXPLLL": 1,
    "L6MUX21": 112,
    "LUT4": 30667,
    "PFUMX": 3756,
    "TRELLIS_DPR16X4": 479,
    "TRELLIS_FF": 44555
  },
  "bram_capacity_bits": 755712,
  "distributed_ram_capacity_bits": 30656,
  "clock_throughput_claim_valid": true,
  "bitstream_created": true,
  "routing_complete_marker_present": true,
  "toolchain_record": "toolchain.json",
  "source_snapshot_record": "source_hashes.json",
  "build_hashes_record": "build_hashes.json",
  "completed_utc": "2026-09-22T02:14:36.999239+00:00",
  "netlist_sha256": "976813ad1937dd3b16051d2a06d3388f3fcfbf142bbcdfe9ebbd4d43e1ffd41c",
  "physical_netlist_sha256": "fd1b85c83c1cfd40e3d04afb1b89e19ecd5dd9e3fafe6192d666f78e924035ac",
  "nextpnr_report_sha256": "bae67f075c660fbd115eb4559e9e78b3f53ee0986c97173ebf15af77ad089741",
  "nextpnr_log_sha256": "5ea8c03d51d13c5d6830b15b6e9bca307367056efe1cf04ed52b39d810013ba5",
  "bitstream_sha256": "5c81ec9a953c91b3d51062b03a7570f2684bb27aebf115c063fc1e3073761d23",
  "route_duration_seconds": 250.65,
  "analytical_placement_seconds": 519.85,
  "placement_refinement_seconds": 353.67
}
