SWAY_INPUT_FRAME,0,2,363
SWAY_INPUT_FRAME,1,364,725
SWAY_INPUT_FRAME,2,726,7468
SWAY_INPUT_FRAME,3,7469,16918
SWAY_OUTPUT,0,7,18262
SWAY_STALL,0,18263,26455
SWAY_INPUT_FRAME,4,16919,26364
SWAY_OUTPUT,1,7,26456
SWAY_OUTPUT,2,6,26457
SWAY_OUTPUT,3,6,26458
SWAY_OUTPUT,4,12,26459
SWAY_OUTPUT,5,16,26460
SWAY_OUTPUT,6,19,26461
SWAY_OUTPUT,7,1,26462
SWAY_OUTPUT,8,-2,26463
SWAY_OUTPUT,9,-3,26464
SWAY_OUTPUT,10,9,26465
SWAY_OUTPUT,11,10,26467
SWAY_OUTPUT,12,11,26468
SWAY_OUTPUT,13,11,26469
SWAY_OUTPUT,14,4,26470
SWAY_OUTPUT,15,2,26471
SWAY_OUTPUT,16,0,26472
SWAY_OUTPUT,17,0,26473
SWAY_OUTPUT,18,7,26474
SWAY_OUTPUT,19,63,26475
SWAY_OUTPUT,20,63,26476
SWAY_OUTPUT,21,63,26478
SWAY_OUTPUT,22,62,26479
SWAY_OUTPUT,23,62,26480
SWAY_OUTPUT,24,63,26481
SWAY_OUTPUT,25,61,26482
SWAY_OUTPUT,26,62,26483
SWAY_OUTPUT,27,63,26484
SWAY_OUTPUT,28,61,26485
SWAY_OUTPUT,29,62,26486
SWAY_OUTPUT,30,62,26487
SWAY_OUTPUT,31,63,26489
SWAY_OUTPUT,32,61,26490
SWAY_OUTPUT,33,62,26491
SWAY_OUTPUT,34,62,26492
SWAY_OUTPUT,35,63,26493
SWAY_OUTPUT,36,60,26494
SWAY_OUTPUT,37,63,26495
SWAY_OUTPUT,38,-7,26496
SWAY_OUTPUT,39,2,26497
SWAY_OUTPUT,40,13,26498
SWAY_OUTPUT,41,17,26500
SWAY_OUTPUT,42,9,26501
SWAY_OUTPUT,43,5,26502
SWAY_OUTPUT,44,2,26503
SWAY_OUTPUT,45,9,26504
SWAY_OUTPUT,46,2,26505
SWAY_OUTPUT,47,-4,26506
SWAY_OUTPUT,48,-7,26507
SWAY_OUTPUT,49,-17,26508
SWAY_OUTPUT,50,-28,26509
SWAY_OUTPUT,51,-29,26511
SWAY_OUTPUT,52,-7,26512
SWAY_OUTPUT,53,-16,26513
SWAY_OUTPUT,54,-27,26514
SWAY_OUTPUT,55,-29,26515
SWAY_OUTPUT,56,10,26516
SWAY_FRAME,0,18262,26516
SWAY_OUTPUT,57,7,27710
SWAY_STALL,1,27711,35903
SWAY_INPUT_FRAME,5,26365,35812
SWAY_OUTPUT,58,8,35903
SWAY_OUTPUT,59,8,35905
SWAY_OUTPUT,60,8,35906
SWAY_OUTPUT,61,13,35907
SWAY_OUTPUT,62,17,35908
SWAY_OUTPUT,63,20,35909
SWAY_OUTPUT,64,2,35910
SWAY_OUTPUT,65,-2,35911
SWAY_OUTPUT,66,-5,35912
SWAY_OUTPUT,67,10,35913
SWAY_OUTPUT,68,11,35914
SWAY_OUTPUT,69,10,35916
SWAY_OUTPUT,70,11,35917
SWAY_OUTPUT,71,5,35918
SWAY_OUTPUT,72,3,35919
SWAY_OUTPUT,73,0,35920
SWAY_OUTPUT,74,0,35921
SWAY_OUTPUT,75,8,35922
SWAY_OUTPUT,76,62,35923
SWAY_OUTPUT,77,62,35924
SWAY_OUTPUT,78,62,35925
SWAY_OUTPUT,79,62,35927
SWAY_OUTPUT,80,62,35928
SWAY_OUTPUT,81,62,35929
SWAY_OUTPUT,82,60,35930
SWAY_OUTPUT,83,61,35931
SWAY_OUTPUT,84,61,35932
SWAY_OUTPUT,85,60,35933
SWAY_OUTPUT,86,61,35934
SWAY_OUTPUT,87,60,35935
SWAY_OUTPUT,88,62,35936
SWAY_OUTPUT,89,59,35938
SWAY_OUTPUT,90,61,35939
SWAY_OUTPUT,91,61,35940
SWAY_OUTPUT,92,64,35941
SWAY_OUTPUT,93,60,35942
SWAY_OUTPUT,94,62,35943
SWAY_OUTPUT,95,-6,35944
SWAY_OUTPUT,96,4,35945
SWAY_OUTPUT,97,14,35946
SWAY_OUTPUT,98,18,35947
SWAY_OUTPUT,99,10,35949
SWAY_OUTPUT,100,6,35950
SWAY_OUTPUT,101,-1,35951
SWAY_OUTPUT,102,10,35952
SWAY_OUTPUT,103,4,35953
SWAY_OUTPUT,104,-1,35954
SWAY_OUTPUT,105,-5,35955
SWAY_OUTPUT,106,-16,35956
SWAY_OUTPUT,107,-26,35957
SWAY_OUTPUT,108,-29,35958
SWAY_OUTPUT,109,-6,35960
SWAY_OUTPUT,110,-15,35961
SWAY_OUTPUT,111,-26,35962
SWAY_OUTPUT,112,-28,35963
SWAY_OUTPUT,113,11,35964
SWAY_FRAME,1,27710,35964
SWAY_OUTPUT,114,8,37159
SWAY_STALL,2,37160,45352
SWAY_INPUT_FRAME,6,35813,45260
SWAY_OUTPUT,115,9,45352
SWAY_OUTPUT,116,8,45354
SWAY_OUTPUT,117,9,45355
SWAY_OUTPUT,118,13,45356
SWAY_OUTPUT,119,16,45357
SWAY_OUTPUT,120,15,45358
SWAY_OUTPUT,121,4,45359
SWAY_OUTPUT,122,1,45360
SWAY_OUTPUT,123,0,45361
SWAY_OUTPUT,124,10,45362
SWAY_OUTPUT,125,10,45363
SWAY_OUTPUT,126,8,45365
SWAY_OUTPUT,127,8,45366
SWAY_OUTPUT,128,6,45367
SWAY_OUTPUT,129,4,45368
SWAY_OUTPUT,130,2,45369
SWAY_OUTPUT,131,1,45370
SWAY_OUTPUT,132,9,45371
SWAY_OUTPUT,133,63,45372
SWAY_OUTPUT,134,63,45373
SWAY_OUTPUT,135,63,45374
SWAY_OUTPUT,136,63,45376
SWAY_OUTPUT,137,62,45377
SWAY_OUTPUT,138,62,45378
SWAY_OUTPUT,139,60,45379
SWAY_OUTPUT,140,62,45380
SWAY_OUTPUT,141,64,45381
SWAY_OUTPUT,142,62,45382
SWAY_OUTPUT,143,62,45383
SWAY_OUTPUT,144,62,45384
SWAY_OUTPUT,145,63,45385
SWAY_OUTPUT,146,62,45387
SWAY_OUTPUT,147,62,45388
SWAY_OUTPUT,148,62,45389
SWAY_OUTPUT,149,63,45390
SWAY_OUTPUT,150,59,45391
SWAY_OUTPUT,151,63,45392
SWAY_OUTPUT,152,-8,45393
SWAY_OUTPUT,153,2,45394
SWAY_OUTPUT,154,13,45395
SWAY_OUTPUT,155,17,45396
SWAY_OUTPUT,156,9,45398
SWAY_OUTPUT,157,2,45399
SWAY_OUTPUT,158,-4,45400
SWAY_OUTPUT,159,8,45401
SWAY_OUTPUT,160,2,45402
SWAY_OUTPUT,161,-4,45403
SWAY_OUTPUT,162,-7,45404
SWAY_OUTPUT,163,-17,45405
SWAY_OUTPUT,164,-28,45406
SWAY_OUTPUT,165,-30,45407
SWAY_OUTPUT,166,-7,45409
SWAY_OUTPUT,167,-16,45410
SWAY_OUTPUT,168,-26,45411
SWAY_OUTPUT,169,-29,45412
SWAY_OUTPUT,170,10,45413
SWAY_FRAME,2,37159,45413
SWAY_OUTPUT,171,7,46606
SWAY_STALL,3,46607,54799
SWAY_INPUT_FRAME,7,45261,54710
SWAY_OUTPUT,172,7,54799
SWAY_OUTPUT,173,6,54800
SWAY_OUTPUT,174,7,54801
SWAY_OUTPUT,175,13,54803
SWAY_OUTPUT,176,17,54804
SWAY_OUTPUT,177,20,54805
SWAY_OUTPUT,178,1,54806
SWAY_OUTPUT,179,-3,54807
SWAY_OUTPUT,180,-4,54808
SWAY_OUTPUT,181,10,54809
SWAY_OUTPUT,182,11,54810
SWAY_OUTPUT,183,13,54811
SWAY_OUTPUT,184,13,54812
SWAY_OUTPUT,185,5,54814
SWAY_OUTPUT,186,4,54815
SWAY_OUTPUT,187,2,54816
SWAY_OUTPUT,188,2,54817
SWAY_OUTPUT,189,7,54818
SWAY_OUTPUT,190,62,54819
SWAY_OUTPUT,191,62,54820
SWAY_OUTPUT,192,62,54821
SWAY_OUTPUT,193,61,54822
SWAY_OUTPUT,194,63,54823
SWAY_OUTPUT,195,65,54825
SWAY_OUTPUT,196,62,54826
SWAY_OUTPUT,197,60,54827
SWAY_OUTPUT,198,59,54828
SWAY_OUTPUT,199,57,54829
SWAY_OUTPUT,200,60,54830
SWAY_OUTPUT,201,60,54831
SWAY_OUTPUT,202,59,54832
SWAY_OUTPUT,203,56,54833
SWAY_OUTPUT,204,60,54834
SWAY_OUTPUT,205,63,54836
SWAY_OUTPUT,206,65,54837
SWAY_OUTPUT,207,62,54838
SWAY_OUTPUT,208,62,54839
SWAY_OUTPUT,209,-3,54840
SWAY_OUTPUT,210,7,54841
SWAY_OUTPUT,211,17,54842
SWAY_OUTPUT,212,22,54843
SWAY_OUTPUT,213,14,54844
SWAY_OUTPUT,214,10,54845
SWAY_OUTPUT,215,8,54847
SWAY_OUTPUT,216,14,54848
SWAY_OUTPUT,217,8,54849
SWAY_OUTPUT,218,4,54850
SWAY_OUTPUT,219,-2,54851
SWAY_OUTPUT,220,-15,54852
SWAY_OUTPUT,221,-26,54853
SWAY_OUTPUT,222,-28,54854
SWAY_OUTPUT,223,-3,54855
SWAY_OUTPUT,224,-15,54856
SWAY_OUTPUT,225,-26,54858
SWAY_OUTPUT,226,-28,54859
SWAY_OUTPUT,227,15,54860
SWAY_FRAME,3,46606,54860
SWAY_OUTPUT,228,8,56054
SWAY_STALL,4,56055,64247
SWAY_INPUT_FRAME,8,54711,64156
SWAY_OUTPUT,229,9,64247
SWAY_OUTPUT,230,9,64248
SWAY_OUTPUT,231,9,64249
SWAY_OUTPUT,232,14,64250
SWAY_OUTPUT,233,20,64252
SWAY_OUTPUT,234,23,64253
SWAY_OUTPUT,235,3,64254
SWAY_OUTPUT,236,-4,64255
SWAY_OUTPUT,237,-9,64256
SWAY_OUTPUT,238,11,64257
SWAY_OUTPUT,239,13,64258
SWAY_OUTPUT,240,13,64259
SWAY_OUTPUT,241,14,64260
SWAY_OUTPUT,242,6,64261
SWAY_OUTPUT,243,0,64263
SWAY_OUTPUT,244,-5,64264
SWAY_OUTPUT,245,-5,64265
SWAY_OUTPUT,246,9,64266
SWAY_OUTPUT,247,62,64267
SWAY_OUTPUT,248,61,64268
SWAY_OUTPUT,249,60,64269
SWAY_OUTPUT,250,59,64270
SWAY_OUTPUT,251,59,64271
SWAY_OUTPUT,252,59,64272
SWAY_OUTPUT,253,58,64274
SWAY_OUTPUT,254,60,64275
SWAY_OUTPUT,255,60,64276
SWAY_OUTPUT,256,59,64277
SWAY_OUTPUT,257,60,64278
SWAY_OUTPUT,258,58,64279
SWAY_OUTPUT,259,61,64280
SWAY_OUTPUT,260,59,64281
SWAY_OUTPUT,261,61,64282
SWAY_OUTPUT,262,59,64283
SWAY_OUTPUT,263,61,64285
SWAY_OUTPUT,264,58,64286
SWAY_OUTPUT,265,60,64287
SWAY_OUTPUT,266,-8,64288
SWAY_OUTPUT,267,2,64289
SWAY_OUTPUT,268,11,64290
SWAY_OUTPUT,269,15,64291
SWAY_OUTPUT,270,8,64292
SWAY_OUTPUT,271,6,64293
SWAY_OUTPUT,272,5,64294
SWAY_OUTPUT,273,8,64296
SWAY_OUTPUT,274,6,64297
SWAY_OUTPUT,275,8,64298
SWAY_OUTPUT,276,-7,64299
SWAY_OUTPUT,277,-16,64300
SWAY_OUTPUT,278,-27,64301
SWAY_OUTPUT,279,-29,64302
SWAY_OUTPUT,280,-7,64303
SWAY_OUTPUT,281,-14,64304
SWAY_OUTPUT,282,-25,64305
SWAY_OUTPUT,283,-27,64307
SWAY_OUTPUT,284,9,64308
SWAY_FRAME,4,56054,64308
SWAY_OUTPUT,285,4,65502
SWAY_STALL,5,65503,73695
SWAY_INPUT_FRAME,9,64157,73604
SWAY_OUTPUT,286,4,73695
SWAY_OUTPUT,287,3,73696
SWAY_OUTPUT,288,3,73697
SWAY_OUTPUT,289,9,73698
SWAY_OUTPUT,290,16,73699
SWAY_OUTPUT,291,19,73701
SWAY_OUTPUT,292,-2,73702
SWAY_OUTPUT,293,-7,73703
SWAY_OUTPUT,294,-8,73704
SWAY_OUTPUT,295,7,73705
SWAY_OUTPUT,296,11,73706
SWAY_OUTPUT,297,13,73707
SWAY_OUTPUT,298,14,73708
SWAY_OUTPUT,299,2,73709
SWAY_OUTPUT,300,-1,73710
SWAY_OUTPUT,301,-2,73712
SWAY_OUTPUT,302,-2,73713
SWAY_OUTPUT,303,3,73714
SWAY_OUTPUT,304,61,73715
SWAY_OUTPUT,305,61,73716
SWAY_OUTPUT,306,60,73717
SWAY_OUTPUT,307,60,73718
SWAY_OUTPUT,308,60,73719
SWAY_OUTPUT,309,61,73720
SWAY_OUTPUT,310,59,73721
SWAY_OUTPUT,311,59,73723
SWAY_OUTPUT,312,59,73724
SWAY_OUTPUT,313,58,73725
SWAY_OUTPUT,314,60,73726
SWAY_OUTPUT,315,59,73727
SWAY_OUTPUT,316,60,73728
SWAY_OUTPUT,317,57,73729
SWAY_OUTPUT,318,60,73730
SWAY_OUTPUT,319,59,73731
SWAY_OUTPUT,320,62,73732
SWAY_OUTPUT,321,59,73734
SWAY_OUTPUT,322,60,73735
SWAY_OUTPUT,323,-6,73736
SWAY_OUTPUT,324,4,73737
SWAY_OUTPUT,325,14,73738
SWAY_OUTPUT,326,18,73739
SWAY_OUTPUT,327,11,73740
SWAY_OUTPUT,328,10,73741
SWAY_OUTPUT,329,11,73742
SWAY_OUTPUT,330,10,73743
SWAY_OUTPUT,331,6,73745
SWAY_OUTPUT,332,5,73746
SWAY_OUTPUT,333,-5,73747
SWAY_OUTPUT,334,-15,73748
SWAY_OUTPUT,335,-25,73749
SWAY_OUTPUT,336,-28,73750
SWAY_OUTPUT,337,-6,73751
SWAY_OUTPUT,338,-15,73752
SWAY_OUTPUT,339,-27,73753
SWAY_OUTPUT,340,-29,73754
SWAY_OUTPUT,341,12,73756
SWAY_FRAME,5,65502,73756
SWAY_OUTPUT,342,4,74950
SWAY_STALL,6,74951,83143
SWAY_INPUT_FRAME,10,73605,83052
SWAY_OUTPUT,343,4,83143
SWAY_OUTPUT,344,3,83144
SWAY_OUTPUT,345,3,83145
SWAY_OUTPUT,346,10,83146
SWAY_OUTPUT,347,16,83147
SWAY_OUTPUT,348,21,83148
SWAY_OUTPUT,349,-3,83150
SWAY_OUTPUT,350,-10,83151
SWAY_OUTPUT,351,-15,83152
SWAY_OUTPUT,352,7,83153
SWAY_OUTPUT,353,11,83154
SWAY_OUTPUT,354,15,83155
SWAY_OUTPUT,355,15,83156
SWAY_OUTPUT,356,2,83157
SWAY_OUTPUT,357,-2,83158
SWAY_OUTPUT,358,-5,83159
SWAY_OUTPUT,359,-5,83161
SWAY_OUTPUT,360,3,83162
SWAY_OUTPUT,361,63,83163
SWAY_OUTPUT,362,62,83164
SWAY_OUTPUT,363,61,83165
SWAY_OUTPUT,364,61,83166
SWAY_OUTPUT,365,62,83167
SWAY_OUTPUT,366,62,83168
SWAY_OUTPUT,367,60,83169
SWAY_OUTPUT,368,61,83170
SWAY_OUTPUT,369,61,83172
SWAY_OUTPUT,370,60,83173
SWAY_OUTPUT,371,61,83174
SWAY_OUTPUT,372,60,83175
SWAY_OUTPUT,373,61,83176
SWAY_OUTPUT,374,59,83177
SWAY_OUTPUT,375,61,83178
SWAY_OUTPUT,376,61,83179
SWAY_OUTPUT,377,63,83180
SWAY_OUTPUT,378,60,83181
SWAY_OUTPUT,379,61,83183
SWAY_OUTPUT,380,-4,83184
SWAY_OUTPUT,381,6,83185
SWAY_OUTPUT,382,17,83186
SWAY_OUTPUT,383,21,83187
SWAY_OUTPUT,384,13,83188
SWAY_OUTPUT,385,13,83189
SWAY_OUTPUT,386,14,83190
SWAY_OUTPUT,387,13,83191
SWAY_OUTPUT,388,12,83192
SWAY_OUTPUT,389,15,83194
SWAY_OUTPUT,390,-3,83195
SWAY_OUTPUT,391,-14,83196
SWAY_OUTPUT,392,-26,83197
SWAY_OUTPUT,393,-28,83198
SWAY_OUTPUT,394,-3,83199
SWAY_OUTPUT,395,-14,83200
SWAY_OUTPUT,396,-26,83201
SWAY_OUTPUT,397,-28,83202
SWAY_OUTPUT,398,14,83203
SWAY_FRAME,6,74950,83203
SWAY_OUTPUT,399,8,84398
SWAY_STALL,7,84399,92591
SWAY_INPUT_FRAME,11,83053,92501
SWAY_OUTPUT,400,9,92591
SWAY_OUTPUT,401,8,92592
SWAY_OUTPUT,402,8,92593
SWAY_OUTPUT,403,14,92594
SWAY_OUTPUT,404,19,92595
SWAY_OUTPUT,405,21,92596
SWAY_OUTPUT,406,3,92597
SWAY_OUTPUT,407,0,92599
SWAY_OUTPUT,408,-3,92600
SWAY_OUTPUT,409,10,92601
SWAY_OUTPUT,410,12,92602
SWAY_OUTPUT,411,12,92603
SWAY_OUTPUT,412,12,92604
SWAY_OUTPUT,413,6,92605
SWAY_OUTPUT,414,3,92606
SWAY_OUTPUT,415,0,92607
SWAY_OUTPUT,416,-1,92608
SWAY_OUTPUT,417,9,92610
SWAY_OUTPUT,418,61,92611
SWAY_OUTPUT,419,62,92612
SWAY_OUTPUT,420,61,92613
SWAY_OUTPUT,421,61,92614
SWAY_OUTPUT,422,61,92615
SWAY_OUTPUT,423,61,92616
SWAY_OUTPUT,424,59,92617
SWAY_OUTPUT,425,60,92618
SWAY_OUTPUT,426,61,92619
SWAY_OUTPUT,427,60,92621
SWAY_OUTPUT,428,60,92622
SWAY_OUTPUT,429,60,92623
SWAY_OUTPUT,430,62,92624
SWAY_OUTPUT,431,60,92625
SWAY_OUTPUT,432,61,92626
SWAY_OUTPUT,433,61,92627
SWAY_OUTPUT,434,62,92628
SWAY_OUTPUT,435,58,92629
SWAY_OUTPUT,436,61,92630
SWAY_OUTPUT,437,-6,92632
SWAY_OUTPUT,438,3,92633
SWAY_OUTPUT,439,14,92634
SWAY_OUTPUT,440,17,92635
SWAY_OUTPUT,441,10,92636
SWAY_OUTPUT,442,7,92637
SWAY_OUTPUT,443,6,92638
SWAY_OUTPUT,444,9,92639
SWAY_OUTPUT,445,4,92640
SWAY_OUTPUT,446,1,92641
SWAY_OUTPUT,447,-6,92643
SWAY_OUTPUT,448,-16,92644
SWAY_OUTPUT,449,-27,92645
SWAY_OUTPUT,450,-29,92646
SWAY_OUTPUT,451,-6,92647
SWAY_OUTPUT,452,-15,92648
SWAY_OUTPUT,453,-26,92649
SWAY_OUTPUT,454,-28,92650
SWAY_OUTPUT,455,11,92651
SWAY_FRAME,7,84398,92651
SWAY_OUTPUT,456,9,93846
SWAY_STALL,8,93847,102039
SWAY_INPUT_FRAME,12,92502,101948
SWAY_OUTPUT,457,9,102039
SWAY_OUTPUT,458,8,102040
SWAY_OUTPUT,459,9,102041
SWAY_OUTPUT,460,15,102042
SWAY_OUTPUT,461,18,102043
SWAY_OUTPUT,462,19,102044
SWAY_OUTPUT,463,4,102045
SWAY_OUTPUT,464,-2,102046
SWAY_OUTPUT,465,-5,102048
SWAY_OUTPUT,466,10,102049
SWAY_OUTPUT,467,11,102050
SWAY_OUTPUT,468,11,102051
SWAY_OUTPUT,469,11,102052
SWAY_OUTPUT,470,6,102053
SWAY_OUTPUT,471,4,102054
SWAY_OUTPUT,472,2,102055
SWAY_OUTPUT,473,2,102056
SWAY_OUTPUT,474,9,102057
SWAY_OUTPUT,475,64,102059
SWAY_OUTPUT,476,65,102060
SWAY_OUTPUT,477,65,102061
SWAY_OUTPUT,478,65,102062
SWAY_OUTPUT,479,65,102063
SWAY_OUTPUT,480,66,102064
SWAY_OUTPUT,481,64,102065
SWAY_OUTPUT,482,64,102066
SWAY_OUTPUT,483,65,102067
SWAY_OUTPUT,484,63,102068
SWAY_OUTPUT,485,63,102070
SWAY_OUTPUT,486,65,102071
SWAY_OUTPUT,487,63,102072
SWAY_OUTPUT,488,61,102073
SWAY_OUTPUT,489,63,102074
SWAY_OUTPUT,490,67,102075
SWAY_OUTPUT,491,66,102076
SWAY_OUTPUT,492,63,102077
SWAY_OUTPUT,493,65,102078
SWAY_OUTPUT,494,-2,102079
SWAY_OUTPUT,495,9,102081
SWAY_OUTPUT,496,20,102082
SWAY_OUTPUT,497,25,102083
SWAY_OUTPUT,498,16,102084
SWAY_OUTPUT,499,9,102085
SWAY_OUTPUT,500,5,102086
SWAY_OUTPUT,501,15,102087
SWAY_OUTPUT,502,12,102088
SWAY_OUTPUT,503,8,102089
SWAY_OUTPUT,504,-1,102090
SWAY_OUTPUT,505,-15,102092
SWAY_OUTPUT,506,-28,102093
SWAY_OUTPUT,507,-30,102094
SWAY_OUTPUT,508,-1,102095
SWAY_OUTPUT,509,-15,102096
SWAY_OUTPUT,510,-25,102097
SWAY_OUTPUT,511,-29,102098
SWAY_OUTPUT,512,17,102099
SWAY_FRAME,8,93846,102099
SWAY_OUTPUT,513,45,103294
SWAY_STALL,9,103295,111487
SWAY_INPUT_FRAME,13,101951,111396
SWAY_OUTPUT,514,127,111487
SWAY_OUTPUT,515,-30,111488
SWAY_OUTPUT,516,40,111489
SWAY_OUTPUT,517,34,111490
SWAY_OUTPUT,518,87,111491
SWAY_OUTPUT,519,0,111492
SWAY_OUTPUT,520,38,111493
SWAY_OUTPUT,521,77,111494
SWAY_OUTPUT,522,-2,111495
SWAY_OUTPUT,523,28,111497
SWAY_OUTPUT,524,70,111498
SWAY_OUTPUT,525,-24,111499
SWAY_OUTPUT,526,31,111500
SWAY_OUTPUT,527,50,111501
SWAY_OUTPUT,528,123,111502
SWAY_OUTPUT,529,38,111503
SWAY_OUTPUT,530,95,111504
SWAY_OUTPUT,531,56,111505
SWAY_OUTPUT,532,-18,111506
SWAY_OUTPUT,533,-5,111508
SWAY_OUTPUT,534,-13,111509
SWAY_OUTPUT,535,72,111510
SWAY_OUTPUT,536,46,111511
SWAY_OUTPUT,537,35,111512
SWAY_OUTPUT,538,17,111513
SWAY_OUTPUT,539,-75,111514
SWAY_OUTPUT,540,-6,111515
SWAY_OUTPUT,541,-39,111516
SWAY_OUTPUT,542,-28,111517
SWAY_OUTPUT,543,-27,111519
SWAY_OUTPUT,544,-60,111520
SWAY_OUTPUT,545,-2,111521
SWAY_OUTPUT,546,27,111522
SWAY_OUTPUT,547,71,111523
SWAY_OUTPUT,548,117,111524
SWAY_OUTPUT,549,-2,111525
SWAY_OUTPUT,550,-19,111526
SWAY_OUTPUT,551,25,111527
SWAY_OUTPUT,552,34,111528
SWAY_OUTPUT,553,-36,111530
SWAY_OUTPUT,554,21,111531
SWAY_OUTPUT,555,-36,111532
SWAY_OUTPUT,556,96,111533
SWAY_OUTPUT,557,-49,111534
SWAY_OUTPUT,558,50,111535
SWAY_OUTPUT,559,-42,111536
SWAY_OUTPUT,560,-96,111537
SWAY_OUTPUT,561,0,111538
SWAY_OUTPUT,562,27,111539
SWAY_OUTPUT,563,-37,111541
SWAY_OUTPUT,564,77,111542
SWAY_OUTPUT,565,44,111543
SWAY_OUTPUT,566,0,111544
SWAY_OUTPUT,567,-56,111545
SWAY_OUTPUT,568,-77,111546
SWAY_OUTPUT,569,42,111547
SWAY_FRAME,9,103294,111547
SWAY_OUTPUT,570,21,112742
SWAY_STALL,10,112743,120935
SWAY_OUTPUT,571,1,120935
SWAY_OUTPUT,572,5,120936
SWAY_OUTPUT,573,-3,120937
SWAY_OUTPUT,574,23,120938
SWAY_OUTPUT,575,34,120939
SWAY_OUTPUT,576,42,120940
SWAY_OUTPUT,577,-2,120941
SWAY_OUTPUT,578,-9,120942
SWAY_OUTPUT,579,0,120943
SWAY_OUTPUT,580,8,120944
SWAY_OUTPUT,581,16,120946
SWAY_OUTPUT,582,59,120947
SWAY_OUTPUT,583,41,120948
SWAY_OUTPUT,584,9,120949
SWAY_OUTPUT,585,9,120950
SWAY_OUTPUT,586,12,120951
SWAY_OUTPUT,587,20,120952
SWAY_OUTPUT,588,14,120953
SWAY_OUTPUT,589,101,120954
SWAY_OUTPUT,590,109,120955
SWAY_OUTPUT,591,111,120957
SWAY_OUTPUT,592,108,120958
SWAY_OUTPUT,593,118,120959
SWAY_OUTPUT,594,113,120960
SWAY_OUTPUT,595,96,120961
SWAY_OUTPUT,596,121,120962
SWAY_OUTPUT,597,111,120963
SWAY_OUTPUT,598,120,120964
SWAY_OUTPUT,599,99,120965
SWAY_OUTPUT,600,127,120966
SWAY_OUTPUT,601,126,120968
SWAY_OUTPUT,602,112,120969
SWAY_OUTPUT,603,115,120970
SWAY_OUTPUT,604,127,120971
SWAY_OUTPUT,605,98,120972
SWAY_OUTPUT,606,103,120973
SWAY_OUTPUT,607,127,120974
SWAY_OUTPUT,608,35,120975
SWAY_OUTPUT,609,57,120976
SWAY_OUTPUT,610,75,120977
SWAY_OUTPUT,611,88,120979
SWAY_OUTPUT,612,62,120980
SWAY_OUTPUT,613,70,120981
SWAY_OUTPUT,614,104,120982
SWAY_OUTPUT,615,60,120983
SWAY_OUTPUT,616,31,120984
SWAY_OUTPUT,617,8,120985
SWAY_OUTPUT,618,19,120986
SWAY_OUTPUT,619,-29,120987
SWAY_OUTPUT,620,-52,120988
SWAY_OUTPUT,621,-46,120990
SWAY_OUTPUT,622,31,120991
SWAY_OUTPUT,623,-32,120992
SWAY_OUTPUT,624,-54,120993
SWAY_OUTPUT,625,-38,120994
SWAY_OUTPUT,626,68,120995
SWAY_FRAME,10,112742,120995
SWAY_OUTPUT,627,61,122190
SWAY_STALL,11,122191,130383
SWAY_OUTPUT,628,72,130384
SWAY_OUTPUT,629,58,130385
SWAY_OUTPUT,630,63,130386
SWAY_OUTPUT,631,71,130387
SWAY_OUTPUT,632,59,130388
SWAY_OUTPUT,633,17,130389
SWAY_OUTPUT,634,69,130390
SWAY_OUTPUT,635,80,130391
SWAY_OUTPUT,636,102,130392
SWAY_OUTPUT,637,53,130393
SWAY_OUTPUT,638,68,130395
SWAY_OUTPUT,639,58,130396
SWAY_OUTPUT,640,56,130397
SWAY_OUTPUT,641,48,130398
SWAY_OUTPUT,642,37,130399
SWAY_OUTPUT,643,13,130400
SWAY_OUTPUT,644,20,130401
SWAY_OUTPUT,645,73,130402
SWAY_OUTPUT,646,118,130403
SWAY_OUTPUT,647,127,130404
SWAY_OUTPUT,648,127,130406
SWAY_OUTPUT,649,127,130407
SWAY_OUTPUT,650,127,130408
SWAY_OUTPUT,651,116,130409
SWAY_OUTPUT,652,88,130410
SWAY_OUTPUT,653,127,130411
SWAY_OUTPUT,654,120,130412
SWAY_OUTPUT,655,119,130413
SWAY_OUTPUT,656,127,130414
SWAY_OUTPUT,657,110,130415
SWAY_OUTPUT,658,121,130417
SWAY_OUTPUT,659,118,130418
SWAY_OUTPUT,660,127,130419
SWAY_OUTPUT,661,127,130420
SWAY_OUTPUT,662,127,130421
SWAY_OUTPUT,663,127,130422
SWAY_OUTPUT,664,127,130423
SWAY_OUTPUT,665,-21,130424
SWAY_OUTPUT,666,-2,130425
SWAY_OUTPUT,667,32,130426
SWAY_OUTPUT,668,32,130428
SWAY_OUTPUT,669,17,130429
SWAY_OUTPUT,670,-14,130430
SWAY_OUTPUT,671,-22,130431
SWAY_OUTPUT,672,-12,130432
SWAY_OUTPUT,673,-47,130433
SWAY_OUTPUT,674,-38,130434
SWAY_OUTPUT,675,-36,130435
SWAY_OUTPUT,676,-46,130436
SWAY_OUTPUT,677,-81,130437
SWAY_OUTPUT,678,-67,130439
SWAY_OUTPUT,679,-17,130440
SWAY_OUTPUT,680,-41,130441
SWAY_OUTPUT,681,-65,130442
SWAY_OUTPUT,682,-78,130443
SWAY_OUTPUT,683,21,130444
SWAY_FRAME,11,122190,130444
SWAY_OUTPUT,684,7,131638
SWAY_STALL,12,131639,139831
SWAY_OUTPUT,685,7,139831
SWAY_OUTPUT,686,6,139833
SWAY_OUTPUT,687,6,139834
SWAY_OUTPUT,688,12,139835
SWAY_OUTPUT,689,16,139836
SWAY_OUTPUT,690,19,139837
SWAY_OUTPUT,691,1,139838
SWAY_OUTPUT,692,-2,139839
SWAY_OUTPUT,693,-3,139840
SWAY_OUTPUT,694,9,139841
SWAY_OUTPUT,695,10,139842
SWAY_OUTPUT,696,11,139844
SWAY_OUTPUT,697,11,139845
SWAY_OUTPUT,698,4,139846
SWAY_OUTPUT,699,2,139847
SWAY_OUTPUT,700,0,139848
SWAY_OUTPUT,701,0,139849
SWAY_OUTPUT,702,7,139850
SWAY_OUTPUT,703,63,139851
SWAY_OUTPUT,704,63,139852
SWAY_OUTPUT,705,63,139853
SWAY_OUTPUT,706,62,139855
SWAY_OUTPUT,707,62,139856
SWAY_OUTPUT,708,63,139857
SWAY_OUTPUT,709,61,139858
SWAY_OUTPUT,710,62,139859
SWAY_OUTPUT,711,63,139860
SWAY_OUTPUT,712,61,139861
SWAY_OUTPUT,713,62,139862
SWAY_OUTPUT,714,62,139863
SWAY_OUTPUT,715,63,139864
SWAY_OUTPUT,716,61,139866
SWAY_OUTPUT,717,62,139867
SWAY_OUTPUT,718,62,139868
SWAY_OUTPUT,719,63,139869
SWAY_OUTPUT,720,60,139870
SWAY_OUTPUT,721,63,139871
SWAY_OUTPUT,722,-7,139872
SWAY_OUTPUT,723,2,139873
SWAY_OUTPUT,724,13,139874
SWAY_OUTPUT,725,17,139875
SWAY_OUTPUT,726,9,139877
SWAY_OUTPUT,727,5,139878
SWAY_OUTPUT,728,2,139879
SWAY_OUTPUT,729,9,139880
SWAY_OUTPUT,730,2,139881
SWAY_OUTPUT,731,-4,139882
SWAY_OUTPUT,732,-7,139883
SWAY_OUTPUT,733,-17,139884
SWAY_OUTPUT,734,-28,139885
SWAY_OUTPUT,735,-29,139886
SWAY_OUTPUT,736,-7,139888
SWAY_OUTPUT,737,-16,139889
SWAY_OUTPUT,738,-27,139890
SWAY_OUTPUT,739,-29,139891
SWAY_OUTPUT,740,10,139892
SWAY_FRAME,12,131638,139892
SWAY_OUTPUT,741,7,141087
SWAY_STALL,13,141088,149280
SWAY_OUTPUT,742,7,149280
SWAY_OUTPUT,743,6,149282
SWAY_OUTPUT,744,6,149283
SWAY_OUTPUT,745,12,149284
SWAY_OUTPUT,746,16,149285
SWAY_OUTPUT,747,19,149286
SWAY_OUTPUT,748,1,149287
SWAY_OUTPUT,749,-2,149288
SWAY_OUTPUT,750,-3,149289
SWAY_OUTPUT,751,9,149290
SWAY_OUTPUT,752,10,149291
SWAY_OUTPUT,753,11,149293
SWAY_OUTPUT,754,11,149294
SWAY_OUTPUT,755,4,149295
SWAY_OUTPUT,756,2,149296
SWAY_OUTPUT,757,0,149297
SWAY_OUTPUT,758,0,149298
SWAY_OUTPUT,759,7,149299
SWAY_OUTPUT,760,63,149300
SWAY_OUTPUT,761,63,149301
SWAY_OUTPUT,762,63,149302
SWAY_OUTPUT,763,62,149304
SWAY_OUTPUT,764,62,149305
SWAY_OUTPUT,765,63,149306
SWAY_OUTPUT,766,61,149307
SWAY_OUTPUT,767,62,149308
SWAY_OUTPUT,768,63,149309
SWAY_OUTPUT,769,61,149310
SWAY_OUTPUT,770,62,149311
SWAY_OUTPUT,771,62,149312
SWAY_OUTPUT,772,63,149313
SWAY_OUTPUT,773,61,149315
SWAY_OUTPUT,774,62,149316
SWAY_OUTPUT,775,62,149317
SWAY_OUTPUT,776,63,149318
SWAY_OUTPUT,777,60,149319
SWAY_OUTPUT,778,63,149320
SWAY_OUTPUT,779,-7,149321
SWAY_OUTPUT,780,2,149322
SWAY_OUTPUT,781,13,149323
SWAY_OUTPUT,782,17,149324
SWAY_OUTPUT,783,9,149326
SWAY_OUTPUT,784,5,149327
SWAY_OUTPUT,785,2,149328
SWAY_OUTPUT,786,9,149329
SWAY_OUTPUT,787,2,149330
SWAY_OUTPUT,788,-4,149331
SWAY_OUTPUT,789,-7,149332
SWAY_OUTPUT,790,-17,149333
SWAY_OUTPUT,791,-28,149334
SWAY_OUTPUT,792,-29,149335
SWAY_OUTPUT,793,-7,149337
SWAY_OUTPUT,794,-16,149338
SWAY_OUTPUT,795,-27,149339
SWAY_OUTPUT,796,-29,149340
SWAY_OUTPUT,797,10,149341
SWAY_FRAME,13,141087,149341
SWAY_PASS frames=14 outputs=798 cycles=151390 drain_cycles=2048
