%Warning-WIDTHTRUNC: /workspace/scratch/dc01b9aab8c7/toolchains/bsc-2026.01-ubuntu-24.04/lib/Verilog/FIFO2.v:73:21: Operator ASSIGN expects 13 bits on the Assign RHS, but Assign RHS's REPLICATE generates 14 bits.
                                                                                                                  : ... note: In instance 'main.top.dut_patchByteQ'
   73 |         data0_reg   = {((width + 1)/2) {2'b10}} ;
      |                     ^
                     mkTbSway.v:14593:1: ... note: In file included from 'mkTbSway.v'
                     ... For warning description see https://verilator.org/warn/WIDTHTRUNC?v=5.020
                     ... Use "/* verilator lint_off WIDTHTRUNC */" and lint_on around source to disable this message.
%Warning-WIDTHTRUNC: /workspace/scratch/dc01b9aab8c7/toolchains/bsc-2026.01-ubuntu-24.04/lib/Verilog/FIFO2.v:74:20: Operator ASSIGN expects 13 bits on the Assign RHS, but Assign RHS's REPLICATE generates 14 bits.
                                                                                                                  : ... note: In instance 'main.top.dut_patchByteQ'
   74 |         data1_reg  = {((width + 1)/2) {2'b10}} ;
      |                    ^
                     mkTbSway.v:14593:1: ... note: In file included from 'mkTbSway.v'
%Warning-WIDTHTRUNC: /workspace/scratch/dc01b9aab8c7/toolchains/bsc-2026.01-ubuntu-24.04/lib/Verilog/FIFO2.v:73:21: Operator ASSIGN expects 15 bits on the Assign RHS, but Assign RHS's REPLICATE generates 16 bits.
                                                                                                                  : ... note: In instance 'main.top.dut_patchAddressQ'
   73 |         data0_reg   = {((width + 1)/2) {2'b10}} ;
      |                     ^
                     mkTbSway.v:14593:1: ... note: In file included from 'mkTbSway.v'
%Warning-WIDTHTRUNC: /workspace/scratch/dc01b9aab8c7/toolchains/bsc-2026.01-ubuntu-24.04/lib/Verilog/FIFO2.v:74:20: Operator ASSIGN expects 15 bits on the Assign RHS, but Assign RHS's REPLICATE generates 16 bits.
                                                                                                                  : ... note: In instance 'main.top.dut_patchAddressQ'
   74 |         data1_reg  = {((width + 1)/2) {2'b10}} ;
      |                    ^
                     mkTbSway.v:14593:1: ... note: In file included from 'mkTbSway.v'
%Warning-WIDTHTRUNC: /workspace/scratch/dc01b9aab8c7/toolchains/bsc-2026.01-ubuntu-24.04/lib/Verilog/FIFO1.v:64:17: Operator ASSIGN expects 19 bits on the Assign RHS, but Assign RHS's REPLICATE generates 20 bits.
                                                                                                                  : ... note: In instance 'main.top.dut_headHidden_writeQ'
   64 |         D_OUT   = {((width + 1)/2) {2'b10}} ;
      |                 ^
                     mkTbSway.v:14059:1: ... note: In file included from 'mkTbSway.v'
%Warning-WIDTHEXPAND: /workspace/scratch/dc01b9aab8c7/toolchains/bsc-2026.01-ubuntu-24.04/lib/Verilog/RegFile.v:57:16: Operator ASSIGN expects 32 bits on the Assign RHS, but Assign RHS's VARREF 'lo' generates 6 bits.
                                                                                                                     : ... note: In instance 'main.top.dut_headHidden_memoryR_0'
   57 |         for (i = lo; i <= hi; i = i + 1) begin
      |                ^
                      mkTbSway.v:15544:1: ... note: In file included from 'mkTbSway.v'
%Warning-WIDTHTRUNC: /workspace/scratch/dc01b9aab8c7/toolchains/bsc-2026.01-ubuntu-24.04/lib/Verilog/FIFO2.v:73:21: Operator ASSIGN expects 1 bits on the Assign RHS, but Assign RHS's REPLICATE generates 2 bits.
                                                                                                                  : ... note: In instance 'main.top.dut_freeBankQ'
   73 |         data0_reg   = {((width + 1)/2) {2'b10}} ;
      |                     ^
                     mkTbSway.v:14593:1: ... note: In file included from 'mkTbSway.v'
%Warning-WIDTHTRUNC: /workspace/scratch/dc01b9aab8c7/toolchains/bsc-2026.01-ubuntu-24.04/lib/Verilog/FIFO2.v:74:20: Operator ASSIGN expects 1 bits on the Assign RHS, but Assign RHS's REPLICATE generates 2 bits.
                                                                                                                  : ... note: In instance 'main.top.dut_freeBankQ'
   74 |         data1_reg  = {((width + 1)/2) {2'b10}} ;
      |                    ^
                     mkTbSway.v:14593:1: ... note: In file included from 'mkTbSway.v'
%Warning-WIDTHEXPAND: /workspace/scratch/dc01b9aab8c7/toolchains/bsc-2026.01-ubuntu-24.04/lib/Verilog/RegFile.v:57:16: Operator ASSIGN expects 32 bits on the Assign RHS, but Assign RHS's VARREF 'lo' generates 10 bits.
                                                                                                                     : ... note: In instance 'main.top.dut_frameMemory'
   57 |         for (i = lo; i <= hi; i = i + 1) begin
      |                ^
                      mkTbSway.v:15544:1: ... note: In file included from 'mkTbSway.v'
%Warning-WIDTHEXPAND: /workspace/scratch/dc01b9aab8c7/toolchains/bsc-2026.01-ubuntu-24.04/lib/Verilog/RegFile.v:57:16: Operator ASSIGN expects 32 bits on the Assign RHS, but Assign RHS's VARREF 'lo' generates 8 bits.
                                                                                                                     : ... note: In instance 'main.top.dut_block0_scan_stateR_0'
   57 |         for (i = lo; i <= hi; i = i + 1) begin
      |                ^
                      mkTbSway.v:15544:1: ... note: In file included from 'mkTbSway.v'
%Warning-WIDTHTRUNC: /workspace/scratch/dc01b9aab8c7/toolchains/bsc-2026.01-ubuntu-24.04/lib/Verilog/RegFile.v:58:19: Operator ASSIGN expects 17 bits on the Assign RHS, but Assign RHS's REPLICATE generates 18 bits.
                                                                                                                    : ... note: In instance 'main.top.dut_block0_scan_stateR_0'
   58 |            arr[i] = {((data_width + 1)/2){2'b10}} ;
      |                   ^
                     mkTbSway.v:15544:1: ... note: In file included from 'mkTbSway.v'
%Warning-WIDTHTRUNC: /workspace/scratch/dc01b9aab8c7/toolchains/bsc-2026.01-ubuntu-24.04/lib/Verilog/FIFO1.v:64:17: Operator ASSIGN expects 57 bits on the Assign RHS, but Assign RHS's REPLICATE generates 58 bits.
                                                                                                                  : ... note: In instance 'main.top.dut_block0_scan_partialQ'
   64 |         D_OUT   = {((width + 1)/2) {2'b10}} ;
      |                 ^
                     mkTbSway.v:14059:1: ... note: In file included from 'mkTbSway.v'
%Warning-WIDTHTRUNC: /workspace/scratch/dc01b9aab8c7/toolchains/bsc-2026.01-ubuntu-24.04/lib/Verilog/FIFO1.v:64:17: Operator ASSIGN expects 197 bits on the Assign RHS, but Assign RHS's REPLICATE generates 198 bits.
                                                                                                                  : ... note: In instance 'main.top.dut_block0_scan_operandCandidateQ'
   64 |         D_OUT   = {((width + 1)/2) {2'b10}} ;
      |                 ^
                     mkTbSway.v:14059:1: ... note: In file included from 'mkTbSway.v'
%Warning-WIDTHTRUNC: /workspace/scratch/dc01b9aab8c7/toolchains/bsc-2026.01-ubuntu-24.04/lib/Verilog/FIFO1.v:64:17: Operator ASSIGN expects 9 bits on the Assign RHS, but Assign RHS's REPLICATE generates 10 bits.
                                                                                                                  : ... note: In instance 'main.top.dut_block0_scan_addressQ'
   64 |         D_OUT   = {((width + 1)/2) {2'b10}} ;
      |                 ^
                     mkTbSway.v:14059:1: ... note: In file included from 'mkTbSway.v'
%Warning-WIDTHTRUNC: /workspace/scratch/dc01b9aab8c7/toolchains/bsc-2026.01-ubuntu-24.04/lib/Verilog/FIFO2.v:73:21: Operator ASSIGN expects 9 bits on the Assign RHS, but Assign RHS's REPLICATE generates 10 bits.
                                                                                                                  : ... note: In instance 'main.top.dut_block0_normalization_statisticsQ'
   73 |         data0_reg   = {((width + 1)/2) {2'b10}} ;
      |                     ^
                     mkTbSway.v:14593:1: ... note: In file included from 'mkTbSway.v'
%Warning-WIDTHTRUNC: /workspace/scratch/dc01b9aab8c7/toolchains/bsc-2026.01-ubuntu-24.04/lib/Verilog/FIFO2.v:74:20: Operator ASSIGN expects 9 bits on the Assign RHS, but Assign RHS's REPLICATE generates 10 bits.
                                                                                                                  : ... note: In instance 'main.top.dut_block0_normalization_statisticsQ'
   74 |         data1_reg  = {((width + 1)/2) {2'b10}} ;
      |                    ^
                     mkTbSway.v:14593:1: ... note: In file included from 'mkTbSway.v'
%Warning-WIDTHTRUNC: /workspace/scratch/dc01b9aab8c7/toolchains/bsc-2026.01-ubuntu-24.04/lib/Verilog/FIFO2.v:73:21: Operator ASSIGN expects 65 bits on the Assign RHS, but Assign RHS's REPLICATE generates 66 bits.
                                                                                                                  : ... note: In instance 'main.top.dut_block0_inputProjection_engine_productQ'
   73 |         data0_reg   = {((width + 1)/2) {2'b10}} ;
      |                     ^
                     mkTbSway.v:14593:1: ... note: In file included from 'mkTbSway.v'
%Warning-WIDTHTRUNC: /workspace/scratch/dc01b9aab8c7/toolchains/bsc-2026.01-ubuntu-24.04/lib/Verilog/FIFO2.v:74:20: Operator ASSIGN expects 65 bits on the Assign RHS, but Assign RHS's REPLICATE generates 66 bits.
                                                                                                                  : ... note: In instance 'main.top.dut_block0_inputProjection_engine_productQ'
   74 |         data1_reg  = {((width + 1)/2) {2'b10}} ;
      |                    ^
                     mkTbSway.v:14593:1: ... note: In file included from 'mkTbSway.v'
%Warning-WIDTHTRUNC: /workspace/scratch/dc01b9aab8c7/toolchains/bsc-2026.01-ubuntu-24.04/lib/Verilog/FIFO2.v:73:21: Operator ASSIGN expects 101 bits on the Assign RHS, but Assign RHS's REPLICATE generates 102 bits.
                                                                                                                  : ... note: In instance 'main.top.dut_block0_inputProjection_engine_partialQ'
   73 |         data0_reg   = {((width + 1)/2) {2'b10}} ;
      |                     ^
                     mkTbSway.v:14593:1: ... note: In file included from 'mkTbSway.v'
%Warning-WIDTHTRUNC: /workspace/scratch/dc01b9aab8c7/toolchains/bsc-2026.01-ubuntu-24.04/lib/Verilog/FIFO2.v:74:20: Operator ASSIGN expects 101 bits on the Assign RHS, but Assign RHS's REPLICATE generates 102 bits.
                                                                                                                  : ... note: In instance 'main.top.dut_block0_inputProjection_engine_partialQ'
   74 |         data1_reg  = {((width + 1)/2) {2'b10}} ;
      |                    ^
                     mkTbSway.v:14593:1: ... note: In file included from 'mkTbSway.v'
%Warning-WIDTHTRUNC: /workspace/scratch/dc01b9aab8c7/toolchains/bsc-2026.01-ubuntu-24.04/lib/Verilog/FIFO2.v:73:21: Operator ASSIGN expects 41 bits on the Assign RHS, but Assign RHS's REPLICATE generates 42 bits.
                                                                                                                  : ... note: In instance 'main.top.dut_block0_inputProjection_engine_operandQ'
   73 |         data0_reg   = {((width + 1)/2) {2'b10}} ;
      |                     ^
                     mkTbSway.v:14593:1: ... note: In file included from 'mkTbSway.v'
%Warning-WIDTHTRUNC: /workspace/scratch/dc01b9aab8c7/toolchains/bsc-2026.01-ubuntu-24.04/lib/Verilog/FIFO2.v:74:20: Operator ASSIGN expects 41 bits on the Assign RHS, but Assign RHS's REPLICATE generates 42 bits.
                                                                                                                  : ... note: In instance 'main.top.dut_block0_inputProjection_engine_operandQ'
   74 |         data1_reg  = {((width + 1)/2) {2'b10}} ;
      |                    ^
                     mkTbSway.v:14593:1: ... note: In file included from 'mkTbSway.v'
%Warning-WIDTHTRUNC: /workspace/scratch/dc01b9aab8c7/toolchains/bsc-2026.01-ubuntu-24.04/lib/Verilog/FIFO1.v:64:17: Operator ASSIGN expects 21 bits on the Assign RHS, but Assign RHS's REPLICATE generates 22 bits.
                                                                                                                  : ... note: In instance 'main.top.dut_block0_gateResultQ'
   64 |         D_OUT   = {((width + 1)/2) {2'b10}} ;
      |                 ^
                     mkTbSway.v:14059:1: ... note: In file included from 'mkTbSway.v'
%Warning-WIDTHTRUNC: /workspace/scratch/dc01b9aab8c7/toolchains/bsc-2026.01-ubuntu-24.04/lib/Verilog/FIFO1.v:64:17: Operator ASSIGN expects 55 bits on the Assign RHS, but Assign RHS's REPLICATE generates 56 bits.
                                                                                                                  : ... note: In instance 'main.top.dut_block0_gatePartialProductQ'
   64 |         D_OUT   = {((width + 1)/2) {2'b10}} ;
      |                 ^
                     mkTbSway.v:14059:1: ... note: In file included from 'mkTbSway.v'
%Warning-WIDTHTRUNC: /workspace/scratch/dc01b9aab8c7/toolchains/bsc-2026.01-ubuntu-24.04/lib/Verilog/SizedFIFO.v:90:23: Operator ASSIGN expects 9 bits on the Assign RHS, but Assign RHS's REPLICATE generates 10 bits.
                                                                                                                      : ... note: In instance 'main.top.dut_block0_deltaProjection_engine_requestMetadataQ'
   90 |         D_OUT         = {((p1width + 1)/2){2'b10}} ;
      |                       ^
                     mkTbSway.v:14322:1: ... note: In file included from 'mkTbSway.v'
%Warning-WIDTHTRUNC: /workspace/scratch/dc01b9aab8c7/toolchains/bsc-2026.01-ubuntu-24.04/lib/Verilog/FIFO1.v:64:17: Operator ASSIGN expects 65 bits on the Assign RHS, but Assign RHS's REPLICATE generates 66 bits.
                                                                                                                  : ... note: In instance 'main.top.dut_block0_deltaProjection_engine_productQ'
   64 |         D_OUT   = {((width + 1)/2) {2'b10}} ;
      |                 ^
                     mkTbSway.v:14059:1: ... note: In file included from 'mkTbSway.v'
%Warning-WIDTHTRUNC: /workspace/scratch/dc01b9aab8c7/toolchains/bsc-2026.01-ubuntu-24.04/lib/Verilog/FIFO1.v:64:17: Operator ASSIGN expects 101 bits on the Assign RHS, but Assign RHS's REPLICATE generates 102 bits.
                                                                                                                  : ... note: In instance 'main.top.dut_block0_deltaProjection_engine_partialQ'
   64 |         D_OUT   = {((width + 1)/2) {2'b10}} ;
      |                 ^
                     mkTbSway.v:14059:1: ... note: In file included from 'mkTbSway.v'
%Warning-WIDTHTRUNC: /workspace/scratch/dc01b9aab8c7/toolchains/bsc-2026.01-ubuntu-24.04/lib/Verilog/FIFO1.v:64:17: Operator ASSIGN expects 41 bits on the Assign RHS, but Assign RHS's REPLICATE generates 42 bits.
                                                                                                                  : ... note: In instance 'main.top.dut_block0_deltaProjection_engine_operandQ'
   64 |         D_OUT   = {((width + 1)/2) {2'b10}} ;
      |                 ^
                     mkTbSway.v:14059:1: ... note: In file included from 'mkTbSway.v'
%Warning-WIDTHTRUNC: /workspace/scratch/dc01b9aab8c7/toolchains/bsc-2026.01-ubuntu-24.04/lib/Verilog/FIFO1.v:64:17: Operator ASSIGN expects 5 bits on the Assign RHS, but Assign RHS's REPLICATE generates 6 bits.
                                                                                                                  : ... note: In instance 'main.top.dut_block0_deltaProjection_engine_groupStartQ'
   64 |         D_OUT   = {((width + 1)/2) {2'b10}} ;
      |                 ^
                     mkTbSway.v:14059:1: ... note: In file included from 'mkTbSway.v'
%Warning-WIDTHTRUNC: /workspace/scratch/dc01b9aab8c7/toolchains/bsc-2026.01-ubuntu-24.04/lib/Verilog/FIFO1.v:64:17: Operator ASSIGN expects 261 bits on the Assign RHS, but Assign RHS's REPLICATE generates 262 bits.
                                                                                                                  : ... note: In instance 'main.top.dut_block0_deltaProjection_engine_biasQ'
   64 |         D_OUT   = {((width + 1)/2) {2'b10}} ;
      |                 ^
                     mkTbSway.v:14059:1: ... note: In file included from 'mkTbSway.v'
%Warning-WIDTHTRUNC: /workspace/scratch/dc01b9aab8c7/toolchains/bsc-2026.01-ubuntu-24.04/lib/Verilog/FIFO1.v:64:17: Operator ASSIGN expects 133 bits on the Assign RHS, but Assign RHS's REPLICATE generates 134 bits.
                                                                                                                  : ... note: In instance 'main.top.dut_block0_deltaProjection_engine_affineQ'
   64 |         D_OUT   = {((width + 1)/2) {2'b10}} ;
      |                 ^
                     mkTbSway.v:14059:1: ... note: In file included from 'mkTbSway.v'
%Warning-WIDTHTRUNC: /workspace/scratch/dc01b9aab8c7/toolchains/bsc-2026.01-ubuntu-24.04/lib/Verilog/FIFO1.v:64:17: Operator ASSIGN expects 73 bits on the Assign RHS, but Assign RHS's REPLICATE generates 74 bits.
                                                                                                                  : ... note: In instance 'main.top.dut_block0_convolvedQ'
   64 |         D_OUT   = {((width + 1)/2) {2'b10}} ;
      |                 ^
                     mkTbSway.v:14059:1: ... note: In file included from 'mkTbSway.v'
%Warning-WIDTHTRUNC: /workspace/scratch/dc01b9aab8c7/toolchains/bsc-2026.01-ubuntu-24.04/lib/Verilog/FIFO1.v:64:17: Operator ASSIGN expects 237 bits on the Assign RHS, but Assign RHS's REPLICATE generates 238 bits.
                                                                                                                  : ... note: In instance 'main.top.dut_block0_convPartialProductQ'
   64 |         D_OUT   = {((width + 1)/2) {2'b10}} ;
      |                 ^
                     mkTbSway.v:14059:1: ... note: In file included from 'mkTbSway.v'
%Warning-WIDTHTRUNC: /workspace/scratch/dc01b9aab8c7/toolchains/bsc-2026.01-ubuntu-24.04/lib/Verilog/FIFO1.v:64:17: Operator ASSIGN expects 105 bits on the Assign RHS, but Assign RHS's REPLICATE generates 106 bits.
                                                                                                                  : ... note: In instance 'main.top.dut_block0_convPairQ'
   64 |         D_OUT   = {((width + 1)/2) {2'b10}} ;
      |                 ^
                     mkTbSway.v:14059:1: ... note: In file included from 'mkTbSway.v'
%Warning-WIDTHTRUNC: /workspace/scratch/dc01b9aab8c7/toolchains/bsc-2026.01-ubuntu-24.04/lib/Verilog/FIFO1.v:64:17: Operator ASSIGN expects 165 bits on the Assign RHS, but Assign RHS's REPLICATE generates 166 bits.
                                                                                                                  : ... note: In instance 'main.top.dut_block0_convOperandQ'
   64 |         D_OUT   = {((width + 1)/2) {2'b10}} ;
      |                 ^
                     mkTbSway.v:14059:1: ... note: In file included from 'mkTbSway.v'
%Warning-WIDTHTRUNC: /workspace/scratch/dc01b9aab8c7/toolchains/bsc-2026.01-ubuntu-24.04/lib/Verilog/FIFO1.v:64:17: Operator ASSIGN expects 533 bits on the Assign RHS, but Assign RHS's REPLICATE generates 534 bits.
                                                                                                                  : ... note: In instance 'main.top.dut_block0_convLookupQ'
   64 |         D_OUT   = {((width + 1)/2) {2'b10}} ;
      |                 ^
                     mkTbSway.v:14059:1: ... note: In file included from 'mkTbSway.v'
%Warning-WIDTHTRUNC: /workspace/scratch/dc01b9aab8c7/toolchains/bsc-2026.01-ubuntu-24.04/lib/Verilog/FIFO1.v:64:17: Operator ASSIGN expects 37 bits on the Assign RHS, but Assign RHS's REPLICATE generates 38 bits.
                                                                                                                  : ... note: In instance 'main.top.dut_block0_convActivatedQ'
   64 |         D_OUT   = {((width + 1)/2) {2'b10}} ;
      |                 ^
                     mkTbSway.v:14059:1: ... note: In file included from 'mkTbSway.v'
%Warning-WIDTHTRUNC: /workspace/scratch/dc01b9aab8c7/toolchains/bsc-2026.01-ubuntu-24.04/lib/Verilog/FIFO1.v:64:17: Operator ASSIGN expects 59 bits on the Assign RHS, but Assign RHS's REPLICATE generates 60 bits.
                                                                                                                  : ... note: In instance 'main.top.dut_block0_convAccumulatedQ'
   64 |         D_OUT   = {((width + 1)/2) {2'b10}} ;
      |                 ^
                     mkTbSway.v:14059:1: ... note: In file included from 'mkTbSway.v'
%Warning-UNSIGNED: /workspace/scratch/dc01b9aab8c7/toolchains/bsc-2026.01-ubuntu-24.04/lib/Verilog/RegFileLoad.v:80:28: Comparison is constant due to unsigned arithmetic
                                                                                                                      : ... note: In instance 'main.top.inputR'
   80 |               if (( ADDR_1 < lo ) || (ADDR_1 > hi) )
      |                            ^
                   mkTbSway.v:19069:1: ... note: In file included from 'mkTbSway.v'
%Warning-UNSIGNED: /workspace/scratch/dc01b9aab8c7/toolchains/bsc-2026.01-ubuntu-24.04/lib/Verilog/RegFileLoad.v:82:28: Comparison is constant due to unsigned arithmetic
                                                                                                                      : ... note: In instance 'main.top.inputR'
   82 |               if (( ADDR_2 < lo ) || (ADDR_2 > hi) )
      |                            ^
                   mkTbSway.v:19069:1: ... note: In file included from 'mkTbSway.v'
%Warning-UNSIGNED: /workspace/scratch/dc01b9aab8c7/toolchains/bsc-2026.01-ubuntu-24.04/lib/Verilog/RegFileLoad.v:84:28: Comparison is constant due to unsigned arithmetic
                                                                                                                      : ... note: In instance 'main.top.inputR'
   84 |               if (( ADDR_3 < lo ) || (ADDR_3 > hi) )
      |                            ^
                   mkTbSway.v:19069:1: ... note: In file included from 'mkTbSway.v'
%Warning-UNSIGNED: /workspace/scratch/dc01b9aab8c7/toolchains/bsc-2026.01-ubuntu-24.04/lib/Verilog/RegFileLoad.v:86:28: Comparison is constant due to unsigned arithmetic
                                                                                                                      : ... note: In instance 'main.top.inputR'
   86 |               if (( ADDR_4 < lo ) || (ADDR_4 > hi) )
      |                            ^
                   mkTbSway.v:19069:1: ... note: In file included from 'mkTbSway.v'
%Warning-UNSIGNED: /workspace/scratch/dc01b9aab8c7/toolchains/bsc-2026.01-ubuntu-24.04/lib/Verilog/RegFileLoad.v:88:28: Comparison is constant due to unsigned arithmetic
                                                                                                                      : ... note: In instance 'main.top.inputR'
   88 |               if (( ADDR_5 < lo ) || (ADDR_5 > hi) )
      |                            ^
                   mkTbSway.v:19069:1: ... note: In file included from 'mkTbSway.v'
%Warning-UNSIGNED: /workspace/scratch/dc01b9aab8c7/toolchains/bsc-2026.01-ubuntu-24.04/lib/Verilog/RegFileLoad.v:90:36: Comparison is constant due to unsigned arithmetic
                                                                                                                      : ... note: In instance 'main.top.inputR'
   90 |               if ( WE && ( ADDR_IN < lo ) || (ADDR_IN > hi) )
      |                                    ^
                   mkTbSway.v:19069:1: ... note: In file included from 'mkTbSway.v'
%Warning-UNSIGNED: /workspace/scratch/dc01b9aab8c7/toolchains/bsc-2026.01-ubuntu-24.04/lib/Verilog/RegFile.v:84:28: Comparison is constant due to unsigned arithmetic
                                                                                                                  : ... note: In instance 'main.top.dut_headHidden_memoryR_0'
   84 |               if (( ADDR_1 < lo ) || (ADDR_1 > hi) )
      |                            ^
                   mkTbSway.v:15544:1: ... note: In file included from 'mkTbSway.v'
%Warning-CMPCONST: /workspace/scratch/dc01b9aab8c7/toolchains/bsc-2026.01-ubuntu-24.04/lib/Verilog/RegFile.v:84:46: Comparison is constant due to limited range
                                                                                                                  : ... note: In instance 'main.top.dut_headHidden_memoryR_0'
   84 |               if (( ADDR_1 < lo ) || (ADDR_1 > hi) )
      |                                              ^
                   mkTbSway.v:15544:1: ... note: In file included from 'mkTbSway.v'
%Warning-UNSIGNED: /workspace/scratch/dc01b9aab8c7/toolchains/bsc-2026.01-ubuntu-24.04/lib/Verilog/RegFile.v:86:28: Comparison is constant due to unsigned arithmetic
                                                                                                                  : ... note: In instance 'main.top.dut_headHidden_memoryR_0'
   86 |               if (( ADDR_2 < lo ) || (ADDR_2 > hi) )
      |                            ^
                   mkTbSway.v:15544:1: ... note: In file included from 'mkTbSway.v'
%Warning-CMPCONST: /workspace/scratch/dc01b9aab8c7/toolchains/bsc-2026.01-ubuntu-24.04/lib/Verilog/RegFile.v:86:46: Comparison is constant due to limited range
                                                                                                                  : ... note: In instance 'main.top.dut_headHidden_memoryR_0'
   86 |               if (( ADDR_2 < lo ) || (ADDR_2 > hi) )
      |                                              ^
                   mkTbSway.v:15544:1: ... note: In file included from 'mkTbSway.v'
%Warning-UNSIGNED: /workspace/scratch/dc01b9aab8c7/toolchains/bsc-2026.01-ubuntu-24.04/lib/Verilog/RegFile.v:88:28: Comparison is constant due to unsigned arithmetic
                                                                                                                  : ... note: In instance 'main.top.dut_headHidden_memoryR_0'
   88 |               if (( ADDR_3 < lo ) || (ADDR_3 > hi) )
      |                            ^
                   mkTbSway.v:15544:1: ... note: In file included from 'mkTbSway.v'
%Warning-CMPCONST: /workspace/scratch/dc01b9aab8c7/toolchains/bsc-2026.01-ubuntu-24.04/lib/Verilog/RegFile.v:88:46: Comparison is constant due to limited range
                                                                                                                  : ... note: In instance 'main.top.dut_headHidden_memoryR_0'
   88 |               if (( ADDR_3 < lo ) || (ADDR_3 > hi) )
      |                                              ^
                   mkTbSway.v:15544:1: ... note: In file included from 'mkTbSway.v'
%Warning-UNSIGNED: /workspace/scratch/dc01b9aab8c7/toolchains/bsc-2026.01-ubuntu-24.04/lib/Verilog/RegFile.v:90:28: Comparison is constant due to unsigned arithmetic
                                                                                                                  : ... note: In instance 'main.top.dut_headHidden_memoryR_0'
   90 |               if (( ADDR_4 < lo ) || (ADDR_4 > hi) )
      |                            ^
                   mkTbSway.v:15544:1: ... note: In file included from 'mkTbSway.v'
%Warning-CMPCONST: /workspace/scratch/dc01b9aab8c7/toolchains/bsc-2026.01-ubuntu-24.04/lib/Verilog/RegFile.v:90:46: Comparison is constant due to limited range
                                                                                                                  : ... note: In instance 'main.top.dut_headHidden_memoryR_0'
   90 |               if (( ADDR_4 < lo ) || (ADDR_4 > hi) )
      |                                              ^
                   mkTbSway.v:15544:1: ... note: In file included from 'mkTbSway.v'
%Warning-UNSIGNED: /workspace/scratch/dc01b9aab8c7/toolchains/bsc-2026.01-ubuntu-24.04/lib/Verilog/RegFile.v:92:28: Comparison is constant due to unsigned arithmetic
                                                                                                                  : ... note: In instance 'main.top.dut_headHidden_memoryR_0'
   92 |               if (( ADDR_5 < lo ) || (ADDR_5 > hi) )
      |                            ^
                   mkTbSway.v:15544:1: ... note: In file included from 'mkTbSway.v'
%Warning-CMPCONST: /workspace/scratch/dc01b9aab8c7/toolchains/bsc-2026.01-ubuntu-24.04/lib/Verilog/RegFile.v:92:46: Comparison is constant due to limited range
                                                                                                                  : ... note: In instance 'main.top.dut_headHidden_memoryR_0'
   92 |               if (( ADDR_5 < lo ) || (ADDR_5 > hi) )
      |                                              ^
                   mkTbSway.v:15544:1: ... note: In file included from 'mkTbSway.v'
%Warning-UNSIGNED: /workspace/scratch/dc01b9aab8c7/toolchains/bsc-2026.01-ubuntu-24.04/lib/Verilog/RegFile.v:94:36: Comparison is constant due to unsigned arithmetic
                                                                                                                  : ... note: In instance 'main.top.dut_headHidden_memoryR_0'
   94 |               if ( WE && ( ADDR_IN < lo ) || (ADDR_IN > hi) )
      |                                    ^
                   mkTbSway.v:15544:1: ... note: In file included from 'mkTbSway.v'
%Warning-CMPCONST: /workspace/scratch/dc01b9aab8c7/toolchains/bsc-2026.01-ubuntu-24.04/lib/Verilog/RegFile.v:94:55: Comparison is constant due to limited range
                                                                                                                  : ... note: In instance 'main.top.dut_headHidden_memoryR_0'
   94 |               if ( WE && ( ADDR_IN < lo ) || (ADDR_IN > hi) )
      |                                                       ^
                   mkTbSway.v:15544:1: ... note: In file included from 'mkTbSway.v'
%Warning-CASEINCOMPLETE: /workspace/scratch/dc01b9aab8c7/toolchains/bsc-2026.01-ubuntu-24.04/lib/Verilog/SizedFIFO.v:120:14: Case values incompletely covered (example pattern 0x0)
  120 |              casez ({CLR, DEQ, ENQ, hasodata, ring_empty})
      |              ^~~~~
                         mkTbSway.v:14322:1: ... note: In file included from 'mkTbSway.v'
%Warning-CASEINCOMPLETE: /workspace/scratch/dc01b9aab8c7/toolchains/bsc-2026.01-ubuntu-24.04/lib/Verilog/SizedFIFO.v:177:14: Case values incompletely covered (example pattern 0x0)
  177 |              casez ({CLR, DEQ, ENQ, hasodata, ring_empty})
      |              ^~~~~
                         mkTbSway.v:14322:1: ... note: In file included from 'mkTbSway.v'
make[1]: Entering directory '/workspace/scratch/2dc194a6b0cd/sway_observation2/hw/observation2-build/B2/verilator/run-_lku2gaw/obj_dir'
g++ -Os  -I.  -MMD -I/workspace/scratch/dc01b9aab8c7/toolchains/native-root/usr/share/verilator/include -I/workspace/scratch/dc01b9aab8c7/toolchains/native-root/usr/share/verilator/include/vltstd -DVM_COVERAGE=0 -DVM_SC=0 -DVM_TRACE=0 -DVM_TRACE_FST=0 -DVM_TRACE_VCD=0 -faligned-new -fcf-protection=none -Wno-bool-operation -Wno-overloaded-virtual -Wno-shadow -Wno-sign-compare -Wno-uninitialized -Wno-unused-but-set-parameter -Wno-unused-but-set-variable -Wno-unused-parameter -Wno-unused-variable     -DVL_TIME_CONTEXT   -fcoroutines -c -o verilated.o /workspace/scratch/dc01b9aab8c7/toolchains/native-root/usr/share/verilator/include/verilated.cpp
g++ -Os  -I.  -MMD -I/workspace/scratch/dc01b9aab8c7/toolchains/native-root/usr/share/verilator/include -I/workspace/scratch/dc01b9aab8c7/toolchains/native-root/usr/share/verilator/include/vltstd -DVM_COVERAGE=0 -DVM_SC=0 -DVM_TRACE=0 -DVM_TRACE_FST=0 -DVM_TRACE_VCD=0 -faligned-new -fcf-protection=none -Wno-bool-operation -Wno-overloaded-virtual -Wno-shadow -Wno-sign-compare -Wno-uninitialized -Wno-unused-but-set-parameter -Wno-unused-but-set-variable -Wno-unused-parameter -Wno-unused-variable     -DVL_TIME_CONTEXT   -fcoroutines -c -o verilated_timing.o /workspace/scratch/dc01b9aab8c7/toolchains/native-root/usr/share/verilator/include/verilated_timing.cpp
g++ -Os  -I.  -MMD -I/workspace/scratch/dc01b9aab8c7/toolchains/native-root/usr/share/verilator/include -I/workspace/scratch/dc01b9aab8c7/toolchains/native-root/usr/share/verilator/include/vltstd -DVM_COVERAGE=0 -DVM_SC=0 -DVM_TRACE=0 -DVM_TRACE_FST=0 -DVM_TRACE_VCD=0 -faligned-new -fcf-protection=none -Wno-bool-operation -Wno-overloaded-virtual -Wno-shadow -Wno-sign-compare -Wno-uninitialized -Wno-unused-but-set-parameter -Wno-unused-but-set-variable -Wno-unused-parameter -Wno-unused-variable     -DVL_TIME_CONTEXT   -fcoroutines -c -o verilated_threads.o /workspace/scratch/dc01b9aab8c7/toolchains/native-root/usr/share/verilator/include/verilated_threads.cpp
g++ -Os  -I.  -MMD -I/workspace/scratch/dc01b9aab8c7/toolchains/native-root/usr/share/verilator/include -I/workspace/scratch/dc01b9aab8c7/toolchains/native-root/usr/share/verilator/include/vltstd -DVM_COVERAGE=0 -DVM_SC=0 -DVM_TRACE=0 -DVM_TRACE_FST=0 -DVM_TRACE_VCD=0 -faligned-new -fcf-protection=none -Wno-bool-operation -Wno-overloaded-virtual -Wno-shadow -Wno-sign-compare -Wno-uninitialized -Wno-unused-but-set-parameter -Wno-unused-but-set-variable -Wno-unused-parameter -Wno-unused-variable     -DVL_TIME_CONTEXT   -fcoroutines -x c++-header Vmain__pch.h -o Vmain__pch.h.fast.gch
g++   -I.  -MMD -I/workspace/scratch/dc01b9aab8c7/toolchains/native-root/usr/share/verilator/include -I/workspace/scratch/dc01b9aab8c7/toolchains/native-root/usr/share/verilator/include/vltstd -DVM_COVERAGE=0 -DVM_SC=0 -DVM_TRACE=0 -DVM_TRACE_FST=0 -DVM_TRACE_VCD=0 -faligned-new -fcf-protection=none -Wno-bool-operation -Wno-overloaded-virtual -Wno-shadow -Wno-sign-compare -Wno-uninitialized -Wno-unused-but-set-parameter -Wno-unused-but-set-variable -Wno-unused-parameter -Wno-unused-variable     -DVL_TIME_CONTEXT   -fcoroutines -x c++-header Vmain__pch.h -o Vmain__pch.h.slow.gch
echo "" > Vmain__ALL.verilator_deplist.tmp
g++ -Os  -I.  -MMD -I/workspace/scratch/dc01b9aab8c7/toolchains/native-root/usr/share/verilator/include -I/workspace/scratch/dc01b9aab8c7/toolchains/native-root/usr/share/verilator/include/vltstd -DVM_COVERAGE=0 -DVM_SC=0 -DVM_TRACE=0 -DVM_TRACE_FST=0 -DVM_TRACE_VCD=0 -faligned-new -fcf-protection=none -Wno-bool-operation -Wno-overloaded-virtual -Wno-shadow -Wno-sign-compare -Wno-uninitialized -Wno-unused-but-set-parameter -Wno-unused-but-set-variable -Wno-unused-parameter -Wno-unused-variable     -DVL_TIME_CONTEXT   -fcoroutines -include Vmain__pch.h.fast -c -o Vmain.o Vmain.cpp
g++ -Os  -I.  -MMD -I/workspace/scratch/dc01b9aab8c7/toolchains/native-root/usr/share/verilator/include -I/workspace/scratch/dc01b9aab8c7/toolchains/native-root/usr/share/verilator/include/vltstd -DVM_COVERAGE=0 -DVM_SC=0 -DVM_TRACE=0 -DVM_TRACE_FST=0 -DVM_TRACE_VCD=0 -faligned-new -fcf-protection=none -Wno-bool-operation -Wno-overloaded-virtual -Wno-shadow -Wno-sign-compare -Wno-uninitialized -Wno-unused-but-set-parameter -Wno-unused-but-set-variable -Wno-unused-parameter -Wno-unused-variable     -DVL_TIME_CONTEXT   -fcoroutines -include Vmain__pch.h.fast -c -o Vmain___024root__DepSet_h8b02a3a0__0.o Vmain___024root__DepSet_h8b02a3a0__0.cpp
g++ -Os  -I.  -MMD -I/workspace/scratch/dc01b9aab8c7/toolchains/native-root/usr/share/verilator/include -I/workspace/scratch/dc01b9aab8c7/toolchains/native-root/usr/share/verilator/include/vltstd -DVM_COVERAGE=0 -DVM_SC=0 -DVM_TRACE=0 -DVM_TRACE_FST=0 -DVM_TRACE_VCD=0 -faligned-new -fcf-protection=none -Wno-bool-operation -Wno-overloaded-virtual -Wno-shadow -Wno-sign-compare -Wno-uninitialized -Wno-unused-but-set-parameter -Wno-unused-but-set-variable -Wno-unused-parameter -Wno-unused-variable     -DVL_TIME_CONTEXT   -fcoroutines -include Vmain__pch.h.fast -c -o Vmain___024root__DepSet_h8b02a3a0__1.o Vmain___024root__DepSet_h8b02a3a0__1.cpp
g++ -Os  -I.  -MMD -I/workspace/scratch/dc01b9aab8c7/toolchains/native-root/usr/share/verilator/include -I/workspace/scratch/dc01b9aab8c7/toolchains/native-root/usr/share/verilator/include/vltstd -DVM_COVERAGE=0 -DVM_SC=0 -DVM_TRACE=0 -DVM_TRACE_FST=0 -DVM_TRACE_VCD=0 -faligned-new -fcf-protection=none -Wno-bool-operation -Wno-overloaded-virtual -Wno-shadow -Wno-sign-compare -Wno-uninitialized -Wno-unused-but-set-parameter -Wno-unused-but-set-variable -Wno-unused-parameter -Wno-unused-variable     -DVL_TIME_CONTEXT   -fcoroutines -include Vmain__pch.h.fast -c -o Vmain___024root__DepSet_h8b02a3a0__2.o Vmain___024root__DepSet_h8b02a3a0__2.cpp
g++ -Os  -I.  -MMD -I/workspace/scratch/dc01b9aab8c7/toolchains/native-root/usr/share/verilator/include -I/workspace/scratch/dc01b9aab8c7/toolchains/native-root/usr/share/verilator/include/vltstd -DVM_COVERAGE=0 -DVM_SC=0 -DVM_TRACE=0 -DVM_TRACE_FST=0 -DVM_TRACE_VCD=0 -faligned-new -fcf-protection=none -Wno-bool-operation -Wno-overloaded-virtual -Wno-shadow -Wno-sign-compare -Wno-uninitialized -Wno-unused-but-set-parameter -Wno-unused-but-set-variable -Wno-unused-parameter -Wno-unused-variable     -DVL_TIME_CONTEXT   -fcoroutines -include Vmain__pch.h.fast -c -o Vmain___024root__DepSet_h3334316c__0.o Vmain___024root__DepSet_h3334316c__0.cpp
g++ -Os  -I.  -MMD -I/workspace/scratch/dc01b9aab8c7/toolchains/native-root/usr/share/verilator/include -I/workspace/scratch/dc01b9aab8c7/toolchains/native-root/usr/share/verilator/include/vltstd -DVM_COVERAGE=0 -DVM_SC=0 -DVM_TRACE=0 -DVM_TRACE_FST=0 -DVM_TRACE_VCD=0 -faligned-new -fcf-protection=none -Wno-bool-operation -Wno-overloaded-virtual -Wno-shadow -Wno-sign-compare -Wno-uninitialized -Wno-unused-but-set-parameter -Wno-unused-but-set-variable -Wno-unused-parameter -Wno-unused-variable     -DVL_TIME_CONTEXT   -fcoroutines -include Vmain__pch.h.fast -c -o Vmain___024root__DepSet_h3334316c__1.o Vmain___024root__DepSet_h3334316c__1.cpp
g++ -Os  -I.  -MMD -I/workspace/scratch/dc01b9aab8c7/toolchains/native-root/usr/share/verilator/include -I/workspace/scratch/dc01b9aab8c7/toolchains/native-root/usr/share/verilator/include/vltstd -DVM_COVERAGE=0 -DVM_SC=0 -DVM_TRACE=0 -DVM_TRACE_FST=0 -DVM_TRACE_VCD=0 -faligned-new -fcf-protection=none -Wno-bool-operation -Wno-overloaded-virtual -Wno-shadow -Wno-sign-compare -Wno-uninitialized -Wno-unused-but-set-parameter -Wno-unused-but-set-variable -Wno-unused-parameter -Wno-unused-variable     -DVL_TIME_CONTEXT   -fcoroutines -include Vmain__pch.h.fast -c -o Vmain___024root__DepSet_h3334316c__2.o Vmain___024root__DepSet_h3334316c__2.cpp
g++ -Os  -I.  -MMD -I/workspace/scratch/dc01b9aab8c7/toolchains/native-root/usr/share/verilator/include -I/workspace/scratch/dc01b9aab8c7/toolchains/native-root/usr/share/verilator/include/vltstd -DVM_COVERAGE=0 -DVM_SC=0 -DVM_TRACE=0 -DVM_TRACE_FST=0 -DVM_TRACE_VCD=0 -faligned-new -fcf-protection=none -Wno-bool-operation -Wno-overloaded-virtual -Wno-shadow -Wno-sign-compare -Wno-uninitialized -Wno-unused-but-set-parameter -Wno-unused-but-set-variable -Wno-unused-parameter -Wno-unused-variable     -DVL_TIME_CONTEXT   -fcoroutines -include Vmain__pch.h.fast -c -o Vmain___024root__DepSet_h3334316c__3.o Vmain___024root__DepSet_h3334316c__3.cpp
g++ -Os  -I.  -MMD -I/workspace/scratch/dc01b9aab8c7/toolchains/native-root/usr/share/verilator/include -I/workspace/scratch/dc01b9aab8c7/toolchains/native-root/usr/share/verilator/include/vltstd -DVM_COVERAGE=0 -DVM_SC=0 -DVM_TRACE=0 -DVM_TRACE_FST=0 -DVM_TRACE_VCD=0 -faligned-new -fcf-protection=none -Wno-bool-operation -Wno-overloaded-virtual -Wno-shadow -Wno-sign-compare -Wno-uninitialized -Wno-unused-but-set-parameter -Wno-unused-but-set-variable -Wno-unused-parameter -Wno-unused-variable     -DVL_TIME_CONTEXT   -fcoroutines -include Vmain__pch.h.fast -c -o Vmain_SizedFIFO__P8_PB4_PC2__DepSet_h12699dd4__0.o Vmain_SizedFIFO__P8_PB4_PC2__DepSet_h12699dd4__0.cpp
g++ -Os  -I.  -MMD -I/workspace/scratch/dc01b9aab8c7/toolchains/native-root/usr/share/verilator/include -I/workspace/scratch/dc01b9aab8c7/toolchains/native-root/usr/share/verilator/include/vltstd -DVM_COVERAGE=0 -DVM_SC=0 -DVM_TRACE=0 -DVM_TRACE_FST=0 -DVM_TRACE_VCD=0 -faligned-new -fcf-protection=none -Wno-bool-operation -Wno-overloaded-virtual -Wno-shadow -Wno-sign-compare -Wno-uninitialized -Wno-unused-but-set-parameter -Wno-unused-but-set-variable -Wno-unused-parameter -Wno-unused-variable     -DVL_TIME_CONTEXT   -fcoroutines -include Vmain__pch.h.fast -c -o Vmain_SizedFIFO__P8_PB4_PC2__DepSet_h2b883c51__0.o Vmain_SizedFIFO__P8_PB4_PC2__DepSet_h2b883c51__0.cpp
g++ -Os  -I.  -MMD -I/workspace/scratch/dc01b9aab8c7/toolchains/native-root/usr/share/verilator/include -I/workspace/scratch/dc01b9aab8c7/toolchains/native-root/usr/share/verilator/include/vltstd -DVM_COVERAGE=0 -DVM_SC=0 -DVM_TRACE=0 -DVM_TRACE_FST=0 -DVM_TRACE_VCD=0 -faligned-new -fcf-protection=none -Wno-bool-operation -Wno-overloaded-virtual -Wno-shadow -Wno-sign-compare -Wno-uninitialized -Wno-unused-but-set-parameter -Wno-unused-but-set-variable -Wno-unused-parameter -Wno-unused-variable     -DVL_TIME_CONTEXT   -fcoroutines -include Vmain__pch.h.fast -c -o Vmain_SizedFIFO__P8_PB4_PC2__DepSet_h2b883c51__1.o Vmain_SizedFIFO__P8_PB4_PC2__DepSet_h2b883c51__1.cpp
g++ -Os  -I.  -MMD -I/workspace/scratch/dc01b9aab8c7/toolchains/native-root/usr/share/verilator/include -I/workspace/scratch/dc01b9aab8c7/toolchains/native-root/usr/share/verilator/include/vltstd -DVM_COVERAGE=0 -DVM_SC=0 -DVM_TRACE=0 -DVM_TRACE_FST=0 -DVM_TRACE_VCD=0 -faligned-new -fcf-protection=none -Wno-bool-operation -Wno-overloaded-virtual -Wno-shadow -Wno-sign-compare -Wno-uninitialized -Wno-unused-but-set-parameter -Wno-unused-but-set-variable -Wno-unused-parameter -Wno-unused-variable     -DVL_TIME_CONTEXT   -fcoroutines -include Vmain__pch.h.fast -c -o Vmain__main.o Vmain__main.cpp
g++   -I.  -MMD -I/workspace/scratch/dc01b9aab8c7/toolchains/native-root/usr/share/verilator/include -I/workspace/scratch/dc01b9aab8c7/toolchains/native-root/usr/share/verilator/include/vltstd -DVM_COVERAGE=0 -DVM_SC=0 -DVM_TRACE=0 -DVM_TRACE_FST=0 -DVM_TRACE_VCD=0 -faligned-new -fcf-protection=none -Wno-bool-operation -Wno-overloaded-virtual -Wno-shadow -Wno-sign-compare -Wno-uninitialized -Wno-unused-but-set-parameter -Wno-unused-but-set-variable -Wno-unused-parameter -Wno-unused-variable     -DVL_TIME_CONTEXT   -fcoroutines -include Vmain__pch.h.slow -c -o Vmain__ConstPool_0.o Vmain__ConstPool_0.cpp
g++   -I.  -MMD -I/workspace/scratch/dc01b9aab8c7/toolchains/native-root/usr/share/verilator/include -I/workspace/scratch/dc01b9aab8c7/toolchains/native-root/usr/share/verilator/include/vltstd -DVM_COVERAGE=0 -DVM_SC=0 -DVM_TRACE=0 -DVM_TRACE_FST=0 -DVM_TRACE_VCD=0 -faligned-new -fcf-protection=none -Wno-bool-operation -Wno-overloaded-virtual -Wno-shadow -Wno-sign-compare -Wno-uninitialized -Wno-unused-but-set-parameter -Wno-unused-but-set-variable -Wno-unused-parameter -Wno-unused-variable     -DVL_TIME_CONTEXT   -fcoroutines -include Vmain__pch.h.slow -c -o Vmain__ConstPool_1.o Vmain__ConstPool_1.cpp
g++   -I.  -MMD -I/workspace/scratch/dc01b9aab8c7/toolchains/native-root/usr/share/verilator/include -I/workspace/scratch/dc01b9aab8c7/toolchains/native-root/usr/share/verilator/include/vltstd -DVM_COVERAGE=0 -DVM_SC=0 -DVM_TRACE=0 -DVM_TRACE_FST=0 -DVM_TRACE_VCD=0 -faligned-new -fcf-protection=none -Wno-bool-operation -Wno-overloaded-virtual -Wno-shadow -Wno-sign-compare -Wno-uninitialized -Wno-unused-but-set-parameter -Wno-unused-but-set-variable -Wno-unused-parameter -Wno-unused-variable     -DVL_TIME_CONTEXT   -fcoroutines -include Vmain__pch.h.slow -c -o Vmain___024root__Slow.o Vmain___024root__Slow.cpp
g++   -I.  -MMD -I/workspace/scratch/dc01b9aab8c7/toolchains/native-root/usr/share/verilator/include -I/workspace/scratch/dc01b9aab8c7/toolchains/native-root/usr/share/verilator/include/vltstd -DVM_COVERAGE=0 -DVM_SC=0 -DVM_TRACE=0 -DVM_TRACE_FST=0 -DVM_TRACE_VCD=0 -faligned-new -fcf-protection=none -Wno-bool-operation -Wno-overloaded-virtual -Wno-shadow -Wno-sign-compare -Wno-uninitialized -Wno-unused-but-set-parameter -Wno-unused-but-set-variable -Wno-unused-parameter -Wno-unused-variable     -DVL_TIME_CONTEXT   -fcoroutines -include Vmain__pch.h.slow -c -o Vmain___024root__DepSet_h8b02a3a0__0__Slow.o Vmain___024root__DepSet_h8b02a3a0__0__Slow.cpp
g++   -I.  -MMD -I/workspace/scratch/dc01b9aab8c7/toolchains/native-root/usr/share/verilator/include -I/workspace/scratch/dc01b9aab8c7/toolchains/native-root/usr/share/verilator/include/vltstd -DVM_COVERAGE=0 -DVM_SC=0 -DVM_TRACE=0 -DVM_TRACE_FST=0 -DVM_TRACE_VCD=0 -faligned-new -fcf-protection=none -Wno-bool-operation -Wno-overloaded-virtual -Wno-shadow -Wno-sign-compare -Wno-uninitialized -Wno-unused-but-set-parameter -Wno-unused-but-set-variable -Wno-unused-parameter -Wno-unused-variable     -DVL_TIME_CONTEXT   -fcoroutines -include Vmain__pch.h.slow -c -o Vmain___024root__DepSet_h8b02a3a0__1__Slow.o Vmain___024root__DepSet_h8b02a3a0__1__Slow.cpp
g++   -I.  -MMD -I/workspace/scratch/dc01b9aab8c7/toolchains/native-root/usr/share/verilator/include -I/workspace/scratch/dc01b9aab8c7/toolchains/native-root/usr/share/verilator/include/vltstd -DVM_COVERAGE=0 -DVM_SC=0 -DVM_TRACE=0 -DVM_TRACE_FST=0 -DVM_TRACE_VCD=0 -faligned-new -fcf-protection=none -Wno-bool-operation -Wno-overloaded-virtual -Wno-shadow -Wno-sign-compare -Wno-uninitialized -Wno-unused-but-set-parameter -Wno-unused-but-set-variable -Wno-unused-parameter -Wno-unused-variable     -DVL_TIME_CONTEXT   -fcoroutines -include Vmain__pch.h.slow -c -o Vmain___024root__DepSet_h3334316c__0__Slow.o Vmain___024root__DepSet_h3334316c__0__Slow.cpp
g++   -I.  -MMD -I/workspace/scratch/dc01b9aab8c7/toolchains/native-root/usr/share/verilator/include -I/workspace/scratch/dc01b9aab8c7/toolchains/native-root/usr/share/verilator/include/vltstd -DVM_COVERAGE=0 -DVM_SC=0 -DVM_TRACE=0 -DVM_TRACE_FST=0 -DVM_TRACE_VCD=0 -faligned-new -fcf-protection=none -Wno-bool-operation -Wno-overloaded-virtual -Wno-shadow -Wno-sign-compare -Wno-uninitialized -Wno-unused-but-set-parameter -Wno-unused-but-set-variable -Wno-unused-parameter -Wno-unused-variable     -DVL_TIME_CONTEXT   -fcoroutines -include Vmain__pch.h.slow -c -o Vmain___024root__DepSet_h3334316c__1__Slow.o Vmain___024root__DepSet_h3334316c__1__Slow.cpp
g++   -I.  -MMD -I/workspace/scratch/dc01b9aab8c7/toolchains/native-root/usr/share/verilator/include -I/workspace/scratch/dc01b9aab8c7/toolchains/native-root/usr/share/verilator/include/vltstd -DVM_COVERAGE=0 -DVM_SC=0 -DVM_TRACE=0 -DVM_TRACE_FST=0 -DVM_TRACE_VCD=0 -faligned-new -fcf-protection=none -Wno-bool-operation -Wno-overloaded-virtual -Wno-shadow -Wno-sign-compare -Wno-uninitialized -Wno-unused-but-set-parameter -Wno-unused-but-set-variable -Wno-unused-parameter -Wno-unused-variable     -DVL_TIME_CONTEXT   -fcoroutines -include Vmain__pch.h.slow -c -o Vmain___024root__DepSet_h3334316c__2__Slow.o Vmain___024root__DepSet_h3334316c__2__Slow.cpp
g++   -I.  -MMD -I/workspace/scratch/dc01b9aab8c7/toolchains/native-root/usr/share/verilator/include -I/workspace/scratch/dc01b9aab8c7/toolchains/native-root/usr/share/verilator/include/vltstd -DVM_COVERAGE=0 -DVM_SC=0 -DVM_TRACE=0 -DVM_TRACE_FST=0 -DVM_TRACE_VCD=0 -faligned-new -fcf-protection=none -Wno-bool-operation -Wno-overloaded-virtual -Wno-shadow -Wno-sign-compare -Wno-uninitialized -Wno-unused-but-set-parameter -Wno-unused-but-set-variable -Wno-unused-parameter -Wno-unused-variable     -DVL_TIME_CONTEXT   -fcoroutines -include Vmain__pch.h.slow -c -o Vmain_SizedFIFO__P8_PB4_PC2__Slow.o Vmain_SizedFIFO__P8_PB4_PC2__Slow.cpp
g++   -I.  -MMD -I/workspace/scratch/dc01b9aab8c7/toolchains/native-root/usr/share/verilator/include -I/workspace/scratch/dc01b9aab8c7/toolchains/native-root/usr/share/verilator/include/vltstd -DVM_COVERAGE=0 -DVM_SC=0 -DVM_TRACE=0 -DVM_TRACE_FST=0 -DVM_TRACE_VCD=0 -faligned-new -fcf-protection=none -Wno-bool-operation -Wno-overloaded-virtual -Wno-shadow -Wno-sign-compare -Wno-uninitialized -Wno-unused-but-set-parameter -Wno-unused-but-set-variable -Wno-unused-parameter -Wno-unused-variable     -DVL_TIME_CONTEXT   -fcoroutines -include Vmain__pch.h.slow -c -o Vmain_SizedFIFO__P8_PB4_PC2__DepSet_h12699dd4__0__Slow.o Vmain_SizedFIFO__P8_PB4_PC2__DepSet_h12699dd4__0__Slow.cpp
g++   -I.  -MMD -I/workspace/scratch/dc01b9aab8c7/toolchains/native-root/usr/share/verilator/include -I/workspace/scratch/dc01b9aab8c7/toolchains/native-root/usr/share/verilator/include/vltstd -DVM_COVERAGE=0 -DVM_SC=0 -DVM_TRACE=0 -DVM_TRACE_FST=0 -DVM_TRACE_VCD=0 -faligned-new -fcf-protection=none -Wno-bool-operation -Wno-overloaded-virtual -Wno-shadow -Wno-sign-compare -Wno-uninitialized -Wno-unused-but-set-parameter -Wno-unused-but-set-variable -Wno-unused-parameter -Wno-unused-variable     -DVL_TIME_CONTEXT   -fcoroutines -include Vmain__pch.h.slow -c -o Vmain__Syms.o Vmain__Syms.cpp
Archive ar -rcs Vmain__ALL.a Vmain.o Vmain___024root__DepSet_h8b02a3a0__0.o Vmain___024root__DepSet_h8b02a3a0__1.o Vmain___024root__DepSet_h8b02a3a0__2.o Vmain___024root__DepSet_h3334316c__0.o Vmain___024root__DepSet_h3334316c__1.o Vmain___024root__DepSet_h3334316c__2.o Vmain___024root__DepSet_h3334316c__3.o Vmain_SizedFIFO__P8_PB4_PC2__DepSet_h12699dd4__0.o Vmain_SizedFIFO__P8_PB4_PC2__DepSet_h2b883c51__0.o Vmain_SizedFIFO__P8_PB4_PC2__DepSet_h2b883c51__1.o Vmain__main.o Vmain__ConstPool_0.o Vmain__ConstPool_1.o Vmain___024root__Slow.o Vmain___024root__DepSet_h8b02a3a0__0__Slow.o Vmain___024root__DepSet_h8b02a3a0__1__Slow.o Vmain___024root__DepSet_h3334316c__0__Slow.o Vmain___024root__DepSet_h3334316c__1__Slow.o Vmain___024root__DepSet_h3334316c__2__Slow.o Vmain_SizedFIFO__P8_PB4_PC2__Slow.o Vmain_SizedFIFO__P8_PB4_PC2__DepSet_h12699dd4__0__Slow.o Vmain__Syms.o
g++     verilated.o verilated_timing.o verilated_threads.o Vmain__ALL.a    -pthread -lpthread -latomic   -o Vmain
rm Vmain__ALL.verilator_deplist.tmp
make[1]: Leaving directory '/workspace/scratch/2dc194a6b0cd/sway_observation2/hw/observation2-build/B2/verilator/run-_lku2gaw/obj_dir'
