SWAY_INPUT_FRAME,0,0,319
SWAY_INPUT_FRAME,1,320,639
SWAY_INPUT_FRAME,2,640,4381
SWAY_OUTPUT,0,13,9931
SWAY_OUTPUT,1,13,9932
SWAY_OUTPUT,2,13,9933
SWAY_OUTPUT,3,13,9934
SWAY_OUTPUT,4,25,9935
SWAY_OUTPUT,5,36,9936
SWAY_OUTPUT,6,45,9937
SWAY_OUTPUT,7,2,9938
SWAY_OUTPUT,8,-6,9939
SWAY_OUTPUT,9,-12,9940
SWAY_OUTPUT,10,18,9941
SWAY_OUTPUT,11,21,9942
SWAY_OUTPUT,12,22,9943
SWAY_OUTPUT,13,23,9944
SWAY_OUTPUT,14,8,9945
SWAY_OUTPUT,15,2,9946
SWAY_OUTPUT,16,-2,9947
SWAY_OUTPUT,17,-4,9948
SWAY_OUTPUT,18,13,9949
SWAY_OUTPUT,19,126,9950
SWAY_OUTPUT,20,127,9951
SWAY_OUTPUT,21,125,9952
SWAY_OUTPUT,22,126,9953
SWAY_OUTPUT,23,126,9954
SWAY_OUTPUT,24,127,9955
SWAY_OUTPUT,25,126,9956
SWAY_OUTPUT,26,124,9957
SWAY_OUTPUT,27,124,9958
SWAY_OUTPUT,28,121,9959
SWAY_OUTPUT,29,125,9960
SWAY_OUTPUT,30,124,9961
SWAY_OUTPUT,31,127,9962
SWAY_OUTPUT,32,120,9963
SWAY_OUTPUT,33,124,9964
SWAY_OUTPUT,34,125,9965
SWAY_OUTPUT,35,127,9966
SWAY_OUTPUT,36,123,9967
SWAY_OUTPUT,37,127,9968
SWAY_OUTPUT,38,-15,9969
SWAY_OUTPUT,39,6,9970
SWAY_OUTPUT,40,25,9971
SWAY_OUTPUT,41,34,9972
SWAY_OUTPUT,42,18,9973
SWAY_OUTPUT,43,12,9974
SWAY_OUTPUT,44,7,9975
SWAY_OUTPUT,45,17,9976
SWAY_OUTPUT,46,6,9977
SWAY_OUTPUT,47,-5,9978
SWAY_OUTPUT,48,-14,9979
SWAY_OUTPUT,49,-33,9980
SWAY_OUTPUT,50,-56,9981
SWAY_OUTPUT,51,-58,9982
SWAY_OUTPUT,52,-14,9983
SWAY_OUTPUT,53,-32,9984
SWAY_OUTPUT,54,-54,9985
SWAY_OUTPUT,55,-58,9986
SWAY_OUTPUT,56,20,9987
SWAY_FRAME,0,9931,9987
SWAY_INPUT_FRAME,3,4382,10157
SWAY_OUTPUT,57,11,15707
SWAY_OUTPUT,58,11,15708
SWAY_OUTPUT,59,11,15709
SWAY_OUTPUT,60,11,15710
SWAY_OUTPUT,61,23,15711
SWAY_OUTPUT,62,32,15712
SWAY_OUTPUT,63,40,15713
SWAY_OUTPUT,64,-1,15714
SWAY_OUTPUT,65,-9,15715
SWAY_OUTPUT,66,-16,15716
SWAY_OUTPUT,67,16,15717
SWAY_OUTPUT,68,20,15718
SWAY_OUTPUT,69,22,15719
SWAY_OUTPUT,70,24,15720
SWAY_OUTPUT,71,6,15721
SWAY_OUTPUT,72,1,15722
SWAY_OUTPUT,73,-3,15723
SWAY_OUTPUT,74,-5,15724
SWAY_OUTPUT,75,11,15725
SWAY_OUTPUT,76,126,15726
SWAY_OUTPUT,77,127,15727
SWAY_OUTPUT,78,126,15728
SWAY_OUTPUT,79,126,15729
SWAY_OUTPUT,80,126,15730
SWAY_OUTPUT,81,127,15731
SWAY_OUTPUT,82,125,15732
SWAY_OUTPUT,83,124,15733
SWAY_OUTPUT,84,125,15734
SWAY_OUTPUT,85,123,15735
SWAY_OUTPUT,86,124,15736
SWAY_OUTPUT,87,125,15737
SWAY_OUTPUT,88,126,15738
SWAY_OUTPUT,89,119,15739
SWAY_OUTPUT,90,124,15740
SWAY_OUTPUT,91,126,15741
SWAY_OUTPUT,92,127,15742
SWAY_OUTPUT,93,124,15743
SWAY_OUTPUT,94,127,15744
SWAY_OUTPUT,95,-10,15745
SWAY_OUTPUT,96,12,15746
SWAY_OUTPUT,97,32,15747
SWAY_OUTPUT,98,41,15748
SWAY_OUTPUT,99,24,15749
SWAY_OUTPUT,100,15,15750
SWAY_OUTPUT,101,7,15751
SWAY_OUTPUT,102,23,15752
SWAY_OUTPUT,103,13,15753
SWAY_OUTPUT,104,3,15754
SWAY_OUTPUT,105,-9,15755
SWAY_OUTPUT,106,-31,15756
SWAY_OUTPUT,107,-54,15757
SWAY_OUTPUT,108,-58,15758
SWAY_OUTPUT,109,-9,15759
SWAY_OUTPUT,110,-30,15760
SWAY_OUTPUT,111,-53,15761
SWAY_OUTPUT,112,-57,15762
SWAY_OUTPUT,113,27,15763
SWAY_FRAME,1,15707,15763
SWAY_INPUT_FRAME,4,10158,15933
SWAY_OUTPUT,114,10,21483
SWAY_OUTPUT,115,10,21484
SWAY_OUTPUT,116,10,21485
SWAY_OUTPUT,117,10,21486
SWAY_OUTPUT,118,21,21487
SWAY_OUTPUT,119,29,21488
SWAY_OUTPUT,120,38,21489
SWAY_OUTPUT,121,-1,21490
SWAY_OUTPUT,122,-8,21491
SWAY_OUTPUT,123,-15,21492
SWAY_OUTPUT,124,16,21493
SWAY_OUTPUT,125,18,21494
SWAY_OUTPUT,126,19,21495
SWAY_OUTPUT,127,20,21496
SWAY_OUTPUT,128,6,21497
SWAY_OUTPUT,129,3,21498
SWAY_OUTPUT,130,2,21499
SWAY_OUTPUT,131,1,21500
SWAY_OUTPUT,132,10,21501
SWAY_OUTPUT,133,127,21502
SWAY_OUTPUT,134,127,21503
SWAY_OUTPUT,135,127,21504
SWAY_OUTPUT,136,127,21505
SWAY_OUTPUT,137,127,21506
SWAY_OUTPUT,138,127,21507
SWAY_OUTPUT,139,127,21508
SWAY_OUTPUT,140,127,21509
SWAY_OUTPUT,141,127,21510
SWAY_OUTPUT,142,125,21511
SWAY_OUTPUT,143,127,21512
SWAY_OUTPUT,144,127,21513
SWAY_OUTPUT,145,127,21514
SWAY_OUTPUT,146,124,21515
SWAY_OUTPUT,147,127,21516
SWAY_OUTPUT,148,127,21517
SWAY_OUTPUT,149,127,21518
SWAY_OUTPUT,150,125,21519
SWAY_OUTPUT,151,127,21520
SWAY_OUTPUT,152,-18,21521
SWAY_OUTPUT,153,2,21522
SWAY_OUTPUT,154,22,21523
SWAY_OUTPUT,155,30,21524
SWAY_OUTPUT,156,14,21525
SWAY_OUTPUT,157,5,21526
SWAY_OUTPUT,158,-5,21527
SWAY_OUTPUT,159,14,21528
SWAY_OUTPUT,160,2,21529
SWAY_OUTPUT,161,-10,21530
SWAY_OUTPUT,162,-17,21531
SWAY_OUTPUT,163,-34,21532
SWAY_OUTPUT,164,-57,21533
SWAY_OUTPUT,165,-60,21534
SWAY_OUTPUT,166,-17,21535
SWAY_OUTPUT,167,-34,21536
SWAY_OUTPUT,168,-56,21537
SWAY_OUTPUT,169,-60,21538
SWAY_OUTPUT,170,17,21539
SWAY_FRAME,2,21483,21539
SWAY_INPUT_FRAME,5,15934,21709
SWAY_OUTPUT,171,11,27259
SWAY_OUTPUT,172,10,27260
SWAY_OUTPUT,173,10,27261
SWAY_OUTPUT,174,10,27262
SWAY_OUTPUT,175,22,27263
SWAY_OUTPUT,176,32,27264
SWAY_OUTPUT,177,39,27265
SWAY_OUTPUT,178,-2,27266
SWAY_OUTPUT,179,-11,27267
SWAY_OUTPUT,180,-15,27268
SWAY_OUTPUT,181,16,27269
SWAY_OUTPUT,182,20,27270
SWAY_OUTPUT,183,22,27271
SWAY_OUTPUT,184,24,27272
SWAY_OUTPUT,185,6,27273
SWAY_OUTPUT,186,3,27274
SWAY_OUTPUT,187,2,27275
SWAY_OUTPUT,188,0,27276
SWAY_OUTPUT,189,10,27277
SWAY_OUTPUT,190,125,27278
SWAY_OUTPUT,191,126,27279
SWAY_OUTPUT,192,126,27280
SWAY_OUTPUT,193,127,27281
SWAY_OUTPUT,194,127,27282
SWAY_OUTPUT,195,127,27283
SWAY_OUTPUT,196,125,27284
SWAY_OUTPUT,197,125,27285
SWAY_OUTPUT,198,125,27286
SWAY_OUTPUT,199,122,27287
SWAY_OUTPUT,200,123,27288
SWAY_OUTPUT,201,126,27289
SWAY_OUTPUT,202,126,27290
SWAY_OUTPUT,203,119,27291
SWAY_OUTPUT,204,123,27292
SWAY_OUTPUT,205,126,27293
SWAY_OUTPUT,206,127,27294
SWAY_OUTPUT,207,123,27295
SWAY_OUTPUT,208,127,27296
SWAY_OUTPUT,209,-7,27297
SWAY_OUTPUT,210,15,27298
SWAY_OUTPUT,211,36,27299
SWAY_OUTPUT,212,45,27300
SWAY_OUTPUT,213,28,27301
SWAY_OUTPUT,214,21,27302
SWAY_OUTPUT,215,16,27303
SWAY_OUTPUT,216,27,27304
SWAY_OUTPUT,217,18,27305
SWAY_OUTPUT,218,10,27306
SWAY_OUTPUT,219,-6,27307
SWAY_OUTPUT,220,-31,27308
SWAY_OUTPUT,221,-54,27309
SWAY_OUTPUT,222,-58,27310
SWAY_OUTPUT,223,-6,27311
SWAY_OUTPUT,224,-31,27312
SWAY_OUTPUT,225,-55,27313
SWAY_OUTPUT,226,-60,27314
SWAY_OUTPUT,227,31,27315
SWAY_FRAME,3,27259,27315
SWAY_INPUT_FRAME,6,21710,27485
SWAY_OUTPUT,228,12,33035
SWAY_OUTPUT,229,14,33036
SWAY_OUTPUT,230,16,33037
SWAY_OUTPUT,231,14,33038
SWAY_OUTPUT,232,26,33039
SWAY_OUTPUT,233,38,33040
SWAY_OUTPUT,234,48,33041
SWAY_OUTPUT,235,3,33042
SWAY_OUTPUT,236,-12,33043
SWAY_OUTPUT,237,-28,33044
SWAY_OUTPUT,238,18,33045
SWAY_OUTPUT,239,21,33046
SWAY_OUTPUT,240,23,33047
SWAY_OUTPUT,241,24,33048
SWAY_OUTPUT,242,8,33049
SWAY_OUTPUT,243,-5,33050
SWAY_OUTPUT,244,-15,33051
SWAY_OUTPUT,245,-18,33052
SWAY_OUTPUT,246,15,33053
SWAY_OUTPUT,247,127,33054
SWAY_OUTPUT,248,127,33055
SWAY_OUTPUT,249,126,33056
SWAY_OUTPUT,250,127,33057
SWAY_OUTPUT,251,124,33058
SWAY_OUTPUT,252,123,33059
SWAY_OUTPUT,253,120,33060
SWAY_OUTPUT,254,127,33061
SWAY_OUTPUT,255,127,33062
SWAY_OUTPUT,256,127,33063
SWAY_OUTPUT,257,127,33064
SWAY_OUTPUT,258,127,33065
SWAY_OUTPUT,259,127,33066
SWAY_OUTPUT,260,127,33067
SWAY_OUTPUT,261,127,33068
SWAY_OUTPUT,262,124,33069
SWAY_OUTPUT,263,124,33070
SWAY_OUTPUT,264,118,33071
SWAY_OUTPUT,265,127,33072
SWAY_OUTPUT,266,-12,33073
SWAY_OUTPUT,267,9,33074
SWAY_OUTPUT,268,29,33075
SWAY_OUTPUT,269,38,33076
SWAY_OUTPUT,270,20,33077
SWAY_OUTPUT,271,14,33078
SWAY_OUTPUT,272,9,33079
SWAY_OUTPUT,273,22,33080
SWAY_OUTPUT,274,20,33081
SWAY_OUTPUT,275,19,33082
SWAY_OUTPUT,276,-12,33083
SWAY_OUTPUT,277,-32,33084
SWAY_OUTPUT,278,-57,33085
SWAY_OUTPUT,279,-60,33086
SWAY_OUTPUT,280,-10,33087
SWAY_OUTPUT,281,-27,33088
SWAY_OUTPUT,282,-50,33089
SWAY_OUTPUT,283,-53,33090
SWAY_OUTPUT,284,24,33091
SWAY_FRAME,4,33035,33091
SWAY_INPUT_FRAME,7,27486,33261
SWAY_OUTPUT,285,8,38811
SWAY_OUTPUT,286,7,38812
SWAY_OUTPUT,287,7,38813
SWAY_OUTPUT,288,7,38814
SWAY_OUTPUT,289,19,38815
SWAY_OUTPUT,290,33,38816
SWAY_OUTPUT,291,40,38817
SWAY_OUTPUT,292,-5,38818
SWAY_OUTPUT,293,-16,38819
SWAY_OUTPUT,294,-21,38820
SWAY_OUTPUT,295,13,38821
SWAY_OUTPUT,296,19,38822
SWAY_OUTPUT,297,24,38823
SWAY_OUTPUT,298,26,38824
SWAY_OUTPUT,299,3,38825
SWAY_OUTPUT,300,-2,38826
SWAY_OUTPUT,301,-4,38827
SWAY_OUTPUT,302,-6,38828
SWAY_OUTPUT,303,8,38829
SWAY_OUTPUT,304,124,38830
SWAY_OUTPUT,305,125,38831
SWAY_OUTPUT,306,124,38832
SWAY_OUTPUT,307,125,38833
SWAY_OUTPUT,308,124,38834
SWAY_OUTPUT,309,126,38835
SWAY_OUTPUT,310,122,38836
SWAY_OUTPUT,311,123,38837
SWAY_OUTPUT,312,124,38838
SWAY_OUTPUT,313,121,38839
SWAY_OUTPUT,314,122,38840
SWAY_OUTPUT,315,123,38841
SWAY_OUTPUT,316,125,38842
SWAY_OUTPUT,317,117,38843
SWAY_OUTPUT,318,122,38844
SWAY_OUTPUT,319,122,38845
SWAY_OUTPUT,320,126,38846
SWAY_OUTPUT,321,121,38847
SWAY_OUTPUT,322,125,38848
SWAY_OUTPUT,323,-10,38849
SWAY_OUTPUT,324,12,38850
SWAY_OUTPUT,325,32,38851
SWAY_OUTPUT,326,41,38852
SWAY_OUTPUT,327,24,38853
SWAY_OUTPUT,328,22,38854
SWAY_OUTPUT,329,26,38855
SWAY_OUTPUT,330,23,38856
SWAY_OUTPUT,331,18,38857
SWAY_OUTPUT,332,17,38858
SWAY_OUTPUT,333,-9,38859
SWAY_OUTPUT,334,-31,38860
SWAY_OUTPUT,335,-54,38861
SWAY_OUTPUT,336,-57,38862
SWAY_OUTPUT,337,-9,38863
SWAY_OUTPUT,338,-30,38864
SWAY_OUTPUT,339,-54,38865
SWAY_OUTPUT,340,-58,38866
SWAY_OUTPUT,341,27,38867
SWAY_FRAME,5,38811,38867
SWAY_INPUT_FRAME,8,33262,39037
SWAY_OUTPUT,342,7,44587
SWAY_OUTPUT,343,6,44588
SWAY_OUTPUT,344,5,44589
SWAY_OUTPUT,345,4,44590
SWAY_OUTPUT,346,17,44591
SWAY_OUTPUT,347,32,44592
SWAY_OUTPUT,348,42,44593
SWAY_OUTPUT,349,-7,44594
SWAY_OUTPUT,350,-20,44595
SWAY_OUTPUT,351,-29,44596
SWAY_OUTPUT,352,12,44597
SWAY_OUTPUT,353,21,44598
SWAY_OUTPUT,354,29,44599
SWAY_OUTPUT,355,32,44600
SWAY_OUTPUT,356,2,44601
SWAY_OUTPUT,357,-5,44602
SWAY_OUTPUT,358,-7,44603
SWAY_OUTPUT,359,-9,44604
SWAY_OUTPUT,360,5,44605
SWAY_OUTPUT,361,127,44606
SWAY_OUTPUT,362,127,44607
SWAY_OUTPUT,363,127,44608
SWAY_OUTPUT,364,127,44609
SWAY_OUTPUT,365,127,44610
SWAY_OUTPUT,366,127,44611
SWAY_OUTPUT,367,124,44612
SWAY_OUTPUT,368,127,44613
SWAY_OUTPUT,369,127,44614
SWAY_OUTPUT,370,126,44615
SWAY_OUTPUT,371,127,44616
SWAY_OUTPUT,372,127,44617
SWAY_OUTPUT,373,127,44618
SWAY_OUTPUT,374,123,44619
SWAY_OUTPUT,375,127,44620
SWAY_OUTPUT,376,126,44621
SWAY_OUTPUT,377,127,44622
SWAY_OUTPUT,378,123,44623
SWAY_OUTPUT,379,127,44624
SWAY_OUTPUT,380,-11,44625
SWAY_OUTPUT,381,10,44626
SWAY_OUTPUT,382,30,44627
SWAY_OUTPUT,383,39,44628
SWAY_OUTPUT,384,23,44629
SWAY_OUTPUT,385,21,44630
SWAY_OUTPUT,386,23,44631
SWAY_OUTPUT,387,22,44632
SWAY_OUTPUT,388,18,44633
SWAY_OUTPUT,389,16,44634
SWAY_OUTPUT,390,-10,44635
SWAY_OUTPUT,391,-29,44636
SWAY_OUTPUT,392,-53,44637
SWAY_OUTPUT,393,-57,44638
SWAY_OUTPUT,394,-10,44639
SWAY_OUTPUT,395,-30,44640
SWAY_OUTPUT,396,-55,44641
SWAY_OUTPUT,397,-59,44642
SWAY_OUTPUT,398,25,44643
SWAY_FRAME,6,44587,44643
SWAY_INPUT_FRAME,9,39038,44813
SWAY_OUTPUT,399,18,50363
SWAY_OUTPUT,400,19,50364
SWAY_OUTPUT,401,20,50365
SWAY_OUTPUT,402,21,50366
SWAY_OUTPUT,403,31,50367
SWAY_OUTPUT,404,41,50368
SWAY_OUTPUT,405,50,50369
SWAY_OUTPUT,406,9,50370
SWAY_OUTPUT,407,-4,50371
SWAY_OUTPUT,408,-16,50372
SWAY_OUTPUT,409,24,50373
SWAY_OUTPUT,410,27,50374
SWAY_OUTPUT,411,25,50375
SWAY_OUTPUT,412,27,50376
SWAY_OUTPUT,413,13,50377
SWAY_OUTPUT,414,5,50378
SWAY_OUTPUT,415,-4,50379
SWAY_OUTPUT,416,-7,50380
SWAY_OUTPUT,417,20,50381
SWAY_OUTPUT,418,125,50382
SWAY_OUTPUT,419,126,50383
SWAY_OUTPUT,420,124,50384
SWAY_OUTPUT,421,125,50385
SWAY_OUTPUT,422,124,50386
SWAY_OUTPUT,423,127,50387
SWAY_OUTPUT,424,124,50388
SWAY_OUTPUT,425,123,50389
SWAY_OUTPUT,426,124,50390
SWAY_OUTPUT,427,122,50391
SWAY_OUTPUT,428,124,50392
SWAY_OUTPUT,429,122,50393
SWAY_OUTPUT,430,126,50394
SWAY_OUTPUT,431,119,50395
SWAY_OUTPUT,432,124,50396
SWAY_OUTPUT,433,125,50397
SWAY_OUTPUT,434,127,50398
SWAY_OUTPUT,435,123,50399
SWAY_OUTPUT,436,125,50400
SWAY_OUTPUT,437,-15,50401
SWAY_OUTPUT,438,6,50402
SWAY_OUTPUT,439,26,50403
SWAY_OUTPUT,440,34,50404
SWAY_OUTPUT,441,17,50405
SWAY_OUTPUT,442,9,50406
SWAY_OUTPUT,443,0,50407
SWAY_OUTPUT,444,18,50408
SWAY_OUTPUT,445,12,50409
SWAY_OUTPUT,446,5,50410
SWAY_OUTPUT,447,-14,50411
SWAY_OUTPUT,448,-33,50412
SWAY_OUTPUT,449,-56,50413
SWAY_OUTPUT,450,-59,50414
SWAY_OUTPUT,451,-13,50415
SWAY_OUTPUT,452,-31,50416
SWAY_OUTPUT,453,-52,50417
SWAY_OUTPUT,454,-55,50418
SWAY_OUTPUT,455,21,50419
SWAY_FRAME,7,50363,50419
SWAY_INPUT_FRAME,10,44814,50589
SWAY_OUTPUT,456,10,56139
SWAY_OUTPUT,457,10,56140
SWAY_OUTPUT,458,10,56141
SWAY_OUTPUT,459,10,56142
SWAY_OUTPUT,460,22,56143
SWAY_OUTPUT,461,32,56144
SWAY_OUTPUT,462,36,56145
SWAY_OUTPUT,463,-2,56146
SWAY_OUTPUT,464,-16,56147
SWAY_OUTPUT,465,-23,56148
SWAY_OUTPUT,466,15,56149
SWAY_OUTPUT,467,19,56150
SWAY_OUTPUT,468,22,56151
SWAY_OUTPUT,469,24,56152
SWAY_OUTPUT,470,5,56153
SWAY_OUTPUT,471,-1,56154
SWAY_OUTPUT,472,-3,56155
SWAY_OUTPUT,473,-5,56156
SWAY_OUTPUT,474,10,56157
SWAY_OUTPUT,475,124,56158
SWAY_OUTPUT,476,124,56159
SWAY_OUTPUT,477,123,56160
SWAY_OUTPUT,478,124,56161
SWAY_OUTPUT,479,123,56162
SWAY_OUTPUT,480,125,56163
SWAY_OUTPUT,481,120,56164
SWAY_OUTPUT,482,123,56165
SWAY_OUTPUT,483,123,56166
SWAY_OUTPUT,484,121,56167
SWAY_OUTPUT,485,122,56168
SWAY_OUTPUT,486,122,56169
SWAY_OUTPUT,487,125,56170
SWAY_OUTPUT,488,117,56171
SWAY_OUTPUT,489,122,56172
SWAY_OUTPUT,490,122,56173
SWAY_OUTPUT,491,125,56174
SWAY_OUTPUT,492,120,56175
SWAY_OUTPUT,493,124,56176
SWAY_OUTPUT,494,-10,56177
SWAY_OUTPUT,495,12,56178
SWAY_OUTPUT,496,32,56179
SWAY_OUTPUT,497,41,56180
SWAY_OUTPUT,498,24,56181
SWAY_OUTPUT,499,17,56182
SWAY_OUTPUT,500,17,56183
SWAY_OUTPUT,501,24,56184
SWAY_OUTPUT,502,22,56185
SWAY_OUTPUT,503,25,56186
SWAY_OUTPUT,504,-9,56187
SWAY_OUTPUT,505,-32,56188
SWAY_OUTPUT,506,-55,56189
SWAY_OUTPUT,507,-59,56190
SWAY_OUTPUT,508,-9,56191
SWAY_OUTPUT,509,-31,56192
SWAY_OUTPUT,510,-54,56193
SWAY_OUTPUT,511,-59,56194
SWAY_OUTPUT,512,27,56195
SWAY_FRAME,8,56139,56195
SWAY_INPUT_FRAME,11,50590,56365
SWAY_OUTPUT,513,47,61915
SWAY_OUTPUT,514,49,61916
SWAY_OUTPUT,515,52,61917
SWAY_OUTPUT,516,51,61918
SWAY_OUTPUT,517,57,61919
SWAY_OUTPUT,518,52,61920
SWAY_OUTPUT,519,71,61921
SWAY_OUTPUT,520,42,61922
SWAY_OUTPUT,521,49,61923
SWAY_OUTPUT,522,7,61924
SWAY_OUTPUT,523,52,61925
SWAY_OUTPUT,524,46,61926
SWAY_OUTPUT,525,34,61927
SWAY_OUTPUT,526,36,61928
SWAY_OUTPUT,527,43,61929
SWAY_OUTPUT,528,49,61930
SWAY_OUTPUT,529,40,61931
SWAY_OUTPUT,530,40,61932
SWAY_OUTPUT,531,51,61933
SWAY_OUTPUT,532,127,61934
SWAY_OUTPUT,533,127,61935
SWAY_OUTPUT,534,127,61936
SWAY_OUTPUT,535,127,61937
SWAY_OUTPUT,536,127,61938
SWAY_OUTPUT,537,127,61939
SWAY_OUTPUT,538,127,61940
SWAY_OUTPUT,539,127,61941
SWAY_OUTPUT,540,127,61942
SWAY_OUTPUT,541,127,61943
SWAY_OUTPUT,542,127,61944
SWAY_OUTPUT,543,127,61945
SWAY_OUTPUT,544,127,61946
SWAY_OUTPUT,545,127,61947
SWAY_OUTPUT,546,127,61948
SWAY_OUTPUT,547,127,61949
SWAY_OUTPUT,548,127,61950
SWAY_OUTPUT,549,127,61951
SWAY_OUTPUT,550,127,61952
SWAY_OUTPUT,551,23,61953
SWAY_OUTPUT,552,58,61954
SWAY_OUTPUT,553,90,61955
SWAY_OUTPUT,554,104,61956
SWAY_OUTPUT,555,64,61957
SWAY_OUTPUT,556,27,61958
SWAY_OUTPUT,557,3,61959
SWAY_OUTPUT,558,69,61960
SWAY_OUTPUT,559,1,61961
SWAY_OUTPUT,560,-45,61962
SWAY_OUTPUT,561,23,61963
SWAY_OUTPUT,562,-36,61964
SWAY_OUTPUT,563,-94,61965
SWAY_OUTPUT,564,-111,61966
SWAY_OUTPUT,565,25,61967
SWAY_OUTPUT,566,-40,61968
SWAY_OUTPUT,567,-84,61969
SWAY_OUTPUT,568,-90,61970
SWAY_OUTPUT,569,81,61971
SWAY_FRAME,9,61915,61971
SWAY_INPUT_FRAME,12,56366,62141
SWAY_OUTPUT,570,0,67691
SWAY_OUTPUT,571,3,67692
SWAY_OUTPUT,572,6,67693
SWAY_OUTPUT,573,8,67694
SWAY_OUTPUT,574,20,67695
SWAY_OUTPUT,575,18,67696
SWAY_OUTPUT,576,-24,67697
SWAY_OUTPUT,577,-6,67698
SWAY_OUTPUT,578,-17,67699
SWAY_OUTPUT,579,14,67700
SWAY_OUTPUT,580,5,67701
SWAY_OUTPUT,581,-2,67702
SWAY_OUTPUT,582,-2,67703
SWAY_OUTPUT,583,-8,67704
SWAY_OUTPUT,584,-4,67705
SWAY_OUTPUT,585,-26,67706
SWAY_OUTPUT,586,-29,67707
SWAY_OUTPUT,587,-35,67708
SWAY_OUTPUT,588,5,67709
SWAY_OUTPUT,589,20,67710
SWAY_OUTPUT,590,19,67711
SWAY_OUTPUT,591,18,67712
SWAY_OUTPUT,592,17,67713
SWAY_OUTPUT,593,30,67714
SWAY_OUTPUT,594,43,67715
SWAY_OUTPUT,595,46,67716
SWAY_OUTPUT,596,17,67717
SWAY_OUTPUT,597,21,67718
SWAY_OUTPUT,598,34,67719
SWAY_OUTPUT,599,20,67720
SWAY_OUTPUT,600,21,67721
SWAY_OUTPUT,601,20,67722
SWAY_OUTPUT,602,0,67723
SWAY_OUTPUT,603,16,67724
SWAY_OUTPUT,604,4,67725
SWAY_OUTPUT,605,27,67726
SWAY_OUTPUT,606,37,67727
SWAY_OUTPUT,607,19,67728
SWAY_OUTPUT,608,-13,67729
SWAY_OUTPUT,609,5,67730
SWAY_OUTPUT,610,23,67731
SWAY_OUTPUT,611,30,67732
SWAY_OUTPUT,612,18,67733
SWAY_OUTPUT,613,13,67734
SWAY_OUTPUT,614,-7,67735
SWAY_OUTPUT,615,12,67736
SWAY_OUTPUT,616,15,67737
SWAY_OUTPUT,617,3,67738
SWAY_OUTPUT,618,-13,67739
SWAY_OUTPUT,619,-36,67740
SWAY_OUTPUT,620,-27,67741
SWAY_OUTPUT,621,-18,67742
SWAY_OUTPUT,622,-12,67743
SWAY_OUTPUT,623,-20,67744
SWAY_OUTPUT,624,-20,67745
SWAY_OUTPUT,625,-28,67746
SWAY_OUTPUT,626,19,67747
SWAY_FRAME,10,67691,67747
SWAY_INPUT_FRAME,13,62142,67917
SWAY_OUTPUT,627,13,73467
SWAY_OUTPUT,628,10,73468
SWAY_OUTPUT,629,10,73469
SWAY_OUTPUT,630,11,73470
SWAY_OUTPUT,631,15,73471
SWAY_OUTPUT,632,30,73472
SWAY_OUTPUT,633,69,73473
SWAY_OUTPUT,634,6,73474
SWAY_OUTPUT,635,4,73475
SWAY_OUTPUT,636,-10,73476
SWAY_OUTPUT,637,18,73477
SWAY_OUTPUT,638,7,73478
SWAY_OUTPUT,639,21,73479
SWAY_OUTPUT,640,29,73480
SWAY_OUTPUT,641,9,73481
SWAY_OUTPUT,642,31,73482
SWAY_OUTPUT,643,35,73483
SWAY_OUTPUT,644,36,73484
SWAY_OUTPUT,645,11,73485
SWAY_OUTPUT,646,127,73486
SWAY_OUTPUT,647,127,73487
SWAY_OUTPUT,648,127,73488
SWAY_OUTPUT,649,127,73489
SWAY_OUTPUT,650,127,73490
SWAY_OUTPUT,651,127,73491
SWAY_OUTPUT,652,127,73492
SWAY_OUTPUT,653,127,73493
SWAY_OUTPUT,654,127,73494
SWAY_OUTPUT,655,127,73495
SWAY_OUTPUT,656,127,73496
SWAY_OUTPUT,657,127,73497
SWAY_OUTPUT,658,127,73498
SWAY_OUTPUT,659,127,73499
SWAY_OUTPUT,660,127,73500
SWAY_OUTPUT,661,127,73501
SWAY_OUTPUT,662,127,73502
SWAY_OUTPUT,663,127,73503
SWAY_OUTPUT,664,127,73504
SWAY_OUTPUT,665,-30,73505
SWAY_OUTPUT,666,-12,73506
SWAY_OUTPUT,667,5,73507
SWAY_OUTPUT,668,10,73508
SWAY_OUTPUT,669,1,73509
SWAY_OUTPUT,670,6,73510
SWAY_OUTPUT,671,2,73511
SWAY_OUTPUT,672,-2,73512
SWAY_OUTPUT,673,-20,73513
SWAY_OUTPUT,674,-51,73514
SWAY_OUTPUT,675,-29,73515
SWAY_OUTPUT,676,-40,73516
SWAY_OUTPUT,677,-68,73517
SWAY_OUTPUT,678,-73,73518
SWAY_OUTPUT,679,-29,73519
SWAY_OUTPUT,680,-37,73520
SWAY_OUTPUT,681,-61,73521
SWAY_OUTPUT,682,-70,73522
SWAY_OUTPUT,683,0,73523
SWAY_FRAME,11,73467,73523
SWAY_OUTPUT,684,13,79243
SWAY_OUTPUT,685,13,79244
SWAY_OUTPUT,686,13,79245
SWAY_OUTPUT,687,13,79246
SWAY_OUTPUT,688,25,79247
SWAY_OUTPUT,689,36,79248
SWAY_OUTPUT,690,45,79249
SWAY_OUTPUT,691,2,79250
SWAY_OUTPUT,692,-6,79251
SWAY_OUTPUT,693,-12,79252
SWAY_OUTPUT,694,18,79253
SWAY_OUTPUT,695,21,79254
SWAY_OUTPUT,696,22,79255
SWAY_OUTPUT,697,23,79256
SWAY_OUTPUT,698,8,79257
SWAY_OUTPUT,699,2,79258
SWAY_OUTPUT,700,-2,79259
SWAY_OUTPUT,701,-4,79260
SWAY_OUTPUT,702,13,79261
SWAY_OUTPUT,703,126,79262
SWAY_OUTPUT,704,127,79263
SWAY_OUTPUT,705,125,79264
SWAY_OUTPUT,706,126,79265
SWAY_OUTPUT,707,126,79266
SWAY_OUTPUT,708,127,79267
SWAY_OUTPUT,709,126,79268
SWAY_OUTPUT,710,124,79269
SWAY_OUTPUT,711,124,79270
SWAY_OUTPUT,712,121,79271
SWAY_OUTPUT,713,125,79272
SWAY_OUTPUT,714,124,79273
SWAY_OUTPUT,715,127,79274
SWAY_OUTPUT,716,120,79275
SWAY_OUTPUT,717,124,79276
SWAY_OUTPUT,718,125,79277
SWAY_OUTPUT,719,127,79278
SWAY_OUTPUT,720,123,79279
SWAY_OUTPUT,721,127,79280
SWAY_OUTPUT,722,-15,79281
SWAY_OUTPUT,723,6,79282
SWAY_OUTPUT,724,25,79283
SWAY_OUTPUT,725,34,79284
SWAY_OUTPUT,726,18,79285
SWAY_OUTPUT,727,12,79286
SWAY_OUTPUT,728,7,79287
SWAY_OUTPUT,729,17,79288
SWAY_OUTPUT,730,6,79289
SWAY_OUTPUT,731,-5,79290
SWAY_OUTPUT,732,-14,79291
SWAY_OUTPUT,733,-33,79292
SWAY_OUTPUT,734,-56,79293
SWAY_OUTPUT,735,-58,79294
SWAY_OUTPUT,736,-14,79295
SWAY_OUTPUT,737,-32,79296
SWAY_OUTPUT,738,-54,79297
SWAY_OUTPUT,739,-58,79298
SWAY_OUTPUT,740,20,79299
SWAY_FRAME,12,79243,79299
SWAY_OUTPUT,741,13,85019
SWAY_OUTPUT,742,13,85020
SWAY_OUTPUT,743,13,85021
SWAY_OUTPUT,744,13,85022
SWAY_OUTPUT,745,25,85023
SWAY_OUTPUT,746,36,85024
SWAY_OUTPUT,747,45,85025
SWAY_OUTPUT,748,2,85026
SWAY_OUTPUT,749,-6,85027
SWAY_OUTPUT,750,-12,85028
SWAY_OUTPUT,751,18,85029
SWAY_OUTPUT,752,21,85030
SWAY_OUTPUT,753,22,85031
SWAY_OUTPUT,754,23,85032
SWAY_OUTPUT,755,8,85033
SWAY_OUTPUT,756,2,85034
SWAY_OUTPUT,757,-2,85035
SWAY_OUTPUT,758,-4,85036
SWAY_OUTPUT,759,13,85037
SWAY_OUTPUT,760,126,85038
SWAY_OUTPUT,761,127,85039
SWAY_OUTPUT,762,125,85040
SWAY_OUTPUT,763,126,85041
SWAY_OUTPUT,764,126,85042
SWAY_OUTPUT,765,127,85043
SWAY_OUTPUT,766,126,85044
SWAY_OUTPUT,767,124,85045
SWAY_OUTPUT,768,124,85046
SWAY_OUTPUT,769,121,85047
SWAY_OUTPUT,770,125,85048
SWAY_OUTPUT,771,124,85049
SWAY_OUTPUT,772,127,85050
SWAY_OUTPUT,773,120,85051
SWAY_OUTPUT,774,124,85052
SWAY_OUTPUT,775,125,85053
SWAY_OUTPUT,776,127,85054
SWAY_OUTPUT,777,123,85055
SWAY_OUTPUT,778,127,85056
SWAY_OUTPUT,779,-15,85057
SWAY_OUTPUT,780,6,85058
SWAY_OUTPUT,781,25,85059
SWAY_OUTPUT,782,34,85060
SWAY_OUTPUT,783,18,85061
SWAY_OUTPUT,784,12,85062
SWAY_OUTPUT,785,7,85063
SWAY_OUTPUT,786,17,85064
SWAY_OUTPUT,787,6,85065
SWAY_OUTPUT,788,-5,85066
SWAY_OUTPUT,789,-14,85067
SWAY_OUTPUT,790,-33,85068
SWAY_OUTPUT,791,-56,85069
SWAY_OUTPUT,792,-58,85070
SWAY_OUTPUT,793,-14,85071
SWAY_OUTPUT,794,-32,85072
SWAY_OUTPUT,795,-54,85073
SWAY_OUTPUT,796,-58,85074
SWAY_OUTPUT,797,20,85075
SWAY_FRAME,13,85019,85075
SWAY_PASS frames=14 outputs=798 cycles=87124 drain_cycles=2048
