SWAY_INPUT_FRAME,0,2,363
SWAY_INPUT_FRAME,1,364,725
SWAY_INPUT_FRAME,2,726,13128
SWAY_INPUT_FRAME,3,13129,31718
SWAY_OUTPUT,0,13,35428
SWAY_STALL,0,35429,43621
SWAY_OUTPUT,1,13,43621
SWAY_OUTPUT,2,13,43622
SWAY_OUTPUT,3,13,43623
SWAY_OUTPUT,4,25,43624
SWAY_OUTPUT,5,36,43625
SWAY_OUTPUT,6,45,43627
SWAY_OUTPUT,7,2,43628
SWAY_OUTPUT,8,-6,43629
SWAY_OUTPUT,9,-12,43630
SWAY_OUTPUT,10,18,43631
SWAY_OUTPUT,11,21,43632
SWAY_OUTPUT,12,22,43633
SWAY_OUTPUT,13,23,43634
SWAY_OUTPUT,14,8,43635
SWAY_OUTPUT,15,2,43636
SWAY_OUTPUT,16,-2,43638
SWAY_OUTPUT,17,-4,43639
SWAY_OUTPUT,18,13,43640
SWAY_OUTPUT,19,126,43641
SWAY_OUTPUT,20,127,43642
SWAY_OUTPUT,21,125,43643
SWAY_OUTPUT,22,126,43644
SWAY_OUTPUT,23,126,43645
SWAY_OUTPUT,24,127,43646
SWAY_OUTPUT,25,126,43647
SWAY_OUTPUT,26,124,43649
SWAY_OUTPUT,27,124,43650
SWAY_OUTPUT,28,121,43651
SWAY_OUTPUT,29,125,43652
SWAY_OUTPUT,30,124,43653
SWAY_OUTPUT,31,127,43654
SWAY_OUTPUT,32,120,43655
SWAY_OUTPUT,33,124,43656
SWAY_OUTPUT,34,125,43657
SWAY_OUTPUT,35,127,43658
SWAY_OUTPUT,36,123,43660
SWAY_OUTPUT,37,127,43661
SWAY_OUTPUT,38,-15,43662
SWAY_OUTPUT,39,6,43663
SWAY_OUTPUT,40,25,43664
SWAY_OUTPUT,41,34,43665
SWAY_OUTPUT,42,18,43666
SWAY_OUTPUT,43,12,43667
SWAY_OUTPUT,44,7,43668
SWAY_OUTPUT,45,17,43669
SWAY_OUTPUT,46,6,43671
SWAY_OUTPUT,47,-5,43672
SWAY_OUTPUT,48,-14,43673
SWAY_OUTPUT,49,-33,43674
SWAY_OUTPUT,50,-56,43675
SWAY_OUTPUT,51,-58,43676
SWAY_OUTPUT,52,-14,43677
SWAY_OUTPUT,53,-32,43678
SWAY_OUTPUT,54,-54,43679
SWAY_OUTPUT,55,-58,43680
SWAY_OUTPUT,56,20,43682
SWAY_FRAME,0,35428,43682
SWAY_INPUT_FRAME,4,31719,50310
SWAY_OUTPUT,57,11,54020
SWAY_STALL,1,54021,62213
SWAY_OUTPUT,58,11,62213
SWAY_OUTPUT,59,11,62214
SWAY_OUTPUT,60,11,62215
SWAY_OUTPUT,61,23,62217
SWAY_OUTPUT,62,32,62218
SWAY_OUTPUT,63,40,62219
SWAY_OUTPUT,64,-1,62220
SWAY_OUTPUT,65,-9,62221
SWAY_OUTPUT,66,-16,62222
SWAY_OUTPUT,67,16,62223
SWAY_OUTPUT,68,20,62224
SWAY_OUTPUT,69,22,62225
SWAY_OUTPUT,70,24,62226
SWAY_OUTPUT,71,6,62228
SWAY_OUTPUT,72,1,62229
SWAY_OUTPUT,73,-3,62230
SWAY_OUTPUT,74,-5,62231
SWAY_OUTPUT,75,11,62232
SWAY_OUTPUT,76,126,62233
SWAY_OUTPUT,77,127,62234
SWAY_OUTPUT,78,126,62235
SWAY_OUTPUT,79,126,62236
SWAY_OUTPUT,80,126,62237
SWAY_OUTPUT,81,127,62239
SWAY_OUTPUT,82,125,62240
SWAY_OUTPUT,83,124,62241
SWAY_OUTPUT,84,125,62242
SWAY_OUTPUT,85,123,62243
SWAY_OUTPUT,86,124,62244
SWAY_OUTPUT,87,125,62245
SWAY_OUTPUT,88,126,62246
SWAY_OUTPUT,89,119,62247
SWAY_OUTPUT,90,124,62248
SWAY_OUTPUT,91,126,62250
SWAY_OUTPUT,92,127,62251
SWAY_OUTPUT,93,124,62252
SWAY_OUTPUT,94,127,62253
SWAY_OUTPUT,95,-10,62254
SWAY_OUTPUT,96,12,62255
SWAY_OUTPUT,97,32,62256
SWAY_OUTPUT,98,41,62257
SWAY_OUTPUT,99,24,62258
SWAY_OUTPUT,100,15,62259
SWAY_OUTPUT,101,7,62261
SWAY_OUTPUT,102,23,62262
SWAY_OUTPUT,103,13,62263
SWAY_OUTPUT,104,3,62264
SWAY_OUTPUT,105,-9,62265
SWAY_OUTPUT,106,-31,62266
SWAY_OUTPUT,107,-54,62267
SWAY_OUTPUT,108,-58,62268
SWAY_OUTPUT,109,-9,62269
SWAY_OUTPUT,110,-30,62270
SWAY_OUTPUT,111,-53,62272
SWAY_OUTPUT,112,-57,62273
SWAY_OUTPUT,113,27,62274
SWAY_FRAME,1,54020,62274
SWAY_INPUT_FRAME,5,50311,68904
SWAY_OUTPUT,114,10,72612
SWAY_STALL,2,72613,80805
SWAY_OUTPUT,115,10,80805
SWAY_OUTPUT,116,10,80807
SWAY_OUTPUT,117,10,80808
SWAY_OUTPUT,118,21,80809
SWAY_OUTPUT,119,29,80810
SWAY_OUTPUT,120,38,80811
SWAY_OUTPUT,121,-1,80812
SWAY_OUTPUT,122,-8,80813
SWAY_OUTPUT,123,-15,80814
SWAY_OUTPUT,124,16,80815
SWAY_OUTPUT,125,18,80816
SWAY_OUTPUT,126,19,80818
SWAY_OUTPUT,127,20,80819
SWAY_OUTPUT,128,6,80820
SWAY_OUTPUT,129,3,80821
SWAY_OUTPUT,130,2,80822
SWAY_OUTPUT,131,1,80823
SWAY_OUTPUT,132,10,80824
SWAY_OUTPUT,133,127,80825
SWAY_OUTPUT,134,127,80826
SWAY_OUTPUT,135,127,80827
SWAY_OUTPUT,136,127,80829
SWAY_OUTPUT,137,127,80830
SWAY_OUTPUT,138,127,80831
SWAY_OUTPUT,139,127,80832
SWAY_OUTPUT,140,127,80833
SWAY_OUTPUT,141,127,80834
SWAY_OUTPUT,142,125,80835
SWAY_OUTPUT,143,127,80836
SWAY_OUTPUT,144,127,80837
SWAY_OUTPUT,145,127,80838
SWAY_OUTPUT,146,124,80840
SWAY_OUTPUT,147,127,80841
SWAY_OUTPUT,148,127,80842
SWAY_OUTPUT,149,127,80843
SWAY_OUTPUT,150,125,80844
SWAY_OUTPUT,151,127,80845
SWAY_OUTPUT,152,-18,80846
SWAY_OUTPUT,153,2,80847
SWAY_OUTPUT,154,22,80848
SWAY_OUTPUT,155,30,80849
SWAY_OUTPUT,156,14,80851
SWAY_OUTPUT,157,5,80852
SWAY_OUTPUT,158,-5,80853
SWAY_OUTPUT,159,14,80854
SWAY_OUTPUT,160,2,80855
SWAY_OUTPUT,161,-10,80856
SWAY_OUTPUT,162,-17,80857
SWAY_OUTPUT,163,-34,80858
SWAY_OUTPUT,164,-57,80859
SWAY_OUTPUT,165,-60,80860
SWAY_OUTPUT,166,-17,80862
SWAY_OUTPUT,167,-34,80863
SWAY_OUTPUT,168,-56,80864
SWAY_OUTPUT,169,-60,80865
SWAY_OUTPUT,170,17,80866
SWAY_FRAME,2,72612,80866
SWAY_INPUT_FRAME,6,68905,87494
SWAY_OUTPUT,171,11,91204
SWAY_STALL,3,91205,99397
SWAY_OUTPUT,172,10,99397
SWAY_OUTPUT,173,10,99398
SWAY_OUTPUT,174,10,99399
SWAY_OUTPUT,175,22,99400
SWAY_OUTPUT,176,32,99401
SWAY_OUTPUT,177,39,99402
SWAY_OUTPUT,178,-2,99403
SWAY_OUTPUT,179,-11,99404
SWAY_OUTPUT,180,-15,99405
SWAY_OUTPUT,181,16,99406
SWAY_OUTPUT,182,20,99408
SWAY_OUTPUT,183,22,99409
SWAY_OUTPUT,184,24,99410
SWAY_OUTPUT,185,6,99411
SWAY_OUTPUT,186,3,99412
SWAY_OUTPUT,187,2,99413
SWAY_OUTPUT,188,0,99414
SWAY_OUTPUT,189,10,99415
SWAY_OUTPUT,190,125,99416
SWAY_OUTPUT,191,126,99417
SWAY_OUTPUT,192,126,99419
SWAY_OUTPUT,193,127,99420
SWAY_OUTPUT,194,127,99421
SWAY_OUTPUT,195,127,99422
SWAY_OUTPUT,196,125,99423
SWAY_OUTPUT,197,125,99424
SWAY_OUTPUT,198,125,99425
SWAY_OUTPUT,199,122,99426
SWAY_OUTPUT,200,123,99427
SWAY_OUTPUT,201,126,99428
SWAY_OUTPUT,202,126,99430
SWAY_OUTPUT,203,119,99431
SWAY_OUTPUT,204,123,99432
SWAY_OUTPUT,205,126,99433
SWAY_OUTPUT,206,127,99434
SWAY_OUTPUT,207,123,99435
SWAY_OUTPUT,208,127,99436
SWAY_OUTPUT,209,-7,99437
SWAY_OUTPUT,210,15,99438
SWAY_OUTPUT,211,36,99439
SWAY_OUTPUT,212,45,99441
SWAY_OUTPUT,213,28,99442
SWAY_OUTPUT,214,21,99443
SWAY_OUTPUT,215,16,99444
SWAY_OUTPUT,216,27,99445
SWAY_OUTPUT,217,18,99446
SWAY_OUTPUT,218,10,99447
SWAY_OUTPUT,219,-6,99448
SWAY_OUTPUT,220,-31,99449
SWAY_OUTPUT,221,-54,99450
SWAY_OUTPUT,222,-58,99452
SWAY_OUTPUT,223,-6,99453
SWAY_OUTPUT,224,-31,99454
SWAY_OUTPUT,225,-55,99455
SWAY_OUTPUT,226,-60,99456
SWAY_OUTPUT,227,31,99457
SWAY_FRAME,3,91204,99457
SWAY_INPUT_FRAME,7,87495,106086
SWAY_OUTPUT,228,12,109796
SWAY_STALL,4,109797,117989
SWAY_OUTPUT,229,14,117989
SWAY_OUTPUT,230,16,117990
SWAY_OUTPUT,231,14,117991
SWAY_OUTPUT,232,26,117992
SWAY_OUTPUT,233,38,117993
SWAY_OUTPUT,234,48,117994
SWAY_OUTPUT,235,3,117995
SWAY_OUTPUT,236,-12,117996
SWAY_OUTPUT,237,-28,117998
SWAY_OUTPUT,238,18,117999
SWAY_OUTPUT,239,21,118000
SWAY_OUTPUT,240,23,118001
SWAY_OUTPUT,241,24,118002
SWAY_OUTPUT,242,8,118003
SWAY_OUTPUT,243,-5,118004
SWAY_OUTPUT,244,-15,118005
SWAY_OUTPUT,245,-18,118006
SWAY_OUTPUT,246,15,118007
SWAY_OUTPUT,247,127,118009
SWAY_OUTPUT,248,127,118010
SWAY_OUTPUT,249,126,118011
SWAY_OUTPUT,250,127,118012
SWAY_OUTPUT,251,124,118013
SWAY_OUTPUT,252,123,118014
SWAY_OUTPUT,253,120,118015
SWAY_OUTPUT,254,127,118016
SWAY_OUTPUT,255,127,118017
SWAY_OUTPUT,256,127,118018
SWAY_OUTPUT,257,127,118020
SWAY_OUTPUT,258,127,118021
SWAY_OUTPUT,259,127,118022
SWAY_OUTPUT,260,127,118023
SWAY_OUTPUT,261,127,118024
SWAY_OUTPUT,262,124,118025
SWAY_OUTPUT,263,124,118026
SWAY_OUTPUT,264,118,118027
SWAY_OUTPUT,265,127,118028
SWAY_OUTPUT,266,-12,118029
SWAY_OUTPUT,267,9,118031
SWAY_OUTPUT,268,29,118032
SWAY_OUTPUT,269,38,118033
SWAY_OUTPUT,270,20,118034
SWAY_OUTPUT,271,14,118035
SWAY_OUTPUT,272,9,118036
SWAY_OUTPUT,273,22,118037
SWAY_OUTPUT,274,20,118038
SWAY_OUTPUT,275,19,118039
SWAY_OUTPUT,276,-12,118040
SWAY_OUTPUT,277,-32,118042
SWAY_OUTPUT,278,-57,118043
SWAY_OUTPUT,279,-60,118044
SWAY_OUTPUT,280,-10,118045
SWAY_OUTPUT,281,-27,118046
SWAY_OUTPUT,282,-50,118047
SWAY_OUTPUT,283,-53,118048
SWAY_OUTPUT,284,24,118049
SWAY_FRAME,4,109796,118049
SWAY_INPUT_FRAME,8,106087,124680
SWAY_OUTPUT,285,8,128388
SWAY_STALL,5,128389,136581
SWAY_OUTPUT,286,7,136581
SWAY_OUTPUT,287,7,136582
SWAY_OUTPUT,288,7,136583
SWAY_OUTPUT,289,19,136584
SWAY_OUTPUT,290,33,136585
SWAY_OUTPUT,291,40,136586
SWAY_OUTPUT,292,-5,136588
SWAY_OUTPUT,293,-16,136589
SWAY_OUTPUT,294,-21,136590
SWAY_OUTPUT,295,13,136591
SWAY_OUTPUT,296,19,136592
SWAY_OUTPUT,297,24,136593
SWAY_OUTPUT,298,26,136594
SWAY_OUTPUT,299,3,136595
SWAY_OUTPUT,300,-2,136596
SWAY_OUTPUT,301,-4,136597
SWAY_OUTPUT,302,-6,136599
SWAY_OUTPUT,303,8,136600
SWAY_OUTPUT,304,124,136601
SWAY_OUTPUT,305,125,136602
SWAY_OUTPUT,306,124,136603
SWAY_OUTPUT,307,125,136604
SWAY_OUTPUT,308,124,136605
SWAY_OUTPUT,309,126,136606
SWAY_OUTPUT,310,122,136607
SWAY_OUTPUT,311,123,136608
SWAY_OUTPUT,312,124,136610
SWAY_OUTPUT,313,121,136611
SWAY_OUTPUT,314,122,136612
SWAY_OUTPUT,315,123,136613
SWAY_OUTPUT,316,125,136614
SWAY_OUTPUT,317,117,136615
SWAY_OUTPUT,318,122,136616
SWAY_OUTPUT,319,122,136617
SWAY_OUTPUT,320,126,136618
SWAY_OUTPUT,321,121,136619
SWAY_OUTPUT,322,125,136621
SWAY_OUTPUT,323,-10,136622
SWAY_OUTPUT,324,12,136623
SWAY_OUTPUT,325,32,136624
SWAY_OUTPUT,326,41,136625
SWAY_OUTPUT,327,24,136626
SWAY_OUTPUT,328,22,136627
SWAY_OUTPUT,329,26,136628
SWAY_OUTPUT,330,23,136629
SWAY_OUTPUT,331,18,136630
SWAY_OUTPUT,332,17,136632
SWAY_OUTPUT,333,-9,136633
SWAY_OUTPUT,334,-31,136634
SWAY_OUTPUT,335,-54,136635
SWAY_OUTPUT,336,-57,136636
SWAY_OUTPUT,337,-9,136637
SWAY_OUTPUT,338,-30,136638
SWAY_OUTPUT,339,-54,136639
SWAY_OUTPUT,340,-58,136640
SWAY_OUTPUT,341,27,136641
SWAY_FRAME,5,128388,136641
SWAY_INPUT_FRAME,9,124681,143270
SWAY_OUTPUT,342,7,146980
SWAY_STALL,6,146981,155173
SWAY_OUTPUT,343,6,155173
SWAY_OUTPUT,344,5,155174
SWAY_OUTPUT,345,4,155175
SWAY_OUTPUT,346,17,155176
SWAY_OUTPUT,347,32,155178
SWAY_OUTPUT,348,42,155179
SWAY_OUTPUT,349,-7,155180
SWAY_OUTPUT,350,-20,155181
SWAY_OUTPUT,351,-29,155182
SWAY_OUTPUT,352,12,155183
SWAY_OUTPUT,353,21,155184
SWAY_OUTPUT,354,29,155185
SWAY_OUTPUT,355,32,155186
SWAY_OUTPUT,356,2,155187
SWAY_OUTPUT,357,-5,155189
SWAY_OUTPUT,358,-7,155190
SWAY_OUTPUT,359,-9,155191
SWAY_OUTPUT,360,5,155192
SWAY_OUTPUT,361,127,155193
SWAY_OUTPUT,362,127,155194
SWAY_OUTPUT,363,127,155195
SWAY_OUTPUT,364,127,155196
SWAY_OUTPUT,365,127,155197
SWAY_OUTPUT,366,127,155198
SWAY_OUTPUT,367,124,155200
SWAY_OUTPUT,368,127,155201
SWAY_OUTPUT,369,127,155202
SWAY_OUTPUT,370,126,155203
SWAY_OUTPUT,371,127,155204
SWAY_OUTPUT,372,127,155205
SWAY_OUTPUT,373,127,155206
SWAY_OUTPUT,374,123,155207
SWAY_OUTPUT,375,127,155208
SWAY_OUTPUT,376,126,155209
SWAY_OUTPUT,377,127,155211
SWAY_OUTPUT,378,123,155212
SWAY_OUTPUT,379,127,155213
SWAY_OUTPUT,380,-11,155214
SWAY_OUTPUT,381,10,155215
SWAY_OUTPUT,382,30,155216
SWAY_OUTPUT,383,39,155217
SWAY_OUTPUT,384,23,155218
SWAY_OUTPUT,385,21,155219
SWAY_OUTPUT,386,23,155220
SWAY_OUTPUT,387,22,155222
SWAY_OUTPUT,388,18,155223
SWAY_OUTPUT,389,16,155224
SWAY_OUTPUT,390,-10,155225
SWAY_OUTPUT,391,-29,155226
SWAY_OUTPUT,392,-53,155227
SWAY_OUTPUT,393,-57,155228
SWAY_OUTPUT,394,-10,155229
SWAY_OUTPUT,395,-30,155230
SWAY_OUTPUT,396,-55,155231
SWAY_OUTPUT,397,-59,155233
SWAY_OUTPUT,398,25,155234
SWAY_FRAME,6,146980,155234
SWAY_INPUT_FRAME,10,143271,161862
SWAY_OUTPUT,399,18,165573
SWAY_STALL,7,165574,173766
SWAY_OUTPUT,400,19,173766
SWAY_OUTPUT,401,20,173768
SWAY_OUTPUT,402,21,173769
SWAY_OUTPUT,403,31,173770
SWAY_OUTPUT,404,41,173771
SWAY_OUTPUT,405,50,173772
SWAY_OUTPUT,406,9,173773
SWAY_OUTPUT,407,-4,173774
SWAY_OUTPUT,408,-16,173775
SWAY_OUTPUT,409,24,173776
SWAY_OUTPUT,410,27,173777
SWAY_OUTPUT,411,25,173779
SWAY_OUTPUT,412,27,173780
SWAY_OUTPUT,413,13,173781
SWAY_OUTPUT,414,5,173782
SWAY_OUTPUT,415,-4,173783
SWAY_OUTPUT,416,-7,173784
SWAY_OUTPUT,417,20,173785
SWAY_OUTPUT,418,125,173786
SWAY_OUTPUT,419,126,173787
SWAY_OUTPUT,420,124,173788
SWAY_OUTPUT,421,125,173790
SWAY_OUTPUT,422,124,173791
SWAY_OUTPUT,423,127,173792
SWAY_OUTPUT,424,124,173793
SWAY_OUTPUT,425,123,173794
SWAY_OUTPUT,426,124,173795
SWAY_OUTPUT,427,122,173796
SWAY_OUTPUT,428,124,173797
SWAY_OUTPUT,429,122,173798
SWAY_OUTPUT,430,126,173799
SWAY_OUTPUT,431,119,173801
SWAY_OUTPUT,432,124,173802
SWAY_OUTPUT,433,125,173803
SWAY_OUTPUT,434,127,173804
SWAY_OUTPUT,435,123,173805
SWAY_OUTPUT,436,125,173806
SWAY_OUTPUT,437,-15,173807
SWAY_OUTPUT,438,6,173808
SWAY_OUTPUT,439,26,173809
SWAY_OUTPUT,440,34,173810
SWAY_OUTPUT,441,17,173812
SWAY_OUTPUT,442,9,173813
SWAY_OUTPUT,443,0,173814
SWAY_OUTPUT,444,18,173815
SWAY_OUTPUT,445,12,173816
SWAY_OUTPUT,446,5,173817
SWAY_OUTPUT,447,-14,173818
SWAY_OUTPUT,448,-33,173819
SWAY_OUTPUT,449,-56,173820
SWAY_OUTPUT,450,-59,173821
SWAY_OUTPUT,451,-13,173823
SWAY_OUTPUT,452,-31,173824
SWAY_OUTPUT,453,-52,173825
SWAY_OUTPUT,454,-55,173826
SWAY_OUTPUT,455,21,173827
SWAY_FRAME,7,165573,173827
SWAY_INPUT_FRAME,11,161863,180454
SWAY_OUTPUT,456,10,184164
SWAY_STALL,8,184165,192357
SWAY_OUTPUT,457,10,192358
SWAY_OUTPUT,458,10,192359
SWAY_OUTPUT,459,10,192360
SWAY_OUTPUT,460,22,192361
SWAY_OUTPUT,461,32,192362
SWAY_OUTPUT,462,36,192363
SWAY_OUTPUT,463,-2,192364
SWAY_OUTPUT,464,-16,192365
SWAY_OUTPUT,465,-23,192366
SWAY_OUTPUT,466,15,192367
SWAY_OUTPUT,467,19,192369
SWAY_OUTPUT,468,22,192370
SWAY_OUTPUT,469,24,192371
SWAY_OUTPUT,470,5,192372
SWAY_OUTPUT,471,-1,192373
SWAY_OUTPUT,472,-3,192374
SWAY_OUTPUT,473,-5,192375
SWAY_OUTPUT,474,10,192376
SWAY_OUTPUT,475,124,192377
SWAY_OUTPUT,476,124,192378
SWAY_OUTPUT,477,123,192380
SWAY_OUTPUT,478,124,192381
SWAY_OUTPUT,479,123,192382
SWAY_OUTPUT,480,125,192383
SWAY_OUTPUT,481,120,192384
SWAY_OUTPUT,482,123,192385
SWAY_OUTPUT,483,123,192386
SWAY_OUTPUT,484,121,192387
SWAY_OUTPUT,485,122,192388
SWAY_OUTPUT,486,122,192389
SWAY_OUTPUT,487,125,192391
SWAY_OUTPUT,488,117,192392
SWAY_OUTPUT,489,122,192393
SWAY_OUTPUT,490,122,192394
SWAY_OUTPUT,491,125,192395
SWAY_OUTPUT,492,120,192396
SWAY_OUTPUT,493,124,192397
SWAY_OUTPUT,494,-10,192398
SWAY_OUTPUT,495,12,192399
SWAY_OUTPUT,496,32,192400
SWAY_OUTPUT,497,41,192402
SWAY_OUTPUT,498,24,192403
SWAY_OUTPUT,499,17,192404
SWAY_OUTPUT,500,17,192405
SWAY_OUTPUT,501,24,192406
SWAY_OUTPUT,502,22,192407
SWAY_OUTPUT,503,25,192408
SWAY_OUTPUT,504,-9,192409
SWAY_OUTPUT,505,-32,192410
SWAY_OUTPUT,506,-55,192411
SWAY_OUTPUT,507,-59,192413
SWAY_OUTPUT,508,-9,192414
SWAY_OUTPUT,509,-31,192415
SWAY_OUTPUT,510,-54,192416
SWAY_OUTPUT,511,-59,192417
SWAY_OUTPUT,512,27,192418
SWAY_FRAME,8,184164,192418
SWAY_INPUT_FRAME,12,180457,199046
SWAY_OUTPUT,513,47,202756
SWAY_STALL,9,202757,210949
SWAY_OUTPUT,514,49,210949
SWAY_OUTPUT,515,52,210950
SWAY_OUTPUT,516,51,210951
SWAY_OUTPUT,517,57,210952
SWAY_OUTPUT,518,52,210953
SWAY_OUTPUT,519,71,210954
SWAY_OUTPUT,520,42,210955
SWAY_OUTPUT,521,49,210956
SWAY_OUTPUT,522,7,210957
SWAY_OUTPUT,523,52,210959
SWAY_OUTPUT,524,46,210960
SWAY_OUTPUT,525,34,210961
SWAY_OUTPUT,526,36,210962
SWAY_OUTPUT,527,43,210963
SWAY_OUTPUT,528,49,210964
SWAY_OUTPUT,529,40,210965
SWAY_OUTPUT,530,40,210966
SWAY_OUTPUT,531,51,210967
SWAY_OUTPUT,532,127,210968
SWAY_OUTPUT,533,127,210970
SWAY_OUTPUT,534,127,210971
SWAY_OUTPUT,535,127,210972
SWAY_OUTPUT,536,127,210973
SWAY_OUTPUT,537,127,210974
SWAY_OUTPUT,538,127,210975
SWAY_OUTPUT,539,127,210976
SWAY_OUTPUT,540,127,210977
SWAY_OUTPUT,541,127,210978
SWAY_OUTPUT,542,127,210979
SWAY_OUTPUT,543,127,210981
SWAY_OUTPUT,544,127,210982
SWAY_OUTPUT,545,127,210983
SWAY_OUTPUT,546,127,210984
SWAY_OUTPUT,547,127,210985
SWAY_OUTPUT,548,127,210986
SWAY_OUTPUT,549,127,210987
SWAY_OUTPUT,550,127,210988
SWAY_OUTPUT,551,23,210989
SWAY_OUTPUT,552,58,210990
SWAY_OUTPUT,553,90,210992
SWAY_OUTPUT,554,104,210993
SWAY_OUTPUT,555,64,210994
SWAY_OUTPUT,556,27,210995
SWAY_OUTPUT,557,3,210996
SWAY_OUTPUT,558,69,210997
SWAY_OUTPUT,559,1,210998
SWAY_OUTPUT,560,-45,210999
SWAY_OUTPUT,561,23,211000
SWAY_OUTPUT,562,-36,211001
SWAY_OUTPUT,563,-94,211003
SWAY_OUTPUT,564,-111,211004
SWAY_OUTPUT,565,25,211005
SWAY_OUTPUT,566,-40,211006
SWAY_OUTPUT,567,-84,211007
SWAY_OUTPUT,568,-90,211008
SWAY_OUTPUT,569,81,211009
SWAY_FRAME,9,202756,211009
SWAY_INPUT_FRAME,13,199047,217638
SWAY_OUTPUT,570,0,221348
SWAY_STALL,10,221349,229541
SWAY_OUTPUT,571,3,229541
SWAY_OUTPUT,572,6,229542
SWAY_OUTPUT,573,8,229543
SWAY_OUTPUT,574,20,229544
SWAY_OUTPUT,575,18,229545
SWAY_OUTPUT,576,-24,229546
SWAY_OUTPUT,577,-6,229547
SWAY_OUTPUT,578,-17,229549
SWAY_OUTPUT,579,14,229550
SWAY_OUTPUT,580,5,229551
SWAY_OUTPUT,581,-2,229552
SWAY_OUTPUT,582,-2,229553
SWAY_OUTPUT,583,-8,229554
SWAY_OUTPUT,584,-4,229555
SWAY_OUTPUT,585,-26,229556
SWAY_OUTPUT,586,-29,229557
SWAY_OUTPUT,587,-35,229558
SWAY_OUTPUT,588,5,229560
SWAY_OUTPUT,589,20,229561
SWAY_OUTPUT,590,19,229562
SWAY_OUTPUT,591,18,229563
SWAY_OUTPUT,592,17,229564
SWAY_OUTPUT,593,30,229565
SWAY_OUTPUT,594,43,229566
SWAY_OUTPUT,595,46,229567
SWAY_OUTPUT,596,17,229568
SWAY_OUTPUT,597,21,229569
SWAY_OUTPUT,598,34,229571
SWAY_OUTPUT,599,20,229572
SWAY_OUTPUT,600,21,229573
SWAY_OUTPUT,601,20,229574
SWAY_OUTPUT,602,0,229575
SWAY_OUTPUT,603,16,229576
SWAY_OUTPUT,604,4,229577
SWAY_OUTPUT,605,27,229578
SWAY_OUTPUT,606,37,229579
SWAY_OUTPUT,607,19,229580
SWAY_OUTPUT,608,-13,229582
SWAY_OUTPUT,609,5,229583
SWAY_OUTPUT,610,23,229584
SWAY_OUTPUT,611,30,229585
SWAY_OUTPUT,612,18,229586
SWAY_OUTPUT,613,13,229587
SWAY_OUTPUT,614,-7,229588
SWAY_OUTPUT,615,12,229589
SWAY_OUTPUT,616,15,229590
SWAY_OUTPUT,617,3,229591
SWAY_OUTPUT,618,-13,229593
SWAY_OUTPUT,619,-36,229594
SWAY_OUTPUT,620,-27,229595
SWAY_OUTPUT,621,-18,229596
SWAY_OUTPUT,622,-12,229597
SWAY_OUTPUT,623,-20,229598
SWAY_OUTPUT,624,-20,229599
SWAY_OUTPUT,625,-28,229600
SWAY_OUTPUT,626,19,229601
SWAY_FRAME,10,221348,229601
SWAY_OUTPUT,627,13,239940
SWAY_STALL,11,239941,248133
SWAY_OUTPUT,628,10,248133
SWAY_OUTPUT,629,10,248134
SWAY_OUTPUT,630,11,248135
SWAY_OUTPUT,631,15,248136
SWAY_OUTPUT,632,30,248137
SWAY_OUTPUT,633,69,248139
SWAY_OUTPUT,634,6,248140
SWAY_OUTPUT,635,4,248141
SWAY_OUTPUT,636,-10,248142
SWAY_OUTPUT,637,18,248143
SWAY_OUTPUT,638,7,248144
SWAY_OUTPUT,639,21,248145
SWAY_OUTPUT,640,29,248146
SWAY_OUTPUT,641,9,248147
SWAY_OUTPUT,642,31,248148
SWAY_OUTPUT,643,35,248150
SWAY_OUTPUT,644,36,248151
SWAY_OUTPUT,645,11,248152
SWAY_OUTPUT,646,127,248153
SWAY_OUTPUT,647,127,248154
SWAY_OUTPUT,648,127,248155
SWAY_OUTPUT,649,127,248156
SWAY_OUTPUT,650,127,248157
SWAY_OUTPUT,651,127,248158
SWAY_OUTPUT,652,127,248159
SWAY_OUTPUT,653,127,248161
SWAY_OUTPUT,654,127,248162
SWAY_OUTPUT,655,127,248163
SWAY_OUTPUT,656,127,248164
SWAY_OUTPUT,657,127,248165
SWAY_OUTPUT,658,127,248166
SWAY_OUTPUT,659,127,248167
SWAY_OUTPUT,660,127,248168
SWAY_OUTPUT,661,127,248169
SWAY_OUTPUT,662,127,248170
SWAY_OUTPUT,663,127,248172
SWAY_OUTPUT,664,127,248173
SWAY_OUTPUT,665,-30,248174
SWAY_OUTPUT,666,-12,248175
SWAY_OUTPUT,667,5,248176
SWAY_OUTPUT,668,10,248177
SWAY_OUTPUT,669,1,248178
SWAY_OUTPUT,670,6,248179
SWAY_OUTPUT,671,2,248180
SWAY_OUTPUT,672,-2,248181
SWAY_OUTPUT,673,-20,248183
SWAY_OUTPUT,674,-51,248184
SWAY_OUTPUT,675,-29,248185
SWAY_OUTPUT,676,-40,248186
SWAY_OUTPUT,677,-68,248187
SWAY_OUTPUT,678,-73,248188
SWAY_OUTPUT,679,-29,248189
SWAY_OUTPUT,680,-37,248190
SWAY_OUTPUT,681,-61,248191
SWAY_OUTPUT,682,-70,248192
SWAY_OUTPUT,683,0,248194
SWAY_FRAME,11,239940,248194
SWAY_OUTPUT,684,13,258532
SWAY_STALL,12,258533,266725
SWAY_OUTPUT,685,13,266725
SWAY_OUTPUT,686,13,266726
SWAY_OUTPUT,687,13,266727
SWAY_OUTPUT,688,25,266729
SWAY_OUTPUT,689,36,266730
SWAY_OUTPUT,690,45,266731
SWAY_OUTPUT,691,2,266732
SWAY_OUTPUT,692,-6,266733
SWAY_OUTPUT,693,-12,266734
SWAY_OUTPUT,694,18,266735
SWAY_OUTPUT,695,21,266736
SWAY_OUTPUT,696,22,266737
SWAY_OUTPUT,697,23,266738
SWAY_OUTPUT,698,8,266740
SWAY_OUTPUT,699,2,266741
SWAY_OUTPUT,700,-2,266742
SWAY_OUTPUT,701,-4,266743
SWAY_OUTPUT,702,13,266744
SWAY_OUTPUT,703,126,266745
SWAY_OUTPUT,704,127,266746
SWAY_OUTPUT,705,125,266747
SWAY_OUTPUT,706,126,266748
SWAY_OUTPUT,707,126,266749
SWAY_OUTPUT,708,127,266751
SWAY_OUTPUT,709,126,266752
SWAY_OUTPUT,710,124,266753
SWAY_OUTPUT,711,124,266754
SWAY_OUTPUT,712,121,266755
SWAY_OUTPUT,713,125,266756
SWAY_OUTPUT,714,124,266757
SWAY_OUTPUT,715,127,266758
SWAY_OUTPUT,716,120,266759
SWAY_OUTPUT,717,124,266760
SWAY_OUTPUT,718,125,266762
SWAY_OUTPUT,719,127,266763
SWAY_OUTPUT,720,123,266764
SWAY_OUTPUT,721,127,266765
SWAY_OUTPUT,722,-15,266766
SWAY_OUTPUT,723,6,266767
SWAY_OUTPUT,724,25,266768
SWAY_OUTPUT,725,34,266769
SWAY_OUTPUT,726,18,266770
SWAY_OUTPUT,727,12,266771
SWAY_OUTPUT,728,7,266773
SWAY_OUTPUT,729,17,266774
SWAY_OUTPUT,730,6,266775
SWAY_OUTPUT,731,-5,266776
SWAY_OUTPUT,732,-14,266777
SWAY_OUTPUT,733,-33,266778
SWAY_OUTPUT,734,-56,266779
SWAY_OUTPUT,735,-58,266780
SWAY_OUTPUT,736,-14,266781
SWAY_OUTPUT,737,-32,266782
SWAY_OUTPUT,738,-54,266784
SWAY_OUTPUT,739,-58,266785
SWAY_OUTPUT,740,20,266786
SWAY_FRAME,12,258532,266786
SWAY_OUTPUT,741,13,277124
SWAY_STALL,13,277125,285317
SWAY_OUTPUT,742,13,285317
SWAY_OUTPUT,743,13,285319
SWAY_OUTPUT,744,13,285320
SWAY_OUTPUT,745,25,285321
SWAY_OUTPUT,746,36,285322
SWAY_OUTPUT,747,45,285323
SWAY_OUTPUT,748,2,285324
SWAY_OUTPUT,749,-6,285325
SWAY_OUTPUT,750,-12,285326
SWAY_OUTPUT,751,18,285327
SWAY_OUTPUT,752,21,285328
SWAY_OUTPUT,753,22,285330
SWAY_OUTPUT,754,23,285331
SWAY_OUTPUT,755,8,285332
SWAY_OUTPUT,756,2,285333
SWAY_OUTPUT,757,-2,285334
SWAY_OUTPUT,758,-4,285335
SWAY_OUTPUT,759,13,285336
SWAY_OUTPUT,760,126,285337
SWAY_OUTPUT,761,127,285338
SWAY_OUTPUT,762,125,285339
SWAY_OUTPUT,763,126,285341
SWAY_OUTPUT,764,126,285342
SWAY_OUTPUT,765,127,285343
SWAY_OUTPUT,766,126,285344
SWAY_OUTPUT,767,124,285345
SWAY_OUTPUT,768,124,285346
SWAY_OUTPUT,769,121,285347
SWAY_OUTPUT,770,125,285348
SWAY_OUTPUT,771,124,285349
SWAY_OUTPUT,772,127,285350
SWAY_OUTPUT,773,120,285352
SWAY_OUTPUT,774,124,285353
SWAY_OUTPUT,775,125,285354
SWAY_OUTPUT,776,127,285355
SWAY_OUTPUT,777,123,285356
SWAY_OUTPUT,778,127,285357
SWAY_OUTPUT,779,-15,285358
SWAY_OUTPUT,780,6,285359
SWAY_OUTPUT,781,25,285360
SWAY_OUTPUT,782,34,285361
SWAY_OUTPUT,783,18,285363
SWAY_OUTPUT,784,12,285364
SWAY_OUTPUT,785,7,285365
SWAY_OUTPUT,786,17,285366
SWAY_OUTPUT,787,6,285367
SWAY_OUTPUT,788,-5,285368
SWAY_OUTPUT,789,-14,285369
SWAY_OUTPUT,790,-33,285370
SWAY_OUTPUT,791,-56,285371
SWAY_OUTPUT,792,-58,285372
SWAY_OUTPUT,793,-14,285374
SWAY_OUTPUT,794,-32,285375
SWAY_OUTPUT,795,-54,285376
SWAY_OUTPUT,796,-58,285377
SWAY_OUTPUT,797,20,285378
SWAY_FRAME,13,277124,285378
SWAY_PASS frames=14 outputs=798 cycles=287427 drain_cycles=2048
