SWAY_INPUT_FRAME,0,2,363
SWAY_INPUT_FRAME,1,364,725
SWAY_INPUT_FRAME,2,726,5374
SWAY_OUTPUT,0,13,13032
SWAY_STALL,0,13033,21225
SWAY_INPUT_FRAME,3,5375,13084
SWAY_INPUT_FRAME,4,13085,20796
SWAY_OUTPUT,1,13,21225
SWAY_OUTPUT,2,13,21226
SWAY_OUTPUT,3,13,21227
SWAY_OUTPUT,4,25,21228
SWAY_OUTPUT,5,36,21229
SWAY_OUTPUT,6,45,21231
SWAY_OUTPUT,7,2,21232
SWAY_OUTPUT,8,-6,21233
SWAY_OUTPUT,9,-12,21234
SWAY_OUTPUT,10,18,21235
SWAY_OUTPUT,11,21,21236
SWAY_OUTPUT,12,22,21237
SWAY_OUTPUT,13,23,21238
SWAY_OUTPUT,14,8,21239
SWAY_OUTPUT,15,2,21240
SWAY_OUTPUT,16,-2,21242
SWAY_OUTPUT,17,-4,21243
SWAY_OUTPUT,18,13,21244
SWAY_OUTPUT,19,126,21245
SWAY_OUTPUT,20,127,21246
SWAY_OUTPUT,21,125,21247
SWAY_OUTPUT,22,126,21248
SWAY_OUTPUT,23,126,21249
SWAY_OUTPUT,24,127,21250
SWAY_OUTPUT,25,126,21251
SWAY_OUTPUT,26,124,21253
SWAY_OUTPUT,27,124,21254
SWAY_OUTPUT,28,121,21255
SWAY_OUTPUT,29,125,21256
SWAY_OUTPUT,30,124,21257
SWAY_OUTPUT,31,127,21258
SWAY_OUTPUT,32,120,21259
SWAY_OUTPUT,33,124,21260
SWAY_OUTPUT,34,125,21261
SWAY_OUTPUT,35,127,21262
SWAY_OUTPUT,36,123,21264
SWAY_OUTPUT,37,127,21265
SWAY_OUTPUT,38,-15,21266
SWAY_OUTPUT,39,6,21267
SWAY_OUTPUT,40,25,21268
SWAY_OUTPUT,41,34,21269
SWAY_OUTPUT,42,18,21270
SWAY_OUTPUT,43,12,21271
SWAY_OUTPUT,44,7,21272
SWAY_OUTPUT,45,17,21273
SWAY_OUTPUT,46,6,21275
SWAY_OUTPUT,47,-5,21276
SWAY_OUTPUT,48,-14,21277
SWAY_OUTPUT,49,-33,21278
SWAY_OUTPUT,50,-56,21279
SWAY_OUTPUT,51,-58,21280
SWAY_OUTPUT,52,-14,21281
SWAY_OUTPUT,53,-32,21282
SWAY_OUTPUT,54,-54,21283
SWAY_OUTPUT,55,-58,21284
SWAY_OUTPUT,56,20,21286
SWAY_FRAME,0,13032,21286
SWAY_OUTPUT,57,11,21287
SWAY_STALL,1,21288,29480
SWAY_INPUT_FRAME,5,20797,28508
SWAY_OUTPUT,58,11,29481
SWAY_OUTPUT,59,11,29482
SWAY_OUTPUT,60,11,29483
SWAY_OUTPUT,61,23,29484
SWAY_OUTPUT,62,32,29485
SWAY_OUTPUT,63,40,29486
SWAY_OUTPUT,64,-1,29487
SWAY_OUTPUT,65,-9,29488
SWAY_OUTPUT,66,-16,29489
SWAY_OUTPUT,67,16,29490
SWAY_OUTPUT,68,20,29492
SWAY_OUTPUT,69,22,29493
SWAY_OUTPUT,70,24,29494
SWAY_OUTPUT,71,6,29495
SWAY_OUTPUT,72,1,29496
SWAY_OUTPUT,73,-3,29497
SWAY_OUTPUT,74,-5,29498
SWAY_OUTPUT,75,11,29499
SWAY_OUTPUT,76,126,29500
SWAY_OUTPUT,77,127,29501
SWAY_OUTPUT,78,126,29503
SWAY_OUTPUT,79,126,29504
SWAY_OUTPUT,80,126,29505
SWAY_OUTPUT,81,127,29506
SWAY_OUTPUT,82,125,29507
SWAY_OUTPUT,83,124,29508
SWAY_OUTPUT,84,125,29509
SWAY_OUTPUT,85,123,29510
SWAY_OUTPUT,86,124,29511
SWAY_OUTPUT,87,125,29512
SWAY_OUTPUT,88,126,29514
SWAY_OUTPUT,89,119,29515
SWAY_OUTPUT,90,124,29516
SWAY_OUTPUT,91,126,29517
SWAY_OUTPUT,92,127,29518
SWAY_OUTPUT,93,124,29519
SWAY_OUTPUT,94,127,29520
SWAY_OUTPUT,95,-10,29521
SWAY_OUTPUT,96,12,29522
SWAY_OUTPUT,97,32,29523
SWAY_OUTPUT,98,41,29525
SWAY_OUTPUT,99,24,29526
SWAY_OUTPUT,100,15,29527
SWAY_OUTPUT,101,7,29528
SWAY_OUTPUT,102,23,29529
SWAY_OUTPUT,103,13,29530
SWAY_OUTPUT,104,3,29531
SWAY_OUTPUT,105,-9,29532
SWAY_OUTPUT,106,-31,29533
SWAY_OUTPUT,107,-54,29534
SWAY_OUTPUT,108,-58,29536
SWAY_OUTPUT,109,-9,29537
SWAY_OUTPUT,110,-30,29538
SWAY_OUTPUT,111,-53,29539
SWAY_OUTPUT,112,-57,29540
SWAY_OUTPUT,113,27,29541
SWAY_FRAME,1,21287,29541
SWAY_OUTPUT,114,10,29542
SWAY_STALL,2,29543,37735
SWAY_INPUT_FRAME,6,28511,36220
SWAY_OUTPUT,115,10,37735
SWAY_OUTPUT,116,10,37736
SWAY_OUTPUT,117,10,37737
SWAY_OUTPUT,118,21,37738
SWAY_OUTPUT,119,29,37739
SWAY_OUTPUT,120,38,37740
SWAY_OUTPUT,121,-1,37742
SWAY_OUTPUT,122,-8,37743
SWAY_OUTPUT,123,-15,37744
SWAY_OUTPUT,124,16,37745
SWAY_OUTPUT,125,18,37746
SWAY_OUTPUT,126,19,37747
SWAY_OUTPUT,127,20,37748
SWAY_OUTPUT,128,6,37749
SWAY_OUTPUT,129,3,37750
SWAY_OUTPUT,130,2,37751
SWAY_OUTPUT,131,1,37753
SWAY_OUTPUT,132,10,37754
SWAY_OUTPUT,133,127,37755
SWAY_OUTPUT,134,127,37756
SWAY_OUTPUT,135,127,37757
SWAY_OUTPUT,136,127,37758
SWAY_OUTPUT,137,127,37759
SWAY_OUTPUT,138,127,37760
SWAY_OUTPUT,139,127,37761
SWAY_OUTPUT,140,127,37762
SWAY_OUTPUT,141,127,37764
SWAY_OUTPUT,142,125,37765
SWAY_OUTPUT,143,127,37766
SWAY_OUTPUT,144,127,37767
SWAY_OUTPUT,145,127,37768
SWAY_OUTPUT,146,124,37769
SWAY_OUTPUT,147,127,37770
SWAY_OUTPUT,148,127,37771
SWAY_OUTPUT,149,127,37772
SWAY_OUTPUT,150,125,37773
SWAY_OUTPUT,151,127,37775
SWAY_OUTPUT,152,-18,37776
SWAY_OUTPUT,153,2,37777
SWAY_OUTPUT,154,22,37778
SWAY_OUTPUT,155,30,37779
SWAY_OUTPUT,156,14,37780
SWAY_OUTPUT,157,5,37781
SWAY_OUTPUT,158,-5,37782
SWAY_OUTPUT,159,14,37783
SWAY_OUTPUT,160,2,37784
SWAY_OUTPUT,161,-10,37786
SWAY_OUTPUT,162,-17,37787
SWAY_OUTPUT,163,-34,37788
SWAY_OUTPUT,164,-57,37789
SWAY_OUTPUT,165,-60,37790
SWAY_OUTPUT,166,-17,37791
SWAY_OUTPUT,167,-34,37792
SWAY_OUTPUT,168,-56,37793
SWAY_OUTPUT,169,-60,37794
SWAY_OUTPUT,170,17,37795
SWAY_FRAME,2,29542,37795
SWAY_OUTPUT,171,11,37797
SWAY_STALL,3,37798,45990
SWAY_INPUT_FRAME,7,36221,43932
SWAY_OUTPUT,172,10,45990
SWAY_OUTPUT,173,10,45992
SWAY_OUTPUT,174,10,45993
SWAY_OUTPUT,175,22,45994
SWAY_OUTPUT,176,32,45995
SWAY_OUTPUT,177,39,45996
SWAY_OUTPUT,178,-2,45997
SWAY_OUTPUT,179,-11,45998
SWAY_OUTPUT,180,-15,45999
SWAY_OUTPUT,181,16,46000
SWAY_OUTPUT,182,20,46001
SWAY_OUTPUT,183,22,46003
SWAY_OUTPUT,184,24,46004
SWAY_OUTPUT,185,6,46005
SWAY_OUTPUT,186,3,46006
SWAY_OUTPUT,187,2,46007
SWAY_OUTPUT,188,0,46008
SWAY_OUTPUT,189,10,46009
SWAY_OUTPUT,190,125,46010
SWAY_OUTPUT,191,126,46011
SWAY_OUTPUT,192,126,46012
SWAY_OUTPUT,193,127,46014
SWAY_OUTPUT,194,127,46015
SWAY_OUTPUT,195,127,46016
SWAY_OUTPUT,196,125,46017
SWAY_OUTPUT,197,125,46018
SWAY_OUTPUT,198,125,46019
SWAY_OUTPUT,199,122,46020
SWAY_OUTPUT,200,123,46021
SWAY_OUTPUT,201,126,46022
SWAY_OUTPUT,202,126,46023
SWAY_OUTPUT,203,119,46025
SWAY_OUTPUT,204,123,46026
SWAY_OUTPUT,205,126,46027
SWAY_OUTPUT,206,127,46028
SWAY_OUTPUT,207,123,46029
SWAY_OUTPUT,208,127,46030
SWAY_OUTPUT,209,-7,46031
SWAY_OUTPUT,210,15,46032
SWAY_OUTPUT,211,36,46033
SWAY_OUTPUT,212,45,46034
SWAY_OUTPUT,213,28,46036
SWAY_OUTPUT,214,21,46037
SWAY_OUTPUT,215,16,46038
SWAY_OUTPUT,216,27,46039
SWAY_OUTPUT,217,18,46040
SWAY_OUTPUT,218,10,46041
SWAY_OUTPUT,219,-6,46042
SWAY_OUTPUT,220,-31,46043
SWAY_OUTPUT,221,-54,46044
SWAY_OUTPUT,222,-58,46045
SWAY_OUTPUT,223,-6,46047
SWAY_OUTPUT,224,-31,46048
SWAY_OUTPUT,225,-55,46049
SWAY_OUTPUT,226,-60,46050
SWAY_OUTPUT,227,31,46051
SWAY_FRAME,3,37797,46051
SWAY_OUTPUT,228,12,46052
SWAY_STALL,4,46053,54245
SWAY_INPUT_FRAME,8,43933,51644
SWAY_OUTPUT,229,14,54245
SWAY_OUTPUT,230,16,54246
SWAY_OUTPUT,231,14,54247
SWAY_OUTPUT,232,26,54248
SWAY_OUTPUT,233,38,54249
SWAY_OUTPUT,234,48,54250
SWAY_OUTPUT,235,3,54251
SWAY_OUTPUT,236,-12,54253
SWAY_OUTPUT,237,-28,54254
SWAY_OUTPUT,238,18,54255
SWAY_OUTPUT,239,21,54256
SWAY_OUTPUT,240,23,54257
SWAY_OUTPUT,241,24,54258
SWAY_OUTPUT,242,8,54259
SWAY_OUTPUT,243,-5,54260
SWAY_OUTPUT,244,-15,54261
SWAY_OUTPUT,245,-18,54262
SWAY_OUTPUT,246,15,54264
SWAY_OUTPUT,247,127,54265
SWAY_OUTPUT,248,127,54266
SWAY_OUTPUT,249,126,54267
SWAY_OUTPUT,250,127,54268
SWAY_OUTPUT,251,124,54269
SWAY_OUTPUT,252,123,54270
SWAY_OUTPUT,253,120,54271
SWAY_OUTPUT,254,127,54272
SWAY_OUTPUT,255,127,54273
SWAY_OUTPUT,256,127,54275
SWAY_OUTPUT,257,127,54276
SWAY_OUTPUT,258,127,54277
SWAY_OUTPUT,259,127,54278
SWAY_OUTPUT,260,127,54279
SWAY_OUTPUT,261,127,54280
SWAY_OUTPUT,262,124,54281
SWAY_OUTPUT,263,124,54282
SWAY_OUTPUT,264,118,54283
SWAY_OUTPUT,265,127,54284
SWAY_OUTPUT,266,-12,54286
SWAY_OUTPUT,267,9,54287
SWAY_OUTPUT,268,29,54288
SWAY_OUTPUT,269,38,54289
SWAY_OUTPUT,270,20,54290
SWAY_OUTPUT,271,14,54291
SWAY_OUTPUT,272,9,54292
SWAY_OUTPUT,273,22,54293
SWAY_OUTPUT,274,20,54294
SWAY_OUTPUT,275,19,54295
SWAY_OUTPUT,276,-12,54297
SWAY_OUTPUT,277,-32,54298
SWAY_OUTPUT,278,-57,54299
SWAY_OUTPUT,279,-60,54300
SWAY_OUTPUT,280,-10,54301
SWAY_OUTPUT,281,-27,54302
SWAY_OUTPUT,282,-50,54303
SWAY_OUTPUT,283,-53,54304
SWAY_OUTPUT,284,24,54305
SWAY_FRAME,4,46052,54305
SWAY_OUTPUT,285,8,54306
SWAY_STALL,5,54307,62499
SWAY_INPUT_FRAME,9,51645,59356
SWAY_OUTPUT,286,7,62499
SWAY_OUTPUT,287,7,62500
SWAY_OUTPUT,288,7,62501
SWAY_OUTPUT,289,19,62503
SWAY_OUTPUT,290,33,62504
SWAY_OUTPUT,291,40,62505
SWAY_OUTPUT,292,-5,62506
SWAY_OUTPUT,293,-16,62507
SWAY_OUTPUT,294,-21,62508
SWAY_OUTPUT,295,13,62509
SWAY_OUTPUT,296,19,62510
SWAY_OUTPUT,297,24,62511
SWAY_OUTPUT,298,26,62512
SWAY_OUTPUT,299,3,62514
SWAY_OUTPUT,300,-2,62515
SWAY_OUTPUT,301,-4,62516
SWAY_OUTPUT,302,-6,62517
SWAY_OUTPUT,303,8,62518
SWAY_OUTPUT,304,124,62519
SWAY_OUTPUT,305,125,62520
SWAY_OUTPUT,306,124,62521
SWAY_OUTPUT,307,125,62522
SWAY_OUTPUT,308,124,62523
SWAY_OUTPUT,309,126,62525
SWAY_OUTPUT,310,122,62526
SWAY_OUTPUT,311,123,62527
SWAY_OUTPUT,312,124,62528
SWAY_OUTPUT,313,121,62529
SWAY_OUTPUT,314,122,62530
SWAY_OUTPUT,315,123,62531
SWAY_OUTPUT,316,125,62532
SWAY_OUTPUT,317,117,62533
SWAY_OUTPUT,318,122,62534
SWAY_OUTPUT,319,122,62536
SWAY_OUTPUT,320,126,62537
SWAY_OUTPUT,321,121,62538
SWAY_OUTPUT,322,125,62539
SWAY_OUTPUT,323,-10,62540
SWAY_OUTPUT,324,12,62541
SWAY_OUTPUT,325,32,62542
SWAY_OUTPUT,326,41,62543
SWAY_OUTPUT,327,24,62544
SWAY_OUTPUT,328,22,62545
SWAY_OUTPUT,329,26,62547
SWAY_OUTPUT,330,23,62548
SWAY_OUTPUT,331,18,62549
SWAY_OUTPUT,332,17,62550
SWAY_OUTPUT,333,-9,62551
SWAY_OUTPUT,334,-31,62552
SWAY_OUTPUT,335,-54,62553
SWAY_OUTPUT,336,-57,62554
SWAY_OUTPUT,337,-9,62555
SWAY_OUTPUT,338,-30,62556
SWAY_OUTPUT,339,-54,62558
SWAY_OUTPUT,340,-58,62559
SWAY_OUTPUT,341,27,62560
SWAY_FRAME,5,54306,62560
SWAY_OUTPUT,342,7,62561
SWAY_STALL,6,62562,70754
SWAY_INPUT_FRAME,10,59357,67069
SWAY_OUTPUT,343,6,70754
SWAY_OUTPUT,344,5,70755
SWAY_OUTPUT,345,4,70756
SWAY_OUTPUT,346,17,70757
SWAY_OUTPUT,347,32,70758
SWAY_OUTPUT,348,42,70759
SWAY_OUTPUT,349,-7,70760
SWAY_OUTPUT,350,-20,70761
SWAY_OUTPUT,351,-29,70762
SWAY_OUTPUT,352,12,70764
SWAY_OUTPUT,353,21,70765
SWAY_OUTPUT,354,29,70766
SWAY_OUTPUT,355,32,70767
SWAY_OUTPUT,356,2,70768
SWAY_OUTPUT,357,-5,70769
SWAY_OUTPUT,358,-7,70770
SWAY_OUTPUT,359,-9,70771
SWAY_OUTPUT,360,5,70772
SWAY_OUTPUT,361,127,70773
SWAY_OUTPUT,362,127,70775
SWAY_OUTPUT,363,127,70776
SWAY_OUTPUT,364,127,70777
SWAY_OUTPUT,365,127,70778
SWAY_OUTPUT,366,127,70779
SWAY_OUTPUT,367,124,70780
SWAY_OUTPUT,368,127,70781
SWAY_OUTPUT,369,127,70782
SWAY_OUTPUT,370,126,70783
SWAY_OUTPUT,371,127,70784
SWAY_OUTPUT,372,127,70786
SWAY_OUTPUT,373,127,70787
SWAY_OUTPUT,374,123,70788
SWAY_OUTPUT,375,127,70789
SWAY_OUTPUT,376,126,70790
SWAY_OUTPUT,377,127,70791
SWAY_OUTPUT,378,123,70792
SWAY_OUTPUT,379,127,70793
SWAY_OUTPUT,380,-11,70794
SWAY_OUTPUT,381,10,70795
SWAY_OUTPUT,382,30,70797
SWAY_OUTPUT,383,39,70798
SWAY_OUTPUT,384,23,70799
SWAY_OUTPUT,385,21,70800
SWAY_OUTPUT,386,23,70801
SWAY_OUTPUT,387,22,70802
SWAY_OUTPUT,388,18,70803
SWAY_OUTPUT,389,16,70804
SWAY_OUTPUT,390,-10,70805
SWAY_OUTPUT,391,-29,70806
SWAY_OUTPUT,392,-53,70808
SWAY_OUTPUT,393,-57,70809
SWAY_OUTPUT,394,-10,70810
SWAY_OUTPUT,395,-30,70811
SWAY_OUTPUT,396,-55,70812
SWAY_OUTPUT,397,-59,70813
SWAY_OUTPUT,398,25,70814
SWAY_FRAME,6,62561,70814
SWAY_OUTPUT,399,18,70815
SWAY_STALL,7,70816,79008
SWAY_INPUT_FRAME,11,67070,74780
SWAY_OUTPUT,400,19,79008
SWAY_OUTPUT,401,20,79009
SWAY_OUTPUT,402,21,79010
SWAY_OUTPUT,403,31,79011
SWAY_OUTPUT,404,41,79012
SWAY_OUTPUT,405,50,79014
SWAY_OUTPUT,406,9,79015
SWAY_OUTPUT,407,-4,79016
SWAY_OUTPUT,408,-16,79017
SWAY_OUTPUT,409,24,79018
SWAY_OUTPUT,410,27,79019
SWAY_OUTPUT,411,25,79020
SWAY_OUTPUT,412,27,79021
SWAY_OUTPUT,413,13,79022
SWAY_OUTPUT,414,5,79023
SWAY_OUTPUT,415,-4,79025
SWAY_OUTPUT,416,-7,79026
SWAY_OUTPUT,417,20,79027
SWAY_OUTPUT,418,125,79028
SWAY_OUTPUT,419,126,79029
SWAY_OUTPUT,420,124,79030
SWAY_OUTPUT,421,125,79031
SWAY_OUTPUT,422,124,79032
SWAY_OUTPUT,423,127,79033
SWAY_OUTPUT,424,124,79034
SWAY_OUTPUT,425,123,79036
SWAY_OUTPUT,426,124,79037
SWAY_OUTPUT,427,122,79038
SWAY_OUTPUT,428,124,79039
SWAY_OUTPUT,429,122,79040
SWAY_OUTPUT,430,126,79041
SWAY_OUTPUT,431,119,79042
SWAY_OUTPUT,432,124,79043
SWAY_OUTPUT,433,125,79044
SWAY_OUTPUT,434,127,79045
SWAY_OUTPUT,435,123,79047
SWAY_OUTPUT,436,125,79048
SWAY_OUTPUT,437,-15,79049
SWAY_OUTPUT,438,6,79050
SWAY_OUTPUT,439,26,79051
SWAY_OUTPUT,440,34,79052
SWAY_OUTPUT,441,17,79053
SWAY_OUTPUT,442,9,79054
SWAY_OUTPUT,443,0,79055
SWAY_OUTPUT,444,18,79056
SWAY_OUTPUT,445,12,79058
SWAY_OUTPUT,446,5,79059
SWAY_OUTPUT,447,-14,79060
SWAY_OUTPUT,448,-33,79061
SWAY_OUTPUT,449,-56,79062
SWAY_OUTPUT,450,-59,79063
SWAY_OUTPUT,451,-13,79064
SWAY_OUTPUT,452,-31,79065
SWAY_OUTPUT,453,-52,79066
SWAY_OUTPUT,454,-55,79067
SWAY_OUTPUT,455,21,79069
SWAY_FRAME,7,70815,79069
SWAY_OUTPUT,456,10,79070
SWAY_STALL,8,79071,87263
SWAY_INPUT_FRAME,12,74781,82492
SWAY_OUTPUT,457,10,87264
SWAY_OUTPUT,458,10,87265
SWAY_OUTPUT,459,10,87266
SWAY_OUTPUT,460,22,87267
SWAY_OUTPUT,461,32,87268
SWAY_OUTPUT,462,36,87269
SWAY_OUTPUT,463,-2,87270
SWAY_OUTPUT,464,-16,87271
SWAY_OUTPUT,465,-23,87272
SWAY_OUTPUT,466,15,87273
SWAY_OUTPUT,467,19,87275
SWAY_OUTPUT,468,22,87276
SWAY_OUTPUT,469,24,87277
SWAY_OUTPUT,470,5,87278
SWAY_OUTPUT,471,-1,87279
SWAY_OUTPUT,472,-3,87280
SWAY_OUTPUT,473,-5,87281
SWAY_OUTPUT,474,10,87282
SWAY_OUTPUT,475,124,87283
SWAY_OUTPUT,476,124,87284
SWAY_OUTPUT,477,123,87286
SWAY_OUTPUT,478,124,87287
SWAY_OUTPUT,479,123,87288
SWAY_OUTPUT,480,125,87289
SWAY_OUTPUT,481,120,87290
SWAY_OUTPUT,482,123,87291
SWAY_OUTPUT,483,123,87292
SWAY_OUTPUT,484,121,87293
SWAY_OUTPUT,485,122,87294
SWAY_OUTPUT,486,122,87295
SWAY_OUTPUT,487,125,87297
SWAY_OUTPUT,488,117,87298
SWAY_OUTPUT,489,122,87299
SWAY_OUTPUT,490,122,87300
SWAY_OUTPUT,491,125,87301
SWAY_OUTPUT,492,120,87302
SWAY_OUTPUT,493,124,87303
SWAY_OUTPUT,494,-10,87304
SWAY_OUTPUT,495,12,87305
SWAY_OUTPUT,496,32,87306
SWAY_OUTPUT,497,41,87308
SWAY_OUTPUT,498,24,87309
SWAY_OUTPUT,499,17,87310
SWAY_OUTPUT,500,17,87311
SWAY_OUTPUT,501,24,87312
SWAY_OUTPUT,502,22,87313
SWAY_OUTPUT,503,25,87314
SWAY_OUTPUT,504,-9,87315
SWAY_OUTPUT,505,-32,87316
SWAY_OUTPUT,506,-55,87317
SWAY_OUTPUT,507,-59,87319
SWAY_OUTPUT,508,-9,87320
SWAY_OUTPUT,509,-31,87321
SWAY_OUTPUT,510,-54,87322
SWAY_OUTPUT,511,-59,87323
SWAY_OUTPUT,512,27,87324
SWAY_FRAME,8,79070,87324
SWAY_OUTPUT,513,47,87325
SWAY_STALL,9,87326,95518
SWAY_INPUT_FRAME,13,82493,90206
SWAY_OUTPUT,514,49,95518
SWAY_OUTPUT,515,52,95519
SWAY_OUTPUT,516,51,95520
SWAY_OUTPUT,517,57,95521
SWAY_OUTPUT,518,52,95522
SWAY_OUTPUT,519,71,95523
SWAY_OUTPUT,520,42,95525
SWAY_OUTPUT,521,49,95526
SWAY_OUTPUT,522,7,95527
SWAY_OUTPUT,523,52,95528
SWAY_OUTPUT,524,46,95529
SWAY_OUTPUT,525,34,95530
SWAY_OUTPUT,526,36,95531
SWAY_OUTPUT,527,43,95532
SWAY_OUTPUT,528,49,95533
SWAY_OUTPUT,529,40,95534
SWAY_OUTPUT,530,40,95536
SWAY_OUTPUT,531,51,95537
SWAY_OUTPUT,532,127,95538
SWAY_OUTPUT,533,127,95539
SWAY_OUTPUT,534,127,95540
SWAY_OUTPUT,535,127,95541
SWAY_OUTPUT,536,127,95542
SWAY_OUTPUT,537,127,95543
SWAY_OUTPUT,538,127,95544
SWAY_OUTPUT,539,127,95545
SWAY_OUTPUT,540,127,95547
SWAY_OUTPUT,541,127,95548
SWAY_OUTPUT,542,127,95549
SWAY_OUTPUT,543,127,95550
SWAY_OUTPUT,544,127,95551
SWAY_OUTPUT,545,127,95552
SWAY_OUTPUT,546,127,95553
SWAY_OUTPUT,547,127,95554
SWAY_OUTPUT,548,127,95555
SWAY_OUTPUT,549,127,95556
SWAY_OUTPUT,550,127,95558
SWAY_OUTPUT,551,23,95559
SWAY_OUTPUT,552,58,95560
SWAY_OUTPUT,553,90,95561
SWAY_OUTPUT,554,104,95562
SWAY_OUTPUT,555,64,95563
SWAY_OUTPUT,556,27,95564
SWAY_OUTPUT,557,3,95565
SWAY_OUTPUT,558,69,95566
SWAY_OUTPUT,559,1,95567
SWAY_OUTPUT,560,-45,95569
SWAY_OUTPUT,561,23,95570
SWAY_OUTPUT,562,-36,95571
SWAY_OUTPUT,563,-94,95572
SWAY_OUTPUT,564,-111,95573
SWAY_OUTPUT,565,25,95574
SWAY_OUTPUT,566,-40,95575
SWAY_OUTPUT,567,-84,95576
SWAY_OUTPUT,568,-90,95577
SWAY_OUTPUT,569,81,95578
SWAY_FRAME,9,87325,95578
SWAY_OUTPUT,570,0,95580
SWAY_STALL,10,95581,103773
SWAY_OUTPUT,571,3,103773
SWAY_OUTPUT,572,6,103775
SWAY_OUTPUT,573,8,103776
SWAY_OUTPUT,574,20,103777
SWAY_OUTPUT,575,18,103778
SWAY_OUTPUT,576,-24,103779
SWAY_OUTPUT,577,-6,103780
SWAY_OUTPUT,578,-17,103781
SWAY_OUTPUT,579,14,103782
SWAY_OUTPUT,580,5,103783
SWAY_OUTPUT,581,-2,103784
SWAY_OUTPUT,582,-2,103786
SWAY_OUTPUT,583,-8,103787
SWAY_OUTPUT,584,-4,103788
SWAY_OUTPUT,585,-26,103789
SWAY_OUTPUT,586,-29,103790
SWAY_OUTPUT,587,-35,103791
SWAY_OUTPUT,588,5,103792
SWAY_OUTPUT,589,20,103793
SWAY_OUTPUT,590,19,103794
SWAY_OUTPUT,591,18,103795
SWAY_OUTPUT,592,17,103797
SWAY_OUTPUT,593,30,103798
SWAY_OUTPUT,594,43,103799
SWAY_OUTPUT,595,46,103800
SWAY_OUTPUT,596,17,103801
SWAY_OUTPUT,597,21,103802
SWAY_OUTPUT,598,34,103803
SWAY_OUTPUT,599,20,103804
SWAY_OUTPUT,600,21,103805
SWAY_OUTPUT,601,20,103806
SWAY_OUTPUT,602,0,103808
SWAY_OUTPUT,603,16,103809
SWAY_OUTPUT,604,4,103810
SWAY_OUTPUT,605,27,103811
SWAY_OUTPUT,606,37,103812
SWAY_OUTPUT,607,19,103813
SWAY_OUTPUT,608,-13,103814
SWAY_OUTPUT,609,5,103815
SWAY_OUTPUT,610,23,103816
SWAY_OUTPUT,611,30,103817
SWAY_OUTPUT,612,18,103819
SWAY_OUTPUT,613,13,103820
SWAY_OUTPUT,614,-7,103821
SWAY_OUTPUT,615,12,103822
SWAY_OUTPUT,616,15,103823
SWAY_OUTPUT,617,3,103824
SWAY_OUTPUT,618,-13,103825
SWAY_OUTPUT,619,-36,103826
SWAY_OUTPUT,620,-27,103827
SWAY_OUTPUT,621,-18,103828
SWAY_OUTPUT,622,-12,103830
SWAY_OUTPUT,623,-20,103831
SWAY_OUTPUT,624,-20,103832
SWAY_OUTPUT,625,-28,103833
SWAY_OUTPUT,626,19,103834
SWAY_FRAME,10,95580,103834
SWAY_OUTPUT,627,13,103835
SWAY_STALL,11,103836,112028
SWAY_OUTPUT,628,10,112028
SWAY_OUTPUT,629,10,112029
SWAY_OUTPUT,630,11,112030
SWAY_OUTPUT,631,15,112031
SWAY_OUTPUT,632,30,112032
SWAY_OUTPUT,633,69,112033
SWAY_OUTPUT,634,6,112034
SWAY_OUTPUT,635,4,112036
SWAY_OUTPUT,636,-10,112037
SWAY_OUTPUT,637,18,112038
SWAY_OUTPUT,638,7,112039
SWAY_OUTPUT,639,21,112040
SWAY_OUTPUT,640,29,112041
SWAY_OUTPUT,641,9,112042
SWAY_OUTPUT,642,31,112043
SWAY_OUTPUT,643,35,112044
SWAY_OUTPUT,644,36,112045
SWAY_OUTPUT,645,11,112047
SWAY_OUTPUT,646,127,112048
SWAY_OUTPUT,647,127,112049
SWAY_OUTPUT,648,127,112050
SWAY_OUTPUT,649,127,112051
SWAY_OUTPUT,650,127,112052
SWAY_OUTPUT,651,127,112053
SWAY_OUTPUT,652,127,112054
SWAY_OUTPUT,653,127,112055
SWAY_OUTPUT,654,127,112056
SWAY_OUTPUT,655,127,112058
SWAY_OUTPUT,656,127,112059
SWAY_OUTPUT,657,127,112060
SWAY_OUTPUT,658,127,112061
SWAY_OUTPUT,659,127,112062
SWAY_OUTPUT,660,127,112063
SWAY_OUTPUT,661,127,112064
SWAY_OUTPUT,662,127,112065
SWAY_OUTPUT,663,127,112066
SWAY_OUTPUT,664,127,112067
SWAY_OUTPUT,665,-30,112069
SWAY_OUTPUT,666,-12,112070
SWAY_OUTPUT,667,5,112071
SWAY_OUTPUT,668,10,112072
SWAY_OUTPUT,669,1,112073
SWAY_OUTPUT,670,6,112074
SWAY_OUTPUT,671,2,112075
SWAY_OUTPUT,672,-2,112076
SWAY_OUTPUT,673,-20,112077
SWAY_OUTPUT,674,-51,112078
SWAY_OUTPUT,675,-29,112080
SWAY_OUTPUT,676,-40,112081
SWAY_OUTPUT,677,-68,112082
SWAY_OUTPUT,678,-73,112083
SWAY_OUTPUT,679,-29,112084
SWAY_OUTPUT,680,-37,112085
SWAY_OUTPUT,681,-61,112086
SWAY_OUTPUT,682,-70,112087
SWAY_OUTPUT,683,0,112088
SWAY_FRAME,11,103835,112088
SWAY_OUTPUT,684,13,112089
SWAY_STALL,12,112090,120282
SWAY_OUTPUT,685,13,120282
SWAY_OUTPUT,686,13,120283
SWAY_OUTPUT,687,13,120284
SWAY_OUTPUT,688,25,120286
SWAY_OUTPUT,689,36,120287
SWAY_OUTPUT,690,45,120288
SWAY_OUTPUT,691,2,120289
SWAY_OUTPUT,692,-6,120290
SWAY_OUTPUT,693,-12,120291
SWAY_OUTPUT,694,18,120292
SWAY_OUTPUT,695,21,120293
SWAY_OUTPUT,696,22,120294
SWAY_OUTPUT,697,23,120295
SWAY_OUTPUT,698,8,120297
SWAY_OUTPUT,699,2,120298
SWAY_OUTPUT,700,-2,120299
SWAY_OUTPUT,701,-4,120300
SWAY_OUTPUT,702,13,120301
SWAY_OUTPUT,703,126,120302
SWAY_OUTPUT,704,127,120303
SWAY_OUTPUT,705,125,120304
SWAY_OUTPUT,706,126,120305
SWAY_OUTPUT,707,126,120306
SWAY_OUTPUT,708,127,120308
SWAY_OUTPUT,709,126,120309
SWAY_OUTPUT,710,124,120310
SWAY_OUTPUT,711,124,120311
SWAY_OUTPUT,712,121,120312
SWAY_OUTPUT,713,125,120313
SWAY_OUTPUT,714,124,120314
SWAY_OUTPUT,715,127,120315
SWAY_OUTPUT,716,120,120316
SWAY_OUTPUT,717,124,120317
SWAY_OUTPUT,718,125,120319
SWAY_OUTPUT,719,127,120320
SWAY_OUTPUT,720,123,120321
SWAY_OUTPUT,721,127,120322
SWAY_OUTPUT,722,-15,120323
SWAY_OUTPUT,723,6,120324
SWAY_OUTPUT,724,25,120325
SWAY_OUTPUT,725,34,120326
SWAY_OUTPUT,726,18,120327
SWAY_OUTPUT,727,12,120328
SWAY_OUTPUT,728,7,120330
SWAY_OUTPUT,729,17,120331
SWAY_OUTPUT,730,6,120332
SWAY_OUTPUT,731,-5,120333
SWAY_OUTPUT,732,-14,120334
SWAY_OUTPUT,733,-33,120335
SWAY_OUTPUT,734,-56,120336
SWAY_OUTPUT,735,-58,120337
SWAY_OUTPUT,736,-14,120338
SWAY_OUTPUT,737,-32,120339
SWAY_OUTPUT,738,-54,120341
SWAY_OUTPUT,739,-58,120342
SWAY_OUTPUT,740,20,120343
SWAY_FRAME,12,112089,120343
SWAY_OUTPUT,741,13,120344
SWAY_STALL,13,120345,128537
SWAY_OUTPUT,742,13,128537
SWAY_OUTPUT,743,13,128538
SWAY_OUTPUT,744,13,128539
SWAY_OUTPUT,745,25,128540
SWAY_OUTPUT,746,36,128541
SWAY_OUTPUT,747,45,128542
SWAY_OUTPUT,748,2,128543
SWAY_OUTPUT,749,-6,128544
SWAY_OUTPUT,750,-12,128545
SWAY_OUTPUT,751,18,128547
SWAY_OUTPUT,752,21,128548
SWAY_OUTPUT,753,22,128549
SWAY_OUTPUT,754,23,128550
SWAY_OUTPUT,755,8,128551
SWAY_OUTPUT,756,2,128552
SWAY_OUTPUT,757,-2,128553
SWAY_OUTPUT,758,-4,128554
SWAY_OUTPUT,759,13,128555
SWAY_OUTPUT,760,126,128556
SWAY_OUTPUT,761,127,128558
SWAY_OUTPUT,762,125,128559
SWAY_OUTPUT,763,126,128560
SWAY_OUTPUT,764,126,128561
SWAY_OUTPUT,765,127,128562
SWAY_OUTPUT,766,126,128563
SWAY_OUTPUT,767,124,128564
SWAY_OUTPUT,768,124,128565
SWAY_OUTPUT,769,121,128566
SWAY_OUTPUT,770,125,128567
SWAY_OUTPUT,771,124,128569
SWAY_OUTPUT,772,127,128570
SWAY_OUTPUT,773,120,128571
SWAY_OUTPUT,774,124,128572
SWAY_OUTPUT,775,125,128573
SWAY_OUTPUT,776,127,128574
SWAY_OUTPUT,777,123,128575
SWAY_OUTPUT,778,127,128576
SWAY_OUTPUT,779,-15,128577
SWAY_OUTPUT,780,6,128578
SWAY_OUTPUT,781,25,128580
SWAY_OUTPUT,782,34,128581
SWAY_OUTPUT,783,18,128582
SWAY_OUTPUT,784,12,128583
SWAY_OUTPUT,785,7,128584
SWAY_OUTPUT,786,17,128585
SWAY_OUTPUT,787,6,128586
SWAY_OUTPUT,788,-5,128587
SWAY_OUTPUT,789,-14,128588
SWAY_OUTPUT,790,-33,128589
SWAY_OUTPUT,791,-56,128591
SWAY_OUTPUT,792,-58,128592
SWAY_OUTPUT,793,-14,128593
SWAY_OUTPUT,794,-32,128594
SWAY_OUTPUT,795,-54,128595
SWAY_OUTPUT,796,-58,128596
SWAY_OUTPUT,797,20,128597
SWAY_FRAME,13,120344,128597
SWAY_PASS frames=14 outputs=798 cycles=130646 drain_cycles=2048
