SWAY_INPUT_FRAME,0,0,319
SWAY_INPUT_FRAME,1,320,639
SWAY_INPUT_FRAME,2,640,6520
SWAY_OUTPUT,0,13,12423
SWAY_OUTPUT,1,13,12424
SWAY_OUTPUT,2,13,12425
SWAY_OUTPUT,3,13,12426
SWAY_OUTPUT,4,25,12427
SWAY_OUTPUT,5,36,12428
SWAY_OUTPUT,6,45,12429
SWAY_OUTPUT,7,2,12430
SWAY_OUTPUT,8,-6,12431
SWAY_OUTPUT,9,-12,12432
SWAY_OUTPUT,10,18,12433
SWAY_OUTPUT,11,21,12434
SWAY_OUTPUT,12,22,12435
SWAY_OUTPUT,13,23,12436
SWAY_OUTPUT,14,8,12437
SWAY_OUTPUT,15,2,12438
SWAY_OUTPUT,16,-2,12439
SWAY_OUTPUT,17,-4,12440
SWAY_OUTPUT,18,13,12441
SWAY_OUTPUT,19,126,12442
SWAY_OUTPUT,20,127,12443
SWAY_OUTPUT,21,125,12444
SWAY_OUTPUT,22,126,12445
SWAY_OUTPUT,23,126,12446
SWAY_OUTPUT,24,127,12447
SWAY_OUTPUT,25,126,12448
SWAY_OUTPUT,26,124,12449
SWAY_OUTPUT,27,124,12450
SWAY_OUTPUT,28,121,12451
SWAY_OUTPUT,29,125,12452
SWAY_OUTPUT,30,124,12453
SWAY_OUTPUT,31,127,12454
SWAY_OUTPUT,32,120,12455
SWAY_OUTPUT,33,124,12456
SWAY_OUTPUT,34,125,12457
SWAY_OUTPUT,35,127,12458
SWAY_OUTPUT,36,123,12459
SWAY_OUTPUT,37,127,12460
SWAY_OUTPUT,38,-15,12461
SWAY_OUTPUT,39,6,12462
SWAY_OUTPUT,40,25,12463
SWAY_OUTPUT,41,34,12464
SWAY_OUTPUT,42,18,12465
SWAY_OUTPUT,43,12,12466
SWAY_OUTPUT,44,7,12467
SWAY_OUTPUT,45,17,12468
SWAY_OUTPUT,46,6,12469
SWAY_OUTPUT,47,-5,12470
SWAY_OUTPUT,48,-14,12471
SWAY_OUTPUT,49,-33,12472
SWAY_OUTPUT,50,-56,12473
SWAY_OUTPUT,51,-58,12474
SWAY_OUTPUT,52,-14,12475
SWAY_OUTPUT,53,-32,12476
SWAY_OUTPUT,54,-54,12477
SWAY_OUTPUT,55,-58,12478
SWAY_OUTPUT,56,20,12479
SWAY_FRAME,0,12423,12479
SWAY_INPUT_FRAME,3,6521,15144
SWAY_OUTPUT,57,11,21047
SWAY_OUTPUT,58,11,21048
SWAY_OUTPUT,59,11,21049
SWAY_OUTPUT,60,11,21050
SWAY_OUTPUT,61,23,21051
SWAY_OUTPUT,62,32,21052
SWAY_OUTPUT,63,40,21053
SWAY_OUTPUT,64,-1,21054
SWAY_OUTPUT,65,-9,21055
SWAY_OUTPUT,66,-16,21056
SWAY_OUTPUT,67,16,21057
SWAY_OUTPUT,68,20,21058
SWAY_OUTPUT,69,22,21059
SWAY_OUTPUT,70,24,21060
SWAY_OUTPUT,71,6,21061
SWAY_OUTPUT,72,1,21062
SWAY_OUTPUT,73,-3,21063
SWAY_OUTPUT,74,-5,21064
SWAY_OUTPUT,75,11,21065
SWAY_OUTPUT,76,126,21066
SWAY_OUTPUT,77,127,21067
SWAY_OUTPUT,78,126,21068
SWAY_OUTPUT,79,126,21069
SWAY_OUTPUT,80,126,21070
SWAY_OUTPUT,81,127,21071
SWAY_OUTPUT,82,125,21072
SWAY_OUTPUT,83,124,21073
SWAY_OUTPUT,84,125,21074
SWAY_OUTPUT,85,123,21075
SWAY_OUTPUT,86,124,21076
SWAY_OUTPUT,87,125,21077
SWAY_OUTPUT,88,126,21078
SWAY_OUTPUT,89,119,21079
SWAY_OUTPUT,90,124,21080
SWAY_OUTPUT,91,126,21081
SWAY_OUTPUT,92,127,21082
SWAY_OUTPUT,93,124,21083
SWAY_OUTPUT,94,127,21084
SWAY_OUTPUT,95,-10,21085
SWAY_OUTPUT,96,12,21086
SWAY_OUTPUT,97,32,21087
SWAY_OUTPUT,98,41,21088
SWAY_OUTPUT,99,24,21089
SWAY_OUTPUT,100,15,21090
SWAY_OUTPUT,101,7,21091
SWAY_OUTPUT,102,23,21092
SWAY_OUTPUT,103,13,21093
SWAY_OUTPUT,104,3,21094
SWAY_OUTPUT,105,-9,21095
SWAY_OUTPUT,106,-31,21096
SWAY_OUTPUT,107,-54,21097
SWAY_OUTPUT,108,-58,21098
SWAY_OUTPUT,109,-9,21099
SWAY_OUTPUT,110,-30,21100
SWAY_OUTPUT,111,-53,21101
SWAY_OUTPUT,112,-57,21102
SWAY_OUTPUT,113,27,21103
SWAY_FRAME,1,21047,21103
SWAY_INPUT_FRAME,4,15145,23768
SWAY_OUTPUT,114,10,29671
SWAY_OUTPUT,115,10,29672
SWAY_OUTPUT,116,10,29673
SWAY_OUTPUT,117,10,29674
SWAY_OUTPUT,118,21,29675
SWAY_OUTPUT,119,29,29676
SWAY_OUTPUT,120,38,29677
SWAY_OUTPUT,121,-1,29678
SWAY_OUTPUT,122,-8,29679
SWAY_OUTPUT,123,-15,29680
SWAY_OUTPUT,124,16,29681
SWAY_OUTPUT,125,18,29682
SWAY_OUTPUT,126,19,29683
SWAY_OUTPUT,127,20,29684
SWAY_OUTPUT,128,6,29685
SWAY_OUTPUT,129,3,29686
SWAY_OUTPUT,130,2,29687
SWAY_OUTPUT,131,1,29688
SWAY_OUTPUT,132,10,29689
SWAY_OUTPUT,133,127,29690
SWAY_OUTPUT,134,127,29691
SWAY_OUTPUT,135,127,29692
SWAY_OUTPUT,136,127,29693
SWAY_OUTPUT,137,127,29694
SWAY_OUTPUT,138,127,29695
SWAY_OUTPUT,139,127,29696
SWAY_OUTPUT,140,127,29697
SWAY_OUTPUT,141,127,29698
SWAY_OUTPUT,142,125,29699
SWAY_OUTPUT,143,127,29700
SWAY_OUTPUT,144,127,29701
SWAY_OUTPUT,145,127,29702
SWAY_OUTPUT,146,124,29703
SWAY_OUTPUT,147,127,29704
SWAY_OUTPUT,148,127,29705
SWAY_OUTPUT,149,127,29706
SWAY_OUTPUT,150,125,29707
SWAY_OUTPUT,151,127,29708
SWAY_OUTPUT,152,-18,29709
SWAY_OUTPUT,153,2,29710
SWAY_OUTPUT,154,22,29711
SWAY_OUTPUT,155,30,29712
SWAY_OUTPUT,156,14,29713
SWAY_OUTPUT,157,5,29714
SWAY_OUTPUT,158,-5,29715
SWAY_OUTPUT,159,14,29716
SWAY_OUTPUT,160,2,29717
SWAY_OUTPUT,161,-10,29718
SWAY_OUTPUT,162,-17,29719
SWAY_OUTPUT,163,-34,29720
SWAY_OUTPUT,164,-57,29721
SWAY_OUTPUT,165,-60,29722
SWAY_OUTPUT,166,-17,29723
SWAY_OUTPUT,167,-34,29724
SWAY_OUTPUT,168,-56,29725
SWAY_OUTPUT,169,-60,29726
SWAY_OUTPUT,170,17,29727
SWAY_FRAME,2,29671,29727
SWAY_INPUT_FRAME,5,23769,32392
SWAY_OUTPUT,171,11,38295
SWAY_OUTPUT,172,10,38296
SWAY_OUTPUT,173,10,38297
SWAY_OUTPUT,174,10,38298
SWAY_OUTPUT,175,22,38299
SWAY_OUTPUT,176,32,38300
SWAY_OUTPUT,177,39,38301
SWAY_OUTPUT,178,-2,38302
SWAY_OUTPUT,179,-11,38303
SWAY_OUTPUT,180,-15,38304
SWAY_OUTPUT,181,16,38305
SWAY_OUTPUT,182,20,38306
SWAY_OUTPUT,183,22,38307
SWAY_OUTPUT,184,24,38308
SWAY_OUTPUT,185,6,38309
SWAY_OUTPUT,186,3,38310
SWAY_OUTPUT,187,2,38311
SWAY_OUTPUT,188,0,38312
SWAY_OUTPUT,189,10,38313
SWAY_OUTPUT,190,125,38314
SWAY_OUTPUT,191,126,38315
SWAY_OUTPUT,192,126,38316
SWAY_OUTPUT,193,127,38317
SWAY_OUTPUT,194,127,38318
SWAY_OUTPUT,195,127,38319
SWAY_OUTPUT,196,125,38320
SWAY_OUTPUT,197,125,38321
SWAY_OUTPUT,198,125,38322
SWAY_OUTPUT,199,122,38323
SWAY_OUTPUT,200,123,38324
SWAY_OUTPUT,201,126,38325
SWAY_OUTPUT,202,126,38326
SWAY_OUTPUT,203,119,38327
SWAY_OUTPUT,204,123,38328
SWAY_OUTPUT,205,126,38329
SWAY_OUTPUT,206,127,38330
SWAY_OUTPUT,207,123,38331
SWAY_OUTPUT,208,127,38332
SWAY_OUTPUT,209,-7,38333
SWAY_OUTPUT,210,15,38334
SWAY_OUTPUT,211,36,38335
SWAY_OUTPUT,212,45,38336
SWAY_OUTPUT,213,28,38337
SWAY_OUTPUT,214,21,38338
SWAY_OUTPUT,215,16,38339
SWAY_OUTPUT,216,27,38340
SWAY_OUTPUT,217,18,38341
SWAY_OUTPUT,218,10,38342
SWAY_OUTPUT,219,-6,38343
SWAY_OUTPUT,220,-31,38344
SWAY_OUTPUT,221,-54,38345
SWAY_OUTPUT,222,-58,38346
SWAY_OUTPUT,223,-6,38347
SWAY_OUTPUT,224,-31,38348
SWAY_OUTPUT,225,-55,38349
SWAY_OUTPUT,226,-60,38350
SWAY_OUTPUT,227,31,38351
SWAY_FRAME,3,38295,38351
SWAY_INPUT_FRAME,6,32393,41016
SWAY_OUTPUT,228,12,46919
SWAY_OUTPUT,229,14,46920
SWAY_OUTPUT,230,16,46921
SWAY_OUTPUT,231,14,46922
SWAY_OUTPUT,232,26,46923
SWAY_OUTPUT,233,38,46924
SWAY_OUTPUT,234,48,46925
SWAY_OUTPUT,235,3,46926
SWAY_OUTPUT,236,-12,46927
SWAY_OUTPUT,237,-28,46928
SWAY_OUTPUT,238,18,46929
SWAY_OUTPUT,239,21,46930
SWAY_OUTPUT,240,23,46931
SWAY_OUTPUT,241,24,46932
SWAY_OUTPUT,242,8,46933
SWAY_OUTPUT,243,-5,46934
SWAY_OUTPUT,244,-15,46935
SWAY_OUTPUT,245,-18,46936
SWAY_OUTPUT,246,15,46937
SWAY_OUTPUT,247,127,46938
SWAY_OUTPUT,248,127,46939
SWAY_OUTPUT,249,126,46940
SWAY_OUTPUT,250,127,46941
SWAY_OUTPUT,251,124,46942
SWAY_OUTPUT,252,123,46943
SWAY_OUTPUT,253,120,46944
SWAY_OUTPUT,254,127,46945
SWAY_OUTPUT,255,127,46946
SWAY_OUTPUT,256,127,46947
SWAY_OUTPUT,257,127,46948
SWAY_OUTPUT,258,127,46949
SWAY_OUTPUT,259,127,46950
SWAY_OUTPUT,260,127,46951
SWAY_OUTPUT,261,127,46952
SWAY_OUTPUT,262,124,46953
SWAY_OUTPUT,263,124,46954
SWAY_OUTPUT,264,118,46955
SWAY_OUTPUT,265,127,46956
SWAY_OUTPUT,266,-12,46957
SWAY_OUTPUT,267,9,46958
SWAY_OUTPUT,268,29,46959
SWAY_OUTPUT,269,38,46960
SWAY_OUTPUT,270,20,46961
SWAY_OUTPUT,271,14,46962
SWAY_OUTPUT,272,9,46963
SWAY_OUTPUT,273,22,46964
SWAY_OUTPUT,274,20,46965
SWAY_OUTPUT,275,19,46966
SWAY_OUTPUT,276,-12,46967
SWAY_OUTPUT,277,-32,46968
SWAY_OUTPUT,278,-57,46969
SWAY_OUTPUT,279,-60,46970
SWAY_OUTPUT,280,-10,46971
SWAY_OUTPUT,281,-27,46972
SWAY_OUTPUT,282,-50,46973
SWAY_OUTPUT,283,-53,46974
SWAY_OUTPUT,284,24,46975
SWAY_FRAME,4,46919,46975
SWAY_INPUT_FRAME,7,41017,49640
SWAY_OUTPUT,285,8,55543
SWAY_OUTPUT,286,7,55544
SWAY_OUTPUT,287,7,55545
SWAY_OUTPUT,288,7,55546
SWAY_OUTPUT,289,19,55547
SWAY_OUTPUT,290,33,55548
SWAY_OUTPUT,291,40,55549
SWAY_OUTPUT,292,-5,55550
SWAY_OUTPUT,293,-16,55551
SWAY_OUTPUT,294,-21,55552
SWAY_OUTPUT,295,13,55553
SWAY_OUTPUT,296,19,55554
SWAY_OUTPUT,297,24,55555
SWAY_OUTPUT,298,26,55556
SWAY_OUTPUT,299,3,55557
SWAY_OUTPUT,300,-2,55558
SWAY_OUTPUT,301,-4,55559
SWAY_OUTPUT,302,-6,55560
SWAY_OUTPUT,303,8,55561
SWAY_OUTPUT,304,124,55562
SWAY_OUTPUT,305,125,55563
SWAY_OUTPUT,306,124,55564
SWAY_OUTPUT,307,125,55565
SWAY_OUTPUT,308,124,55566
SWAY_OUTPUT,309,126,55567
SWAY_OUTPUT,310,122,55568
SWAY_OUTPUT,311,123,55569
SWAY_OUTPUT,312,124,55570
SWAY_OUTPUT,313,121,55571
SWAY_OUTPUT,314,122,55572
SWAY_OUTPUT,315,123,55573
SWAY_OUTPUT,316,125,55574
SWAY_OUTPUT,317,117,55575
SWAY_OUTPUT,318,122,55576
SWAY_OUTPUT,319,122,55577
SWAY_OUTPUT,320,126,55578
SWAY_OUTPUT,321,121,55579
SWAY_OUTPUT,322,125,55580
SWAY_OUTPUT,323,-10,55581
SWAY_OUTPUT,324,12,55582
SWAY_OUTPUT,325,32,55583
SWAY_OUTPUT,326,41,55584
SWAY_OUTPUT,327,24,55585
SWAY_OUTPUT,328,22,55586
SWAY_OUTPUT,329,26,55587
SWAY_OUTPUT,330,23,55588
SWAY_OUTPUT,331,18,55589
SWAY_OUTPUT,332,17,55590
SWAY_OUTPUT,333,-9,55591
SWAY_OUTPUT,334,-31,55592
SWAY_OUTPUT,335,-54,55593
SWAY_OUTPUT,336,-57,55594
SWAY_OUTPUT,337,-9,55595
SWAY_OUTPUT,338,-30,55596
SWAY_OUTPUT,339,-54,55597
SWAY_OUTPUT,340,-58,55598
SWAY_OUTPUT,341,27,55599
SWAY_FRAME,5,55543,55599
SWAY_INPUT_FRAME,8,49641,58264
SWAY_OUTPUT,342,7,64167
SWAY_OUTPUT,343,6,64168
SWAY_OUTPUT,344,5,64169
SWAY_OUTPUT,345,4,64170
SWAY_OUTPUT,346,17,64171
SWAY_OUTPUT,347,32,64172
SWAY_OUTPUT,348,42,64173
SWAY_OUTPUT,349,-7,64174
SWAY_OUTPUT,350,-20,64175
SWAY_OUTPUT,351,-29,64176
SWAY_OUTPUT,352,12,64177
SWAY_OUTPUT,353,21,64178
SWAY_OUTPUT,354,29,64179
SWAY_OUTPUT,355,32,64180
SWAY_OUTPUT,356,2,64181
SWAY_OUTPUT,357,-5,64182
SWAY_OUTPUT,358,-7,64183
SWAY_OUTPUT,359,-9,64184
SWAY_OUTPUT,360,5,64185
SWAY_OUTPUT,361,127,64186
SWAY_OUTPUT,362,127,64187
SWAY_OUTPUT,363,127,64188
SWAY_OUTPUT,364,127,64189
SWAY_OUTPUT,365,127,64190
SWAY_OUTPUT,366,127,64191
SWAY_OUTPUT,367,124,64192
SWAY_OUTPUT,368,127,64193
SWAY_OUTPUT,369,127,64194
SWAY_OUTPUT,370,126,64195
SWAY_OUTPUT,371,127,64196
SWAY_OUTPUT,372,127,64197
SWAY_OUTPUT,373,127,64198
SWAY_OUTPUT,374,123,64199
SWAY_OUTPUT,375,127,64200
SWAY_OUTPUT,376,126,64201
SWAY_OUTPUT,377,127,64202
SWAY_OUTPUT,378,123,64203
SWAY_OUTPUT,379,127,64204
SWAY_OUTPUT,380,-11,64205
SWAY_OUTPUT,381,10,64206
SWAY_OUTPUT,382,30,64207
SWAY_OUTPUT,383,39,64208
SWAY_OUTPUT,384,23,64209
SWAY_OUTPUT,385,21,64210
SWAY_OUTPUT,386,23,64211
SWAY_OUTPUT,387,22,64212
SWAY_OUTPUT,388,18,64213
SWAY_OUTPUT,389,16,64214
SWAY_OUTPUT,390,-10,64215
SWAY_OUTPUT,391,-29,64216
SWAY_OUTPUT,392,-53,64217
SWAY_OUTPUT,393,-57,64218
SWAY_OUTPUT,394,-10,64219
SWAY_OUTPUT,395,-30,64220
SWAY_OUTPUT,396,-55,64221
SWAY_OUTPUT,397,-59,64222
SWAY_OUTPUT,398,25,64223
SWAY_FRAME,6,64167,64223
SWAY_INPUT_FRAME,9,58265,66888
SWAY_OUTPUT,399,18,72791
SWAY_OUTPUT,400,19,72792
SWAY_OUTPUT,401,20,72793
SWAY_OUTPUT,402,21,72794
SWAY_OUTPUT,403,31,72795
SWAY_OUTPUT,404,41,72796
SWAY_OUTPUT,405,50,72797
SWAY_OUTPUT,406,9,72798
SWAY_OUTPUT,407,-4,72799
SWAY_OUTPUT,408,-16,72800
SWAY_OUTPUT,409,24,72801
SWAY_OUTPUT,410,27,72802
SWAY_OUTPUT,411,25,72803
SWAY_OUTPUT,412,27,72804
SWAY_OUTPUT,413,13,72805
SWAY_OUTPUT,414,5,72806
SWAY_OUTPUT,415,-4,72807
SWAY_OUTPUT,416,-7,72808
SWAY_OUTPUT,417,20,72809
SWAY_OUTPUT,418,125,72810
SWAY_OUTPUT,419,126,72811
SWAY_OUTPUT,420,124,72812
SWAY_OUTPUT,421,125,72813
SWAY_OUTPUT,422,124,72814
SWAY_OUTPUT,423,127,72815
SWAY_OUTPUT,424,124,72816
SWAY_OUTPUT,425,123,72817
SWAY_OUTPUT,426,124,72818
SWAY_OUTPUT,427,122,72819
SWAY_OUTPUT,428,124,72820
SWAY_OUTPUT,429,122,72821
SWAY_OUTPUT,430,126,72822
SWAY_OUTPUT,431,119,72823
SWAY_OUTPUT,432,124,72824
SWAY_OUTPUT,433,125,72825
SWAY_OUTPUT,434,127,72826
SWAY_OUTPUT,435,123,72827
SWAY_OUTPUT,436,125,72828
SWAY_OUTPUT,437,-15,72829
SWAY_OUTPUT,438,6,72830
SWAY_OUTPUT,439,26,72831
SWAY_OUTPUT,440,34,72832
SWAY_OUTPUT,441,17,72833
SWAY_OUTPUT,442,9,72834
SWAY_OUTPUT,443,0,72835
SWAY_OUTPUT,444,18,72836
SWAY_OUTPUT,445,12,72837
SWAY_OUTPUT,446,5,72838
SWAY_OUTPUT,447,-14,72839
SWAY_OUTPUT,448,-33,72840
SWAY_OUTPUT,449,-56,72841
SWAY_OUTPUT,450,-59,72842
SWAY_OUTPUT,451,-13,72843
SWAY_OUTPUT,452,-31,72844
SWAY_OUTPUT,453,-52,72845
SWAY_OUTPUT,454,-55,72846
SWAY_OUTPUT,455,21,72847
SWAY_FRAME,7,72791,72847
SWAY_INPUT_FRAME,10,66889,75512
SWAY_OUTPUT,456,10,81415
SWAY_OUTPUT,457,10,81416
SWAY_OUTPUT,458,10,81417
SWAY_OUTPUT,459,10,81418
SWAY_OUTPUT,460,22,81419
SWAY_OUTPUT,461,32,81420
SWAY_OUTPUT,462,36,81421
SWAY_OUTPUT,463,-2,81422
SWAY_OUTPUT,464,-16,81423
SWAY_OUTPUT,465,-23,81424
SWAY_OUTPUT,466,15,81425
SWAY_OUTPUT,467,19,81426
SWAY_OUTPUT,468,22,81427
SWAY_OUTPUT,469,24,81428
SWAY_OUTPUT,470,5,81429
SWAY_OUTPUT,471,-1,81430
SWAY_OUTPUT,472,-3,81431
SWAY_OUTPUT,473,-5,81432
SWAY_OUTPUT,474,10,81433
SWAY_OUTPUT,475,124,81434
SWAY_OUTPUT,476,124,81435
SWAY_OUTPUT,477,123,81436
SWAY_OUTPUT,478,124,81437
SWAY_OUTPUT,479,123,81438
SWAY_OUTPUT,480,125,81439
SWAY_OUTPUT,481,120,81440
SWAY_OUTPUT,482,123,81441
SWAY_OUTPUT,483,123,81442
SWAY_OUTPUT,484,121,81443
SWAY_OUTPUT,485,122,81444
SWAY_OUTPUT,486,122,81445
SWAY_OUTPUT,487,125,81446
SWAY_OUTPUT,488,117,81447
SWAY_OUTPUT,489,122,81448
SWAY_OUTPUT,490,122,81449
SWAY_OUTPUT,491,125,81450
SWAY_OUTPUT,492,120,81451
SWAY_OUTPUT,493,124,81452
SWAY_OUTPUT,494,-10,81453
SWAY_OUTPUT,495,12,81454
SWAY_OUTPUT,496,32,81455
SWAY_OUTPUT,497,41,81456
SWAY_OUTPUT,498,24,81457
SWAY_OUTPUT,499,17,81458
SWAY_OUTPUT,500,17,81459
SWAY_OUTPUT,501,24,81460
SWAY_OUTPUT,502,22,81461
SWAY_OUTPUT,503,25,81462
SWAY_OUTPUT,504,-9,81463
SWAY_OUTPUT,505,-32,81464
SWAY_OUTPUT,506,-55,81465
SWAY_OUTPUT,507,-59,81466
SWAY_OUTPUT,508,-9,81467
SWAY_OUTPUT,509,-31,81468
SWAY_OUTPUT,510,-54,81469
SWAY_OUTPUT,511,-59,81470
SWAY_OUTPUT,512,27,81471
SWAY_FRAME,8,81415,81471
SWAY_INPUT_FRAME,11,75513,84136
SWAY_OUTPUT,513,47,90039
SWAY_OUTPUT,514,49,90040
SWAY_OUTPUT,515,52,90041
SWAY_OUTPUT,516,51,90042
SWAY_OUTPUT,517,57,90043
SWAY_OUTPUT,518,52,90044
SWAY_OUTPUT,519,71,90045
SWAY_OUTPUT,520,42,90046
SWAY_OUTPUT,521,49,90047
SWAY_OUTPUT,522,7,90048
SWAY_OUTPUT,523,52,90049
SWAY_OUTPUT,524,46,90050
SWAY_OUTPUT,525,34,90051
SWAY_OUTPUT,526,36,90052
SWAY_OUTPUT,527,43,90053
SWAY_OUTPUT,528,49,90054
SWAY_OUTPUT,529,40,90055
SWAY_OUTPUT,530,40,90056
SWAY_OUTPUT,531,51,90057
SWAY_OUTPUT,532,127,90058
SWAY_OUTPUT,533,127,90059
SWAY_OUTPUT,534,127,90060
SWAY_OUTPUT,535,127,90061
SWAY_OUTPUT,536,127,90062
SWAY_OUTPUT,537,127,90063
SWAY_OUTPUT,538,127,90064
SWAY_OUTPUT,539,127,90065
SWAY_OUTPUT,540,127,90066
SWAY_OUTPUT,541,127,90067
SWAY_OUTPUT,542,127,90068
SWAY_OUTPUT,543,127,90069
SWAY_OUTPUT,544,127,90070
SWAY_OUTPUT,545,127,90071
SWAY_OUTPUT,546,127,90072
SWAY_OUTPUT,547,127,90073
SWAY_OUTPUT,548,127,90074
SWAY_OUTPUT,549,127,90075
SWAY_OUTPUT,550,127,90076
SWAY_OUTPUT,551,23,90077
SWAY_OUTPUT,552,58,90078
SWAY_OUTPUT,553,90,90079
SWAY_OUTPUT,554,104,90080
SWAY_OUTPUT,555,64,90081
SWAY_OUTPUT,556,27,90082
SWAY_OUTPUT,557,3,90083
SWAY_OUTPUT,558,69,90084
SWAY_OUTPUT,559,1,90085
SWAY_OUTPUT,560,-45,90086
SWAY_OUTPUT,561,23,90087
SWAY_OUTPUT,562,-36,90088
SWAY_OUTPUT,563,-94,90089
SWAY_OUTPUT,564,-111,90090
SWAY_OUTPUT,565,25,90091
SWAY_OUTPUT,566,-40,90092
SWAY_OUTPUT,567,-84,90093
SWAY_OUTPUT,568,-90,90094
SWAY_OUTPUT,569,81,90095
SWAY_FRAME,9,90039,90095
SWAY_INPUT_FRAME,12,84137,92760
SWAY_OUTPUT,570,0,98663
SWAY_OUTPUT,571,3,98664
SWAY_OUTPUT,572,6,98665
SWAY_OUTPUT,573,8,98666
SWAY_OUTPUT,574,20,98667
SWAY_OUTPUT,575,18,98668
SWAY_OUTPUT,576,-24,98669
SWAY_OUTPUT,577,-6,98670
SWAY_OUTPUT,578,-17,98671
SWAY_OUTPUT,579,14,98672
SWAY_OUTPUT,580,5,98673
SWAY_OUTPUT,581,-2,98674
SWAY_OUTPUT,582,-2,98675
SWAY_OUTPUT,583,-8,98676
SWAY_OUTPUT,584,-4,98677
SWAY_OUTPUT,585,-26,98678
SWAY_OUTPUT,586,-29,98679
SWAY_OUTPUT,587,-35,98680
SWAY_OUTPUT,588,5,98681
SWAY_OUTPUT,589,20,98682
SWAY_OUTPUT,590,19,98683
SWAY_OUTPUT,591,18,98684
SWAY_OUTPUT,592,17,98685
SWAY_OUTPUT,593,30,98686
SWAY_OUTPUT,594,43,98687
SWAY_OUTPUT,595,46,98688
SWAY_OUTPUT,596,17,98689
SWAY_OUTPUT,597,21,98690
SWAY_OUTPUT,598,34,98691
SWAY_OUTPUT,599,20,98692
SWAY_OUTPUT,600,21,98693
SWAY_OUTPUT,601,20,98694
SWAY_OUTPUT,602,0,98695
SWAY_OUTPUT,603,16,98696
SWAY_OUTPUT,604,4,98697
SWAY_OUTPUT,605,27,98698
SWAY_OUTPUT,606,37,98699
SWAY_OUTPUT,607,19,98700
SWAY_OUTPUT,608,-13,98701
SWAY_OUTPUT,609,5,98702
SWAY_OUTPUT,610,23,98703
SWAY_OUTPUT,611,30,98704
SWAY_OUTPUT,612,18,98705
SWAY_OUTPUT,613,13,98706
SWAY_OUTPUT,614,-7,98707
SWAY_OUTPUT,615,12,98708
SWAY_OUTPUT,616,15,98709
SWAY_OUTPUT,617,3,98710
SWAY_OUTPUT,618,-13,98711
SWAY_OUTPUT,619,-36,98712
SWAY_OUTPUT,620,-27,98713
SWAY_OUTPUT,621,-18,98714
SWAY_OUTPUT,622,-12,98715
SWAY_OUTPUT,623,-20,98716
SWAY_OUTPUT,624,-20,98717
SWAY_OUTPUT,625,-28,98718
SWAY_OUTPUT,626,19,98719
SWAY_FRAME,10,98663,98719
SWAY_INPUT_FRAME,13,92761,101384
SWAY_OUTPUT,627,13,107287
SWAY_OUTPUT,628,10,107288
SWAY_OUTPUT,629,10,107289
SWAY_OUTPUT,630,11,107290
SWAY_OUTPUT,631,15,107291
SWAY_OUTPUT,632,30,107292
SWAY_OUTPUT,633,69,107293
SWAY_OUTPUT,634,6,107294
SWAY_OUTPUT,635,4,107295
SWAY_OUTPUT,636,-10,107296
SWAY_OUTPUT,637,18,107297
SWAY_OUTPUT,638,7,107298
SWAY_OUTPUT,639,21,107299
SWAY_OUTPUT,640,29,107300
SWAY_OUTPUT,641,9,107301
SWAY_OUTPUT,642,31,107302
SWAY_OUTPUT,643,35,107303
SWAY_OUTPUT,644,36,107304
SWAY_OUTPUT,645,11,107305
SWAY_OUTPUT,646,127,107306
SWAY_OUTPUT,647,127,107307
SWAY_OUTPUT,648,127,107308
SWAY_OUTPUT,649,127,107309
SWAY_OUTPUT,650,127,107310
SWAY_OUTPUT,651,127,107311
SWAY_OUTPUT,652,127,107312
SWAY_OUTPUT,653,127,107313
SWAY_OUTPUT,654,127,107314
SWAY_OUTPUT,655,127,107315
SWAY_OUTPUT,656,127,107316
SWAY_OUTPUT,657,127,107317
SWAY_OUTPUT,658,127,107318
SWAY_OUTPUT,659,127,107319
SWAY_OUTPUT,660,127,107320
SWAY_OUTPUT,661,127,107321
SWAY_OUTPUT,662,127,107322
SWAY_OUTPUT,663,127,107323
SWAY_OUTPUT,664,127,107324
SWAY_OUTPUT,665,-30,107325
SWAY_OUTPUT,666,-12,107326
SWAY_OUTPUT,667,5,107327
SWAY_OUTPUT,668,10,107328
SWAY_OUTPUT,669,1,107329
SWAY_OUTPUT,670,6,107330
SWAY_OUTPUT,671,2,107331
SWAY_OUTPUT,672,-2,107332
SWAY_OUTPUT,673,-20,107333
SWAY_OUTPUT,674,-51,107334
SWAY_OUTPUT,675,-29,107335
SWAY_OUTPUT,676,-40,107336
SWAY_OUTPUT,677,-68,107337
SWAY_OUTPUT,678,-73,107338
SWAY_OUTPUT,679,-29,107339
SWAY_OUTPUT,680,-37,107340
SWAY_OUTPUT,681,-61,107341
SWAY_OUTPUT,682,-70,107342
SWAY_OUTPUT,683,0,107343
SWAY_FRAME,11,107287,107343
SWAY_OUTPUT,684,13,115911
SWAY_OUTPUT,685,13,115912
SWAY_OUTPUT,686,13,115913
SWAY_OUTPUT,687,13,115914
SWAY_OUTPUT,688,25,115915
SWAY_OUTPUT,689,36,115916
SWAY_OUTPUT,690,45,115917
SWAY_OUTPUT,691,2,115918
SWAY_OUTPUT,692,-6,115919
SWAY_OUTPUT,693,-12,115920
SWAY_OUTPUT,694,18,115921
SWAY_OUTPUT,695,21,115922
SWAY_OUTPUT,696,22,115923
SWAY_OUTPUT,697,23,115924
SWAY_OUTPUT,698,8,115925
SWAY_OUTPUT,699,2,115926
SWAY_OUTPUT,700,-2,115927
SWAY_OUTPUT,701,-4,115928
SWAY_OUTPUT,702,13,115929
SWAY_OUTPUT,703,126,115930
SWAY_OUTPUT,704,127,115931
SWAY_OUTPUT,705,125,115932
SWAY_OUTPUT,706,126,115933
SWAY_OUTPUT,707,126,115934
SWAY_OUTPUT,708,127,115935
SWAY_OUTPUT,709,126,115936
SWAY_OUTPUT,710,124,115937
SWAY_OUTPUT,711,124,115938
SWAY_OUTPUT,712,121,115939
SWAY_OUTPUT,713,125,115940
SWAY_OUTPUT,714,124,115941
SWAY_OUTPUT,715,127,115942
SWAY_OUTPUT,716,120,115943
SWAY_OUTPUT,717,124,115944
SWAY_OUTPUT,718,125,115945
SWAY_OUTPUT,719,127,115946
SWAY_OUTPUT,720,123,115947
SWAY_OUTPUT,721,127,115948
SWAY_OUTPUT,722,-15,115949
SWAY_OUTPUT,723,6,115950
SWAY_OUTPUT,724,25,115951
SWAY_OUTPUT,725,34,115952
SWAY_OUTPUT,726,18,115953
SWAY_OUTPUT,727,12,115954
SWAY_OUTPUT,728,7,115955
SWAY_OUTPUT,729,17,115956
SWAY_OUTPUT,730,6,115957
SWAY_OUTPUT,731,-5,115958
SWAY_OUTPUT,732,-14,115959
SWAY_OUTPUT,733,-33,115960
SWAY_OUTPUT,734,-56,115961
SWAY_OUTPUT,735,-58,115962
SWAY_OUTPUT,736,-14,115963
SWAY_OUTPUT,737,-32,115964
SWAY_OUTPUT,738,-54,115965
SWAY_OUTPUT,739,-58,115966
SWAY_OUTPUT,740,20,115967
SWAY_FRAME,12,115911,115967
SWAY_OUTPUT,741,13,124535
SWAY_OUTPUT,742,13,124536
SWAY_OUTPUT,743,13,124537
SWAY_OUTPUT,744,13,124538
SWAY_OUTPUT,745,25,124539
SWAY_OUTPUT,746,36,124540
SWAY_OUTPUT,747,45,124541
SWAY_OUTPUT,748,2,124542
SWAY_OUTPUT,749,-6,124543
SWAY_OUTPUT,750,-12,124544
SWAY_OUTPUT,751,18,124545
SWAY_OUTPUT,752,21,124546
SWAY_OUTPUT,753,22,124547
SWAY_OUTPUT,754,23,124548
SWAY_OUTPUT,755,8,124549
SWAY_OUTPUT,756,2,124550
SWAY_OUTPUT,757,-2,124551
SWAY_OUTPUT,758,-4,124552
SWAY_OUTPUT,759,13,124553
SWAY_OUTPUT,760,126,124554
SWAY_OUTPUT,761,127,124555
SWAY_OUTPUT,762,125,124556
SWAY_OUTPUT,763,126,124557
SWAY_OUTPUT,764,126,124558
SWAY_OUTPUT,765,127,124559
SWAY_OUTPUT,766,126,124560
SWAY_OUTPUT,767,124,124561
SWAY_OUTPUT,768,124,124562
SWAY_OUTPUT,769,121,124563
SWAY_OUTPUT,770,125,124564
SWAY_OUTPUT,771,124,124565
SWAY_OUTPUT,772,127,124566
SWAY_OUTPUT,773,120,124567
SWAY_OUTPUT,774,124,124568
SWAY_OUTPUT,775,125,124569
SWAY_OUTPUT,776,127,124570
SWAY_OUTPUT,777,123,124571
SWAY_OUTPUT,778,127,124572
SWAY_OUTPUT,779,-15,124573
SWAY_OUTPUT,780,6,124574
SWAY_OUTPUT,781,25,124575
SWAY_OUTPUT,782,34,124576
SWAY_OUTPUT,783,18,124577
SWAY_OUTPUT,784,12,124578
SWAY_OUTPUT,785,7,124579
SWAY_OUTPUT,786,17,124580
SWAY_OUTPUT,787,6,124581
SWAY_OUTPUT,788,-5,124582
SWAY_OUTPUT,789,-14,124583
SWAY_OUTPUT,790,-33,124584
SWAY_OUTPUT,791,-56,124585
SWAY_OUTPUT,792,-58,124586
SWAY_OUTPUT,793,-14,124587
SWAY_OUTPUT,794,-32,124588
SWAY_OUTPUT,795,-54,124589
SWAY_OUTPUT,796,-58,124590
SWAY_OUTPUT,797,20,124591
SWAY_FRAME,13,124535,124591
SWAY_PASS frames=14 outputs=798 cycles=126640 drain_cycles=2048
