blueYosys Resource Utilization Report
======================================
Project:    sway_mars
Board:      ulx3s-85f
Top module: mkTop

Yosys post-synthesis cell statistics
------------------------------------
Total cells: 87750

Cell type                               Count
---------------------------------- ----------
TRELLIS_FF                              48199
LUT4                                    31742
CCU2C                                    4540
PFUMX                                    2693
TRELLIS_DPR16X4                           501
DP16KD                                     49
L6MUX21                                    25
EHXPLLL                                     1

nextpnr post-pack device utilization
------------------------------------
Only resources with non-zero use are listed.

Resource                           Used    Available      Usage
---------------------------- ---------- ------------ ----------
DCCA                                  2           56      3.57%
DP16KD                               49          208     23.56%
EHXPLLL                               1            4     25.00%
TRELLIS_COMB                      47287        83640     56.54%
TRELLIS_FF                        48199        83640     57.63%
TRELLIS_IO                           11          365      3.01%
TRELLIS_RAMW                        501        10455      4.79%

Clock timing
------------

Clock                                                          Achieved       Target       Margin   Status
---------------------------------------------------------- ------------ ------------ ------------ --------
$glbnet$CLK_clk_25mhz$TRELLIS_IO_IN                           118.26 MHz     25.00 MHz    +93.26 MHz     PASS
$glbnet$clocks_coreReset.CLK                                   85.42 MHz     60.00 MHz    +25.42 MHz     PASS

Machine-readable source reports
-------------------------------
Yosys:   /workspace/scratch/e6420b0fda2a/sway/hw/resource-build/clock60/buffered/physical/mkTop.yosys.json
nextpnr: /workspace/scratch/e6420b0fda2a/sway/hw/resource-build/clock60/buffered/physical/mkTop.nextpnr.json
