Info: constraining clock net 'CLK_clk_25mhz' to 25.00 MHz
Warning: net 'pll_clk_100mhz' does not exist in design, ignoring clock constraint
Warning: net 'pll_clk_125mhz' does not exist in design, ignoring clock constraint

Info: Logic utilisation before packing:
Info:     Total LUT4s:     43078/83640    51%
Info:         logic LUTs:  31004/83640    37%
Info:         carry LUTs:   9068/83640    10%
Info:           RAM LUTs:   2004/10455    19%
Info:          RAMW LUTs:   1002/20910     4%

Info:      Total DFFs:     46913/83640    56%

Info: Packing IOs..
Info: pin 'led[7]$tr_io' constrained to Bel 'X0/Y41/PIOD'.
Info: pin 'led[6]$tr_io' constrained to Bel 'X0/Y38/PIOD'.
Info: pin 'led[5]$tr_io' constrained to Bel 'X0/Y44/PIOD'.
Info: pin 'led[4]$tr_io' constrained to Bel 'X0/Y38/PIOB'.
Info: pin 'led[3]$tr_io' constrained to Bel 'X0/Y38/PIOC'.
Info: pin 'led[2]$tr_io' constrained to Bel 'X0/Y38/PIOA'.
Info: pin 'led[1]$tr_io' constrained to Bel 'X0/Y35/PIOD'.
Info: pin 'led[0]$tr_io' constrained to Bel 'X0/Y35/PIOC'.
Info: pin 'ftdi_txd$tr_io' constrained to Bel 'X0/Y89/PIOB'.
Info: pin 'ftdi_rxd$tr_io' constrained to Bel 'X0/Y56/PIOC'.
Info: pin 'CLK_clk_25mhz$tr_io' constrained to Bel 'X0/Y47/PIOA'.
Info: placed PLL 'clocks_pll.pll_i' at bel 'X1/Y4/EHXPLL_UL'
Info: Packing constants..
Info: Packing carries...
Info: Packing LUTs...
Info: Packing LUT5-7s...
Info: Packing FFs...
Info:     14089 FFs paired with LUTs.
Info: Generating derived timing constraints...
Info:     Input frequency of PLL 'clocks_pll.pll_i' is constrained to 25.0 MHz
Info:     Derived frequency constraint of 125.0 MHz for net clocks_pll.clk_125mhz
Info:     Derived frequency constraint of 100.0 MHz for net clocks_coreReset.CLK
Info:     Derived frequency constraint of 25.0 MHz for net clocks_pll.clk_25mhz
Info: Promoting globals...
Info:     promoting clock net clocks_coreReset.CLK to global network
Info:     promoting clock net CLK_clk_25mhz$TRELLIS_IO_IN to global network
Info: Checksum: 0x5e34e6b6

Info: Device utilisation:
Info: 	          TRELLIS_IO:      11/    365     3%
Info: 	                DCCA:       2/     56     3%
Info: 	              DP16KD:      49/    208    23%
Info: 	          MULT18X18D:       0/    156     0%
Info: 	              ALU54B:       0/     78     0%
Info: 	             EHXPLLL:       1/      4    25%
Info: 	             EXTREFB:       0/      2     0%
Info: 	                DCUA:       0/      2     0%
Info: 	           PCSCLKDIV:       0/      2     0%
Info: 	             IOLOGIC:       0/    224     0%
Info: 	            SIOLOGIC:       0/    141     0%
Info: 	                 GSR:       0/      1     0%
Info: 	               JTAGG:       0/      1     0%
Info: 	                OSCG:       0/      1     0%
Info: 	               SEDGA:       0/      1     0%
Info: 	                 DTR:       0/      1     0%
Info: 	             USRMCLK:       0/      1     0%
Info: 	             CLKDIVF:       0/      4     0%
Info: 	           ECLKSYNCB:       0/     10     0%
Info: 	             DLLDELD:       0/      8     0%
Info: 	              DDRDLL:       0/      4     0%
Info: 	             DQSBUFM:       0/     14     0%
Info: 	     TRELLIS_ECLKBUF:       0/      8     0%
Info: 	        ECLKBRIDGECS:       0/      2     0%
Info: 	                DCSC:       0/      2     0%
Info: 	          TRELLIS_FF:   46913/  83640    56%
Info: 	        TRELLIS_COMB:   45996/  83640    54%
Info: 	        TRELLIS_RAMW:     501/  10455     4%

Info: Placed 12 cells based on constraints.
Info: Creating initial analytic placement for 62949 cells, random placement wirelen = 6418596.
Info:     at initial placer iter 0, wirelen = 10179
Info:     at initial placer iter 1, wirelen = 10139
Info:     at initial placer iter 2, wirelen = 10106
Info:     at initial placer iter 3, wirelen = 10104
Info: Running main analytical placer.
Info:     at iteration #1, type ALL: wirelen solved = 10128, spread = 1027523, legal = 1420661; time = 74.27s
Info:     at iteration #2, type ALL: wirelen solved = 84190, spread = 339682, legal = 672436; time = 32.55s
Info:     at iteration #3, type ALL: wirelen solved = 117836, spread = 279470, legal = 583308; time = 27.63s
Info:     at iteration #4, type ALL: wirelen solved = 136064, spread = 254153, legal = 574921; time = 34.11s
Info:     at iteration #5, type ALL: wirelen solved = 148679, spread = 246368, legal = 535595; time = 29.43s
Info:     at iteration #6, type ALL: wirelen solved = 157455, spread = 238945, legal = 517427; time = 27.98s
Info:     at iteration #7, type ALL: wirelen solved = 166830, spread = 239202, legal = 528265; time = 34.24s
Info:     at iteration #8, type ALL: wirelen solved = 174873, spread = 244885, legal = 511308; time = 30.28s
Info:     at iteration #9, type ALL: wirelen solved = 184173, spread = 249777, legal = 503662; time = 25.31s
Info:     at iteration #10, type ALL: wirelen solved = 195379, spread = 254868, legal = 466868; time = 23.65s
Info:     at iteration #11, type ALL: wirelen solved = 201947, spread = 256340, legal = 449752; time = 24.86s
Info:     at iteration #12, type ALL: wirelen solved = 208092, spread = 258462, legal = 445462; time = 27.59s
Info:     at iteration #13, type ALL: wirelen solved = 216769, spread = 265982, legal = 436145; time = 25.55s
Info:     at iteration #14, type ALL: wirelen solved = 228497, spread = 275815, legal = 415473; time = 13.57s
Info:     at iteration #15, type ALL: wirelen solved = 234578, spread = 275508, legal = 411827; time = 30.25s
Info:     at iteration #16, type ALL: wirelen solved = 238806, spread = 281671, legal = 395175; time = 9.85s
Info:     at iteration #17, type ALL: wirelen solved = 243277, spread = 283181, legal = 386010; time = 6.73s
Info:     at iteration #18, type ALL: wirelen solved = 247517, spread = 282672, legal = 381078; time = 6.36s
Info:     at iteration #19, type ALL: wirelen solved = 251682, spread = 287516, legal = 376569; time = 5.89s
Info:     at iteration #20, type ALL: wirelen solved = 254819, spread = 288266, legal = 377096; time = 6.49s
Info:     at iteration #21, type ALL: wirelen solved = 260135, spread = 294092, legal = 380227; time = 6.14s
Info:     at iteration #22, type ALL: wirelen solved = 265584, spread = 300222, legal = 377941; time = 5.79s
Info:     at iteration #23, type ALL: wirelen solved = 269823, spread = 303763, legal = 377665; time = 4.66s
Info:     at iteration #24, type ALL: wirelen solved = 272211, spread = 306521, legal = 376873; time = 5.26s
Info: HeAP Placer Time: 578.65s
Info:   of which solving equations: 91.43s
Info:   of which spreading cells: 24.67s
Info:   of which strict legalisation: 429.22s

Info: Running simulated annealing placer for refinement.
Info:   at iteration #1: temp = 0.000000, timing cost = 3064, wirelen = 376569
Info:   at iteration #5: temp = 0.000000, timing cost = 1861, wirelen = 340440
Info:   at iteration #10: temp = 0.000000, timing cost = 1321, wirelen = 327660
Info:   at iteration #15: temp = 0.000000, timing cost = 921, wirelen = 320606
Info:   at iteration #20: temp = 0.000000, timing cost = 1111, wirelen = 318046
Info:   at iteration #25: temp = 0.000000, timing cost = 1059, wirelen = 316661
Info:   at iteration #30: temp = 0.000000, timing cost = 1059, wirelen = 315987
Info:   at iteration #35: temp = 0.000000, timing cost = 1029, wirelen = 315513
Info:   at iteration #35: temp = 0.000000, timing cost = 1022, wirelen = 315557 
Info: SA placement time 300.81s

Info: Max frequency for clock '$glbnet$CLK_clk_25mhz$TRELLIS_IO_IN': 129.63 MHz (PASS at 25.00 MHz)
Info: Max frequency for clock        '$glbnet$clocks_coreReset.CLK': 65.54 MHz (FAIL at 100.00 MHz)

Info: Max delay <async>                                     -> posedge $glbnet$CLK_clk_25mhz$TRELLIS_IO_IN: 4.40 ns
Info: Max delay posedge $glbnet$CLK_clk_25mhz$TRELLIS_IO_IN -> <async>                                    : 11.65 ns
Info: Max delay posedge $glbnet$CLK_clk_25mhz$TRELLIS_IO_IN -> posedge $glbnet$clocks_coreReset.CLK       : 2.94 ns
Info: Max delay posedge $glbnet$clocks_coreReset.CLK        -> posedge $glbnet$CLK_clk_25mhz$TRELLIS_IO_IN: 2.94 ns

Info: Slack histogram:
Info:  legend: * represents 548 endpoint(s)
Info:          + represents [1,548) endpoint(s)
Info: [ -5257,  -3032) |+
Info: [ -3032,   -807) |*+
Info: [  -807,   1418) |*********+
Info: [  1418,   3643) |*********************************+
Info: [  3643,   5868) |******************************************************+
Info: [  5868,   8093) |************************************************************ 
Info: [  8093,  10318) |************************************+
Info: [ 10318,  12543) | 
Info: [ 12543,  14768) | 
Info: [ 14768,  16993) | 
Info: [ 16993,  19218) | 
Info: [ 19218,  21443) | 
Info: [ 21443,  23668) | 
Info: [ 23668,  25893) | 
Info: [ 25893,  28118) | 
Info: [ 28118,  30343) | 
Info: [ 30343,  32568) |+
Info: [ 32568,  34793) |+
Info: [ 34793,  37018) |+
Info: [ 37018,  39243) |+
Info: Checksum: 0x4551ee42
Info: Routing globals...
Info:     routing clock net $glbnet$CLK_clk_25mhz$TRELLIS_IO_IN using global 0
Info:     routing clock net $glbnet$clocks_coreReset.CLK using global 1

Info: Routing..
Info: Setting up routing queue.
Info: Routing 234418 arcs.
Info:            |   (re-)routed arcs  |   delta    | remaining|       time spent     |
Info:    IterCnt |  w/ripup   wo/ripup |  w/r  wo/r |      arcs| batch(sec) total(sec)|
Info:       1000 |      117        882 |  117   882 |    233612|       6.88       6.88|
Info:       2000 |      208       1791 |   91   909 |    232771|       0.71       7.59|
Info:       3000 |      290       2709 |   82   918 |    231965|       0.61       8.21|
Info:       4000 |      374       3625 |   84   916 |    231164|       0.66       8.87|
Info:       5000 |      461       4538 |   87   913 |    230383|       0.68       9.55|
Info:       6000 |      525       5474 |   64   936 |    229524|       0.66      10.22|
Info:       7000 |      595       6404 |   70   930 |    228683|       0.71      10.93|
Info:       8000 |      660       7339 |   65   935 |    227806|       0.69      11.63|
Info:       9000 |      738       8261 |   78   922 |    226989|       0.63      12.25|
Info:      10000 |      801       9198 |   63   937 |    226102|       0.66      12.91|
Info:      11000 |      892      10107 |   91   909 |    225267|       0.56      13.47|
Info:      12000 |      954      11045 |   62   938 |    224396|       0.58      14.06|
Info:      13000 |     1024      11975 |   70   930 |    223595|       0.52      14.58|
Info:      14000 |     1078      12921 |   54   946 |    222700|       0.47      15.05|
Info:      15000 |     1177      13822 |   99   901 |    221895|       0.49      15.55|
Info:      16000 |     1233      14766 |   56   944 |    221060|       0.62      16.17|
Info:      17000 |     1305      15694 |   72   928 |    220189|       0.52      16.69|
Info:      18000 |     1371      16628 |   66   934 |    219283|       0.60      17.29|
Info:      19000 |     1432      17567 |   61   939 |    218530|       0.53      17.82|
Info:      20000 |     1507      18492 |   75   925 |    217691|       0.60      18.42|
Info:      21000 |     1574      19425 |   67   933 |    216808|       0.53      18.95|
Info:      22000 |     1661      20338 |   87   913 |    215999|       0.53      19.48|
Info:      23000 |     1736      21263 |   75   925 |    215092|       0.53      20.01|
Info:      24000 |     1822      22177 |   86   914 |    214267|       0.49      20.50|
Info:      25000 |     1921      23078 |   99   901 |    213607|       0.64      21.14|
Info:      26000 |     2002      23997 |   81   919 |    212711|       0.67      21.81|
Info:      27000 |     2075      24924 |   73   927 |    211817|       0.54      22.35|
Info:      28000 |     2151      25848 |   76   924 |    210962|       0.57      22.93|
Info:      29000 |     2234      26765 |   83   917 |    210096|       0.58      23.51|
Info:      30000 |     2284      27715 |   50   950 |    209171|       0.77      24.28|
Info:      31000 |     2369      28630 |   85   915 |    208321|       0.68      24.96|
Info:      32000 |     2442      29557 |   73   927 |    207493|       0.71      25.66|
Info:      33000 |     2509      30490 |   67   933 |    206593|       0.64      26.30|
Info:      34000 |     2577      31422 |   68   932 |    205724|       0.78      27.08|
Info:      35000 |     2674      32325 |   97   903 |    204870|       0.79      27.86|
Info:      36000 |     2735      33264 |   61   939 |    203944|       0.56      28.42|
Info:      37000 |     2823      34176 |   88   912 |    203059|       0.51      28.94|
Info:      38000 |     2883      35116 |   60   940 |    202185|       0.75      29.69|
Info:      39000 |     2958      36041 |   75   925 |    201302|       0.70      30.39|
Info:      40000 |     3033      36966 |   75   925 |    200414|       0.67      31.06|
Info:      41000 |     3119      37880 |   86   914 |    199526|       0.64      31.70|
Info:      42000 |     3222      38777 |  103   897 |    198715|       0.79      32.49|
Info:      43000 |     3298      39701 |   76   924 |    197821|       0.72      33.20|
Info:      44000 |     3396      40603 |   98   902 |    197059|       0.61      33.81|
Info:      45000 |     3481      41518 |   85   915 |    196173|       0.75      34.57|
Info:      46000 |     3551      42448 |   70   930 |    195252|       0.67      35.24|
Info:      47000 |     3625      43374 |   74   926 |    194346|       0.63      35.86|
Info:      48000 |     3717      44282 |   92   908 |    193506|       0.68      36.55|
Info:      49000 |     3793      45206 |   76   924 |    192602|       0.72      37.26|
Info:      50000 |     3865      46134 |   72   928 |    191704|       0.63      37.89|
Info:      51000 |     3953      47046 |   88   912 |    190814|       0.72      38.61|
Info:      52000 |     4028      47971 |   75   925 |    189908|       0.72      39.34|
Info:      53000 |     4107      48892 |   79   921 |    188994|       0.65      39.99|
Info:      54000 |     4177      49822 |   70   930 |    188096|       0.64      40.63|
Info:      55000 |     4263      50736 |   86   914 |    187202|       0.65      41.27|
Info:      56000 |     4344      51655 |   81   919 |    186301|       0.74      42.02|
Info:      57000 |     4429      52570 |   85   915 |    185409|       0.72      42.74|
Info:      58000 |     4514      53485 |   85   915 |    184508|       0.71      43.44|
Info:      59000 |     4609      54390 |   95   905 |    183653|       0.77      44.21|
Info:      60000 |     4764      55235 |  155   845 |    183092|       0.78      45.00|
Info:      61000 |     4875      56124 |  111   889 |    182446|       0.91      45.91|
Info:      62000 |     4961      57038 |   86   914 |    181604|       0.91      46.82|
Info:      63000 |     5047      57952 |   86   914 |    180724|       1.03      47.85|
Info:      64000 |     5146      58853 |   99   901 |    179901|       0.87      48.72|
Info:      65000 |     5219      59780 |   73   927 |    178997|       0.78      49.50|
Info:      66000 |     5329      60670 |  110   890 |    178209|       0.70      50.21|
Info:      67000 |     5421      61578 |   92   908 |    177356|       0.79      51.00|
Info:      68000 |     5562      62437 |  141   859 |    176702|       0.75      51.74|
Info:      69000 |     5642      63357 |   80   920 |    175805|       0.80      52.54|
Info:      70000 |     5718      64281 |   76   924 |    175169|       0.92      53.46|
Info:      71000 |     5833      65166 |  115   885 |    174497|       0.65      54.11|
Info:      72000 |     5932      66067 |   99   901 |    173615|       0.73      54.84|
Info:      73000 |     6040      66959 |  108   892 |    172785|       0.76      55.61|
Info:      74000 |     6152      67847 |  112   888 |    171910|       1.13      56.74|
Info:      75000 |     6265      68734 |  113   887 |    171090|       1.02      57.76|
Info:      76000 |     6342      69657 |   77   923 |    170219|       0.87      58.63|
Info:      77000 |     6428      70571 |   86   914 |    169355|       0.79      59.42|
Info:      78000 |     6544      71455 |  116   884 |    168491|       0.75      60.17|
Info:      79000 |     6631      72368 |   87   913 |    167625|       1.02      61.18|
Info:      80000 |     6751      73248 |  120   880 |    166778|       0.82      62.00|
Info:      81000 |     6843      74156 |   92   908 |    166079|       0.69      62.69|
Info:      82000 |     6978      75021 |  135   865 |    165306|       0.88      63.57|
Info:      83000 |     7087      75912 |  109   891 |    164443|       0.78      64.35|
Info:      84000 |     7209      76790 |  122   878 |    163704|       0.89      65.24|
Info:      85000 |     7325      77674 |  116   884 |    162847|       0.82      66.06|
Info:      86000 |     7417      78568 |   92   894 |    161949|       0.72      66.78|
Info:      87000 |     7517      79467 |  100   899 |    161068|       0.84      67.62|
Info:      88000 |     7633      80351 |  116   884 |    160317|       0.84      68.46|
Info:      89000 |     7724      81260 |   91   909 |    159420|       0.99      69.45|
Info:      90000 |     7841      82143 |  117   883 |    158550|       0.86      70.31|
Info:      91000 |     7969      83015 |  128   872 |    157767|       0.86      71.17|
Info:      92000 |     8058      83926 |   89   911 |    156884|       0.66      71.83|
Info:      93000 |     8180      84804 |  122   878 |    156028|       0.81      72.64|
Info:      94000 |     8294      85690 |  114   886 |    155266|       1.19      73.83|
Info:      95000 |     8444      86539 |  150   849 |    154486|       0.85      74.68|
Info:      96000 |     8557      87426 |  113   887 |    153616|       0.85      75.53|
Info:      97000 |     8656      88327 |   99   901 |    152772|       1.06      76.59|
Info:      98000 |     8831      89152 |  175   825 |    152138|       0.81      77.40|
Info:      99000 |     8964      90019 |  133   867 |    151330|       0.94      78.34|
Info:     100000 |     9068      90914 |  104   895 |    150544|       1.42      79.76|
Info:     101000 |     9223      91759 |  155   845 |    149790|       0.99      80.75|
Info:     102000 |     9348      92634 |  125   875 |    148988|       0.77      81.52|
Info:     103000 |     9489      93493 |  141   859 |    148197|       0.93      82.44|
Info:     104000 |     9598      94384 |  109   891 |    147399|       0.83      83.27|
Info:     105000 |     9725      95257 |  127   873 |    146569|       0.96      84.23|
Info:     106000 |     9840      96142 |  115   885 |    145762|       1.17      85.39|
Info:     107000 |     9975      97007 |  135   865 |    144913|       0.81      86.20|
Info:     108000 |    10104      97878 |  129   871 |    144167|       0.89      87.09|
Info:     109000 |    10243      98739 |  139   861 |    143346|       0.91      88.00|
Info:     110000 |    10348      99634 |  105   895 |    142471|       0.89      88.89|
Info:     111000 |    10479     100498 |  131   864 |    141732|       0.93      89.82|
Info:     112000 |    10627     101347 |  148   849 |    140959|       1.12      90.94|
Info:     113000 |    10743     102230 |  116   883 |    140214|       1.14      92.08|
Info:     114000 |    10878     103086 |  135   856 |    139362|       0.78      92.86|
Info:     115000 |    11083     103880 |  205   794 |    139018|       0.90      93.76|
Info:     116000 |    11231     104729 |  148   849 |    138330|       0.89      94.65|
Info:     117000 |    11377     105577 |  146   848 |    137533|       0.80      95.45|
Info:     118000 |    11501     106448 |  124   871 |    136713|       0.73      96.18|
Info:     119000 |    11684     107261 |  183   813 |    135938|       0.82      97.00|
Info:     120000 |    11819     108126 |  135   865 |    135152|       1.20      98.21|
Info:     121000 |    11971     108965 |  152   839 |    134365|       1.07      99.28|
Info:     122000 |    12119     109816 |  148   851 |    133535|       0.83     100.11|
Info:     123000 |    12309     110621 |  190   805 |    132802|       0.92     101.03|
Info:     124000 |    12472     111456 |  163   835 |    132069|       1.10     102.13|
Info:     125000 |    12623     112295 |  151   839 |    131308|       0.98     103.11|
Info:     126000 |    12771     113138 |  148   843 |    130489|       0.91     104.02|
Info:     127000 |    12932     113970 |  161   832 |    129715|       1.11     105.13|
Info:     128000 |    13097     114792 |  165   822 |    128997|       1.43     106.56|
Info:     129000 |    13244     115627 |  147   835 |    128269|       1.27     107.83|
Info:     130000 |    13458     116413 |  214   786 |    127747|       1.17     109.00|
Info:     131000 |    13638     117218 |  180   805 |    127042|       1.18     110.19|
Info:     132000 |    13818     118021 |  180   803 |    126253|       1.00     111.19|
Info:     133000 |    14011     118821 |  193   800 |    125708|       0.90     112.09|
Info:     134000 |    14185     119637 |  174   816 |    125048|       0.95     113.04|
Info:     135000 |    14325     120476 |  140   839 |    124211|       1.02     114.06|
Info:     136000 |    14498     121287 |  173   811 |    123436|       1.24     115.30|
Info:     137000 |    14655     122111 |  157   824 |    122641|       1.27     116.57|
Info:     138000 |    14811     122949 |  156   838 |    121918|       1.45     118.03|
Info:     139000 |    14994     123727 |  183   778 |    121135|       1.03     119.05|
Info:     140000 |    15171     124530 |  177   803 |    120388|       1.14     120.19|
Info:     141000 |    15368     125306 |  197   776 |    119661|       0.90     121.09|
Info:     142000 |    15535     126120 |  167   814 |    118980|       1.04     122.14|
Info:     143000 |    15748     126891 |  213   771 |    118342|       1.05     123.19|
Info:     144000 |    15898     127708 |  150   817 |    117527|       1.01     124.20|
Info:     145000 |    16076     128511 |  178   803 |    116797|       0.92     125.12|
Info:     146000 |    16262     129271 |  186   760 |    116012|       0.83     125.96|
Info:     147000 |    16414     130112 |  152   841 |    115355|       1.61     127.56|
Info:     148000 |    16610     130903 |  196   791 |    114828|       1.33     128.90|
Info:     149000 |    16784     131689 |  174   786 |    114053|       0.84     129.74|
Info:     150000 |    16982     132458 |  198   769 |    113314|       1.28     131.02|
Info:     151000 |    17208     133174 |  226   716 |    112645|       0.93     131.95|
Info:     152000 |    17420     133931 |  212   757 |    111890|       1.01     132.96|
Info:     153000 |    17606     134693 |  186   762 |    111103|       0.82     133.78|
Info:     154000 |    17791     135473 |  185   780 |    110338|       1.10     134.89|
Info:     155000 |    17980     136233 |  189   760 |    109637|       0.93     135.81|
Info:     156000 |    18190     136983 |  210   750 |    108896|       1.03     136.85|
Info:     157000 |    18385     137760 |  195   777 |    108116|       1.12     137.96|
Info:     158000 |    18604     138530 |  219   770 |    107514|       1.67     139.63|
Info:     159000 |    18870     139230 |  266   700 |    107117|       1.12     140.75|
Info:     160000 |    19074     139967 |  204   737 |    106357|       0.83     141.58|
Info:     161000 |    19277     140705 |  203   738 |    105599|       1.02     142.60|
Info:     162000 |    19496     141445 |  219   740 |    104841|       0.95     143.55|
Info:     163000 |    19702     142195 |  206   750 |    104102|       1.08     144.63|
Info:     164000 |    19932     142918 |  230   723 |    103392|       0.80     145.44|
Info:     165000 |    20177     143626 |  245   708 |    102767|       1.19     146.62|
Info:     166000 |    20384     144395 |  207   769 |    102042|       1.03     147.66|
Info:     167000 |    20605     145114 |  221   719 |    101350|       1.01     148.66|
Info:     168000 |    20785     145862 |  180   748 |    100566|       1.03     149.69|
Info:     169000 |    21009     146587 |  224   725 |     99825|       1.15     150.84|
Info:     170000 |    21176     147420 |  167   833 |     99144|       1.92     152.77|
Info:     171000 |    21342     148212 |  166   792 |     98364|       1.54     154.30|
Info:     172000 |    21578     148893 |  236   681 |     97623|       1.09     155.39|
Info:     173000 |    21792     149659 |  214   766 |     96912|       1.27     156.66|
Info:     174000 |    22011     150354 |  219   695 |     96148|       0.95     157.61|
Info:     175000 |    22278     151039 |  267   685 |     95507|       1.02     158.63|
Info:     176000 |    22506     151784 |  228   745 |     94758|       1.01     159.65|
Info:     177000 |    22719     152518 |  213   734 |     94148|       1.32     160.97|
Info:     178000 |    22952     153225 |  233   707 |     93419|       1.14     162.11|
Info:     179000 |    23177     153989 |  225   764 |     92791|       1.28     163.39|
Info:     180000 |    23340     154755 |  163   766 |     91978|       1.08     164.47|
Info:     181000 |    23563     155448 |  223   693 |     91212|       1.00     165.47|
Info:     182000 |    23784     156195 |  221   747 |     90516|       1.46     166.93|
Info:     183000 |    24038     156930 |  254   735 |     89914|       1.52     168.45|
Info:     184000 |    24213     157681 |  175   751 |     89126|       1.00     169.46|
Info:     185000 |    24452     158352 |  239   671 |     88395|       0.99     170.45|
Info:     186000 |    24713     159063 |  261   711 |     87852|       1.24     171.69|
Info:     187000 |    24911     159783 |  198   720 |     87090|       0.95     172.64|
Info:     188000 |    25128     160502 |  217   719 |     86334|       0.94     173.58|
Info:     189000 |    25364     161215 |  236   713 |     85626|       1.03     174.60|
Info:     190000 |    25546     161971 |  182   756 |     84851|       1.02     175.63|
Info:     191000 |    25805     162653 |  259   682 |     84152|       1.25     176.88|
Info:     192000 |    26013     163423 |  208   770 |     83473|       1.07     177.95|
Info:     193000 |    26206     164169 |  193   746 |     82693|       0.95     178.90|
Info:     194000 |    26453     164902 |  247   733 |     82012|       1.90     180.80|
Info:     195000 |    26655     165698 |  202   796 |     81310|       2.22     183.02|
Info:     196000 |    26869     166454 |  214   756 |     80669|       1.80     184.82|
Info:     197000 |    27066     167176 |  197   722 |     79891|       1.00     185.82|
Info:     198000 |    27258     167878 |  192   702 |     79113|       0.86     186.68|
Info:     199000 |    27448     168616 |  190   738 |     78325|       1.08     187.76|
Info:     200000 |    27662     169325 |  214   709 |     77588|       1.05     188.80|
Info:     201000 |    27885     169993 |  223   668 |     76925|       1.30     190.10|
Info:     202000 |    28131     170745 |  246   752 |     76254|       1.14     191.24|
Info:     203000 |    28303     171510 |  172   765 |     75527|       1.18     192.41|
Info:     204000 |    28513     172238 |  210   728 |     74812|       1.10     193.51|
Info:     205000 |    28744     172982 |  231   744 |     74127|       1.18     194.69|
Info:     206000 |    28955     173720 |  211   738 |     73497|       1.20     195.89|
Info:     207000 |    29230     174413 |  275   693 |     73061|       1.32     197.21|
Info:     208000 |    29405     175158 |  175   745 |     72266|       1.23     198.44|
Info:     209000 |    29632     175865 |  227   707 |     71568|       1.36     199.80|
Info:     210000 |    29847     176604 |  215   739 |     70870|       1.10     200.91|
Info:     211000 |    30072     177275 |  225   671 |     70189|       1.29     202.20|
Info:     212000 |    30267     178028 |  195   753 |     69541|       1.12     203.32|
Info:     213000 |    30460     178738 |  193   710 |     68792|       0.95     204.27|
Info:     214000 |    30726     179368 |  266   630 |     68186|       1.18     205.45|
Info:     215000 |    30968     180116 |  242   748 |     67621|       1.80     207.26|
Info:     216000 |    31246     180838 |  278   722 |     67080|       2.50     209.76|
Info:     217000 |    31590     181494 |  344   656 |     66627|       2.44     212.19|
Info:     218000 |    31815     182221 |  225   727 |     65976|       2.17     214.37|
Info:     219000 |    32052     182965 |  237   744 |     65306|       1.42     215.79|
Info:     220000 |    32298     183640 |  246   675 |     64807|       1.32     217.11|
Info:     221000 |    32557     184316 |  259   676 |     64278|       1.46     218.57|
Info:     222000 |    32771     185036 |  214   720 |     63542|       0.99     219.56|
Info:     223000 |    33067     185690 |  296   654 |     62934|       1.68     221.25|
Info:     224000 |    33281     186410 |  214   720 |     62257|       1.32     222.57|
Info:     225000 |    33474     187177 |  193   767 |     61513|       1.51     224.08|
Info:     226000 |    33709     187877 |  235   700 |     60813|       1.44     225.52|
Info:     227000 |    33874     188645 |  165   768 |     60004|       1.18     226.70|
Info:     228000 |    34061     189374 |  187   729 |     59264|       1.16     227.87|
Info:     229000 |    34242     190136 |  181   762 |     58568|       1.13     228.99|
Info:     230000 |    34424     190922 |  182   786 |     57796|       1.27     230.26|
Info:     231000 |    34601     191703 |  177   781 |     57058|       1.32     231.59|
Info:     232000 |    34799     192460 |  198   757 |     56375|       1.54     233.13|
Info:     233000 |    34995     193203 |  196   743 |     55644|       1.46     234.58|
Info:     234000 |    35360     193838 |  365   635 |     55215|       2.87     237.45|
Info:     235000 |    35679     194519 |  319   681 |     54750|       2.96     240.41|
Info:     236000 |    36080     195118 |  401   599 |     54532|       3.00     243.41|
Info:     237000 |    36436     195762 |  356   644 |     54167|       2.19     245.61|
Info:     238000 |    36819     196379 |  383   617 |     53686|       2.62     248.22|
Info:     239000 |    37143     197036 |  324   657 |     53253|       2.27     250.49|
Info:     240000 |    37403     197755 |  260   719 |     52673|       1.37     251.86|
Info:     241000 |    37599     198528 |  196   773 |     51922|       1.33     253.19|
Info:     242000 |    37858     199253 |  259   725 |     51548|       1.38     254.57|
Info:     243000 |    38084     200002 |  226   749 |     50826|       1.23     255.81|
Info:     244000 |    38438     200626 |  354   624 |     50427|       1.98     257.79|
Info:     245000 |    38626     201367 |  188   741 |     49682|       1.10     258.90|
Info:     246000 |    38873     202090 |  247   723 |     49038|       1.43     260.33|
Info:     247000 |    39046     202893 |  173   803 |     48248|       1.20     261.53|
Info:     248000 |    39393     203525 |  347   632 |     47750|       1.68     263.21|
Info:     249000 |    39787     204097 |  394   572 |     47370|       1.83     265.04|
Info:     250000 |    40009     204845 |  222   748 |     46761|       1.29     266.33|
Info:     251000 |    40218     205589 |  209   744 |     46017|       1.22     267.55|
Info:     252000 |    40411     206349 |  193   760 |     45291|       1.28     268.82|
Info:     253000 |    40673     207041 |  262   692 |     44780|       1.63     270.46|
Info:     254000 |    40936     207760 |  263   719 |     44145|       1.76     272.21|
Info:     255000 |    41144     208498 |  208   738 |     43400|       1.32     273.54|
Info:     256000 |    41548     209086 |  404   588 |     43063|       1.90     275.43|
Info:     257000 |    41910     209703 |  362   617 |     42628|       1.89     277.32|
Info:     258000 |    42328     210285 |  418   582 |     42270|       2.45     279.78|
Info:     259000 |    42690     210923 |  362   638 |     41919|       2.61     282.39|
Info:     260000 |    43099     211514 |  409   591 |     41660|       2.38     284.77|
Info:     261000 |    43503     212110 |  404   596 |     41361|       2.55     287.32|
Info:     262000 |    43918     212695 |  415   585 |     40989|       2.23     289.55|
Info:     263000 |    44368     213245 |  450   550 |     40719|       2.48     292.02|
Info:     264000 |    44820     213793 |  452   548 |     40486|       2.76     294.78|
Info:     265000 |    45241     214372 |  421   579 |     40139|       2.49     297.26|
Info:     266000 |    45606     215003 |  365   631 |     39808|       2.05     299.31|
Info:     267000 |    45733     215785 |  127   782 |     38980|       1.20     300.51|
Info:     268000 |    45962     216474 |  229   689 |     38336|       1.43     301.94|
Info:     269000 |    46142     217203 |  180   729 |     37566|       1.24     303.18|
Info:     270000 |    46257     217863 |  115   660 |     36692|       0.95     304.13|
Info:     271000 |    46561     218490 |  304   627 |     36174|       1.61     305.75|
Info:     272000 |    46709     219279 |  148   789 |     35444|       1.14     306.88|
Info:     273000 |    46960     220024 |  251   745 |     34764|       1.39     308.28|
Info:     274000 |    47119     220772 |  159   748 |     33967|       1.11     309.39|
Info:     275000 |    47431     221409 |  312   637 |     33345|       1.93     311.32|
Info:     276000 |    47618     222162 |  187   753 |     32615|       1.27     312.59|
Info:     277000 |    47993     222786 |  375   624 |     32281|       2.18     314.77|
Info:     278000 |    48280     223482 |  287   696 |     31781|       1.67     316.44|
Info:     279000 |    48648     224079 |  368   597 |     31431|       2.20     318.64|
Info:     280000 |    49053     224674 |  405   595 |     31052|       2.69     321.33|
Info:     281000 |    49478     225249 |  425   575 |     30736|       2.97     324.30|
Info:     282000 |    49924     225803 |  446   554 |     30436|       3.18     327.48|
Info:     283000 |    50419     226308 |  495   505 |     30277|       2.90     330.38|
Info:     284000 |    50866     226861 |  447   553 |     30038|       2.67     333.05|
Info:     285000 |    51343     227384 |  477   523 |     29750|       2.26     335.31|
Info:     286000 |    51810     227917 |  467   533 |     29579|       2.17     337.47|
Info:     287000 |    52233     228494 |  423   577 |     29339|       2.65     340.12|
Info:     288000 |    52670     229057 |  437   563 |     29114|       2.66     342.78|
Info:     289000 |    53130     229597 |  460   540 |     28816|       2.41     345.20|
Info:     290000 |    53595     230132 |  465   535 |     28543|       2.10     347.30|
Info:     291000 |    54101     230626 |  506   494 |     28359|       2.38     349.67|
Info:     292000 |    54568     231159 |  467   533 |     28143|       2.40     352.07|
Info:     293000 |    54956     231771 |  388   612 |     27663|       1.86     353.93|
Info:     294000 |    55295     232408 |  339   637 |     27181|       1.52     355.45|
Info:     295000 |    55602     233100 |  307   692 |     26611|       1.53     356.98|
Info:     296000 |    55888     233812 |  286   712 |     25981|       1.37     358.35|
Info:     297000 |    56219     234479 |  331   667 |     25420|       1.42     359.78|
Info:     298000 |    56578     235120 |  359   641 |     24965|       1.74     361.52|
Info:     299000 |    56817     235881 |  239   761 |     24257|       1.30     362.82|
Info:     300000 |    57067     236631 |  250   750 |     23573|       1.32     364.14|
Info:     301000 |    57289     237409 |  222   778 |     22845|       1.47     365.61|
Info:     302000 |    57638     238060 |  349   651 |     22396|       1.81     367.42|
Info:     303000 |    58117     238581 |  479   521 |     22112|       2.95     370.37|
Info:     304000 |    58607     239091 |  490   510 |     21857|       2.63     373.00|
Info:     305000 |    59027     239671 |  420   580 |     21490|       2.36     375.36|
Info:     306000 |    59489     240209 |  462   538 |     21176|       2.79     378.15|
Info:     307000 |    59928     240770 |  439   561 |     20879|       2.82     380.96|
Info:     308000 |    60389     241309 |  461   539 |     20569|       3.08     384.04|
Info:     309000 |    60883     241815 |  494   506 |     20260|       2.74     386.79|
Info:     310000 |    61350     242348 |  467   533 |     19953|       2.77     389.56|
Info:     311000 |    61848     242850 |  498   502 |     19709|       2.72     392.28|
Info:     312000 |    62335     243363 |  487   513 |     19408|       2.65     394.92|
Info:     313000 |    62826     243872 |  491   509 |     19171|       3.25     398.17|
Info:     314000 |    63327     244371 |  501   499 |     19005|       3.19     401.37|
Info:     315000 |    63820     244878 |  493   507 |     18779|       2.95     404.32|
Info:     316000 |    64343     245355 |  523   477 |     18704|       2.67     406.99|
Info:     317000 |    64777     245921 |  434   566 |     18339|       2.47     409.45|
Info:     318000 |    64926     246772 |  149   851 |     17547|       1.15     410.61|
Info:     319000 |    65037     247661 |  111   889 |     16703|       0.93     411.53|
Info:     320000 |    65475     248223 |  438   562 |     16380|       2.12     413.65|
Info:     321000 |    65936     248762 |  461   539 |     16081|       1.90     415.55|
Info:     322000 |    66401     249297 |  465   535 |     15918|       2.11     417.66|
Info:     323000 |    66823     249875 |  422   578 |     15584|       2.42     420.08|
Info:     324000 |    67291     250407 |  468   532 |     15287|       2.24     422.32|
Info:     325000 |    67725     250973 |  434   566 |     15151|       2.44     424.76|
Info:     326000 |    68134     251564 |  409   591 |     14744|       1.94     426.70|
Info:     327000 |    68574     252124 |  440   560 |     14394|       2.01     428.70|
Info:     328000 |    69001     252697 |  427   573 |     13969|       2.06     430.77|
Info:     329000 |    69494     253204 |  493   507 |     13626|       2.00     432.76|
Info:     330000 |    69968     253730 |  474   526 |     13463|       2.13     434.89|
Info:     331000 |    70389     254309 |  421   579 |     13249|       1.88     436.77|
Info:     332000 |    70578     255120 |  189   811 |     12503|       1.42     438.19|
Info:     333000 |    70785     255817 |  207   697 |     11812|       1.83     440.02|
Info:     334000 |    71145     256401 |  360   584 |     11382|       2.97     442.99|
Info:     335000 |    71394     257072 |  249   671 |     10920|       2.18     445.17|
Info:     336000 |    71554     257810 |  160   738 |     10162|       1.76     446.93|
Info:     337000 |    71781     258483 |  227   673 |      9561|       1.75     448.68|
Info:     338000 |    71903     259235 |  122   752 |      8726|       1.68     450.35|
Info:     339000 |    72031     259994 |  128   759 |      7936|       1.71     452.06|
Info:     340000 |    72396     260575 |  365   581 |      7555|       2.43     454.49|
Info:     341000 |    72639     261253 |  243   678 |      7030|       1.98     456.47|
Info:     342000 |    72833     261953 |  194   700 |      6369|       1.89     458.36|
Info:     343000 |    73003     262678 |  170   725 |      5649|       1.69     460.05|
Info:     344000 |    73126     263453 |  123   775 |      4837|       1.77     461.83|
Info:     345000 |    73308     264162 |  182   709 |      4123|       1.92     463.75|
Info:     346000 |    73516     264856 |  208   694 |      3499|       2.39     466.14|
Info:     347000 |    73711     265571 |  195   715 |      2823|       2.00     468.14|
Info:     348000 |    73936     266260 |  225   689 |      2181|       2.81     470.95|
Info:     349000 |    74186     266934 |  250   674 |      1759|       2.79     473.74|
Info:     350000 |    74493     267568 |  307   634 |      1350|       2.77     476.51|
Info:     351000 |    74887     268135 |  394   567 |      1023|       2.29     478.80|
Info:     352000 |    75037     268879 |  150   744 |       239|       1.82     480.62|
Info:     59 arcs ripped up due to negative slack WNS=-0.63ns TNS=-14.50ns.
Info:       1000 |    75708     269515 |  671   636 |       788|       4.12     484.73|
Info:       2000 |    76350     269873 |  642   358 |      1410|       1.84     486.57|
Info:       3000 |    76985     270238 |  635   365 |      2080|       1.87     488.45|
Info:       4000 |    77573     270650 |  588   412 |      2749|       1.84     490.29|
Info:       5000 |    78097     271126 |  524   476 |      2926|       1.84     492.13|
Info:       6000 |    78616     271607 |  519   481 |      3268|       1.97     494.09|
Info:       7000 |    79150     272073 |  534   466 |      3503|       1.82     495.92|
Info:       8000 |    79604     272619 |  454   546 |      3623|       1.52     497.43|
Info:       9000 |    80132     273091 |  528   472 |      3722|       1.57     499.00|
Info:      10000 |    80597     273626 |  465   535 |      3866|       1.85     500.85|
Info:      11000 |    81088     274135 |  491   509 |      3790|       2.15     503.00|
Info:      12000 |    81616     274607 |  528   472 |      3922|       2.21     505.21|
Info:      13000 |    82134     275089 |  518   482 |      3948|       2.35     507.56|
Info:      14000 |    82682     275541 |  548   452 |      4125|       2.26     509.82|
Info:      15000 |    83203     276020 |  521   479 |      4270|       2.40     512.22|
Info:      16000 |    83773     276450 |  570   430 |      4660|       2.27     514.49|
Info:      17000 |    84251     276972 |  478   522 |      4678|       1.89     516.38|
Info:      18000 |    84719     277504 |  468   532 |      4837|       1.73     518.10|
Info:      19000 |    85253     277970 |  534   466 |      4799|       1.98     520.09|
Info:      20000 |    85758     278465 |  505   495 |      4733|       1.97     522.06|
Info:      21000 |    86309     278914 |  551   449 |      4670|       1.94     524.00|
Info:      22000 |    86842     279379 |  533   465 |      4569|       1.94     525.94|
Info:      23000 |    87417     279804 |  575   425 |      4421|       1.82     527.76|
Info:      24000 |    87964     280257 |  547   453 |      4421|       2.03     529.79|
Info:      25000 |    88542     280679 |  578   422 |      4487|       1.94     531.73|
Info:      26000 |    89136     281085 |  594   406 |      4507|       1.89     533.61|
Info:      27000 |    89646     281575 |  510   490 |      4496|       1.76     535.38|
Info:      28000 |    90194     282027 |  548   452 |      4422|       1.91     537.29|
Info:      29000 |    90780     282441 |  586   414 |      4295|       1.74     539.03|
Info:      30000 |    91332     282889 |  552   448 |      4240|       2.02     541.06|
Info:      31000 |    91949     283272 |  617   383 |      4124|       2.36     543.41|
Info:      32000 |    92403     283818 |  454   546 |      4078|       2.04     545.45|
Info:      33000 |    93007     284214 |  604   396 |      4066|       2.01     547.46|
Info:      34000 |    93660     284561 |  653   347 |      4091|       2.15     549.61|
Info:      35000 |    94242     284979 |  582   418 |      4053|       2.09     551.70|
Info:      36000 |    94795     285426 |  553   447 |      3983|       1.80     553.49|
Info:      37000 |    95273     285948 |  478   522 |      3913|       1.70     555.20|
Info:      38000 |    95839     286382 |  566   434 |      3872|       2.31     557.50|
Info:      39000 |    96458     286763 |  619   381 |      3845|       2.02     559.52|
Info:      40000 |    96976     287245 |  518   482 |      4004|       1.57     561.10|
Info:      41000 |    97556     287665 |  580   420 |      3996|       1.95     563.04|
Info:      42000 |    98133     288088 |  577   423 |      3965|       2.15     565.19|
Info:      43000 |    98588     288633 |  455   545 |      3908|       1.93     567.12|
Info:      44000 |    99181     289040 |  593   407 |      3743|       2.15     569.27|
Info:      45000 |    99792     289429 |  611   389 |      3712|       2.16     571.44|
Info:      46000 |   100360     289861 |  568   432 |      3668|       1.97     573.41|
Info:      47000 |   100893     290328 |  533   467 |      3618|       2.31     575.71|
Info:      48000 |   101439     290782 |  546   454 |      3660|       1.89     577.60|
Info:      49000 |   101990     291231 |  551   449 |      3583|       2.52     580.12|
Info:      50000 |   102619     291602 |  629   371 |      3525|       2.34     582.46|
Info:      51000 |   103173     292048 |  554   446 |      3541|       2.60     585.06|
Info:      52000 |   103662     292559 |  489   511 |      3677|       2.08     587.13|
Info:      53000 |   104191     293030 |  529   471 |      3518|       2.24     589.37|
Info:      54000 |   104805     293416 |  614   386 |      3432|       2.91     592.28|
Info:      55000 |   105370     293851 |  565   435 |      3559|       2.34     594.62|
Info:      56000 |   105977     294244 |  607   393 |      3567|       2.00     596.62|
Info:      57000 |   106533     294688 |  556   444 |      3456|       2.17     598.79|
Info:      58000 |   107124     295097 |  591   409 |      3417|       2.53     601.32|
Info:      59000 |   107670     295551 |  546   454 |      3344|       2.28     603.60|
Info:      60000 |   108252     295969 |  582   418 |      3204|       2.93     606.53|
Info:      61000 |   108825     296396 |  573   427 |      3096|       2.51     609.04|
Info:      62000 |   109280     296941 |  455   545 |      3151|       2.19     611.23|
Info:      63000 |   109787     297434 |  507   493 |      3133|       2.15     613.38|
Info:      64000 |   110335     297886 |  548   452 |      3090|       2.84     616.23|
Info:      65000 |   110877     298344 |  542   458 |      2905|       2.87     619.09|
Info:      66000 |   111469     298752 |  592   408 |      2765|       3.39     622.48|
Info:      67000 |   112085     299136 |  616   384 |      2736|       3.11     625.59|
Info:      68000 |   112658     299563 |  573   427 |      2676|       3.19     628.79|
Info:      69000 |   113288     299933 |  630   370 |      2620|       2.96     631.74|
Info:      70000 |   113861     300360 |  573   427 |      2914|       1.82     633.57|
Info:      71000 |   114398     300823 |  537   463 |      2732|       1.88     635.44|
Info:      72000 |   114968     301253 |  570   430 |      2631|       2.08     637.52|
Info:      73000 |   115584     301637 |  616   384 |      2591|       2.65     640.17|
Info:      74000 |   116176     302045 |  592   408 |      2566|       2.46     642.63|
Info:      75000 |   116747     302474 |  571   429 |      2606|       2.79     645.43|
Info:      76000 |   117263     302958 |  516   484 |      2573|       2.58     648.01|
Info:      77000 |   117884     303337 |  621   379 |      2451|       3.58     651.59|
Info:      78000 |   118460     303761 |  576   424 |      2365|       2.94     654.53|
Info:      79000 |   119028     304193 |  568   432 |      2315|       2.77     657.30|
Info:      80000 |   119627     304594 |  599   401 |      2247|       3.02     660.31|
Info:      81000 |   120196     305025 |  569   431 |      2280|       3.18     663.50|
Info:      82000 |   120662     305559 |  466   534 |      2421|       1.91     665.40|
Info:      83000 |   121193     306028 |  531   469 |      2287|       2.54     667.95|
Info:      84000 |   121738     306483 |  545   455 |      2248|       2.80     670.74|
Info:      85000 |   122333     306888 |  595   405 |      2178|       2.87     673.61|
Info:      86000 |   122918     307303 |  585   415 |      2113|       3.93     677.54|
Info:      87000 |   123470     307751 |  552   448 |      2016|       3.20     680.73|
Info:      88000 |   124078     308143 |  608   392 |      1974|       3.29     684.02|
Info:      89000 |   124616     308605 |  538   462 |      1903|       2.95     686.97|
Info:      90000 |   125175     309046 |  559   441 |      1903|       2.69     689.66|
Info:      91000 |   125765     309456 |  590   410 |      1821|       2.90     692.56|
Info:      92000 |   126386     309835 |  621   379 |      1717|       2.73     695.29|
Info:      93000 |   127018     310203 |  632   368 |      1566|       2.54     697.84|
Info:      94000 |   127598     310623 |  580   420 |      1441|       2.96     700.80|
Info:      95000 |   128160     311061 |  562   438 |      1302|       3.08     703.88|
Info:      96000 |   128643     311578 |  483   517 |      1068|       2.92     706.80|
Info:      97000 |   129276     311945 |  633   367 |      1084|       2.18     708.98|
Info:      98000 |   129730     312491 |  454   546 |       803|       4.23     713.21|
Info:      99000 |   130223     312998 |  493   507 |       593|       3.04     716.25|
Info:     100000 |   130667     313554 |  444   556 |       387|       4.45     720.70|
Info:     101000 |   131105     314116 |  438   562 |        96|       3.71     724.41|
Info:     27 arcs ripped up due to negative slack WNS=-0.50ns TNS=-8.51ns.
Info:     21 arcs ripped up due to negative slack WNS=-0.30ns TNS=-4.44ns.
Info:     21 arcs ripped up due to negative slack WNS=-0.30ns TNS=-4.69ns.
Info:     21 arcs ripped up due to negative slack WNS=-0.30ns TNS=-4.53ns.
Info:     21 arcs ripped up due to negative slack WNS=-0.36ns TNS=-5.44ns.
Info:     21 arcs ripped up due to negative slack WNS=-0.36ns TNS=-5.83ns.
Info:     21 arcs ripped up due to negative slack WNS=-0.35ns TNS=-5.53ns.
Info:     21 arcs ripped up due to negative slack WNS=-0.30ns TNS=-4.45ns.
Info:     21 arcs ripped up due to negative slack WNS=-0.30ns TNS=-4.53ns.
Info:     21 arcs ripped up due to negative slack WNS=-0.30ns TNS=-4.53ns.
Info:     21 arcs ripped up due to negative slack WNS=-0.36ns TNS=-5.59ns.
Info:     21 arcs ripped up due to negative slack WNS=-0.35ns TNS=-5.13ns.
Info:     21 arcs ripped up due to negative slack WNS=-0.35ns TNS=-5.14ns.
Info:     21 arcs ripped up due to negative slack WNS=-0.35ns TNS=-5.06ns.
Info:     21 arcs ripped up due to negative slack WNS=-0.19ns TNS=-3.18ns.
Info:     22 arcs ripped up due to negative slack WNS=-0.38ns TNS=-5.42ns.
Info:     22 arcs ripped up due to negative slack WNS=-0.38ns TNS=-5.81ns.
Info:     22 arcs ripped up due to negative slack WNS=-0.38ns TNS=-6.20ns.
Info:     21 arcs ripped up due to negative slack WNS=-0.36ns TNS=-5.13ns.
Info:     22 arcs ripped up due to negative slack WNS=-0.38ns TNS=-5.34ns.
Info:     21 arcs ripped up due to negative slack WNS=-0.35ns TNS=-5.14ns.
Info:     21 arcs ripped up due to negative slack WNS=-0.35ns TNS=-5.14ns.
Info:     21 arcs ripped up due to negative slack WNS=-0.19ns TNS=-3.27ns.
Info:     22 arcs ripped up due to negative slack WNS=-0.38ns TNS=-5.34ns.
Info:     22 arcs ripped up due to negative slack WNS=-0.38ns TNS=-6.11ns.
Info:     21 arcs ripped up due to negative slack WNS=-0.36ns TNS=-5.12ns.
Info:     21 arcs ripped up due to negative slack WNS=-0.19ns TNS=-3.26ns.
Info:     21 arcs ripped up due to negative slack WNS=-0.30ns TNS=-4.76ns.
Info:     21 arcs ripped up due to negative slack WNS=-0.19ns TNS=-3.26ns.
Info:     23 arcs ripped up due to negative slack WNS=-0.33ns TNS=-5.66ns.
Info:     21 arcs ripped up due to negative slack WNS=-0.35ns TNS=-5.48ns.
Info:     21 arcs ripped up due to negative slack WNS=-0.19ns TNS=-3.26ns.
Info:     23 arcs ripped up due to negative slack WNS=-0.35ns TNS=-6.24ns.
Info:     23 arcs ripped up due to negative slack WNS=-0.35ns TNS=-5.67ns.
Info:     24 arcs ripped up due to negative slack WNS=-0.38ns TNS=-6.31ns.
Info:     26 arcs ripped up due to negative slack WNS=-0.38ns TNS=-6.64ns.
Info:     25 arcs ripped up due to negative slack WNS=-0.37ns TNS=-6.41ns.
Info:     24 arcs ripped up due to negative slack WNS=-0.38ns TNS=-6.85ns.
Info:     23 arcs ripped up due to negative slack WNS=-0.37ns TNS=-5.98ns.
Info:     21 arcs ripped up due to negative slack WNS=-0.37ns TNS=-6.25ns.
Info:       1000 |   133482     316048 | 2377  1932 |       461|      55.96     780.37|
Info:       2000 |   133999     316531 |  517   483 |       646|       1.87     782.24|
Info:       3000 |   134630     316900 |  631   369 |      1501|       1.83     784.07|
Info:       4000 |   135144     317386 |  514   486 |      1516|       1.99     786.06|
Info:       5000 |   135669     317861 |  525   475 |      1673|       2.15     788.21|
Info:       6000 |   136178     318352 |  509   491 |      1732|       2.00     790.21|
Info:       7000 |   136706     318824 |  528   472 |      1695|       1.86     792.06|
Info:       8000 |   137239     319291 |  533   467 |      1810|       1.92     793.99|
Info:       9000 |   137746     319784 |  507   493 |      1762|       1.79     795.78|
Info:      10000 |   138301     320229 |  555   445 |      1657|       1.88     797.66|
Info:      11000 |   138815     320715 |  514   486 |      1603|       1.77     799.43|
Info:      12000 |   139400     321130 |  585   415 |      1758|       2.01     801.43|
Info:      13000 |   139985     321545 |  585   415 |      1576|       2.04     803.48|
Info:      14000 |   140551     321979 |  566   434 |      1773|       1.69     805.16|
Info:      15000 |   141157     322373 |  606   394 |      2367|       1.58     806.74|
Info:      16000 |   141673     322857 |  516   484 |      2476|       1.47     808.21|
Info:      17000 |   142289     323241 |  616   384 |      2697|       1.81     810.02|
Info:      18000 |   142793     323737 |  504   496 |      2913|       1.41     811.43|
Info:      19000 |   143358     324172 |  565   435 |      2881|       1.52     812.95|
Info:      20000 |   143913     324617 |  555   445 |      3031|       1.60     814.55|
Info:      21000 |   144535     324995 |  622   378 |      3019|       2.17     816.72|
Info:      22000 |   145109     325421 |  574   426 |      3092|       2.06     818.78|
Info:      23000 |   145566     325964 |  457   543 |      3440|       1.54     820.32|
Info:      24000 |   146072     326458 |  506   494 |      3199|       1.93     822.26|
Info:      25000 |   146651     326879 |  579   421 |      3145|       2.28     824.53|
Info:      26000 |   147253     327277 |  602   398 |      3085|       2.38     826.91|
Info:      27000 |   147833     327697 |  580   420 |      3110|       1.81     828.72|
Info:      28000 |   148344     328186 |  511   489 |      3243|       1.97     830.69|
Info:      29000 |   148966     328564 |  622   378 |      3675|       1.93     832.62|
Info:      30000 |   149518     329012 |  552   448 |      3695|       2.14     834.75|
Info:      31000 |   150107     329423 |  589   411 |      3664|       1.92     836.68|
Info:      32000 |   150595     329935 |  488   512 |      3849|       1.70     838.37|
Info:      33000 |   151097     330433 |  502   498 |      3678|       2.02     840.39|
Info:      34000 |   151621     330909 |  524   476 |      3653|       1.87     842.26|
Info:      35000 |   152161     331369 |  540   460 |      3629|       1.76     844.02|
Info:      36000 |   152722     331808 |  561   439 |      3612|       2.02     846.04|
Info:      37000 |   153240     332290 |  518   482 |      3711|       1.94     847.97|
Info:      38000 |   153848     332682 |  608   392 |      3664|       2.07     850.04|
Info:      39000 |   154418     333112 |  570   430 |      3619|       2.41     852.45|
Info:      40000 |   154933     333597 |  515   485 |      3597|       2.34     854.79|
Info:      41000 |   155513     334017 |  580   420 |      3680|       2.10     856.88|
Info:      42000 |   156072     334458 |  559   441 |      3514|       2.32     859.20|
Info:      43000 |   156654     334876 |  582   418 |      3385|       2.58     861.78|
Info:      44000 |   157263     335267 |  609   391 |      3319|       2.97     864.75|
Info:      45000 |   157826     335704 |  563   437 |      3224|       2.44     867.19|
Info:      46000 |   158446     336084 |  620   380 |      3163|       2.53     869.71|
Info:      47000 |   158887     336643 |  441   559 |      3207|       2.30     872.02|
Info:      48000 |   159464     337066 |  577   423 |      3075|       3.12     875.13|
Info:      49000 |   160093     337437 |  629   371 |      2966|       2.29     877.42|
Info:      50000 |   160662     337868 |  569   431 |      2979|       2.32     879.75|
Info:      51000 |   161185     338345 |  523   477 |      2831|       2.38     882.13|
Info:      52000 |   161742     338788 |  557   443 |      2755|       2.50     884.63|
Info:      53000 |   162310     339220 |  568   432 |      2721|       2.66     887.28|
Info:      54000 |   162915     339615 |  605   395 |      2648|       2.69     889.97|
Info:      55000 |   163496     340034 |  581   419 |      2562|       3.14     893.11|
Info:      56000 |   164070     340460 |  574   426 |      2450|       2.99     896.10|
Info:      57000 |   164665     340865 |  595   405 |      2381|       2.35     898.46|
Info:      58000 |   165287     341243 |  622   378 |      2304|       2.69     901.15|
Info:      59000 |   165869     341661 |  582   418 |      2219|       2.68     903.82|
Info:      60000 |   166492     342038 |  623   377 |      2161|       2.53     906.35|
Info:      61000 |   167121     342409 |  629   371 |      2140|       2.76     909.11|
Info:      62000 |   167698     342832 |  577   423 |      2036|       2.34     911.46|
Info:      63000 |   168272     343258 |  574   426 |      1990|       1.94     913.40|
Info:      64000 |   168889     343641 |  617   383 |      1943|       2.79     916.18|
Info:      65000 |   169501     344029 |  612   388 |      1900|       2.31     918.50|
Info:      66000 |   170047     344483 |  546   454 |      1828|       2.44     920.94|
Info:      67000 |   170668     344862 |  621   379 |      1784|       2.55     923.49|
Info:      68000 |   171219     345311 |  551   449 |      1722|       2.68     926.16|
Info:      69000 |   171854     345676 |  635   365 |      1699|       2.60     928.76|
Info:      70000 |   172496     346034 |  642   358 |      1585|       2.46     931.22|
Info:      71000 |   173054     346476 |  558   442 |      1651|       2.69     933.91|
Info:      72000 |   173601     346929 |  547   453 |      1653|       2.61     936.52|
Info:      73000 |   174175     347355 |  574   426 |      1595|       2.60     939.12|
Info:      74000 |   174798     347732 |  623   377 |      1517|       2.61     941.73|
Info:      75000 |   175284     348246 |  486   514 |      1465|       2.53     944.26|
Info:      76000 |   175836     348694 |  552   448 |      1495|       2.49     946.76|
Info:      77000 |   176373     349157 |  537   463 |      1419|       2.16     948.91|
Info:      78000 |   176975     349555 |  602   398 |      1307|       2.20     951.12|
Info:      79000 |   177577     349953 |  602   398 |      1249|       2.31     953.42|
Info:      80000 |   178242     350288 |  665   335 |      1218|       2.44     955.86|
Info:      81000 |   178858     350672 |  616   384 |      1202|       1.99     957.85|
Info:      82000 |   179424     351106 |  566   434 |      1098|       2.52     960.37|
Info:      83000 |   179908     351622 |  484   516 |       890|       2.40     962.77|
Info:      84000 |   180419     352111 |  511   489 |       613|       2.74     965.51|
Info:      85000 |   180942     352588 |  523   477 |       502|       3.02     968.53|
Info:      86000 |   181295     353235 |  353   647 |        39|       3.06     971.59|
Info:     24 arcs ripped up due to negative slack WNS=-0.38ns TNS=-6.52ns.
Info:     21 arcs ripped up due to negative slack WNS=-0.36ns TNS=-5.72ns.
Info:     23 arcs ripped up due to negative slack WNS=-0.37ns TNS=-5.59ns.
Info:     23 arcs ripped up due to negative slack WNS=-0.35ns TNS=-5.41ns.
Info:     23 arcs ripped up due to negative slack WNS=-0.35ns TNS=-5.18ns.
Info:     23 arcs ripped up due to negative slack WNS=-0.35ns TNS=-5.49ns.
Info:     23 arcs ripped up due to negative slack WNS=-0.36ns TNS=-5.68ns.
Info:     23 arcs ripped up due to negative slack WNS=-0.36ns TNS=-6.49ns.
Info:     23 arcs ripped up due to negative slack WNS=-0.36ns TNS=-6.09ns.
Info:        749 |   182364     354116 | 1069   881 |         0|      14.27     985.86|
Info: Routing complete.
Info: Router1 time 985.86s
Info: Checksum: 0x1378931e

Info: Critical path report for clock '$glbnet$CLK_clk_25mhz$TRELLIS_IO_IN' (posedge -> posedge):
Info:       type curr  total name
Info:   clk-to-q  0.52  0.52 Source uart_clkcnt_TRELLIS_FF_Q_15.Q
Info:    routing  1.11  1.63 Net uart_clkcnt[1] (91,85) -> (91,87)
Info:                          Sink uart_clkcnt_TRELLIS_FF_Q_9_DI_LUT4_Z_C_CCU2C_S1_CIN_CCU2C_COUT_CIN_CCU2C_COUT_CIN_CCU2C_COUT$CCU2_COMB1.B
Info:                          Defined in:
Info:                               mkTop.v:7092.16-7092.27
Info:      logic  0.45  2.08 Source uart_clkcnt_TRELLIS_FF_Q_9_DI_LUT4_Z_C_CCU2C_S1_CIN_CCU2C_COUT_CIN_CCU2C_COUT_CIN_CCU2C_COUT$CCU2_COMB1.FCO
Info:    routing  0.00  2.08 Net uart_clkcnt_TRELLIS_FF_Q_9_DI_LUT4_Z_C_CCU2C_S1_CIN_CCU2C_COUT_CIN_CCU2C_COUT_CIN (91,87) -> (91,87)
Info:                          Sink uart_clkcnt_TRELLIS_FF_Q_9_DI_LUT4_Z_C_CCU2C_S1_CIN_CCU2C_COUT_CIN_CCU2C_COUT$CCU2_COMB0.FCI
Info:                          Defined in:
Info:                               mkTop.v:45401.20-45401.39
Info:                               /workspace/scratch/2dc194a6b0cd/physical_toolchains/oss-cad-suite/lib/../share/yosys/lattice/arith_map_ccu2c.v:74.7-80.4
Info:                               /workspace/scratch/2dc194a6b0cd/physical_toolchains/oss-cad-suite/lib/../share/yosys/lattice/ccu2c_sim.vh:9.9-9.13
Info:      logic  0.44  2.52 Source uart_clkcnt_TRELLIS_FF_Q_9_DI_LUT4_Z_C_CCU2C_S1_CIN_CCU2C_COUT_CIN_CCU2C_COUT$CCU2_COMB0.F
Info:    routing  1.15  3.67 Net uart_clkcnt_TRELLIS_FF_Q_9_DI_LUT4_Z_C_CCU2C_S1_CIN_CCU2C_COUT_CIN_CCU2C_COUT_S0[0] (91,87) -> (91,86)
Info:                          Sink uart_clkcnt_TRELLIS_FF_Q_9_DI_LUT4_Z_C_CCU2C_S1_COUT_CCU2C_CIN_S1_CCU2C_A1_CIN_CCU2C_COUT_CIN_CCU2C_COUT_CIN_CCU2C_COUT$CCU2_COMB0.A
Info:                          Defined in:
Info:                               /workspace/scratch/2dc194a6b0cd/physical_toolchains/oss-cad-suite/lib/../share/yosys/lattice/cells_map_trellis.v:108.23-108.24
Info:      logic  0.45  4.11 Source uart_clkcnt_TRELLIS_FF_Q_9_DI_LUT4_Z_C_CCU2C_S1_COUT_CCU2C_CIN_S1_CCU2C_A1_CIN_CCU2C_COUT_CIN_CCU2C_COUT_CIN_CCU2C_COUT$CCU2_COMB0.FCO
Info:    routing  0.00  4.11 Net uart_clkcnt_TRELLIS_FF_Q_9_DI_LUT4_Z_C_CCU2C_S1_COUT_CCU2C_CIN_S1_CCU2C_A1_CIN_CCU2C_COUT_CIN_CCU2C_COUT_CIN_CCU2C_COUT$CCU2_FCI_INT (91,86) -> (91,86)
Info:                          Sink uart_clkcnt_TRELLIS_FF_Q_9_DI_LUT4_Z_C_CCU2C_S1_COUT_CCU2C_CIN_S1_CCU2C_A1_CIN_CCU2C_COUT_CIN_CCU2C_COUT_CIN_CCU2C_COUT$CCU2_COMB1.FCI
Info:      logic  0.00  4.11 Source uart_clkcnt_TRELLIS_FF_Q_9_DI_LUT4_Z_C_CCU2C_S1_COUT_CCU2C_CIN_S1_CCU2C_A1_CIN_CCU2C_COUT_CIN_CCU2C_COUT_CIN_CCU2C_COUT$CCU2_COMB1.FCO
Info:    routing  0.00  4.11 Net uart_clkcnt_TRELLIS_FF_Q_9_DI_LUT4_Z_C_CCU2C_S1_COUT_CCU2C_CIN_S1_CCU2C_A1_CIN_CCU2C_COUT_CIN_CCU2C_COUT_CIN (91,86) -> (91,86)
Info:                          Sink uart_clkcnt_TRELLIS_FF_Q_9_DI_LUT4_Z_C_CCU2C_S1_COUT_CCU2C_CIN_S1_CCU2C_A1_CIN_CCU2C_COUT_CIN_CCU2C_COUT$CCU2_COMB0.FCI
Info:                          Defined in:
Info:                               mkTop.v:44847.44-44847.61
Info:                               /workspace/scratch/2dc194a6b0cd/physical_toolchains/oss-cad-suite/lib/../share/yosys/lattice/arith_map_ccu2c.v:74.7-80.4
Info:                               /workspace/scratch/2dc194a6b0cd/physical_toolchains/oss-cad-suite/lib/../share/yosys/lattice/ccu2c_sim.vh:9.9-9.13
Info:      logic  0.07  4.19 Source uart_clkcnt_TRELLIS_FF_Q_9_DI_LUT4_Z_C_CCU2C_S1_COUT_CCU2C_CIN_S1_CCU2C_A1_CIN_CCU2C_COUT_CIN_CCU2C_COUT$CCU2_COMB0.FCO
Info:    routing  0.00  4.19 Net uart_clkcnt_TRELLIS_FF_Q_9_DI_LUT4_Z_C_CCU2C_S1_COUT_CCU2C_CIN_S1_CCU2C_A1_CIN_CCU2C_COUT_CIN_CCU2C_COUT$CCU2_FCI_INT (91,86) -> (91,86)
Info:                          Sink uart_clkcnt_TRELLIS_FF_Q_9_DI_LUT4_Z_C_CCU2C_S1_COUT_CCU2C_CIN_S1_CCU2C_A1_CIN_CCU2C_COUT_CIN_CCU2C_COUT$CCU2_COMB1.FCI
Info:      logic  0.00  4.19 Source uart_clkcnt_TRELLIS_FF_Q_9_DI_LUT4_Z_C_CCU2C_S1_COUT_CCU2C_CIN_S1_CCU2C_A1_CIN_CCU2C_COUT_CIN_CCU2C_COUT$CCU2_COMB1.FCO
Info:    routing  0.00  4.19 Net uart_clkcnt_TRELLIS_FF_Q_9_DI_LUT4_Z_C_CCU2C_S1_COUT_CCU2C_CIN_S1_CCU2C_A1_CIN_CCU2C_COUT_CIN (91,86) -> (92,86)
Info:                          Sink uart_clkcnt_TRELLIS_FF_Q_9_DI_LUT4_Z_C_CCU2C_S1_COUT_CCU2C_CIN_S1_CCU2C_A1_CIN_CCU2C_COUT$CCU2_COMB0.FCI
Info:                          Defined in:
Info:                               mkTop.v:44847.44-44847.61
Info:                               /workspace/scratch/2dc194a6b0cd/physical_toolchains/oss-cad-suite/lib/../share/yosys/lattice/arith_map_ccu2c.v:74.7-80.4
Info:                               /workspace/scratch/2dc194a6b0cd/physical_toolchains/oss-cad-suite/lib/../share/yosys/lattice/ccu2c_sim.vh:9.9-9.13
Info:      logic  0.07  4.26 Source uart_clkcnt_TRELLIS_FF_Q_9_DI_LUT4_Z_C_CCU2C_S1_COUT_CCU2C_CIN_S1_CCU2C_A1_CIN_CCU2C_COUT$CCU2_COMB0.FCO
Info:    routing  0.00  4.26 Net uart_clkcnt_TRELLIS_FF_Q_9_DI_LUT4_Z_C_CCU2C_S1_COUT_CCU2C_CIN_S1_CCU2C_A1_CIN_CCU2C_COUT$CCU2_FCI_INT (92,86) -> (92,86)
Info:                          Sink uart_clkcnt_TRELLIS_FF_Q_9_DI_LUT4_Z_C_CCU2C_S1_COUT_CCU2C_CIN_S1_CCU2C_A1_CIN_CCU2C_COUT$CCU2_COMB1.FCI
Info:      logic  0.00  4.26 Source uart_clkcnt_TRELLIS_FF_Q_9_DI_LUT4_Z_C_CCU2C_S1_COUT_CCU2C_CIN_S1_CCU2C_A1_CIN_CCU2C_COUT$CCU2_COMB1.FCO
Info:    routing  0.00  4.26 Net uart_clkcnt_TRELLIS_FF_Q_9_DI_LUT4_Z_C_CCU2C_S1_COUT_CCU2C_CIN_S1_CCU2C_A1_CIN (92,86) -> (92,86)
Info:                          Sink uart_clkcnt_TRELLIS_FF_Q_9_DI_LUT4_Z_C_CCU2C_S1_COUT_CCU2C_CIN_S1_CCU2C_A1$CCU2_COMB0.FCI
Info:                          Defined in:
Info:                               mkTop.v:44847.44-44847.61
Info:                               /workspace/scratch/2dc194a6b0cd/physical_toolchains/oss-cad-suite/lib/../share/yosys/lattice/arith_map_ccu2c.v:74.7-80.4
Info:                               /workspace/scratch/2dc194a6b0cd/physical_toolchains/oss-cad-suite/lib/../share/yosys/lattice/ccu2c_sim.vh:9.9-9.13
Info:      logic  0.07  4.33 Source uart_clkcnt_TRELLIS_FF_Q_9_DI_LUT4_Z_C_CCU2C_S1_COUT_CCU2C_CIN_S1_CCU2C_A1$CCU2_COMB0.FCO
Info:    routing  0.00  4.33 Net uart_clkcnt_TRELLIS_FF_Q_9_DI_LUT4_Z_C_CCU2C_S1_COUT_CCU2C_CIN_S1_CCU2C_A1$CCU2_FCI_INT (92,86) -> (92,86)
Info:                          Sink uart_clkcnt_TRELLIS_FF_Q_9_DI_LUT4_Z_C_CCU2C_S1_COUT_CCU2C_CIN_S1_CCU2C_A1$CCU2_COMB1.FCI
Info:      logic  0.00  4.33 Source uart_clkcnt_TRELLIS_FF_Q_9_DI_LUT4_Z_C_CCU2C_S1_COUT_CCU2C_CIN_S1_CCU2C_A1$CCU2_COMB1.FCO
Info:    routing  0.00  4.33 Net uart_clkcnt_TRELLIS_FF_Q_9_DI_LUT4_Z_C_CCU2C_S1_COUT_CCU2C_CIN_S1_CCU2C_A1_COUT (92,86) -> (92,86)
Info:                          Sink uart_clkcnt_TRELLIS_FF_Q_9_DI_LUT4_Z_C_CCU2C_S1_COUT_CCU2C_CIN_COUT_CCU2C_CIN_S1_CCU2C_A1$CCU2_COMB0.FCI
Info:                          Defined in:
Info:                               mkTop.v:44847.44-44847.61
Info:                               /workspace/scratch/2dc194a6b0cd/physical_toolchains/oss-cad-suite/lib/../share/yosys/lattice/arith_map_ccu2c.v:74.7-80.4
Info:                               /workspace/scratch/2dc194a6b0cd/physical_toolchains/oss-cad-suite/lib/../share/yosys/lattice/ccu2c_sim.vh:9.9-9.13
Info:      logic  0.07  4.40 Source uart_clkcnt_TRELLIS_FF_Q_9_DI_LUT4_Z_C_CCU2C_S1_COUT_CCU2C_CIN_COUT_CCU2C_CIN_S1_CCU2C_A1$CCU2_COMB0.FCO
Info:    routing  0.00  4.40 Net uart_clkcnt_TRELLIS_FF_Q_9_DI_LUT4_Z_C_CCU2C_S1_COUT_CCU2C_CIN_COUT_CCU2C_CIN_S1_CCU2C_A1$CCU2_FCI_INT (92,86) -> (92,86)
Info:                          Sink uart_clkcnt_TRELLIS_FF_Q_9_DI_LUT4_Z_C_CCU2C_S1_COUT_CCU2C_CIN_COUT_CCU2C_CIN_S1_CCU2C_A1$CCU2_COMB1.FCI
Info:      logic  0.00  4.40 Source uart_clkcnt_TRELLIS_FF_Q_9_DI_LUT4_Z_C_CCU2C_S1_COUT_CCU2C_CIN_COUT_CCU2C_CIN_S1_CCU2C_A1$CCU2_COMB1.FCO
Info:    routing  0.00  4.40 Net uart_clkcnt_TRELLIS_FF_Q_9_DI_LUT4_Z_C_CCU2C_S1_COUT_CCU2C_CIN_COUT_CCU2C_CIN_S1_CCU2C_A1_COUT (92,86) -> (92,86)
Info:                          Sink uart_clkcnt_TRELLIS_FF_Q_9_DI_LUT4_Z_C_CCU2C_S1_COUT_CCU2C_CIN_COUT_CCU2C_CIN_COUT_CCU2C_CIN_S1_CCU2C_A1$CCU2_COMB0.FCI
Info:                          Defined in:
Info:                               mkTop.v:44847.44-44847.61
Info:                               /workspace/scratch/2dc194a6b0cd/physical_toolchains/oss-cad-suite/lib/../share/yosys/lattice/arith_map_ccu2c.v:74.7-80.4
Info:                               /workspace/scratch/2dc194a6b0cd/physical_toolchains/oss-cad-suite/lib/../share/yosys/lattice/ccu2c_sim.vh:9.9-9.13
Info:      logic  0.07  4.47 Source uart_clkcnt_TRELLIS_FF_Q_9_DI_LUT4_Z_C_CCU2C_S1_COUT_CCU2C_CIN_COUT_CCU2C_CIN_COUT_CCU2C_CIN_S1_CCU2C_A1$CCU2_COMB0.FCO
Info:    routing  0.00  4.47 Net uart_clkcnt_TRELLIS_FF_Q_9_DI_LUT4_Z_C_CCU2C_S1_COUT_CCU2C_CIN_COUT_CCU2C_CIN_COUT_CCU2C_CIN_S1_CCU2C_A1$CCU2_FCI_INT (92,86) -> (92,86)
Info:                          Sink uart_clkcnt_TRELLIS_FF_Q_9_DI_LUT4_Z_C_CCU2C_S1_COUT_CCU2C_CIN_COUT_CCU2C_CIN_COUT_CCU2C_CIN_S1_CCU2C_A1$CCU2_COMB1.FCI
Info:      logic  0.00  4.47 Source uart_clkcnt_TRELLIS_FF_Q_9_DI_LUT4_Z_C_CCU2C_S1_COUT_CCU2C_CIN_COUT_CCU2C_CIN_COUT_CCU2C_CIN_S1_CCU2C_A1$CCU2_COMB1.FCO
Info:    routing  0.00  4.47 Net uart_clkcnt_TRELLIS_FF_Q_9_DI_LUT4_Z_C_CCU2C_S1_COUT_CCU2C_CIN_COUT_CCU2C_CIN_COUT_CCU2C_CIN_S1_CCU2C_A1_COUT (92,86) -> (93,86)
Info:                          Sink uart_clkcnt_TRELLIS_FF_Q_9_DI_LUT4_Z_C_CCU2C_S1_COUT_CCU2C_CIN_COUT_CCU2C_CIN_COUT_CCU2C_CIN_COUT_CCU2C_CIN_S1_CCU2C_A1$CCU2_COMB0.FCI
Info:                          Defined in:
Info:                               mkTop.v:44847.44-44847.61
Info:                               /workspace/scratch/2dc194a6b0cd/physical_toolchains/oss-cad-suite/lib/../share/yosys/lattice/arith_map_ccu2c.v:74.7-80.4
Info:                               /workspace/scratch/2dc194a6b0cd/physical_toolchains/oss-cad-suite/lib/../share/yosys/lattice/ccu2c_sim.vh:9.9-9.13
Info:      logic  0.07  4.54 Source uart_clkcnt_TRELLIS_FF_Q_9_DI_LUT4_Z_C_CCU2C_S1_COUT_CCU2C_CIN_COUT_CCU2C_CIN_COUT_CCU2C_CIN_COUT_CCU2C_CIN_S1_CCU2C_A1$CCU2_COMB0.FCO
Info:    routing  0.00  4.54 Net uart_clkcnt_TRELLIS_FF_Q_9_DI_LUT4_Z_C_CCU2C_S1_COUT_CCU2C_CIN_COUT_CCU2C_CIN_COUT_CCU2C_CIN_COUT_CCU2C_CIN_S1_CCU2C_A1$CCU2_FCI_INT (93,86) -> (93,86)
Info:                          Sink uart_clkcnt_TRELLIS_FF_Q_9_DI_LUT4_Z_C_CCU2C_S1_COUT_CCU2C_CIN_COUT_CCU2C_CIN_COUT_CCU2C_CIN_COUT_CCU2C_CIN_S1_CCU2C_A1$CCU2_COMB1.FCI
Info:      logic  0.00  4.54 Source uart_clkcnt_TRELLIS_FF_Q_9_DI_LUT4_Z_C_CCU2C_S1_COUT_CCU2C_CIN_COUT_CCU2C_CIN_COUT_CCU2C_CIN_COUT_CCU2C_CIN_S1_CCU2C_A1$CCU2_COMB1.FCO
Info:    routing  0.00  4.54 Net $nextpnr_CCU2C_13$CIN (93,86) -> (93,86)
Info:                          Sink $nextpnr_CCU2C_13$CCU2_COMB0.FCI
Info:      logic  0.44  4.98 Source $nextpnr_CCU2C_13$CCU2_COMB0.F
Info:    routing  0.23  5.21 Net uart_clkcnt_TRELLIS_FF_Q_9_DI_LUT4_Z_C[1] (93,86) -> (93,86)
Info:                          Sink uart_inQ.empty_reg_LUT4_B_1.D
Info:                          Defined in:
Info:                               /workspace/scratch/2dc194a6b0cd/physical_toolchains/oss-cad-suite/lib/../share/yosys/lattice/cells_map_trellis.v:108.23-108.24
Info:      logic  0.24  5.45 Source uart_inQ.empty_reg_LUT4_B_1.F
Info:    routing  0.74  6.19 Net uart_inQ.empty_reg_LUT4_B_1_Z[3] (93,86) -> (94,87)
Info:                          Sink uart_inQ.empty_reg_LUT4_C_1.D
Info:                          Defined in:
Info:                               /workspace/scratch/2dc194a6b0cd/physical_toolchains/oss-cad-suite/lib/../share/yosys/lattice/cells_map_trellis.v:108.23-108.24
Info:      logic  0.24  6.42 Source uart_inQ.empty_reg_LUT4_C_1.F
Info:    routing  0.90  7.32 Net uart_inQ.data0_reg_TRELLIS_FF_Q_2_DI_LUT4_Z_D[1] (94,87) -> (94,86)
Info:                          Sink uart_inQ.data0_reg_TRELLIS_FF_Q_1_DI_LUT4_Z_D_LUT4_Z.C
Info:                          Defined in:
Info:                               /workspace/scratch/2dc194a6b0cd/physical_toolchains/oss-cad-suite/lib/../share/yosys/lattice/cells_map_trellis.v:108.23-108.24
Info:      logic  0.24  7.56 Source uart_inQ.data0_reg_TRELLIS_FF_Q_1_DI_LUT4_Z_D_LUT4_Z.F
Info:    routing  0.42  7.98 Net uart_inQ.data0_reg_TRELLIS_FF_Q_1_DI_LUT4_Z_D[2] (94,86) -> (94,86)
Info:                          Sink uart_inQ.data0_reg_TRELLIS_FF_Q_1_DI_LUT4_Z.D
Info:                          Defined in:
Info:                               /workspace/scratch/2dc194a6b0cd/physical_toolchains/oss-cad-suite/lib/../share/yosys/lattice/cells_map_trellis.v:108.23-108.24
Info:      logic  0.24  8.21 Source uart_inQ.data0_reg_TRELLIS_FF_Q_1_DI_LUT4_Z.F
Info:    routing  0.13  8.34 Net uart_inQ.data0_reg_TRELLIS_FF_Q_1_DI (94,86) -> (94,86)
Info:                          Sink uart_inQ.data0_reg_TRELLIS_FF_Q_1.DI
Info:      setup  0.00  8.34 Source uart_inQ.data0_reg_TRELLIS_FF_Q_1.DI
Info: 3.67 ns logic, 4.67 ns routing

Info: Critical path report for clock '$glbnet$clocks_coreReset.CLK' (posedge -> posedge):
Info:       type curr  total name
Info:   clk-to-q  0.52  0.52 Source core_block1_inputProjection_engine_chunkCnt_TRELLIS_FF_Q_1.Q
Info:    routing  1.15  1.67 Net core_block1_inputProjection_engine_chunkCnt[3] (49,44) -> (50,45)
Info:                          Sink core_block1_inputProjection_inputQ.empty_reg_LUT4_C_D_LUT4_Z.C
Info:                          Defined in:
Info:                               mkTop.v:4667.15-4667.58
Info:      logic  0.24  1.91 Source core_block1_inputProjection_inputQ.empty_reg_LUT4_C_D_LUT4_Z.F
Info:    routing  0.22  2.13 Net core_block1_inputProjection_inputQ.empty_reg_LUT4_C_D[1] (50,45) -> (50,45)
Info:                          Sink core_block1_inputProjection_inputQ.empty_reg_LUT4_C_Z_LUT4_Z.D
Info:                          Defined in:
Info:                               /workspace/scratch/2dc194a6b0cd/physical_toolchains/oss-cad-suite/lib/../share/yosys/lattice/cells_map_trellis.v:108.23-108.24
Info:      logic  0.24  2.37 Source core_block1_inputProjection_inputQ.empty_reg_LUT4_C_Z_LUT4_Z.F
Info:    routing  0.46  2.83 Net core_block1_inputProjection_inputQ.empty_reg_LUT4_C_D_LUT4_D_Z[3] (50,45) -> (50,45)
Info:                          Sink core_block1_inputProjection_engine_chunkLoadOn_LUT4_C$fanout$386.D
Info:                          Defined in:
Info:                               /workspace/scratch/2dc194a6b0cd/physical_toolchains/oss-cad-suite/lib/../share/yosys/lattice/cells_map_trellis.v:108.23-108.24
Info:      logic  0.24  3.06 Source core_block1_inputProjection_engine_chunkLoadOn_LUT4_C$fanout$386.F
Info:    routing  1.40  4.46 Net core_block1_inputProjection_engine_chunkLoadOn_LUT4_C$fanout$386.Z (50,45) -> (32,45)
Info:                          Sink core_block1_inputProjection_engine_issueOn_LUT4_B.D
Info:      logic  0.24  4.70 Source core_block1_inputProjection_engine_issueOn_LUT4_B.F
Info:    routing  2.12  6.81 Net core_block1_inputProjection_engine_issueOn_LUT4_B_Z[1] (32,45) -> (7,47)
Info:                          Sink core_block1_inputProjection_engine_issueCommandQ.full_reg_LUT4_C_Z_LUT4_Z.C
Info:                          Defined in:
Info:                               /workspace/scratch/2dc194a6b0cd/physical_toolchains/oss-cad-suite/lib/../share/yosys/lattice/cells_map_trellis.v:108.23-108.24
Info:      logic  0.24  7.05 Source core_block1_inputProjection_engine_issueCommandQ.full_reg_LUT4_C_Z_LUT4_Z.F
Info:    routing  2.67  9.72 Net core_block1_inputProjection_engine_issueOn_TRELLIS_FF_Q_DI_LUT4_Z_C[4] (7,47) -> (41,49)
Info:                          Sink core_block1_inputProjection_engine_requestMetadataQ.D_IN_TRELLIS_FF_Q_4_DI_PFUMX_Z_BLUT_LUT4_Z.M
Info:                          Defined in:
Info:                               /workspace/scratch/2dc194a6b0cd/physical_toolchains/oss-cad-suite/lib/../share/yosys/lattice/cells_map_trellis.v:108.23-108.24
Info:      logic  0.26  9.97 Source core_block1_inputProjection_engine_requestMetadataQ.D_IN_TRELLIS_FF_Q_4_DI_PFUMX_Z_BLUT_LUT4_Z.OFX
Info:    routing  0.38  10.35 Net core_block1_inputProjection_engine_requestMetadataQ.D_IN_TRELLIS_FF_Q_4_DI (41,49) -> (41,49)
Info:                          Sink core_block1_inputProjection_engine_requestMetadataQ.D_IN_TRELLIS_FF_Q_4.M
Info:      setup  0.00  10.35 Source core_block1_inputProjection_engine_requestMetadataQ.D_IN_TRELLIS_FF_Q_4.M
Info: 1.96 ns logic, 8.39 ns routing

Info: Critical path report for cross-domain path '<async>' -> 'posedge $glbnet$CLK_clk_25mhz$TRELLIS_IO_IN':
Info:       type curr  total name
Info:     source  0.00  0.00 Source ftdi_txd$tr_io.O
Info:    routing  2.93  2.93 Net ftdi_txd$TRELLIS_IO_IN (0,89) -> (42,88)
Info:                          Sink uart_rxin_TRELLIS_FF_Q_1.M
Info:                          Defined in:
Info:                               mkTop.v:7113.16-7113.30
Info:      setup  0.00  2.93 Source uart_rxin_TRELLIS_FF_Q_1.M
Info: 0.00 ns logic, 2.93 ns routing

Info: Critical path report for cross-domain path 'posedge $glbnet$CLK_clk_25mhz$TRELLIS_IO_IN' -> '<async>':
Info:       type curr  total name
Info:   clk-to-q  0.52  0.52 Source uart_txdr_TRELLIS_FF_Q.Q
Info:    routing  6.87  7.40 Net ftdi_rxd$TRELLIS_IO_OUT (91,88) -> (0,56)
Info:                          Sink ftdi_rxd$tr_io.I
Info:                          Defined in:
Info:                               mkTop.v:7122.7-7122.16
Info: 0.52 ns logic, 6.87 ns routing

Info: Critical path report for cross-domain path 'posedge $glbnet$CLK_clk_25mhz$TRELLIS_IO_IN' -> 'posedge $glbnet$clocks_coreReset.CLK':
Info:       type curr  total name
Info:   clk-to-q  0.52  0.52 Source clocks_pll.locked_LUT4_D_Z_TRELLIS_FF_LSR.Q
Info:    routing  0.78  1.30 Net clocks_pll.locked_LUT4_D_Z_TRELLIS_FF_LSR_Q (48,88) -> (52,88)
Info:                          Sink clocks_pll.locked_LUT4_D_Z_TRELLIS_FF_LSR_Q_LUT4_D.D
Info:                          Defined in:
Info:                               /workspace/scratch/2dc194a6b0cd/physical_toolchains/oss-cad-suite/lib/../share/yosys/lattice/cells_map_trellis.v:108.23-108.24
Info:      logic  0.24  1.54 Source clocks_pll.locked_LUT4_D_Z_TRELLIS_FF_LSR_Q_LUT4_D.F
Info:    routing  0.67  2.20 Net clocks_pll.locked_LUT4_D_Z_TRELLIS_FF_LSR_Q_LUT4_D_Z (52,88) -> (52,87)
Info:                          Sink rxQ.fifoMem.0.0_RAD_TRELLIS_FF_Q_DI_LUT4_D_Z_TRELLIS_FF_DI_Q_TRELLIS_FF_DI_Q_TRELLIS_FF_Q_DI_TRELLIS_FF_Q.LSR
Info:      setup  0.42  2.63 Source rxQ.fifoMem.0.0_RAD_TRELLIS_FF_Q_DI_LUT4_D_Z_TRELLIS_FF_DI_Q_TRELLIS_FF_DI_Q_TRELLIS_FF_Q_DI_TRELLIS_FF_Q.LSR
Info: 1.18 ns logic, 1.44 ns routing

Info: Critical path report for cross-domain path 'posedge $glbnet$clocks_coreReset.CLK' -> 'posedge $glbnet$CLK_clk_25mhz$TRELLIS_IO_IN':
Info:       type curr  total name
Info:   clk-to-q  0.52  0.52 Source txReset_leaf.secondReset.Q
Info:    routing  0.76  1.29 Net txReset_leaf.secondReset_Q (93,86) -> (93,84)
Info:                          Sink txReset_leaf.secondReset_Q_LUT4_D.D
Info:                          Defined in:
Info:                               /workspace/scratch/2dc194a6b0cd/physical_toolchains/oss-cad-suite/lib/../share/yosys/lattice/cells_map_trellis.v:108.23-108.24
Info:      logic  0.24  1.52 Source txReset_leaf.secondReset_Q_LUT4_D.F
Info:    routing  0.85  2.37 Net txReset_leaf.secondReset_Q_LUT4_D_Z (93,84) -> (92,86)
Info:                          Sink txQ.fifoMem.0.0_WAD_1_TRELLIS_FF_DI.LSR
Info:      setup  0.42  2.80 Source txQ.fifoMem.0.0_WAD_1_TRELLIS_FF_DI.LSR
Info: 1.18 ns logic, 1.61 ns routing

Info: Max frequency for clock '$glbnet$CLK_clk_25mhz$TRELLIS_IO_IN': 119.85 MHz (PASS at 25.00 MHz)
ERROR: Max frequency for clock        '$glbnet$clocks_coreReset.CLK': 96.61 MHz (FAIL at 100.00 MHz)

Info: Max delay <async>                                     -> posedge $glbnet$CLK_clk_25mhz$TRELLIS_IO_IN: 2.93 ns
Info: Max delay posedge $glbnet$CLK_clk_25mhz$TRELLIS_IO_IN -> <async>                                    : 7.40 ns
Info: Max delay posedge $glbnet$CLK_clk_25mhz$TRELLIS_IO_IN -> posedge $glbnet$clocks_coreReset.CLK       : 2.63 ns
Info: Max delay posedge $glbnet$clocks_coreReset.CLK        -> posedge $glbnet$CLK_clk_25mhz$TRELLIS_IO_IN: 2.80 ns

Info: Slack histogram:
Info:  legend: * represents 628 endpoint(s)
Info:          + represents [1,628) endpoint(s)
Info: [  -351,   1620) |+
Info: [  1620,   3591) |**************+
Info: [  3591,   5562) |*******************************************+
Info: [  5562,   7533) |************************************************************ 
Info: [  7533,   9504) |****************************************************+
Info: [  9504,  11475) | 
Info: [ 11475,  13446) | 
Info: [ 13446,  15417) | 
Info: [ 15417,  17388) | 
Info: [ 17388,  19359) | 
Info: [ 19359,  21330) | 
Info: [ 21330,  23301) | 
Info: [ 23301,  25272) | 
Info: [ 25272,  27243) | 
Info: [ 27243,  29214) | 
Info: [ 29214,  31185) | 
Info: [ 31185,  33156) |+
Info: [ 33156,  35127) |+
Info: [ 35127,  37098) |+
Info: [ 37098,  39069) |+
2 warnings, 1 error

Info: Program finished normally.
