make: Entering directory '/workspace/scratch/2dc194a6b0cd/sway_observation2/hw'
Info: constraining clock net 'CLK_clk_25mhz' to 25.00 MHz
Warning: net 'pll_clk_100mhz' does not exist in design, ignoring clock constraint
Warning: net 'pll_clk_125mhz' does not exist in design, ignoring clock constraint

Info: Logic utilisation before packing:
Info:     Total LUT4s:     43078/83640    51%
Info:         logic LUTs:  31004/83640    37%
Info:         carry LUTs:   9068/83640    10%
Info:           RAM LUTs:   2004/10455    19%
Info:          RAMW LUTs:   1002/20910     4%

Info:      Total DFFs:     46913/83640    56%

Info: Packing IOs..
Info: pin 'led[7]$tr_io' constrained to Bel 'X0/Y41/PIOD'.
Info: pin 'led[6]$tr_io' constrained to Bel 'X0/Y38/PIOD'.
Info: pin 'led[5]$tr_io' constrained to Bel 'X0/Y44/PIOD'.
Info: pin 'led[4]$tr_io' constrained to Bel 'X0/Y38/PIOB'.
Info: pin 'led[3]$tr_io' constrained to Bel 'X0/Y38/PIOC'.
Info: pin 'led[2]$tr_io' constrained to Bel 'X0/Y38/PIOA'.
Info: pin 'led[1]$tr_io' constrained to Bel 'X0/Y35/PIOD'.
Info: pin 'led[0]$tr_io' constrained to Bel 'X0/Y35/PIOC'.
Info: pin 'ftdi_txd$tr_io' constrained to Bel 'X0/Y89/PIOB'.
Info: pin 'ftdi_rxd$tr_io' constrained to Bel 'X0/Y56/PIOC'.
Info: pin 'CLK_clk_25mhz$tr_io' constrained to Bel 'X0/Y47/PIOA'.
Info: placed PLL 'clocks_pll.pll_i' at bel 'X1/Y4/EHXPLL_UL'
Info: Packing constants..
Info: Packing carries...
Info: Packing LUTs...
Info: Packing LUT5-7s...
Info: Packing FFs...
Info:     14089 FFs paired with LUTs.
Info: Generating derived timing constraints...
Info:     Input frequency of PLL 'clocks_pll.pll_i' is constrained to 25.0 MHz
Info:     Derived frequency constraint of 125.0 MHz for net clocks_pll.clk_125mhz
Info:     Derived frequency constraint of 100.0 MHz for net clocks_coreReset.CLK
Info:     Derived frequency constraint of 25.0 MHz for net clocks_pll.clk_25mhz
Info: Promoting globals...
Info:     promoting clock net clocks_coreReset.CLK to global network
Info:     promoting clock net CLK_clk_25mhz$TRELLIS_IO_IN to global network
Info: Checksum: 0x5e34e6b6

Info: Device utilisation:
Info: 	          TRELLIS_IO:      11/    365     3%
Info: 	                DCCA:       2/     56     3%
Info: 	              DP16KD:      49/    208    23%
Info: 	          MULT18X18D:       0/    156     0%
Info: 	              ALU54B:       0/     78     0%
Info: 	             EHXPLLL:       1/      4    25%
Info: 	             EXTREFB:       0/      2     0%
Info: 	                DCUA:       0/      2     0%
Info: 	           PCSCLKDIV:       0/      2     0%
Info: 	             IOLOGIC:       0/    224     0%
Info: 	            SIOLOGIC:       0/    141     0%
Info: 	                 GSR:       0/      1     0%
Info: 	               JTAGG:       0/      1     0%
Info: 	                OSCG:       0/      1     0%
Info: 	               SEDGA:       0/      1     0%
Info: 	                 DTR:       0/      1     0%
Info: 	             USRMCLK:       0/      1     0%
Info: 	             CLKDIVF:       0/      4     0%
Info: 	           ECLKSYNCB:       0/     10     0%
Info: 	             DLLDELD:       0/      8     0%
Info: 	              DDRDLL:       0/      4     0%
Info: 	             DQSBUFM:       0/     14     0%
Info: 	     TRELLIS_ECLKBUF:       0/      8     0%
Info: 	        ECLKBRIDGECS:       0/      2     0%
Info: 	                DCSC:       0/      2     0%
Info: 	          TRELLIS_FF:   46913/  83640    56%
Info: 	        TRELLIS_COMB:   45996/  83640    54%
Info: 	        TRELLIS_RAMW:     501/  10455     4%

Info: Placed 12 cells based on constraints.
Info: Creating initial analytic placement for 62949 cells, random placement wirelen = 6418596.
Info:     at initial placer iter 0, wirelen = 10179
Info:     at initial placer iter 1, wirelen = 10139
Info:     at initial placer iter 2, wirelen = 10106
Info:     at initial placer iter 3, wirelen = 10104
Info: Running main analytical placer.
Info:     at iteration #1, type ALL: wirelen solved = 10128, spread = 1027523, legal = 1420661; time = 71.59s
Info:     at iteration #2, type ALL: wirelen solved = 84190, spread = 339682, legal = 672436; time = 29.15s
Info:     at iteration #3, type ALL: wirelen solved = 117836, spread = 279470, legal = 583308; time = 24.06s
Info:     at iteration #4, type ALL: wirelen solved = 136064, spread = 254153, legal = 574921; time = 29.70s
Info:     at iteration #5, type ALL: wirelen solved = 148679, spread = 246368, legal = 535595; time = 23.73s
Info:     at iteration #6, type ALL: wirelen solved = 157455, spread = 238945, legal = 517427; time = 26.05s
Info:     at iteration #7, type ALL: wirelen solved = 166830, spread = 239202, legal = 528265; time = 35.01s
Info:     at iteration #8, type ALL: wirelen solved = 174873, spread = 244885, legal = 511308; time = 30.93s
Info:     at iteration #9, type ALL: wirelen solved = 184173, spread = 249777, legal = 503662; time = 27.54s
Info:     at iteration #10, type ALL: wirelen solved = 195379, spread = 254868, legal = 466868; time = 25.44s
Info:     at iteration #11, type ALL: wirelen solved = 201947, spread = 256340, legal = 449752; time = 24.39s
Info:     at iteration #12, type ALL: wirelen solved = 208092, spread = 258462, legal = 445462; time = 26.02s
Info:     at iteration #13, type ALL: wirelen solved = 216769, spread = 265982, legal = 436145; time = 23.46s
Info:     at iteration #14, type ALL: wirelen solved = 228497, spread = 275815, legal = 415473; time = 10.28s
