SWAY_INPUT_FRAME,0,0,319
SWAY_INPUT_FRAME,1,320,639
SWAY_INPUT_FRAME,2,640,5290
SWAY_OUTPUT,0,13,12988
SWAY_OUTPUT,1,13,12989
SWAY_OUTPUT,2,13,12990
SWAY_OUTPUT,3,13,12991
SWAY_OUTPUT,4,25,12992
SWAY_OUTPUT,5,36,12993
SWAY_OUTPUT,6,45,12994
SWAY_OUTPUT,7,2,12995
SWAY_OUTPUT,8,-6,12996
SWAY_OUTPUT,9,-12,12997
SWAY_OUTPUT,10,18,12998
SWAY_OUTPUT,11,21,12999
SWAY_OUTPUT,12,22,13000
SWAY_OUTPUT,13,23,13001
SWAY_OUTPUT,14,8,13002
SWAY_INPUT_FRAME,3,5291,13002
SWAY_OUTPUT,15,2,13003
SWAY_OUTPUT,16,-2,13004
SWAY_OUTPUT,17,-4,13005
SWAY_OUTPUT,18,13,13006
SWAY_OUTPUT,19,126,13007
SWAY_OUTPUT,20,127,13008
SWAY_OUTPUT,21,125,13009
SWAY_OUTPUT,22,126,13010
SWAY_OUTPUT,23,126,13011
SWAY_OUTPUT,24,127,13012
SWAY_OUTPUT,25,126,13013
SWAY_OUTPUT,26,124,13014
SWAY_OUTPUT,27,124,13015
SWAY_OUTPUT,28,121,13016
SWAY_OUTPUT,29,125,13017
SWAY_OUTPUT,30,124,13018
SWAY_OUTPUT,31,127,13019
SWAY_OUTPUT,32,120,13020
SWAY_OUTPUT,33,124,13021
SWAY_OUTPUT,34,125,13022
SWAY_OUTPUT,35,127,13023
SWAY_OUTPUT,36,123,13024
SWAY_OUTPUT,37,127,13025
SWAY_OUTPUT,38,-15,13026
SWAY_OUTPUT,39,6,13027
SWAY_OUTPUT,40,25,13028
SWAY_OUTPUT,41,34,13029
SWAY_OUTPUT,42,18,13030
SWAY_OUTPUT,43,12,13031
SWAY_OUTPUT,44,7,13032
SWAY_OUTPUT,45,17,13033
SWAY_OUTPUT,46,6,13034
SWAY_OUTPUT,47,-5,13035
SWAY_OUTPUT,48,-14,13036
SWAY_OUTPUT,49,-33,13037
SWAY_OUTPUT,50,-56,13038
SWAY_OUTPUT,51,-58,13039
SWAY_OUTPUT,52,-14,13040
SWAY_OUTPUT,53,-32,13041
SWAY_OUTPUT,54,-54,13042
SWAY_OUTPUT,55,-58,13043
SWAY_OUTPUT,56,20,13044
SWAY_FRAME,0,12988,13044
SWAY_OUTPUT,57,11,20700
SWAY_OUTPUT,58,11,20701
SWAY_OUTPUT,59,11,20702
SWAY_OUTPUT,60,11,20703
SWAY_OUTPUT,61,23,20704
SWAY_OUTPUT,62,32,20705
SWAY_OUTPUT,63,40,20706
SWAY_OUTPUT,64,-1,20707
SWAY_OUTPUT,65,-9,20708
SWAY_OUTPUT,66,-16,20709
SWAY_OUTPUT,67,16,20710
SWAY_OUTPUT,68,20,20711
SWAY_OUTPUT,69,22,20712
SWAY_OUTPUT,70,24,20713
SWAY_OUTPUT,71,6,20714
SWAY_INPUT_FRAME,4,13003,20714
SWAY_OUTPUT,72,1,20715
SWAY_OUTPUT,73,-3,20716
SWAY_OUTPUT,74,-5,20717
SWAY_OUTPUT,75,11,20718
SWAY_OUTPUT,76,126,20719
SWAY_OUTPUT,77,127,20720
SWAY_OUTPUT,78,126,20721
SWAY_OUTPUT,79,126,20722
SWAY_OUTPUT,80,126,20723
SWAY_OUTPUT,81,127,20724
SWAY_OUTPUT,82,125,20725
SWAY_OUTPUT,83,124,20726
SWAY_OUTPUT,84,125,20727
SWAY_OUTPUT,85,123,20728
SWAY_OUTPUT,86,124,20729
SWAY_OUTPUT,87,125,20730
SWAY_OUTPUT,88,126,20731
SWAY_OUTPUT,89,119,20732
SWAY_OUTPUT,90,124,20733
SWAY_OUTPUT,91,126,20734
SWAY_OUTPUT,92,127,20735
SWAY_OUTPUT,93,124,20736
SWAY_OUTPUT,94,127,20737
SWAY_OUTPUT,95,-10,20738
SWAY_OUTPUT,96,12,20739
SWAY_OUTPUT,97,32,20740
SWAY_OUTPUT,98,41,20741
SWAY_OUTPUT,99,24,20742
SWAY_OUTPUT,100,15,20743
SWAY_OUTPUT,101,7,20744
SWAY_OUTPUT,102,23,20745
SWAY_OUTPUT,103,13,20746
SWAY_OUTPUT,104,3,20747
SWAY_OUTPUT,105,-9,20748
SWAY_OUTPUT,106,-31,20749
SWAY_OUTPUT,107,-54,20750
SWAY_OUTPUT,108,-58,20751
SWAY_OUTPUT,109,-9,20752
SWAY_OUTPUT,110,-30,20753
SWAY_OUTPUT,111,-53,20754
SWAY_OUTPUT,112,-57,20755
SWAY_OUTPUT,113,27,20756
SWAY_FRAME,1,20700,20756
SWAY_OUTPUT,114,10,28412
SWAY_OUTPUT,115,10,28413
SWAY_OUTPUT,116,10,28414
SWAY_OUTPUT,117,10,28415
SWAY_OUTPUT,118,21,28416
SWAY_OUTPUT,119,29,28417
SWAY_OUTPUT,120,38,28418
SWAY_OUTPUT,121,-1,28419
SWAY_OUTPUT,122,-8,28420
SWAY_OUTPUT,123,-15,28421
SWAY_OUTPUT,124,16,28422
SWAY_OUTPUT,125,18,28423
SWAY_OUTPUT,126,19,28424
SWAY_OUTPUT,127,20,28425
SWAY_OUTPUT,128,6,28426
SWAY_INPUT_FRAME,5,20715,28426
SWAY_OUTPUT,129,3,28427
SWAY_OUTPUT,130,2,28428
SWAY_OUTPUT,131,1,28429
SWAY_OUTPUT,132,10,28430
SWAY_OUTPUT,133,127,28431
SWAY_OUTPUT,134,127,28432
SWAY_OUTPUT,135,127,28433
SWAY_OUTPUT,136,127,28434
SWAY_OUTPUT,137,127,28435
SWAY_OUTPUT,138,127,28436
SWAY_OUTPUT,139,127,28437
SWAY_OUTPUT,140,127,28438
SWAY_OUTPUT,141,127,28439
SWAY_OUTPUT,142,125,28440
SWAY_OUTPUT,143,127,28441
SWAY_OUTPUT,144,127,28442
SWAY_OUTPUT,145,127,28443
SWAY_OUTPUT,146,124,28444
SWAY_OUTPUT,147,127,28445
SWAY_OUTPUT,148,127,28446
SWAY_OUTPUT,149,127,28447
SWAY_OUTPUT,150,125,28448
SWAY_OUTPUT,151,127,28449
SWAY_OUTPUT,152,-18,28450
SWAY_OUTPUT,153,2,28451
SWAY_OUTPUT,154,22,28452
SWAY_OUTPUT,155,30,28453
SWAY_OUTPUT,156,14,28454
SWAY_OUTPUT,157,5,28455
SWAY_OUTPUT,158,-5,28456
SWAY_OUTPUT,159,14,28457
SWAY_OUTPUT,160,2,28458
SWAY_OUTPUT,161,-10,28459
SWAY_OUTPUT,162,-17,28460
SWAY_OUTPUT,163,-34,28461
SWAY_OUTPUT,164,-57,28462
SWAY_OUTPUT,165,-60,28463
SWAY_OUTPUT,166,-17,28464
SWAY_OUTPUT,167,-34,28465
SWAY_OUTPUT,168,-56,28466
SWAY_OUTPUT,169,-60,28467
SWAY_OUTPUT,170,17,28468
SWAY_FRAME,2,28412,28468
SWAY_OUTPUT,171,11,36124
SWAY_OUTPUT,172,10,36125
SWAY_OUTPUT,173,10,36126
SWAY_OUTPUT,174,10,36127
SWAY_OUTPUT,175,22,36128
SWAY_OUTPUT,176,32,36129
SWAY_OUTPUT,177,39,36130
SWAY_OUTPUT,178,-2,36131
SWAY_OUTPUT,179,-11,36132
SWAY_OUTPUT,180,-15,36133
SWAY_OUTPUT,181,16,36134
SWAY_OUTPUT,182,20,36135
SWAY_OUTPUT,183,22,36136
SWAY_OUTPUT,184,24,36137
SWAY_OUTPUT,185,6,36138
SWAY_INPUT_FRAME,6,28427,36138
SWAY_OUTPUT,186,3,36139
SWAY_OUTPUT,187,2,36140
SWAY_OUTPUT,188,0,36141
SWAY_OUTPUT,189,10,36142
SWAY_OUTPUT,190,125,36143
SWAY_OUTPUT,191,126,36144
SWAY_OUTPUT,192,126,36145
SWAY_OUTPUT,193,127,36146
SWAY_OUTPUT,194,127,36147
SWAY_OUTPUT,195,127,36148
SWAY_OUTPUT,196,125,36149
SWAY_OUTPUT,197,125,36150
SWAY_OUTPUT,198,125,36151
SWAY_OUTPUT,199,122,36152
SWAY_OUTPUT,200,123,36153
SWAY_OUTPUT,201,126,36154
SWAY_OUTPUT,202,126,36155
SWAY_OUTPUT,203,119,36156
SWAY_OUTPUT,204,123,36157
SWAY_OUTPUT,205,126,36158
SWAY_OUTPUT,206,127,36159
SWAY_OUTPUT,207,123,36160
SWAY_OUTPUT,208,127,36161
SWAY_OUTPUT,209,-7,36162
SWAY_OUTPUT,210,15,36163
SWAY_OUTPUT,211,36,36164
SWAY_OUTPUT,212,45,36165
SWAY_OUTPUT,213,28,36166
SWAY_OUTPUT,214,21,36167
SWAY_OUTPUT,215,16,36168
SWAY_OUTPUT,216,27,36169
SWAY_OUTPUT,217,18,36170
SWAY_OUTPUT,218,10,36171
SWAY_OUTPUT,219,-6,36172
SWAY_OUTPUT,220,-31,36173
SWAY_OUTPUT,221,-54,36174
SWAY_OUTPUT,222,-58,36175
SWAY_OUTPUT,223,-6,36176
SWAY_OUTPUT,224,-31,36177
SWAY_OUTPUT,225,-55,36178
SWAY_OUTPUT,226,-60,36179
SWAY_OUTPUT,227,31,36180
SWAY_FRAME,3,36124,36180
SWAY_OUTPUT,228,12,43836
SWAY_OUTPUT,229,14,43837
SWAY_OUTPUT,230,16,43838
SWAY_OUTPUT,231,14,43839
SWAY_OUTPUT,232,26,43840
SWAY_OUTPUT,233,38,43841
SWAY_OUTPUT,234,48,43842
SWAY_OUTPUT,235,3,43843
SWAY_OUTPUT,236,-12,43844
SWAY_OUTPUT,237,-28,43845
SWAY_OUTPUT,238,18,43846
SWAY_OUTPUT,239,21,43847
SWAY_OUTPUT,240,23,43848
SWAY_OUTPUT,241,24,43849
SWAY_OUTPUT,242,8,43850
SWAY_INPUT_FRAME,7,36139,43850
SWAY_OUTPUT,243,-5,43851
SWAY_OUTPUT,244,-15,43852
SWAY_OUTPUT,245,-18,43853
SWAY_OUTPUT,246,15,43854
SWAY_OUTPUT,247,127,43855
SWAY_OUTPUT,248,127,43856
SWAY_OUTPUT,249,126,43857
SWAY_OUTPUT,250,127,43858
SWAY_OUTPUT,251,124,43859
SWAY_OUTPUT,252,123,43860
SWAY_OUTPUT,253,120,43861
SWAY_OUTPUT,254,127,43862
SWAY_OUTPUT,255,127,43863
SWAY_OUTPUT,256,127,43864
SWAY_OUTPUT,257,127,43865
SWAY_OUTPUT,258,127,43866
SWAY_OUTPUT,259,127,43867
SWAY_OUTPUT,260,127,43868
SWAY_OUTPUT,261,127,43869
SWAY_OUTPUT,262,124,43870
SWAY_OUTPUT,263,124,43871
SWAY_OUTPUT,264,118,43872
SWAY_OUTPUT,265,127,43873
SWAY_OUTPUT,266,-12,43874
SWAY_OUTPUT,267,9,43875
SWAY_OUTPUT,268,29,43876
SWAY_OUTPUT,269,38,43877
SWAY_OUTPUT,270,20,43878
SWAY_OUTPUT,271,14,43879
SWAY_OUTPUT,272,9,43880
SWAY_OUTPUT,273,22,43881
SWAY_OUTPUT,274,20,43882
SWAY_OUTPUT,275,19,43883
SWAY_OUTPUT,276,-12,43884
SWAY_OUTPUT,277,-32,43885
SWAY_OUTPUT,278,-57,43886
SWAY_OUTPUT,279,-60,43887
SWAY_OUTPUT,280,-10,43888
SWAY_OUTPUT,281,-27,43889
SWAY_OUTPUT,282,-50,43890
SWAY_OUTPUT,283,-53,43891
SWAY_OUTPUT,284,24,43892
SWAY_FRAME,4,43836,43892
SWAY_OUTPUT,285,8,51548
SWAY_OUTPUT,286,7,51549
SWAY_OUTPUT,287,7,51550
SWAY_OUTPUT,288,7,51551
SWAY_OUTPUT,289,19,51552
SWAY_OUTPUT,290,33,51553
SWAY_OUTPUT,291,40,51554
SWAY_OUTPUT,292,-5,51555
SWAY_OUTPUT,293,-16,51556
SWAY_OUTPUT,294,-21,51557
SWAY_OUTPUT,295,13,51558
SWAY_OUTPUT,296,19,51559
SWAY_OUTPUT,297,24,51560
SWAY_OUTPUT,298,26,51561
SWAY_OUTPUT,299,3,51562
SWAY_INPUT_FRAME,8,43851,51562
SWAY_OUTPUT,300,-2,51563
SWAY_OUTPUT,301,-4,51564
SWAY_OUTPUT,302,-6,51565
SWAY_OUTPUT,303,8,51566
SWAY_OUTPUT,304,124,51567
SWAY_OUTPUT,305,125,51568
SWAY_OUTPUT,306,124,51569
SWAY_OUTPUT,307,125,51570
SWAY_OUTPUT,308,124,51571
SWAY_OUTPUT,309,126,51572
SWAY_OUTPUT,310,122,51573
SWAY_OUTPUT,311,123,51574
SWAY_OUTPUT,312,124,51575
SWAY_OUTPUT,313,121,51576
SWAY_OUTPUT,314,122,51577
SWAY_OUTPUT,315,123,51578
SWAY_OUTPUT,316,125,51579
SWAY_OUTPUT,317,117,51580
SWAY_OUTPUT,318,122,51581
SWAY_OUTPUT,319,122,51582
SWAY_OUTPUT,320,126,51583
SWAY_OUTPUT,321,121,51584
SWAY_OUTPUT,322,125,51585
SWAY_OUTPUT,323,-10,51586
SWAY_OUTPUT,324,12,51587
SWAY_OUTPUT,325,32,51588
SWAY_OUTPUT,326,41,51589
SWAY_OUTPUT,327,24,51590
SWAY_OUTPUT,328,22,51591
SWAY_OUTPUT,329,26,51592
SWAY_OUTPUT,330,23,51593
SWAY_OUTPUT,331,18,51594
SWAY_OUTPUT,332,17,51595
SWAY_OUTPUT,333,-9,51596
SWAY_OUTPUT,334,-31,51597
SWAY_OUTPUT,335,-54,51598
SWAY_OUTPUT,336,-57,51599
SWAY_OUTPUT,337,-9,51600
SWAY_OUTPUT,338,-30,51601
SWAY_OUTPUT,339,-54,51602
SWAY_OUTPUT,340,-58,51603
SWAY_OUTPUT,341,27,51604
SWAY_FRAME,5,51548,51604
SWAY_OUTPUT,342,7,59260
SWAY_OUTPUT,343,6,59261
SWAY_OUTPUT,344,5,59262
SWAY_OUTPUT,345,4,59263
SWAY_OUTPUT,346,17,59264
SWAY_OUTPUT,347,32,59265
SWAY_OUTPUT,348,42,59266
SWAY_OUTPUT,349,-7,59267
SWAY_OUTPUT,350,-20,59268
SWAY_OUTPUT,351,-29,59269
SWAY_OUTPUT,352,12,59270
SWAY_OUTPUT,353,21,59271
SWAY_OUTPUT,354,29,59272
SWAY_OUTPUT,355,32,59273
SWAY_OUTPUT,356,2,59274
SWAY_INPUT_FRAME,9,51563,59274
SWAY_OUTPUT,357,-5,59275
SWAY_OUTPUT,358,-7,59276
SWAY_OUTPUT,359,-9,59277
SWAY_OUTPUT,360,5,59278
SWAY_OUTPUT,361,127,59279
SWAY_OUTPUT,362,127,59280
SWAY_OUTPUT,363,127,59281
SWAY_OUTPUT,364,127,59282
SWAY_OUTPUT,365,127,59283
SWAY_OUTPUT,366,127,59284
SWAY_OUTPUT,367,124,59285
SWAY_OUTPUT,368,127,59286
SWAY_OUTPUT,369,127,59287
SWAY_OUTPUT,370,126,59288
SWAY_OUTPUT,371,127,59289
SWAY_OUTPUT,372,127,59290
SWAY_OUTPUT,373,127,59291
SWAY_OUTPUT,374,123,59292
SWAY_OUTPUT,375,127,59293
SWAY_OUTPUT,376,126,59294
SWAY_OUTPUT,377,127,59295
SWAY_OUTPUT,378,123,59296
SWAY_OUTPUT,379,127,59297
SWAY_OUTPUT,380,-11,59298
SWAY_OUTPUT,381,10,59299
SWAY_OUTPUT,382,30,59300
SWAY_OUTPUT,383,39,59301
SWAY_OUTPUT,384,23,59302
SWAY_OUTPUT,385,21,59303
SWAY_OUTPUT,386,23,59304
SWAY_OUTPUT,387,22,59305
SWAY_OUTPUT,388,18,59306
SWAY_OUTPUT,389,16,59307
SWAY_OUTPUT,390,-10,59308
SWAY_OUTPUT,391,-29,59309
SWAY_OUTPUT,392,-53,59310
SWAY_OUTPUT,393,-57,59311
SWAY_OUTPUT,394,-10,59312
SWAY_OUTPUT,395,-30,59313
SWAY_OUTPUT,396,-55,59314
SWAY_OUTPUT,397,-59,59315
SWAY_OUTPUT,398,25,59316
SWAY_FRAME,6,59260,59316
SWAY_OUTPUT,399,18,66972
SWAY_OUTPUT,400,19,66973
SWAY_OUTPUT,401,20,66974
SWAY_OUTPUT,402,21,66975
SWAY_OUTPUT,403,31,66976
SWAY_OUTPUT,404,41,66977
SWAY_OUTPUT,405,50,66978
SWAY_OUTPUT,406,9,66979
SWAY_OUTPUT,407,-4,66980
SWAY_OUTPUT,408,-16,66981
SWAY_OUTPUT,409,24,66982
SWAY_OUTPUT,410,27,66983
SWAY_OUTPUT,411,25,66984
SWAY_OUTPUT,412,27,66985
SWAY_OUTPUT,413,13,66986
SWAY_INPUT_FRAME,10,59275,66986
SWAY_OUTPUT,414,5,66987
SWAY_OUTPUT,415,-4,66988
SWAY_OUTPUT,416,-7,66989
SWAY_OUTPUT,417,20,66990
SWAY_OUTPUT,418,125,66991
SWAY_OUTPUT,419,126,66992
SWAY_OUTPUT,420,124,66993
SWAY_OUTPUT,421,125,66994
SWAY_OUTPUT,422,124,66995
SWAY_OUTPUT,423,127,66996
SWAY_OUTPUT,424,124,66997
SWAY_OUTPUT,425,123,66998
SWAY_OUTPUT,426,124,66999
SWAY_OUTPUT,427,122,67000
SWAY_OUTPUT,428,124,67001
SWAY_OUTPUT,429,122,67002
SWAY_OUTPUT,430,126,67003
SWAY_OUTPUT,431,119,67004
SWAY_OUTPUT,432,124,67005
SWAY_OUTPUT,433,125,67006
SWAY_OUTPUT,434,127,67007
SWAY_OUTPUT,435,123,67008
SWAY_OUTPUT,436,125,67009
SWAY_OUTPUT,437,-15,67010
SWAY_OUTPUT,438,6,67011
SWAY_OUTPUT,439,26,67012
SWAY_OUTPUT,440,34,67013
SWAY_OUTPUT,441,17,67014
SWAY_OUTPUT,442,9,67015
SWAY_OUTPUT,443,0,67016
SWAY_OUTPUT,444,18,67017
SWAY_OUTPUT,445,12,67018
SWAY_OUTPUT,446,5,67019
SWAY_OUTPUT,447,-14,67020
SWAY_OUTPUT,448,-33,67021
SWAY_OUTPUT,449,-56,67022
SWAY_OUTPUT,450,-59,67023
SWAY_OUTPUT,451,-13,67024
SWAY_OUTPUT,452,-31,67025
SWAY_OUTPUT,453,-52,67026
SWAY_OUTPUT,454,-55,67027
SWAY_OUTPUT,455,21,67028
SWAY_FRAME,7,66972,67028
SWAY_OUTPUT,456,10,74684
SWAY_OUTPUT,457,10,74685
SWAY_OUTPUT,458,10,74686
SWAY_OUTPUT,459,10,74687
SWAY_OUTPUT,460,22,74688
SWAY_OUTPUT,461,32,74689
SWAY_OUTPUT,462,36,74690
SWAY_OUTPUT,463,-2,74691
SWAY_OUTPUT,464,-16,74692
SWAY_OUTPUT,465,-23,74693
SWAY_OUTPUT,466,15,74694
SWAY_OUTPUT,467,19,74695
SWAY_OUTPUT,468,22,74696
SWAY_OUTPUT,469,24,74697
SWAY_OUTPUT,470,5,74698
SWAY_INPUT_FRAME,11,66987,74698
SWAY_OUTPUT,471,-1,74699
SWAY_OUTPUT,472,-3,74700
SWAY_OUTPUT,473,-5,74701
SWAY_OUTPUT,474,10,74702
SWAY_OUTPUT,475,124,74703
SWAY_OUTPUT,476,124,74704
SWAY_OUTPUT,477,123,74705
SWAY_OUTPUT,478,124,74706
SWAY_OUTPUT,479,123,74707
SWAY_OUTPUT,480,125,74708
SWAY_OUTPUT,481,120,74709
SWAY_OUTPUT,482,123,74710
SWAY_OUTPUT,483,123,74711
SWAY_OUTPUT,484,121,74712
SWAY_OUTPUT,485,122,74713
SWAY_OUTPUT,486,122,74714
SWAY_OUTPUT,487,125,74715
SWAY_OUTPUT,488,117,74716
SWAY_OUTPUT,489,122,74717
SWAY_OUTPUT,490,122,74718
SWAY_OUTPUT,491,125,74719
SWAY_OUTPUT,492,120,74720
SWAY_OUTPUT,493,124,74721
SWAY_OUTPUT,494,-10,74722
SWAY_OUTPUT,495,12,74723
SWAY_OUTPUT,496,32,74724
SWAY_OUTPUT,497,41,74725
SWAY_OUTPUT,498,24,74726
SWAY_OUTPUT,499,17,74727
SWAY_OUTPUT,500,17,74728
SWAY_OUTPUT,501,24,74729
SWAY_OUTPUT,502,22,74730
SWAY_OUTPUT,503,25,74731
SWAY_OUTPUT,504,-9,74732
SWAY_OUTPUT,505,-32,74733
SWAY_OUTPUT,506,-55,74734
SWAY_OUTPUT,507,-59,74735
SWAY_OUTPUT,508,-9,74736
SWAY_OUTPUT,509,-31,74737
SWAY_OUTPUT,510,-54,74738
SWAY_OUTPUT,511,-59,74739
SWAY_OUTPUT,512,27,74740
SWAY_FRAME,8,74684,74740
SWAY_OUTPUT,513,47,82396
SWAY_OUTPUT,514,49,82397
SWAY_OUTPUT,515,52,82398
SWAY_OUTPUT,516,51,82399
SWAY_OUTPUT,517,57,82400
SWAY_OUTPUT,518,52,82401
SWAY_OUTPUT,519,71,82402
SWAY_OUTPUT,520,42,82403
SWAY_OUTPUT,521,49,82404
SWAY_OUTPUT,522,7,82405
SWAY_OUTPUT,523,52,82406
SWAY_OUTPUT,524,46,82407
SWAY_OUTPUT,525,34,82408
SWAY_OUTPUT,526,36,82409
SWAY_OUTPUT,527,43,82410
SWAY_INPUT_FRAME,12,74699,82410
SWAY_OUTPUT,528,49,82411
SWAY_OUTPUT,529,40,82412
SWAY_OUTPUT,530,40,82413
SWAY_OUTPUT,531,51,82414
SWAY_OUTPUT,532,127,82415
SWAY_OUTPUT,533,127,82416
SWAY_OUTPUT,534,127,82417
SWAY_OUTPUT,535,127,82418
SWAY_OUTPUT,536,127,82419
SWAY_OUTPUT,537,127,82420
SWAY_OUTPUT,538,127,82421
SWAY_OUTPUT,539,127,82422
SWAY_OUTPUT,540,127,82423
SWAY_OUTPUT,541,127,82424
SWAY_OUTPUT,542,127,82425
SWAY_OUTPUT,543,127,82426
SWAY_OUTPUT,544,127,82427
SWAY_OUTPUT,545,127,82428
SWAY_OUTPUT,546,127,82429
SWAY_OUTPUT,547,127,82430
SWAY_OUTPUT,548,127,82431
SWAY_OUTPUT,549,127,82432
SWAY_OUTPUT,550,127,82433
SWAY_OUTPUT,551,23,82434
SWAY_OUTPUT,552,58,82435
SWAY_OUTPUT,553,90,82436
SWAY_OUTPUT,554,104,82437
SWAY_OUTPUT,555,64,82438
SWAY_OUTPUT,556,27,82439
SWAY_OUTPUT,557,3,82440
SWAY_OUTPUT,558,69,82441
SWAY_OUTPUT,559,1,82442
SWAY_OUTPUT,560,-45,82443
SWAY_OUTPUT,561,23,82444
SWAY_OUTPUT,562,-36,82445
SWAY_OUTPUT,563,-94,82446
SWAY_OUTPUT,564,-111,82447
SWAY_OUTPUT,565,25,82448
SWAY_OUTPUT,566,-40,82449
SWAY_OUTPUT,567,-84,82450
SWAY_OUTPUT,568,-90,82451
SWAY_OUTPUT,569,81,82452
SWAY_FRAME,9,82396,82452
SWAY_OUTPUT,570,0,90108
SWAY_OUTPUT,571,3,90109
SWAY_OUTPUT,572,6,90110
SWAY_OUTPUT,573,8,90111
SWAY_OUTPUT,574,20,90112
SWAY_OUTPUT,575,18,90113
SWAY_OUTPUT,576,-24,90114
SWAY_OUTPUT,577,-6,90115
SWAY_OUTPUT,578,-17,90116
SWAY_OUTPUT,579,14,90117
SWAY_OUTPUT,580,5,90118
SWAY_OUTPUT,581,-2,90119
SWAY_OUTPUT,582,-2,90120
SWAY_OUTPUT,583,-8,90121
SWAY_OUTPUT,584,-4,90122
SWAY_INPUT_FRAME,13,82411,90122
SWAY_OUTPUT,585,-26,90123
SWAY_OUTPUT,586,-29,90124
SWAY_OUTPUT,587,-35,90125
SWAY_OUTPUT,588,5,90126
SWAY_OUTPUT,589,20,90127
SWAY_OUTPUT,590,19,90128
SWAY_OUTPUT,591,18,90129
SWAY_OUTPUT,592,17,90130
SWAY_OUTPUT,593,30,90131
SWAY_OUTPUT,594,43,90132
SWAY_OUTPUT,595,46,90133
SWAY_OUTPUT,596,17,90134
SWAY_OUTPUT,597,21,90135
SWAY_OUTPUT,598,34,90136
SWAY_OUTPUT,599,20,90137
SWAY_OUTPUT,600,21,90138
SWAY_OUTPUT,601,20,90139
SWAY_OUTPUT,602,0,90140
SWAY_OUTPUT,603,16,90141
SWAY_OUTPUT,604,4,90142
SWAY_OUTPUT,605,27,90143
SWAY_OUTPUT,606,37,90144
SWAY_OUTPUT,607,19,90145
SWAY_OUTPUT,608,-13,90146
SWAY_OUTPUT,609,5,90147
SWAY_OUTPUT,610,23,90148
SWAY_OUTPUT,611,30,90149
SWAY_OUTPUT,612,18,90150
SWAY_OUTPUT,613,13,90151
SWAY_OUTPUT,614,-7,90152
SWAY_OUTPUT,615,12,90153
SWAY_OUTPUT,616,15,90154
SWAY_OUTPUT,617,3,90155
SWAY_OUTPUT,618,-13,90156
SWAY_OUTPUT,619,-36,90157
SWAY_OUTPUT,620,-27,90158
SWAY_OUTPUT,621,-18,90159
SWAY_OUTPUT,622,-12,90160
SWAY_OUTPUT,623,-20,90161
SWAY_OUTPUT,624,-20,90162
SWAY_OUTPUT,625,-28,90163
SWAY_OUTPUT,626,19,90164
SWAY_FRAME,10,90108,90164
SWAY_OUTPUT,627,13,97820
SWAY_OUTPUT,628,10,97821
SWAY_OUTPUT,629,10,97822
SWAY_OUTPUT,630,11,97823
SWAY_OUTPUT,631,15,97824
SWAY_OUTPUT,632,30,97825
SWAY_OUTPUT,633,69,97826
SWAY_OUTPUT,634,6,97827
SWAY_OUTPUT,635,4,97828
SWAY_OUTPUT,636,-10,97829
SWAY_OUTPUT,637,18,97830
SWAY_OUTPUT,638,7,97831
SWAY_OUTPUT,639,21,97832
SWAY_OUTPUT,640,29,97833
SWAY_OUTPUT,641,9,97834
SWAY_OUTPUT,642,31,97835
SWAY_OUTPUT,643,35,97836
SWAY_OUTPUT,644,36,97837
SWAY_OUTPUT,645,11,97838
SWAY_OUTPUT,646,127,97839
SWAY_OUTPUT,647,127,97840
SWAY_OUTPUT,648,127,97841
SWAY_OUTPUT,649,127,97842
SWAY_OUTPUT,650,127,97843
SWAY_OUTPUT,651,127,97844
SWAY_OUTPUT,652,127,97845
SWAY_OUTPUT,653,127,97846
SWAY_OUTPUT,654,127,97847
SWAY_OUTPUT,655,127,97848
SWAY_OUTPUT,656,127,97849
SWAY_OUTPUT,657,127,97850
SWAY_OUTPUT,658,127,97851
SWAY_OUTPUT,659,127,97852
SWAY_OUTPUT,660,127,97853
SWAY_OUTPUT,661,127,97854
SWAY_OUTPUT,662,127,97855
SWAY_OUTPUT,663,127,97856
SWAY_OUTPUT,664,127,97857
SWAY_OUTPUT,665,-30,97858
SWAY_OUTPUT,666,-12,97859
SWAY_OUTPUT,667,5,97860
SWAY_OUTPUT,668,10,97861
SWAY_OUTPUT,669,1,97862
SWAY_OUTPUT,670,6,97863
SWAY_OUTPUT,671,2,97864
SWAY_OUTPUT,672,-2,97865
SWAY_OUTPUT,673,-20,97866
SWAY_OUTPUT,674,-51,97867
SWAY_OUTPUT,675,-29,97868
SWAY_OUTPUT,676,-40,97869
SWAY_OUTPUT,677,-68,97870
SWAY_OUTPUT,678,-73,97871
SWAY_OUTPUT,679,-29,97872
SWAY_OUTPUT,680,-37,97873
SWAY_OUTPUT,681,-61,97874
SWAY_OUTPUT,682,-70,97875
SWAY_OUTPUT,683,0,97876
SWAY_FRAME,11,97820,97876
SWAY_OUTPUT,684,13,105532
SWAY_OUTPUT,685,13,105533
SWAY_OUTPUT,686,13,105534
SWAY_OUTPUT,687,13,105535
SWAY_OUTPUT,688,25,105536
SWAY_OUTPUT,689,36,105537
SWAY_OUTPUT,690,45,105538
SWAY_OUTPUT,691,2,105539
SWAY_OUTPUT,692,-6,105540
SWAY_OUTPUT,693,-12,105541
SWAY_OUTPUT,694,18,105542
SWAY_OUTPUT,695,21,105543
SWAY_OUTPUT,696,22,105544
SWAY_OUTPUT,697,23,105545
SWAY_OUTPUT,698,8,105546
SWAY_OUTPUT,699,2,105547
SWAY_OUTPUT,700,-2,105548
SWAY_OUTPUT,701,-4,105549
SWAY_OUTPUT,702,13,105550
SWAY_OUTPUT,703,126,105551
SWAY_OUTPUT,704,127,105552
SWAY_OUTPUT,705,125,105553
SWAY_OUTPUT,706,126,105554
SWAY_OUTPUT,707,126,105555
SWAY_OUTPUT,708,127,105556
SWAY_OUTPUT,709,126,105557
SWAY_OUTPUT,710,124,105558
SWAY_OUTPUT,711,124,105559
SWAY_OUTPUT,712,121,105560
SWAY_OUTPUT,713,125,105561
SWAY_OUTPUT,714,124,105562
SWAY_OUTPUT,715,127,105563
SWAY_OUTPUT,716,120,105564
SWAY_OUTPUT,717,124,105565
SWAY_OUTPUT,718,125,105566
SWAY_OUTPUT,719,127,105567
SWAY_OUTPUT,720,123,105568
SWAY_OUTPUT,721,127,105569
SWAY_OUTPUT,722,-15,105570
SWAY_OUTPUT,723,6,105571
SWAY_OUTPUT,724,25,105572
SWAY_OUTPUT,725,34,105573
SWAY_OUTPUT,726,18,105574
SWAY_OUTPUT,727,12,105575
SWAY_OUTPUT,728,7,105576
SWAY_OUTPUT,729,17,105577
SWAY_OUTPUT,730,6,105578
SWAY_OUTPUT,731,-5,105579
SWAY_OUTPUT,732,-14,105580
SWAY_OUTPUT,733,-33,105581
SWAY_OUTPUT,734,-56,105582
SWAY_OUTPUT,735,-58,105583
SWAY_OUTPUT,736,-14,105584
SWAY_OUTPUT,737,-32,105585
SWAY_OUTPUT,738,-54,105586
SWAY_OUTPUT,739,-58,105587
SWAY_OUTPUT,740,20,105588
SWAY_FRAME,12,105532,105588
SWAY_OUTPUT,741,13,113244
SWAY_OUTPUT,742,13,113245
SWAY_OUTPUT,743,13,113246
SWAY_OUTPUT,744,13,113247
SWAY_OUTPUT,745,25,113248
SWAY_OUTPUT,746,36,113249
SWAY_OUTPUT,747,45,113250
SWAY_OUTPUT,748,2,113251
SWAY_OUTPUT,749,-6,113252
SWAY_OUTPUT,750,-12,113253
SWAY_OUTPUT,751,18,113254
SWAY_OUTPUT,752,21,113255
SWAY_OUTPUT,753,22,113256
SWAY_OUTPUT,754,23,113257
SWAY_OUTPUT,755,8,113258
SWAY_OUTPUT,756,2,113259
SWAY_OUTPUT,757,-2,113260
SWAY_OUTPUT,758,-4,113261
SWAY_OUTPUT,759,13,113262
SWAY_OUTPUT,760,126,113263
SWAY_OUTPUT,761,127,113264
SWAY_OUTPUT,762,125,113265
SWAY_OUTPUT,763,126,113266
SWAY_OUTPUT,764,126,113267
SWAY_OUTPUT,765,127,113268
SWAY_OUTPUT,766,126,113269
SWAY_OUTPUT,767,124,113270
SWAY_OUTPUT,768,124,113271
SWAY_OUTPUT,769,121,113272
SWAY_OUTPUT,770,125,113273
SWAY_OUTPUT,771,124,113274
SWAY_OUTPUT,772,127,113275
SWAY_OUTPUT,773,120,113276
SWAY_OUTPUT,774,124,113277
SWAY_OUTPUT,775,125,113278
SWAY_OUTPUT,776,127,113279
SWAY_OUTPUT,777,123,113280
SWAY_OUTPUT,778,127,113281
SWAY_OUTPUT,779,-15,113282
SWAY_OUTPUT,780,6,113283
SWAY_OUTPUT,781,25,113284
SWAY_OUTPUT,782,34,113285
SWAY_OUTPUT,783,18,113286
SWAY_OUTPUT,784,12,113287
SWAY_OUTPUT,785,7,113288
SWAY_OUTPUT,786,17,113289
SWAY_OUTPUT,787,6,113290
SWAY_OUTPUT,788,-5,113291
SWAY_OUTPUT,789,-14,113292
SWAY_OUTPUT,790,-33,113293
SWAY_OUTPUT,791,-56,113294
SWAY_OUTPUT,792,-58,113295
SWAY_OUTPUT,793,-14,113296
SWAY_OUTPUT,794,-32,113297
SWAY_OUTPUT,795,-54,113298
SWAY_OUTPUT,796,-58,113299
SWAY_OUTPUT,797,20,113300
SWAY_FRAME,13,113244,113300
SWAY_PASS frames=14 outputs=798 cycles=115349 drain_cycles=2048
