SWAY_INPUT_FRAME,0,2,363
SWAY_INPUT_FRAME,1,364,725
SWAY_INPUT_FRAME,2,726,7883
SWAY_INPUT_FRAME,3,7884,17939
SWAY_OUTPUT,0,7,19133
SWAY_STALL,0,19134,27326
SWAY_OUTPUT,1,7,27326
SWAY_OUTPUT,2,6,27327
SWAY_OUTPUT,3,6,27328
SWAY_OUTPUT,4,12,27329
SWAY_OUTPUT,5,16,27330
SWAY_OUTPUT,6,19,27331
SWAY_OUTPUT,7,1,27332
SWAY_OUTPUT,8,-2,27333
SWAY_OUTPUT,9,-3,27334
SWAY_OUTPUT,10,9,27336
SWAY_OUTPUT,11,10,27337
SWAY_OUTPUT,12,11,27338
SWAY_OUTPUT,13,11,27339
SWAY_OUTPUT,14,4,27340
SWAY_OUTPUT,15,2,27341
SWAY_OUTPUT,16,0,27342
SWAY_OUTPUT,17,0,27343
SWAY_OUTPUT,18,7,27344
SWAY_OUTPUT,19,63,27345
SWAY_OUTPUT,20,63,27347
SWAY_OUTPUT,21,63,27348
SWAY_OUTPUT,22,62,27349
SWAY_OUTPUT,23,62,27350
SWAY_OUTPUT,24,63,27351
SWAY_OUTPUT,25,61,27352
SWAY_OUTPUT,26,62,27353
SWAY_OUTPUT,27,63,27354
SWAY_OUTPUT,28,61,27355
SWAY_OUTPUT,29,62,27356
SWAY_OUTPUT,30,62,27358
SWAY_OUTPUT,31,63,27359
SWAY_OUTPUT,32,61,27360
SWAY_OUTPUT,33,62,27361
SWAY_OUTPUT,34,62,27362
SWAY_OUTPUT,35,63,27363
SWAY_OUTPUT,36,60,27364
SWAY_OUTPUT,37,63,27365
SWAY_OUTPUT,38,-7,27366
SWAY_OUTPUT,39,2,27367
SWAY_OUTPUT,40,13,27369
SWAY_OUTPUT,41,17,27370
SWAY_OUTPUT,42,9,27371
SWAY_OUTPUT,43,5,27372
SWAY_OUTPUT,44,2,27373
SWAY_OUTPUT,45,9,27374
SWAY_OUTPUT,46,2,27375
SWAY_OUTPUT,47,-4,27376
SWAY_OUTPUT,48,-7,27377
SWAY_OUTPUT,49,-17,27378
SWAY_OUTPUT,50,-28,27380
SWAY_OUTPUT,51,-29,27381
SWAY_OUTPUT,52,-7,27382
SWAY_OUTPUT,53,-16,27383
SWAY_OUTPUT,54,-27,27384
SWAY_OUTPUT,55,-29,27385
SWAY_OUTPUT,56,10,27386
SWAY_FRAME,0,19133,27386
SWAY_INPUT_FRAME,4,17940,27995
SWAY_OUTPUT,57,7,29189
SWAY_STALL,1,29190,37382
SWAY_OUTPUT,58,8,37382
SWAY_OUTPUT,59,8,37383
SWAY_OUTPUT,60,8,37384
SWAY_OUTPUT,61,13,37385
SWAY_OUTPUT,62,17,37386
SWAY_OUTPUT,63,20,37387
SWAY_OUTPUT,64,2,37388
SWAY_OUTPUT,65,-2,37390
SWAY_OUTPUT,66,-5,37391
SWAY_OUTPUT,67,10,37392
SWAY_OUTPUT,68,11,37393
SWAY_OUTPUT,69,10,37394
SWAY_OUTPUT,70,11,37395
SWAY_OUTPUT,71,5,37396
SWAY_OUTPUT,72,3,37397
SWAY_OUTPUT,73,0,37398
SWAY_OUTPUT,74,0,37399
SWAY_OUTPUT,75,8,37401
SWAY_OUTPUT,76,62,37402
SWAY_OUTPUT,77,62,37403
SWAY_OUTPUT,78,62,37404
SWAY_OUTPUT,79,62,37405
SWAY_OUTPUT,80,62,37406
SWAY_OUTPUT,81,62,37407
SWAY_OUTPUT,82,60,37408
SWAY_OUTPUT,83,61,37409
SWAY_OUTPUT,84,61,37410
SWAY_OUTPUT,85,60,37412
SWAY_OUTPUT,86,61,37413
SWAY_OUTPUT,87,60,37414
SWAY_OUTPUT,88,62,37415
SWAY_OUTPUT,89,59,37416
SWAY_OUTPUT,90,61,37417
SWAY_OUTPUT,91,61,37418
SWAY_OUTPUT,92,64,37419
SWAY_OUTPUT,93,60,37420
SWAY_OUTPUT,94,62,37421
SWAY_OUTPUT,95,-6,37423
SWAY_OUTPUT,96,4,37424
SWAY_OUTPUT,97,14,37425
SWAY_OUTPUT,98,18,37426
SWAY_OUTPUT,99,10,37427
SWAY_OUTPUT,100,6,37428
SWAY_OUTPUT,101,-1,37429
SWAY_OUTPUT,102,10,37430
SWAY_OUTPUT,103,4,37431
SWAY_OUTPUT,104,-1,37432
SWAY_OUTPUT,105,-5,37434
SWAY_OUTPUT,106,-16,37435
SWAY_OUTPUT,107,-26,37436
SWAY_OUTPUT,108,-29,37437
SWAY_OUTPUT,109,-6,37438
SWAY_OUTPUT,110,-15,37439
SWAY_OUTPUT,111,-26,37440
SWAY_OUTPUT,112,-28,37441
SWAY_OUTPUT,113,11,37442
SWAY_FRAME,1,29189,37442
SWAY_INPUT_FRAME,5,27996,38051
SWAY_OUTPUT,114,8,39245
SWAY_STALL,2,39246,47438
SWAY_OUTPUT,115,9,47438
SWAY_OUTPUT,116,8,47439
SWAY_OUTPUT,117,9,47440
SWAY_OUTPUT,118,13,47441
SWAY_OUTPUT,119,16,47442
SWAY_OUTPUT,120,15,47444
SWAY_OUTPUT,121,4,47445
SWAY_OUTPUT,122,1,47446
SWAY_OUTPUT,123,0,47447
SWAY_OUTPUT,124,10,47448
SWAY_OUTPUT,125,10,47449
SWAY_OUTPUT,126,8,47450
SWAY_OUTPUT,127,8,47451
SWAY_OUTPUT,128,6,47452
SWAY_OUTPUT,129,4,47453
SWAY_OUTPUT,130,2,47455
SWAY_OUTPUT,131,1,47456
SWAY_OUTPUT,132,9,47457
SWAY_OUTPUT,133,63,47458
SWAY_OUTPUT,134,63,47459
SWAY_OUTPUT,135,63,47460
SWAY_OUTPUT,136,63,47461
SWAY_OUTPUT,137,62,47462
SWAY_OUTPUT,138,62,47463
SWAY_OUTPUT,139,60,47464
SWAY_OUTPUT,140,62,47466
SWAY_OUTPUT,141,64,47467
SWAY_OUTPUT,142,62,47468
SWAY_OUTPUT,143,62,47469
SWAY_OUTPUT,144,62,47470
SWAY_OUTPUT,145,63,47471
SWAY_OUTPUT,146,62,47472
SWAY_OUTPUT,147,62,47473
SWAY_OUTPUT,148,62,47474
SWAY_OUTPUT,149,63,47475
SWAY_OUTPUT,150,59,47477
SWAY_OUTPUT,151,63,47478
SWAY_OUTPUT,152,-8,47479
SWAY_OUTPUT,153,2,47480
SWAY_OUTPUT,154,13,47481
SWAY_OUTPUT,155,17,47482
SWAY_OUTPUT,156,9,47483
SWAY_OUTPUT,157,2,47484
SWAY_OUTPUT,158,-4,47485
SWAY_OUTPUT,159,8,47486
SWAY_OUTPUT,160,2,47488
SWAY_OUTPUT,161,-4,47489
SWAY_OUTPUT,162,-7,47490
SWAY_OUTPUT,163,-17,47491
SWAY_OUTPUT,164,-28,47492
SWAY_OUTPUT,165,-30,47493
SWAY_OUTPUT,166,-7,47494
SWAY_OUTPUT,167,-16,47495
SWAY_OUTPUT,168,-26,47496
SWAY_OUTPUT,169,-29,47497
SWAY_OUTPUT,170,10,47499
SWAY_FRAME,2,39245,47499
SWAY_INPUT_FRAME,6,38052,48107
SWAY_OUTPUT,171,7,49301
SWAY_STALL,3,49302,57494
SWAY_OUTPUT,172,7,57494
SWAY_OUTPUT,173,6,57495
SWAY_OUTPUT,174,7,57496
SWAY_OUTPUT,175,13,57498
SWAY_OUTPUT,176,17,57499
SWAY_OUTPUT,177,20,57500
SWAY_OUTPUT,178,1,57501
SWAY_OUTPUT,179,-3,57502
SWAY_OUTPUT,180,-4,57503
SWAY_OUTPUT,181,10,57504
SWAY_OUTPUT,182,11,57505
SWAY_OUTPUT,183,13,57506
SWAY_OUTPUT,184,13,57507
SWAY_OUTPUT,185,5,57509
SWAY_OUTPUT,186,4,57510
SWAY_OUTPUT,187,2,57511
SWAY_OUTPUT,188,2,57512
SWAY_OUTPUT,189,7,57513
SWAY_OUTPUT,190,62,57514
SWAY_OUTPUT,191,62,57515
SWAY_OUTPUT,192,62,57516
SWAY_OUTPUT,193,61,57517
SWAY_OUTPUT,194,63,57518
SWAY_OUTPUT,195,65,57520
SWAY_OUTPUT,196,62,57521
SWAY_OUTPUT,197,60,57522
SWAY_OUTPUT,198,59,57523
SWAY_OUTPUT,199,57,57524
SWAY_OUTPUT,200,60,57525
SWAY_OUTPUT,201,60,57526
SWAY_OUTPUT,202,59,57527
SWAY_OUTPUT,203,56,57528
SWAY_OUTPUT,204,60,57529
SWAY_OUTPUT,205,63,57531
SWAY_OUTPUT,206,65,57532
SWAY_OUTPUT,207,62,57533
SWAY_OUTPUT,208,62,57534
SWAY_OUTPUT,209,-3,57535
SWAY_OUTPUT,210,7,57536
SWAY_OUTPUT,211,17,57537
SWAY_OUTPUT,212,22,57538
SWAY_OUTPUT,213,14,57539
SWAY_OUTPUT,214,10,57540
SWAY_OUTPUT,215,8,57542
SWAY_OUTPUT,216,14,57543
SWAY_OUTPUT,217,8,57544
SWAY_OUTPUT,218,4,57545
SWAY_OUTPUT,219,-2,57546
SWAY_OUTPUT,220,-15,57547
SWAY_OUTPUT,221,-26,57548
SWAY_OUTPUT,222,-28,57549
SWAY_OUTPUT,223,-3,57550
SWAY_OUTPUT,224,-15,57551
SWAY_OUTPUT,225,-26,57553
SWAY_OUTPUT,226,-28,57554
SWAY_OUTPUT,227,15,57555
SWAY_FRAME,3,49301,57555
SWAY_INPUT_FRAME,7,48108,58163
SWAY_OUTPUT,228,8,59357
SWAY_STALL,4,59358,67550
SWAY_OUTPUT,229,9,67550
SWAY_OUTPUT,230,9,67552
SWAY_OUTPUT,231,9,67553
SWAY_OUTPUT,232,14,67554
SWAY_OUTPUT,233,20,67555
SWAY_OUTPUT,234,23,67556
SWAY_OUTPUT,235,3,67557
SWAY_OUTPUT,236,-4,67558
SWAY_OUTPUT,237,-9,67559
SWAY_OUTPUT,238,11,67560
SWAY_OUTPUT,239,13,67561
SWAY_OUTPUT,240,13,67563
SWAY_OUTPUT,241,14,67564
SWAY_OUTPUT,242,6,67565
SWAY_OUTPUT,243,0,67566
SWAY_OUTPUT,244,-5,67567
SWAY_OUTPUT,245,-5,67568
SWAY_OUTPUT,246,9,67569
SWAY_OUTPUT,247,62,67570
SWAY_OUTPUT,248,61,67571
SWAY_OUTPUT,249,60,67572
SWAY_OUTPUT,250,59,67574
SWAY_OUTPUT,251,59,67575
SWAY_OUTPUT,252,59,67576
SWAY_OUTPUT,253,58,67577
SWAY_OUTPUT,254,60,67578
SWAY_OUTPUT,255,60,67579
SWAY_OUTPUT,256,59,67580
SWAY_OUTPUT,257,60,67581
SWAY_OUTPUT,258,58,67582
SWAY_OUTPUT,259,61,67583
SWAY_OUTPUT,260,59,67585
SWAY_OUTPUT,261,61,67586
SWAY_OUTPUT,262,59,67587
SWAY_OUTPUT,263,61,67588
SWAY_OUTPUT,264,58,67589
SWAY_OUTPUT,265,60,67590
SWAY_OUTPUT,266,-8,67591
SWAY_OUTPUT,267,2,67592
SWAY_OUTPUT,268,11,67593
SWAY_OUTPUT,269,15,67594
SWAY_OUTPUT,270,8,67596
SWAY_OUTPUT,271,6,67597
SWAY_OUTPUT,272,5,67598
SWAY_OUTPUT,273,8,67599
SWAY_OUTPUT,274,6,67600
SWAY_OUTPUT,275,8,67601
SWAY_OUTPUT,276,-7,67602
SWAY_OUTPUT,277,-16,67603
SWAY_OUTPUT,278,-27,67604
SWAY_OUTPUT,279,-29,67605
SWAY_OUTPUT,280,-7,67607
SWAY_OUTPUT,281,-14,67608
SWAY_OUTPUT,282,-25,67609
SWAY_OUTPUT,283,-27,67610
SWAY_OUTPUT,284,9,67611
SWAY_FRAME,4,59357,67611
SWAY_INPUT_FRAME,8,58164,68219
SWAY_OUTPUT,285,4,69413
SWAY_STALL,5,69414,77606
SWAY_OUTPUT,286,4,77606
SWAY_OUTPUT,287,3,77607
SWAY_OUTPUT,288,3,77608
SWAY_OUTPUT,289,9,77609
SWAY_OUTPUT,290,16,77610
SWAY_OUTPUT,291,19,77611
SWAY_OUTPUT,292,-2,77612
SWAY_OUTPUT,293,-7,77613
SWAY_OUTPUT,294,-8,77614
SWAY_OUTPUT,295,7,77615
SWAY_OUTPUT,296,11,77617
SWAY_OUTPUT,297,13,77618
SWAY_OUTPUT,298,14,77619
SWAY_OUTPUT,299,2,77620
SWAY_OUTPUT,300,-1,77621
SWAY_OUTPUT,301,-2,77622
SWAY_OUTPUT,302,-2,77623
SWAY_OUTPUT,303,3,77624
SWAY_OUTPUT,304,61,77625
SWAY_OUTPUT,305,61,77626
SWAY_OUTPUT,306,60,77628
SWAY_OUTPUT,307,60,77629
SWAY_OUTPUT,308,60,77630
SWAY_OUTPUT,309,61,77631
SWAY_OUTPUT,310,59,77632
SWAY_OUTPUT,311,59,77633
SWAY_OUTPUT,312,59,77634
SWAY_OUTPUT,313,58,77635
SWAY_OUTPUT,314,60,77636
SWAY_OUTPUT,315,59,77637
SWAY_OUTPUT,316,60,77639
SWAY_OUTPUT,317,57,77640
SWAY_OUTPUT,318,60,77641
SWAY_OUTPUT,319,59,77642
SWAY_OUTPUT,320,62,77643
SWAY_OUTPUT,321,59,77644
SWAY_OUTPUT,322,60,77645
SWAY_OUTPUT,323,-6,77646
SWAY_OUTPUT,324,4,77647
SWAY_OUTPUT,325,14,77648
SWAY_OUTPUT,326,18,77650
SWAY_OUTPUT,327,11,77651
SWAY_OUTPUT,328,10,77652
SWAY_OUTPUT,329,11,77653
SWAY_OUTPUT,330,10,77654
SWAY_OUTPUT,331,6,77655
SWAY_OUTPUT,332,5,77656
SWAY_OUTPUT,333,-5,77657
SWAY_OUTPUT,334,-15,77658
SWAY_OUTPUT,335,-25,77659
SWAY_OUTPUT,336,-28,77661
SWAY_OUTPUT,337,-6,77662
SWAY_OUTPUT,338,-15,77663
SWAY_OUTPUT,339,-27,77664
SWAY_OUTPUT,340,-29,77665
SWAY_OUTPUT,341,12,77666
SWAY_FRAME,5,69413,77666
SWAY_INPUT_FRAME,9,68220,78275
SWAY_OUTPUT,342,4,79469
SWAY_STALL,6,79470,87662
SWAY_OUTPUT,343,4,87662
SWAY_OUTPUT,344,3,87663
SWAY_OUTPUT,345,3,87664
SWAY_OUTPUT,346,10,87665
SWAY_OUTPUT,347,16,87666
SWAY_OUTPUT,348,21,87667
SWAY_OUTPUT,349,-3,87668
SWAY_OUTPUT,350,-10,87669
SWAY_OUTPUT,351,-15,87671
SWAY_OUTPUT,352,7,87672
SWAY_OUTPUT,353,11,87673
SWAY_OUTPUT,354,15,87674
SWAY_OUTPUT,355,15,87675
SWAY_OUTPUT,356,2,87676
SWAY_OUTPUT,357,-2,87677
SWAY_OUTPUT,358,-5,87678
SWAY_OUTPUT,359,-5,87679
SWAY_OUTPUT,360,3,87680
SWAY_OUTPUT,361,63,87682
SWAY_OUTPUT,362,62,87683
SWAY_OUTPUT,363,61,87684
SWAY_OUTPUT,364,61,87685
SWAY_OUTPUT,365,62,87686
SWAY_OUTPUT,366,62,87687
SWAY_OUTPUT,367,60,87688
SWAY_OUTPUT,368,61,87689
SWAY_OUTPUT,369,61,87690
SWAY_OUTPUT,370,60,87691
SWAY_OUTPUT,371,61,87693
SWAY_OUTPUT,372,60,87694
SWAY_OUTPUT,373,61,87695
SWAY_OUTPUT,374,59,87696
SWAY_OUTPUT,375,61,87697
SWAY_OUTPUT,376,61,87698
SWAY_OUTPUT,377,63,87699
SWAY_OUTPUT,378,60,87700
SWAY_OUTPUT,379,61,87701
SWAY_OUTPUT,380,-4,87702
SWAY_OUTPUT,381,6,87704
SWAY_OUTPUT,382,17,87705
SWAY_OUTPUT,383,21,87706
SWAY_OUTPUT,384,13,87707
SWAY_OUTPUT,385,13,87708
SWAY_OUTPUT,386,14,87709
SWAY_OUTPUT,387,13,87710
SWAY_OUTPUT,388,12,87711
SWAY_OUTPUT,389,15,87712
SWAY_OUTPUT,390,-3,87713
SWAY_OUTPUT,391,-14,87715
SWAY_OUTPUT,392,-26,87716
SWAY_OUTPUT,393,-28,87717
SWAY_OUTPUT,394,-3,87718
SWAY_OUTPUT,395,-14,87719
SWAY_OUTPUT,396,-26,87720
SWAY_OUTPUT,397,-28,87721
SWAY_OUTPUT,398,14,87722
SWAY_FRAME,6,79469,87722
SWAY_INPUT_FRAME,10,78276,88331
SWAY_OUTPUT,399,8,89525
SWAY_STALL,7,89526,97718
SWAY_OUTPUT,400,9,97718
SWAY_OUTPUT,401,8,97719
SWAY_OUTPUT,402,8,97720
SWAY_OUTPUT,403,14,97721
SWAY_OUTPUT,404,19,97722
SWAY_OUTPUT,405,21,97723
SWAY_OUTPUT,406,3,97725
SWAY_OUTPUT,407,0,97726
SWAY_OUTPUT,408,-3,97727
SWAY_OUTPUT,409,10,97728
SWAY_OUTPUT,410,12,97729
SWAY_OUTPUT,411,12,97730
SWAY_OUTPUT,412,12,97731
SWAY_OUTPUT,413,6,97732
SWAY_OUTPUT,414,3,97733
SWAY_OUTPUT,415,0,97734
SWAY_OUTPUT,416,-1,97736
SWAY_OUTPUT,417,9,97737
SWAY_OUTPUT,418,61,97738
SWAY_OUTPUT,419,62,97739
SWAY_OUTPUT,420,61,97740
SWAY_OUTPUT,421,61,97741
SWAY_OUTPUT,422,61,97742
SWAY_OUTPUT,423,61,97743
SWAY_OUTPUT,424,59,97744
SWAY_OUTPUT,425,60,97745
SWAY_OUTPUT,426,61,97747
SWAY_OUTPUT,427,60,97748
SWAY_OUTPUT,428,60,97749
SWAY_OUTPUT,429,60,97750
SWAY_OUTPUT,430,62,97751
SWAY_OUTPUT,431,60,97752
SWAY_OUTPUT,432,61,97753
SWAY_OUTPUT,433,61,97754
SWAY_OUTPUT,434,62,97755
SWAY_OUTPUT,435,58,97756
SWAY_OUTPUT,436,61,97758
SWAY_OUTPUT,437,-6,97759
SWAY_OUTPUT,438,3,97760
SWAY_OUTPUT,439,14,97761
SWAY_OUTPUT,440,17,97762
SWAY_OUTPUT,441,10,97763
SWAY_OUTPUT,442,7,97764
SWAY_OUTPUT,443,6,97765
SWAY_OUTPUT,444,9,97766
SWAY_OUTPUT,445,4,97767
SWAY_OUTPUT,446,1,97769
SWAY_OUTPUT,447,-6,97770
SWAY_OUTPUT,448,-16,97771
SWAY_OUTPUT,449,-27,97772
SWAY_OUTPUT,450,-29,97773
SWAY_OUTPUT,451,-6,97774
SWAY_OUTPUT,452,-15,97775
SWAY_OUTPUT,453,-26,97776
SWAY_OUTPUT,454,-28,97777
SWAY_OUTPUT,455,11,97778
SWAY_FRAME,7,89525,97778
SWAY_INPUT_FRAME,11,88334,98387
SWAY_OUTPUT,456,9,99581
SWAY_STALL,8,99582,107774
SWAY_OUTPUT,457,9,107774
SWAY_OUTPUT,458,8,107775
SWAY_OUTPUT,459,9,107776
SWAY_OUTPUT,460,15,107777
SWAY_OUTPUT,461,18,107779
SWAY_OUTPUT,462,19,107780
SWAY_OUTPUT,463,4,107781
SWAY_OUTPUT,464,-2,107782
SWAY_OUTPUT,465,-5,107783
SWAY_OUTPUT,466,10,107784
SWAY_OUTPUT,467,11,107785
SWAY_OUTPUT,468,11,107786
SWAY_OUTPUT,469,11,107787
SWAY_OUTPUT,470,6,107788
SWAY_OUTPUT,471,4,107790
SWAY_OUTPUT,472,2,107791
SWAY_OUTPUT,473,2,107792
SWAY_OUTPUT,474,9,107793
SWAY_OUTPUT,475,64,107794
SWAY_OUTPUT,476,65,107795
SWAY_OUTPUT,477,65,107796
SWAY_OUTPUT,478,65,107797
SWAY_OUTPUT,479,65,107798
SWAY_OUTPUT,480,66,107799
SWAY_OUTPUT,481,64,107801
SWAY_OUTPUT,482,64,107802
SWAY_OUTPUT,483,65,107803
SWAY_OUTPUT,484,63,107804
SWAY_OUTPUT,485,63,107805
SWAY_OUTPUT,486,65,107806
SWAY_OUTPUT,487,63,107807
SWAY_OUTPUT,488,61,107808
SWAY_OUTPUT,489,63,107809
SWAY_OUTPUT,490,67,107810
SWAY_OUTPUT,491,66,107812
SWAY_OUTPUT,492,63,107813
SWAY_OUTPUT,493,65,107814
SWAY_OUTPUT,494,-2,107815
SWAY_OUTPUT,495,9,107816
SWAY_OUTPUT,496,20,107817
SWAY_OUTPUT,497,25,107818
SWAY_OUTPUT,498,16,107819
SWAY_OUTPUT,499,9,107820
SWAY_OUTPUT,500,5,107821
SWAY_OUTPUT,501,15,107823
SWAY_OUTPUT,502,12,107824
SWAY_OUTPUT,503,8,107825
SWAY_OUTPUT,504,-1,107826
SWAY_OUTPUT,505,-15,107827
SWAY_OUTPUT,506,-28,107828
SWAY_OUTPUT,507,-30,107829
SWAY_OUTPUT,508,-1,107830
SWAY_OUTPUT,509,-15,107831
SWAY_OUTPUT,510,-25,107832
SWAY_OUTPUT,511,-29,107834
SWAY_OUTPUT,512,17,107835
SWAY_FRAME,8,99581,107835
SWAY_INPUT_FRAME,12,98388,108445
SWAY_OUTPUT,513,45,109638
SWAY_STALL,9,109639,117831
SWAY_OUTPUT,514,127,117831
SWAY_OUTPUT,515,-30,117833
SWAY_OUTPUT,516,40,117834
SWAY_OUTPUT,517,34,117835
SWAY_OUTPUT,518,87,117836
SWAY_OUTPUT,519,0,117837
SWAY_OUTPUT,520,38,117838
SWAY_OUTPUT,521,77,117839
SWAY_OUTPUT,522,-2,117840
SWAY_OUTPUT,523,28,117841
SWAY_OUTPUT,524,70,117842
SWAY_OUTPUT,525,-24,117844
SWAY_OUTPUT,526,31,117845
SWAY_OUTPUT,527,50,117846
SWAY_OUTPUT,528,123,117847
SWAY_OUTPUT,529,38,117848
SWAY_OUTPUT,530,95,117849
SWAY_OUTPUT,531,56,117850
SWAY_OUTPUT,532,-18,117851
SWAY_OUTPUT,533,-5,117852
SWAY_OUTPUT,534,-13,117853
SWAY_OUTPUT,535,72,117855
SWAY_OUTPUT,536,46,117856
SWAY_OUTPUT,537,35,117857
SWAY_OUTPUT,538,17,117858
SWAY_OUTPUT,539,-75,117859
SWAY_OUTPUT,540,-6,117860
SWAY_OUTPUT,541,-39,117861
SWAY_OUTPUT,542,-28,117862
SWAY_OUTPUT,543,-27,117863
SWAY_OUTPUT,544,-60,117864
SWAY_OUTPUT,545,-2,117866
SWAY_OUTPUT,546,27,117867
SWAY_OUTPUT,547,71,117868
SWAY_OUTPUT,548,117,117869
SWAY_OUTPUT,549,-2,117870
SWAY_OUTPUT,550,-19,117871
SWAY_OUTPUT,551,25,117872
SWAY_OUTPUT,552,34,117873
SWAY_OUTPUT,553,-36,117874
SWAY_OUTPUT,554,21,117875
SWAY_OUTPUT,555,-36,117877
SWAY_OUTPUT,556,96,117878
SWAY_OUTPUT,557,-49,117879
SWAY_OUTPUT,558,50,117880
SWAY_OUTPUT,559,-42,117881
SWAY_OUTPUT,560,-96,117882
SWAY_OUTPUT,561,0,117883
SWAY_OUTPUT,562,27,117884
SWAY_OUTPUT,563,-37,117885
SWAY_OUTPUT,564,77,117886
SWAY_OUTPUT,565,44,117888
SWAY_OUTPUT,566,0,117889
SWAY_OUTPUT,567,-56,117890
SWAY_OUTPUT,568,-77,117891
SWAY_OUTPUT,569,42,117892
SWAY_FRAME,9,109638,117892
SWAY_INPUT_FRAME,13,108446,118499
SWAY_OUTPUT,570,21,119693
SWAY_STALL,10,119694,127886
SWAY_OUTPUT,571,1,127887
SWAY_OUTPUT,572,5,127888
SWAY_OUTPUT,573,-3,127889
SWAY_OUTPUT,574,23,127890
SWAY_OUTPUT,575,34,127891
SWAY_OUTPUT,576,42,127892
SWAY_OUTPUT,577,-2,127893
SWAY_OUTPUT,578,-9,127894
SWAY_OUTPUT,579,0,127895
SWAY_OUTPUT,580,8,127896
SWAY_OUTPUT,581,16,127898
SWAY_OUTPUT,582,59,127899
SWAY_OUTPUT,583,41,127900
SWAY_OUTPUT,584,9,127901
SWAY_OUTPUT,585,9,127902
SWAY_OUTPUT,586,12,127903
SWAY_OUTPUT,587,20,127904
SWAY_OUTPUT,588,14,127905
SWAY_OUTPUT,589,101,127906
SWAY_OUTPUT,590,109,127907
SWAY_OUTPUT,591,111,127909
SWAY_OUTPUT,592,108,127910
SWAY_OUTPUT,593,118,127911
SWAY_OUTPUT,594,113,127912
SWAY_OUTPUT,595,96,127913
SWAY_OUTPUT,596,121,127914
SWAY_OUTPUT,597,111,127915
SWAY_OUTPUT,598,120,127916
SWAY_OUTPUT,599,99,127917
SWAY_OUTPUT,600,127,127918
SWAY_OUTPUT,601,126,127920
SWAY_OUTPUT,602,112,127921
SWAY_OUTPUT,603,115,127922
SWAY_OUTPUT,604,127,127923
SWAY_OUTPUT,605,98,127924
SWAY_OUTPUT,606,103,127925
SWAY_OUTPUT,607,127,127926
SWAY_OUTPUT,608,35,127927
SWAY_OUTPUT,609,57,127928
SWAY_OUTPUT,610,75,127929
SWAY_OUTPUT,611,88,127931
SWAY_OUTPUT,612,62,127932
SWAY_OUTPUT,613,70,127933
SWAY_OUTPUT,614,104,127934
SWAY_OUTPUT,615,60,127935
SWAY_OUTPUT,616,31,127936
SWAY_OUTPUT,617,8,127937
SWAY_OUTPUT,618,19,127938
SWAY_OUTPUT,619,-29,127939
SWAY_OUTPUT,620,-52,127940
SWAY_OUTPUT,621,-46,127942
SWAY_OUTPUT,622,31,127943
SWAY_OUTPUT,623,-32,127944
SWAY_OUTPUT,624,-54,127945
SWAY_OUTPUT,625,-38,127946
SWAY_OUTPUT,626,68,127947
SWAY_FRAME,10,119693,127947
SWAY_OUTPUT,627,61,129749
SWAY_STALL,11,129750,137942
SWAY_OUTPUT,628,72,137942
SWAY_OUTPUT,629,58,137943
SWAY_OUTPUT,630,63,137944
SWAY_OUTPUT,631,71,137945
SWAY_OUTPUT,632,59,137946
SWAY_OUTPUT,633,17,137947
SWAY_OUTPUT,634,69,137948
SWAY_OUTPUT,635,80,137949
SWAY_OUTPUT,636,102,137950
SWAY_OUTPUT,637,53,137952
SWAY_OUTPUT,638,68,137953
SWAY_OUTPUT,639,58,137954
SWAY_OUTPUT,640,56,137955
SWAY_OUTPUT,641,48,137956
SWAY_OUTPUT,642,37,137957
SWAY_OUTPUT,643,13,137958
SWAY_OUTPUT,644,20,137959
SWAY_OUTPUT,645,73,137960
SWAY_OUTPUT,646,118,137961
SWAY_OUTPUT,647,127,137963
SWAY_OUTPUT,648,127,137964
SWAY_OUTPUT,649,127,137965
SWAY_OUTPUT,650,127,137966
SWAY_OUTPUT,651,116,137967
SWAY_OUTPUT,652,88,137968
SWAY_OUTPUT,653,127,137969
SWAY_OUTPUT,654,120,137970
SWAY_OUTPUT,655,119,137971
SWAY_OUTPUT,656,127,137972
SWAY_OUTPUT,657,110,137974
SWAY_OUTPUT,658,121,137975
SWAY_OUTPUT,659,118,137976
SWAY_OUTPUT,660,127,137977
SWAY_OUTPUT,661,127,137978
SWAY_OUTPUT,662,127,137979
SWAY_OUTPUT,663,127,137980
SWAY_OUTPUT,664,127,137981
SWAY_OUTPUT,665,-21,137982
SWAY_OUTPUT,666,-2,137983
SWAY_OUTPUT,667,32,137985
SWAY_OUTPUT,668,32,137986
SWAY_OUTPUT,669,17,137987
SWAY_OUTPUT,670,-14,137988
SWAY_OUTPUT,671,-22,137989
SWAY_OUTPUT,672,-12,137990
SWAY_OUTPUT,673,-47,137991
SWAY_OUTPUT,674,-38,137992
SWAY_OUTPUT,675,-36,137993
SWAY_OUTPUT,676,-46,137994
SWAY_OUTPUT,677,-81,137996
SWAY_OUTPUT,678,-67,137997
SWAY_OUTPUT,679,-17,137998
SWAY_OUTPUT,680,-41,137999
SWAY_OUTPUT,681,-65,138000
SWAY_OUTPUT,682,-78,138001
SWAY_OUTPUT,683,21,138002
SWAY_FRAME,11,129749,138002
SWAY_OUTPUT,684,7,139805
SWAY_STALL,12,139806,147998
SWAY_OUTPUT,685,7,147998
SWAY_OUTPUT,686,6,147999
SWAY_OUTPUT,687,6,148000
SWAY_OUTPUT,688,12,148001
SWAY_OUTPUT,689,16,148002
SWAY_OUTPUT,690,19,148003
SWAY_OUTPUT,691,1,148004
SWAY_OUTPUT,692,-2,148006
SWAY_OUTPUT,693,-3,148007
SWAY_OUTPUT,694,9,148008
SWAY_OUTPUT,695,10,148009
SWAY_OUTPUT,696,11,148010
SWAY_OUTPUT,697,11,148011
SWAY_OUTPUT,698,4,148012
SWAY_OUTPUT,699,2,148013
SWAY_OUTPUT,700,0,148014
SWAY_OUTPUT,701,0,148015
SWAY_OUTPUT,702,7,148017
SWAY_OUTPUT,703,63,148018
SWAY_OUTPUT,704,63,148019
SWAY_OUTPUT,705,63,148020
SWAY_OUTPUT,706,62,148021
SWAY_OUTPUT,707,62,148022
SWAY_OUTPUT,708,63,148023
SWAY_OUTPUT,709,61,148024
SWAY_OUTPUT,710,62,148025
SWAY_OUTPUT,711,63,148026
SWAY_OUTPUT,712,61,148028
SWAY_OUTPUT,713,62,148029
SWAY_OUTPUT,714,62,148030
SWAY_OUTPUT,715,63,148031
SWAY_OUTPUT,716,61,148032
SWAY_OUTPUT,717,62,148033
SWAY_OUTPUT,718,62,148034
SWAY_OUTPUT,719,63,148035
SWAY_OUTPUT,720,60,148036
SWAY_OUTPUT,721,63,148037
SWAY_OUTPUT,722,-7,148039
SWAY_OUTPUT,723,2,148040
SWAY_OUTPUT,724,13,148041
SWAY_OUTPUT,725,17,148042
SWAY_OUTPUT,726,9,148043
SWAY_OUTPUT,727,5,148044
SWAY_OUTPUT,728,2,148045
SWAY_OUTPUT,729,9,148046
SWAY_OUTPUT,730,2,148047
SWAY_OUTPUT,731,-4,148048
SWAY_OUTPUT,732,-7,148050
SWAY_OUTPUT,733,-17,148051
SWAY_OUTPUT,734,-28,148052
SWAY_OUTPUT,735,-29,148053
SWAY_OUTPUT,736,-7,148054
SWAY_OUTPUT,737,-16,148055
SWAY_OUTPUT,738,-27,148056
SWAY_OUTPUT,739,-29,148057
SWAY_OUTPUT,740,10,148058
SWAY_FRAME,12,139805,148058
SWAY_OUTPUT,741,7,149861
SWAY_STALL,13,149862,158054
SWAY_OUTPUT,742,7,158054
SWAY_OUTPUT,743,6,158055
SWAY_OUTPUT,744,6,158056
SWAY_OUTPUT,745,12,158057
SWAY_OUTPUT,746,16,158058
SWAY_OUTPUT,747,19,158060
SWAY_OUTPUT,748,1,158061
SWAY_OUTPUT,749,-2,158062
SWAY_OUTPUT,750,-3,158063
SWAY_OUTPUT,751,9,158064
SWAY_OUTPUT,752,10,158065
SWAY_OUTPUT,753,11,158066
SWAY_OUTPUT,754,11,158067
SWAY_OUTPUT,755,4,158068
SWAY_OUTPUT,756,2,158069
SWAY_OUTPUT,757,0,158071
SWAY_OUTPUT,758,0,158072
SWAY_OUTPUT,759,7,158073
SWAY_OUTPUT,760,63,158074
SWAY_OUTPUT,761,63,158075
SWAY_OUTPUT,762,63,158076
SWAY_OUTPUT,763,62,158077
SWAY_OUTPUT,764,62,158078
SWAY_OUTPUT,765,63,158079
SWAY_OUTPUT,766,61,158080
SWAY_OUTPUT,767,62,158082
SWAY_OUTPUT,768,63,158083
SWAY_OUTPUT,769,61,158084
SWAY_OUTPUT,770,62,158085
SWAY_OUTPUT,771,62,158086
SWAY_OUTPUT,772,63,158087
SWAY_OUTPUT,773,61,158088
SWAY_OUTPUT,774,62,158089
SWAY_OUTPUT,775,62,158090
SWAY_OUTPUT,776,63,158091
SWAY_OUTPUT,777,60,158093
SWAY_OUTPUT,778,63,158094
SWAY_OUTPUT,779,-7,158095
SWAY_OUTPUT,780,2,158096
SWAY_OUTPUT,781,13,158097
SWAY_OUTPUT,782,17,158098
SWAY_OUTPUT,783,9,158099
SWAY_OUTPUT,784,5,158100
SWAY_OUTPUT,785,2,158101
SWAY_OUTPUT,786,9,158102
SWAY_OUTPUT,787,2,158104
SWAY_OUTPUT,788,-4,158105
SWAY_OUTPUT,789,-7,158106
SWAY_OUTPUT,790,-17,158107
SWAY_OUTPUT,791,-28,158108
SWAY_OUTPUT,792,-29,158109
SWAY_OUTPUT,793,-7,158110
SWAY_OUTPUT,794,-16,158111
SWAY_OUTPUT,795,-27,158112
SWAY_OUTPUT,796,-29,158113
SWAY_OUTPUT,797,10,158115
SWAY_FRAME,13,149861,158115
SWAY_PASS frames=14 outputs=798 cycles=160164 drain_cycles=2048
- mkTbSway.v:63505: Verilog $finish
