blueYosys Resource Utilization Report
======================================
Project:    sway_mars
Board:      ulx3s-85f
Top module: mkTop

Yosys post-synthesis cell statistics
------------------------------------
Total cells: 84472

Cell type                               Count
---------------------------------- ----------
TRELLIS_FF                              45233
LUT4                                    31150
PFUMX                                    3905
CCU2C                                    3616
TRELLIS_DPR16X4                           479
L6MUX21                                    47
DP16KD                                     41
EHXPLLL                                     1

nextpnr post-pack device utilization
------------------------------------
Only resources with non-zero use are listed.

Resource                           Used    Available      Usage
---------------------------- ---------- ------------ ----------
DCCA                                  2           56      3.57%
DP16KD                               41          208     19.71%
EHXPLLL                               1            4     25.00%
TRELLIS_COMB                      44126        83640     52.76%
TRELLIS_FF                        45233        83640     54.08%
TRELLIS_IO                           11          365      3.01%
TRELLIS_RAMW                        479        10455      4.58%

Clock timing
------------

Clock                                                          Achieved       Target       Margin   Status
---------------------------------------------------------- ------------ ------------ ------------ --------
$glbnet$CLK_clk_25mhz$TRELLIS_IO_IN                           120.24 MHz     25.00 MHz    +95.24 MHz     PASS
$glbnet$clocks_coreReset.CLK                                   68.00 MHz     60.00 MHz     +8.00 MHz     PASS

Machine-readable source reports
-------------------------------
Yosys:   /workspace/scratch/e6420b0fda2a/sway/hw/resource-build/clock60/dedicated/physical/mkTop.yosys.json
nextpnr: /workspace/scratch/e6420b0fda2a/sway/hw/resource-build/clock60/dedicated/physical/mkTop.nextpnr.json
