SWAY_INPUT_FRAME,0,2,363
SWAY_INPUT_FRAME,1,364,725
SWAY_INPUT_FRAME,2,726,4463
SWAY_OUTPUT,0,12,9975
SWAY_STALL,0,9976,18168
SWAY_INPUT_FRAME,3,4464,10239
SWAY_INPUT_FRAME,4,10240,16017
SWAY_OUTPUT,1,13,18168
SWAY_OUTPUT,2,12,18169
SWAY_OUTPUT,3,12,18170
SWAY_OUTPUT,4,25,18171
SWAY_OUTPUT,5,34,18173
SWAY_OUTPUT,6,39,18174
SWAY_OUTPUT,7,2,18175
SWAY_OUTPUT,8,-4,18176
SWAY_OUTPUT,9,-7,18177
SWAY_OUTPUT,10,17,18178
SWAY_OUTPUT,11,19,18179
SWAY_OUTPUT,12,18,18180
SWAY_OUTPUT,13,19,18181
SWAY_OUTPUT,14,8,18182
SWAY_OUTPUT,15,3,18184
SWAY_OUTPUT,16,0,18185
SWAY_OUTPUT,17,-1,18186
SWAY_OUTPUT,18,13,18187
SWAY_OUTPUT,19,127,18188
SWAY_OUTPUT,20,127,18189
SWAY_OUTPUT,21,127,18190
SWAY_OUTPUT,22,126,18191
SWAY_OUTPUT,23,126,18192
SWAY_OUTPUT,24,125,18193
SWAY_OUTPUT,25,124,18195
SWAY_OUTPUT,26,126,18196
SWAY_OUTPUT,27,126,18197
SWAY_OUTPUT,28,122,18198
SWAY_OUTPUT,29,125,18199
SWAY_OUTPUT,30,125,18200
SWAY_OUTPUT,31,127,18201
SWAY_OUTPUT,32,122,18202
SWAY_OUTPUT,33,125,18203
SWAY_OUTPUT,34,125,18204
SWAY_OUTPUT,35,127,18206
SWAY_OUTPUT,36,122,18207
SWAY_OUTPUT,37,127,18208
SWAY_OUTPUT,38,-15,18209
SWAY_OUTPUT,39,5,18210
SWAY_OUTPUT,40,25,18211
SWAY_OUTPUT,41,33,18212
SWAY_OUTPUT,42,17,18213
SWAY_OUTPUT,43,10,18214
SWAY_OUTPUT,44,7,18215
SWAY_OUTPUT,45,16,18217
SWAY_OUTPUT,46,4,18218
SWAY_OUTPUT,47,-6,18219
SWAY_OUTPUT,48,-15,18220
SWAY_OUTPUT,49,-34,18221
SWAY_OUTPUT,50,-55,18222
SWAY_OUTPUT,51,-60,18223
SWAY_OUTPUT,52,-14,18224
SWAY_OUTPUT,53,-33,18225
SWAY_OUTPUT,54,-55,18226
SWAY_OUTPUT,55,-59,18228
SWAY_OUTPUT,56,19,18229
SWAY_FRAME,0,9975,18229
SWAY_OUTPUT,57,10,18230
SWAY_STALL,1,18231,26423
SWAY_INPUT_FRAME,5,16018,21791
SWAY_OUTPUT,58,10,26423
SWAY_OUTPUT,59,10,26424
SWAY_OUTPUT,60,10,26425
SWAY_OUTPUT,61,22,26426
SWAY_OUTPUT,62,27,26427
SWAY_OUTPUT,63,32,26428
SWAY_OUTPUT,64,-1,26429
SWAY_OUTPUT,65,-6,26430
SWAY_OUTPUT,66,-11,26431
SWAY_OUTPUT,67,15,26432
SWAY_OUTPUT,68,17,26434
SWAY_OUTPUT,69,18,26435
SWAY_OUTPUT,70,19,26436
SWAY_OUTPUT,71,6,26437
SWAY_OUTPUT,72,2,26438
SWAY_OUTPUT,73,0,26439
SWAY_OUTPUT,74,-1,26440
SWAY_OUTPUT,75,10,26441
SWAY_OUTPUT,76,127,26442
SWAY_OUTPUT,77,127,26443
SWAY_OUTPUT,78,127,26445
SWAY_OUTPUT,79,127,26446
SWAY_OUTPUT,80,127,26447
SWAY_OUTPUT,81,127,26448
SWAY_OUTPUT,82,125,26449
SWAY_OUTPUT,83,127,26450
SWAY_OUTPUT,84,127,26451
SWAY_OUTPUT,85,124,26452
SWAY_OUTPUT,86,124,26453
SWAY_OUTPUT,87,127,26454
SWAY_OUTPUT,88,127,26456
SWAY_OUTPUT,89,122,26457
SWAY_OUTPUT,90,125,26458
SWAY_OUTPUT,91,127,26459
SWAY_OUTPUT,92,127,26460
SWAY_OUTPUT,93,123,26461
SWAY_OUTPUT,94,127,26462
SWAY_OUTPUT,95,-10,26463
SWAY_OUTPUT,96,12,26464
SWAY_OUTPUT,97,32,26465
SWAY_OUTPUT,98,41,26467
SWAY_OUTPUT,99,23,26468
SWAY_OUTPUT,100,9,26469
SWAY_OUTPUT,101,-3,26470
SWAY_OUTPUT,102,22,26471
SWAY_OUTPUT,103,8,26472
SWAY_OUTPUT,104,-6,26473
SWAY_OUTPUT,105,-10,26474
SWAY_OUTPUT,106,-32,26475
SWAY_OUTPUT,107,-54,26476
SWAY_OUTPUT,108,-59,26478
SWAY_OUTPUT,109,-9,26479
SWAY_OUTPUT,110,-31,26480
SWAY_OUTPUT,111,-54,26481
SWAY_OUTPUT,112,-59,26482
SWAY_OUTPUT,113,26,26483
SWAY_FRAME,1,18230,26483
SWAY_OUTPUT,114,8,26484
SWAY_STALL,2,26485,34677
SWAY_INPUT_FRAME,6,21792,27567
SWAY_INPUT_FRAME,7,27568,33343
SWAY_OUTPUT,115,8,34677
SWAY_OUTPUT,116,7,34678
SWAY_OUTPUT,117,7,34679
SWAY_OUTPUT,118,19,34680
SWAY_OUTPUT,119,24,34681
SWAY_OUTPUT,120,30,34682
SWAY_OUTPUT,121,-2,34684
SWAY_OUTPUT,122,-7,34685
SWAY_OUTPUT,123,-11,34686
SWAY_OUTPUT,124,12,34687
SWAY_OUTPUT,125,15,34688
SWAY_OUTPUT,126,15,34689
SWAY_OUTPUT,127,17,34690
SWAY_OUTPUT,128,4,34691
SWAY_OUTPUT,129,3,34692
SWAY_OUTPUT,130,4,34693
SWAY_OUTPUT,131,3,34695
SWAY_OUTPUT,132,8,34696
SWAY_OUTPUT,133,127,34697
SWAY_OUTPUT,134,127,34698
SWAY_OUTPUT,135,127,34699
SWAY_OUTPUT,136,127,34700
SWAY_OUTPUT,137,127,34701
SWAY_OUTPUT,138,127,34702
SWAY_OUTPUT,139,127,34703
SWAY_OUTPUT,140,127,34704
SWAY_OUTPUT,141,127,34706
SWAY_OUTPUT,142,125,34707
SWAY_OUTPUT,143,127,34708
SWAY_OUTPUT,144,127,34709
SWAY_OUTPUT,145,127,34710
SWAY_OUTPUT,146,125,34711
SWAY_OUTPUT,147,127,34712
SWAY_OUTPUT,148,127,34713
SWAY_OUTPUT,149,127,34714
SWAY_OUTPUT,150,126,34715
SWAY_OUTPUT,151,127,34717
SWAY_OUTPUT,152,-19,34718
SWAY_OUTPUT,153,2,34719
SWAY_OUTPUT,154,21,34720
SWAY_OUTPUT,155,29,34721
SWAY_OUTPUT,156,13,34722
SWAY_OUTPUT,157,1,34723
SWAY_OUTPUT,158,-10,34724
SWAY_OUTPUT,159,12,34725
SWAY_OUTPUT,160,-3,34726
SWAY_OUTPUT,161,-17,34728
SWAY_OUTPUT,162,-19,34729
SWAY_OUTPUT,163,-35,34730
SWAY_OUTPUT,164,-55,34731
SWAY_OUTPUT,165,-60,34732
SWAY_OUTPUT,166,-18,34733
SWAY_OUTPUT,167,-36,34734
SWAY_OUTPUT,168,-57,34735
SWAY_OUTPUT,169,-62,34736
SWAY_OUTPUT,170,15,34737
SWAY_FRAME,2,26484,34737
SWAY_OUTPUT,171,12,34739
SWAY_STALL,3,34740,42932
SWAY_INPUT_FRAME,8,33344,39121
SWAY_OUTPUT,172,12,42932
SWAY_OUTPUT,173,12,42934
SWAY_OUTPUT,174,12,42935
SWAY_OUTPUT,175,25,42936
SWAY_OUTPUT,176,32,42937
SWAY_OUTPUT,177,37,42938
SWAY_OUTPUT,178,1,42939
SWAY_OUTPUT,179,-9,42940
SWAY_OUTPUT,180,-14,42941
SWAY_OUTPUT,181,17,42942
SWAY_OUTPUT,182,20,42943
SWAY_OUTPUT,183,21,42945
SWAY_OUTPUT,184,23,42946
SWAY_OUTPUT,185,7,42947
SWAY_OUTPUT,186,3,42948
SWAY_OUTPUT,187,0,42949
SWAY_OUTPUT,188,-1,42950
SWAY_OUTPUT,189,12,42951
SWAY_OUTPUT,190,127,42952
SWAY_OUTPUT,191,127,42953
SWAY_OUTPUT,192,127,42954
SWAY_OUTPUT,193,127,42956
SWAY_OUTPUT,194,127,42957
SWAY_OUTPUT,195,126,42958
SWAY_OUTPUT,196,124,42959
SWAY_OUTPUT,197,127,42960
SWAY_OUTPUT,198,127,42961
SWAY_OUTPUT,199,124,42962
SWAY_OUTPUT,200,124,42963
SWAY_OUTPUT,201,126,42964
SWAY_OUTPUT,202,127,42965
SWAY_OUTPUT,203,121,42967
SWAY_OUTPUT,204,125,42968
SWAY_OUTPUT,205,127,42969
SWAY_OUTPUT,206,127,42970
SWAY_OUTPUT,207,122,42971
SWAY_OUTPUT,208,127,42972
SWAY_OUTPUT,209,-7,42973
SWAY_OUTPUT,210,15,42974
SWAY_OUTPUT,211,35,42975
SWAY_OUTPUT,212,44,42976
SWAY_OUTPUT,213,26,42978
SWAY_OUTPUT,214,17,42979
SWAY_OUTPUT,215,11,42980
SWAY_OUTPUT,216,26,42981
SWAY_OUTPUT,217,17,42982
SWAY_OUTPUT,218,11,42983
SWAY_OUTPUT,219,-7,42984
SWAY_OUTPUT,220,-30,42985
SWAY_OUTPUT,221,-53,42986
SWAY_OUTPUT,222,-59,42987
SWAY_OUTPUT,223,-6,42989
SWAY_OUTPUT,224,-30,42990
SWAY_OUTPUT,225,-54,42991
SWAY_OUTPUT,226,-58,42992
SWAY_OUTPUT,227,29,42993
SWAY_FRAME,3,34739,42993
SWAY_OUTPUT,228,13,42994
SWAY_STALL,4,42995,51187
SWAY_INPUT_FRAME,9,39122,44895
SWAY_INPUT_FRAME,10,44896,50671
SWAY_OUTPUT,229,14,51187
SWAY_OUTPUT,230,14,51188
SWAY_OUTPUT,231,14,51189
SWAY_OUTPUT,232,27,51190
SWAY_OUTPUT,233,37,51191
SWAY_OUTPUT,234,47,51192
SWAY_OUTPUT,235,3,51193
SWAY_OUTPUT,236,-11,51195
SWAY_OUTPUT,237,-26,51196
SWAY_OUTPUT,238,17,51197
SWAY_OUTPUT,239,23,51198
SWAY_OUTPUT,240,24,51199
SWAY_OUTPUT,241,26,51200
SWAY_OUTPUT,242,8,51201
SWAY_OUTPUT,243,-4,51202
SWAY_OUTPUT,244,-13,51203
SWAY_OUTPUT,245,-15,51204
SWAY_OUTPUT,246,14,51206
SWAY_OUTPUT,247,127,51207
SWAY_OUTPUT,248,127,51208
SWAY_OUTPUT,249,126,51209
SWAY_OUTPUT,250,126,51210
SWAY_OUTPUT,251,125,51211
SWAY_OUTPUT,252,124,51212
SWAY_OUTPUT,253,123,51213
SWAY_OUTPUT,254,127,51214
SWAY_OUTPUT,255,127,51215
SWAY_OUTPUT,256,126,51217
SWAY_OUTPUT,257,126,51218
SWAY_OUTPUT,258,125,51219
SWAY_OUTPUT,259,127,51220
SWAY_OUTPUT,260,124,51221
SWAY_OUTPUT,261,127,51222
SWAY_OUTPUT,262,125,51223
SWAY_OUTPUT,263,127,51224
SWAY_OUTPUT,264,123,51225
SWAY_OUTPUT,265,127,51226
SWAY_OUTPUT,266,-14,51228
SWAY_OUTPUT,267,6,51229
SWAY_OUTPUT,268,25,51230
SWAY_OUTPUT,269,33,51231
SWAY_OUTPUT,270,17,51232
SWAY_OUTPUT,271,11,51233
SWAY_OUTPUT,272,5,51234
SWAY_OUTPUT,273,18,51235
SWAY_OUTPUT,274,14,51236
SWAY_OUTPUT,275,12,51237
SWAY_OUTPUT,276,-15,51239
SWAY_OUTPUT,277,-33,51240
SWAY_OUTPUT,278,-56,51241
SWAY_OUTPUT,279,-61,51242
SWAY_OUTPUT,280,-13,51243
SWAY_OUTPUT,281,-29,51244
SWAY_OUTPUT,282,-51,51245
SWAY_OUTPUT,283,-55,51246
SWAY_OUTPUT,284,19,51247
SWAY_FRAME,4,42994,51247
SWAY_OUTPUT,285,8,51248
SWAY_STALL,5,51249,59441
SWAY_INPUT_FRAME,11,50672,56447
SWAY_OUTPUT,286,7,59441
SWAY_OUTPUT,287,6,59442
SWAY_OUTPUT,288,6,59443
SWAY_OUTPUT,289,20,59445
SWAY_OUTPUT,290,32,59446
SWAY_OUTPUT,291,40,59447
SWAY_OUTPUT,292,-5,59448
SWAY_OUTPUT,293,-16,59449
SWAY_OUTPUT,294,-21,59450
SWAY_OUTPUT,295,13,59451
SWAY_OUTPUT,296,18,59452
SWAY_OUTPUT,297,21,59453
SWAY_OUTPUT,298,23,59454
SWAY_OUTPUT,299,3,59456
SWAY_OUTPUT,300,-1,59457
SWAY_OUTPUT,301,-2,59458
SWAY_OUTPUT,302,-3,59459
SWAY_OUTPUT,303,7,59460
SWAY_OUTPUT,304,127,59461
SWAY_OUTPUT,305,127,59462
SWAY_OUTPUT,306,127,59463
SWAY_OUTPUT,307,127,59464
SWAY_OUTPUT,308,127,59465
SWAY_OUTPUT,309,127,59467
SWAY_OUTPUT,310,126,59468
SWAY_OUTPUT,311,127,59469
SWAY_OUTPUT,312,127,59470
SWAY_OUTPUT,313,124,59471
SWAY_OUTPUT,314,126,59472
SWAY_OUTPUT,315,127,59473
SWAY_OUTPUT,316,127,59474
SWAY_OUTPUT,317,122,59475
SWAY_OUTPUT,318,126,59476
SWAY_OUTPUT,319,126,59478
SWAY_OUTPUT,320,127,59479
SWAY_OUTPUT,321,123,59480
SWAY_OUTPUT,322,127,59481
SWAY_OUTPUT,323,-10,59482
SWAY_OUTPUT,324,11,59483
SWAY_OUTPUT,325,30,59484
SWAY_OUTPUT,326,39,59485
SWAY_OUTPUT,327,23,59486
SWAY_OUTPUT,328,20,59487
SWAY_OUTPUT,329,23,59489
SWAY_OUTPUT,330,22,59490
SWAY_OUTPUT,331,17,59491
SWAY_OUTPUT,332,17,59492
SWAY_OUTPUT,333,-10,59493
SWAY_OUTPUT,334,-31,59494
SWAY_OUTPUT,335,-54,59495
SWAY_OUTPUT,336,-59,59496
SWAY_OUTPUT,337,-10,59497
SWAY_OUTPUT,338,-32,59498
SWAY_OUTPUT,339,-56,59500
SWAY_OUTPUT,340,-60,59501
SWAY_OUTPUT,341,24,59502
SWAY_FRAME,5,51248,59502
SWAY_OUTPUT,342,8,59503
SWAY_STALL,6,59504,67696
SWAY_INPUT_FRAME,12,56448,62224
SWAY_OUTPUT,343,8,67696
SWAY_OUTPUT,344,7,67697
SWAY_OUTPUT,345,7,67698
SWAY_OUTPUT,346,20,67699
SWAY_OUTPUT,347,33,67700
SWAY_OUTPUT,348,47,67701
SWAY_OUTPUT,349,-4,67702
SWAY_OUTPUT,350,-19,67703
SWAY_OUTPUT,351,-33,67704
SWAY_OUTPUT,352,13,67706
SWAY_OUTPUT,353,23,67707
SWAY_OUTPUT,354,32,67708
SWAY_OUTPUT,355,35,67709
SWAY_OUTPUT,356,4,67710
SWAY_OUTPUT,357,-6,67711
SWAY_OUTPUT,358,-12,67712
SWAY_OUTPUT,359,-13,67713
SWAY_OUTPUT,360,7,67714
SWAY_OUTPUT,361,127,67715
SWAY_OUTPUT,362,127,67717
SWAY_OUTPUT,363,126,67718
SWAY_OUTPUT,364,126,67719
SWAY_OUTPUT,365,127,67720
SWAY_OUTPUT,366,127,67721
SWAY_OUTPUT,367,126,67722
SWAY_OUTPUT,368,127,67723
SWAY_OUTPUT,369,126,67724
SWAY_OUTPUT,370,124,67725
SWAY_OUTPUT,371,127,67726
SWAY_OUTPUT,372,126,67728
SWAY_OUTPUT,373,127,67729
SWAY_OUTPUT,374,122,67730
SWAY_OUTPUT,375,127,67731
SWAY_OUTPUT,376,126,67732
SWAY_OUTPUT,377,127,67733
SWAY_OUTPUT,378,124,67734
SWAY_OUTPUT,379,127,67735
SWAY_OUTPUT,380,-8,67736
SWAY_OUTPUT,381,12,67737
SWAY_OUTPUT,382,32,67739
SWAY_OUTPUT,383,41,67740
SWAY_OUTPUT,384,25,67741
SWAY_OUTPUT,385,21,67742
SWAY_OUTPUT,386,18,67743
SWAY_OUTPUT,387,24,67744
SWAY_OUTPUT,388,21,67745
SWAY_OUTPUT,389,19,67746
SWAY_OUTPUT,390,-8,67747
SWAY_OUTPUT,391,-27,67748
SWAY_OUTPUT,392,-52,67750
SWAY_OUTPUT,393,-56,67751
SWAY_OUTPUT,394,-8,67752
SWAY_OUTPUT,395,-27,67753
SWAY_OUTPUT,396,-52,67754
SWAY_OUTPUT,397,-56,67755
SWAY_OUTPUT,398,26,67756
SWAY_FRAME,6,59503,67756
SWAY_OUTPUT,399,22,67757
SWAY_STALL,7,67758,75950
SWAY_INPUT_FRAME,13,62225,67999
SWAY_OUTPUT,400,23,75950
SWAY_OUTPUT,401,24,75951
SWAY_OUTPUT,402,25,75952
SWAY_OUTPUT,403,37,75953
SWAY_OUTPUT,404,45,75954
SWAY_OUTPUT,405,50,75956
SWAY_OUTPUT,406,13,75957
SWAY_OUTPUT,407,1,75958
SWAY_OUTPUT,408,-9,75959
SWAY_OUTPUT,409,26,75960
SWAY_OUTPUT,410,28,75961
SWAY_OUTPUT,411,23,75962
SWAY_OUTPUT,412,24,75963
SWAY_OUTPUT,413,17,75964
SWAY_OUTPUT,414,8,75965
SWAY_OUTPUT,415,-2,75967
SWAY_OUTPUT,416,-3,75968
SWAY_OUTPUT,417,24,75969
SWAY_OUTPUT,418,126,75970
SWAY_OUTPUT,419,127,75971
SWAY_OUTPUT,420,125,75972
SWAY_OUTPUT,421,125,75973
SWAY_OUTPUT,422,124,75974
SWAY_OUTPUT,423,124,75975
SWAY_OUTPUT,424,123,75976
SWAY_OUTPUT,425,126,75978
SWAY_OUTPUT,426,126,75979
SWAY_OUTPUT,427,124,75980
SWAY_OUTPUT,428,124,75981
SWAY_OUTPUT,429,122,75982
SWAY_OUTPUT,430,127,75983
SWAY_OUTPUT,431,123,75984
SWAY_OUTPUT,432,125,75985
SWAY_OUTPUT,433,126,75986
SWAY_OUTPUT,434,127,75987
SWAY_OUTPUT,435,122,75989
SWAY_OUTPUT,436,126,75990
SWAY_OUTPUT,437,-16,75991
SWAY_OUTPUT,438,4,75992
SWAY_OUTPUT,439,23,75993
SWAY_OUTPUT,440,31,75994
SWAY_OUTPUT,441,15,75995
SWAY_OUTPUT,442,9,75996
SWAY_OUTPUT,443,5,75997
SWAY_OUTPUT,444,16,75998
SWAY_OUTPUT,445,12,76000
SWAY_OUTPUT,446,10,76001
SWAY_OUTPUT,447,-17,76002
SWAY_OUTPUT,448,-34,76003
SWAY_OUTPUT,449,-57,76004
SWAY_OUTPUT,450,-62,76005
SWAY_OUTPUT,451,-15,76006
SWAY_OUTPUT,452,-32,76007
SWAY_OUTPUT,453,-52,76008
SWAY_OUTPUT,454,-56,76009
SWAY_OUTPUT,455,17,76011
SWAY_FRAME,7,67757,76011
SWAY_OUTPUT,456,12,76012
SWAY_STALL,8,76013,84205
SWAY_OUTPUT,457,13,84206
SWAY_OUTPUT,458,13,84207
SWAY_OUTPUT,459,13,84208
SWAY_OUTPUT,460,26,84209
SWAY_OUTPUT,461,36,84210
SWAY_OUTPUT,462,42,84211
SWAY_OUTPUT,463,2,84212
SWAY_OUTPUT,464,-13,84213
SWAY_OUTPUT,465,-22,84214
SWAY_OUTPUT,466,17,84215
SWAY_OUTPUT,467,21,84217
SWAY_OUTPUT,468,22,84218
SWAY_OUTPUT,469,23,84219
SWAY_OUTPUT,470,8,84220
SWAY_OUTPUT,471,1,84221
SWAY_OUTPUT,472,-4,84222
SWAY_OUTPUT,473,-5,84223
SWAY_OUTPUT,474,13,84224
SWAY_OUTPUT,475,127,84225
SWAY_OUTPUT,476,127,84226
SWAY_OUTPUT,477,127,84228
SWAY_OUTPUT,478,127,84229
SWAY_OUTPUT,479,127,84230
SWAY_OUTPUT,480,127,84231
SWAY_OUTPUT,481,125,84232
SWAY_OUTPUT,482,127,84233
SWAY_OUTPUT,483,127,84234
SWAY_OUTPUT,484,126,84235
SWAY_OUTPUT,485,126,84236
SWAY_OUTPUT,486,127,84237
SWAY_OUTPUT,487,127,84239
SWAY_OUTPUT,488,124,84240
SWAY_OUTPUT,489,127,84241
SWAY_OUTPUT,490,127,84242
SWAY_OUTPUT,491,127,84243
SWAY_OUTPUT,492,123,84244
SWAY_OUTPUT,493,127,84245
SWAY_OUTPUT,494,-12,84246
SWAY_OUTPUT,495,8,84247
SWAY_OUTPUT,496,28,84248
SWAY_OUTPUT,497,36,84250
SWAY_OUTPUT,498,20,84251
SWAY_OUTPUT,499,15,84252
SWAY_OUTPUT,500,14,84253
SWAY_OUTPUT,501,20,84254
SWAY_OUTPUT,502,19,84255
SWAY_OUTPUT,503,22,84256
SWAY_OUTPUT,504,-13,84257
SWAY_OUTPUT,505,-32,84258
SWAY_OUTPUT,506,-55,84259
SWAY_OUTPUT,507,-61,84261
SWAY_OUTPUT,508,-12,84262
SWAY_OUTPUT,509,-31,84263
SWAY_OUTPUT,510,-54,84264
SWAY_OUTPUT,511,-58,84265
SWAY_OUTPUT,512,22,84266
SWAY_FRAME,8,76012,84266
SWAY_OUTPUT,513,21,84267
SWAY_STALL,9,84268,92460
SWAY_OUTPUT,514,20,92460
SWAY_OUTPUT,515,19,92461
SWAY_OUTPUT,516,22,92462
SWAY_OUTPUT,517,38,92463
SWAY_OUTPUT,518,40,92464
SWAY_OUTPUT,519,23,92465
SWAY_OUTPUT,520,12,92467
SWAY_OUTPUT,521,1,92468
SWAY_OUTPUT,522,11,92469
SWAY_OUTPUT,523,26,92470
SWAY_OUTPUT,524,0,92471
SWAY_OUTPUT,525,-36,92472
SWAY_OUTPUT,526,-45,92473
SWAY_OUTPUT,527,15,92474
SWAY_OUTPUT,528,26,92475
SWAY_OUTPUT,529,13,92476
SWAY_OUTPUT,530,14,92478
SWAY_OUTPUT,531,20,92479
SWAY_OUTPUT,532,61,92480
SWAY_OUTPUT,533,73,92481
SWAY_OUTPUT,534,84,92482
SWAY_OUTPUT,535,81,92483
SWAY_OUTPUT,536,83,92484
SWAY_OUTPUT,537,87,92485
SWAY_OUTPUT,538,99,92486
SWAY_OUTPUT,539,78,92487
SWAY_OUTPUT,540,72,92489
SWAY_OUTPUT,541,78,92490
SWAY_OUTPUT,542,59,92491
SWAY_OUTPUT,543,66,92492
SWAY_OUTPUT,544,77,92493
SWAY_OUTPUT,545,60,92494
SWAY_OUTPUT,546,59,92495
SWAY_OUTPUT,547,57,92496
SWAY_OUTPUT,548,48,92497
SWAY_OUTPUT,549,23,92498
SWAY_OUTPUT,550,81,92500
SWAY_OUTPUT,551,-36,92501
SWAY_OUTPUT,552,-17,92502
SWAY_OUTPUT,553,1,92503
SWAY_OUTPUT,554,6,92504
SWAY_OUTPUT,555,-4,92505
SWAY_OUTPUT,556,-14,92506
SWAY_OUTPUT,557,-12,92507
SWAY_OUTPUT,558,-10,92508
SWAY_OUTPUT,559,8,92509
SWAY_OUTPUT,560,16,92511
SWAY_OUTPUT,561,-35,92512
SWAY_OUTPUT,562,-46,92513
SWAY_OUTPUT,563,-27,92514
SWAY_OUTPUT,564,-22,92515
SWAY_OUTPUT,565,-34,92516
SWAY_OUTPUT,566,-42,92517
SWAY_OUTPUT,567,-43,92518
SWAY_OUTPUT,568,-37,92519
SWAY_OUTPUT,569,-5,92520
SWAY_FRAME,9,84267,92520
SWAY_OUTPUT,570,32,92522
SWAY_STALL,10,92523,100715
SWAY_OUTPUT,571,30,100715
SWAY_OUTPUT,572,26,100717
SWAY_OUTPUT,573,24,100718
SWAY_OUTPUT,574,42,100719
SWAY_OUTPUT,575,62,100720
SWAY_OUTPUT,576,4,100721
SWAY_OUTPUT,577,15,100722
SWAY_OUTPUT,578,14,100723
SWAY_OUTPUT,579,63,100724
SWAY_OUTPUT,580,36,100725
SWAY_OUTPUT,581,45,100726
SWAY_OUTPUT,582,47,100728
SWAY_OUTPUT,583,46,100729
SWAY_OUTPUT,584,27,100730
SWAY_OUTPUT,585,21,100731
SWAY_OUTPUT,586,17,100732
SWAY_OUTPUT,587,15,100733
SWAY_OUTPUT,588,27,100734
SWAY_OUTPUT,589,79,100735
SWAY_OUTPUT,590,86,100736
SWAY_OUTPUT,591,91,100737
SWAY_OUTPUT,592,92,100739
SWAY_OUTPUT,593,92,100740
SWAY_OUTPUT,594,86,100741
SWAY_OUTPUT,595,84,100742
SWAY_OUTPUT,596,95,100743
SWAY_OUTPUT,597,94,100744
SWAY_OUTPUT,598,115,100745
SWAY_OUTPUT,599,74,100746
SWAY_OUTPUT,600,58,100747
SWAY_OUTPUT,601,54,100748
SWAY_OUTPUT,602,35,100750
SWAY_OUTPUT,603,77,100751
SWAY_OUTPUT,604,85,100752
SWAY_OUTPUT,605,84,100753
SWAY_OUTPUT,606,88,100754
SWAY_OUTPUT,607,89,100755
SWAY_OUTPUT,608,4,100756
SWAY_OUTPUT,609,25,100757
SWAY_OUTPUT,610,45,100758
SWAY_OUTPUT,611,55,100759
SWAY_OUTPUT,612,41,100761
SWAY_OUTPUT,613,53,100762
SWAY_OUTPUT,614,95,100763
SWAY_OUTPUT,615,32,100764
SWAY_OUTPUT,616,41,100765
SWAY_OUTPUT,617,48,100766
SWAY_OUTPUT,618,5,100767
SWAY_OUTPUT,619,-24,100768
SWAY_OUTPUT,620,-36,100769
SWAY_OUTPUT,621,-36,100770
SWAY_OUTPUT,622,4,100772
SWAY_OUTPUT,623,-31,100773
SWAY_OUTPUT,624,-40,100774
SWAY_OUTPUT,625,-57,100775
SWAY_OUTPUT,626,39,100776
SWAY_FRAME,10,92522,100776
SWAY_OUTPUT,627,13,100777
SWAY_STALL,11,100778,108970
SWAY_OUTPUT,628,17,108970
SWAY_OUTPUT,629,22,108971
SWAY_OUTPUT,630,16,108972
SWAY_OUTPUT,631,28,108973
SWAY_OUTPUT,632,34,108974
SWAY_OUTPUT,633,33,108975
SWAY_OUTPUT,634,15,108976
SWAY_OUTPUT,635,26,108978
SWAY_OUTPUT,636,20,108979
SWAY_OUTPUT,637,16,108980
SWAY_OUTPUT,638,2,108981
SWAY_OUTPUT,639,-4,108982
SWAY_OUTPUT,640,-13,108983
SWAY_OUTPUT,641,10,108984
SWAY_OUTPUT,642,8,108985
SWAY_OUTPUT,643,-17,108986
SWAY_OUTPUT,644,-24,108987
SWAY_OUTPUT,645,21,108989
SWAY_OUTPUT,646,108,108990
SWAY_OUTPUT,647,124,108991
SWAY_OUTPUT,648,127,108992
SWAY_OUTPUT,649,127,108993
SWAY_OUTPUT,650,119,108994
SWAY_OUTPUT,651,94,108995
SWAY_OUTPUT,652,97,108996
SWAY_OUTPUT,653,127,108997
SWAY_OUTPUT,654,127,108998
SWAY_OUTPUT,655,127,109000
SWAY_OUTPUT,656,98,109001
SWAY_OUTPUT,657,127,109002
SWAY_OUTPUT,658,127,109003
SWAY_OUTPUT,659,127,109004
SWAY_OUTPUT,660,111,109005
SWAY_OUTPUT,661,116,109006
SWAY_OUTPUT,662,85,109007
SWAY_OUTPUT,663,66,109008
SWAY_OUTPUT,664,127,109009
SWAY_OUTPUT,665,-1,109011
SWAY_OUTPUT,666,25,109012
SWAY_OUTPUT,667,50,109013
SWAY_OUTPUT,668,57,109014
SWAY_OUTPUT,669,34,109015
SWAY_OUTPUT,670,35,109016
SWAY_OUTPUT,671,59,109017
SWAY_OUTPUT,672,35,109018
SWAY_OUTPUT,673,26,109019
SWAY_OUTPUT,674,25,109020
SWAY_OUTPUT,675,-2,109022
SWAY_OUTPUT,676,-36,109023
SWAY_OUTPUT,677,-43,109024
SWAY_OUTPUT,678,-48,109025
SWAY_OUTPUT,679,1,109026
SWAY_OUTPUT,680,-27,109027
SWAY_OUTPUT,681,-39,109028
SWAY_OUTPUT,682,-40,109029
SWAY_OUTPUT,683,42,109030
SWAY_FRAME,11,100777,109030
SWAY_OUTPUT,684,12,109031
SWAY_STALL,12,109032,117224
SWAY_OUTPUT,685,13,117224
SWAY_OUTPUT,686,12,117225
SWAY_OUTPUT,687,12,117226
SWAY_OUTPUT,688,25,117228
SWAY_OUTPUT,689,34,117229
SWAY_OUTPUT,690,39,117230
SWAY_OUTPUT,691,2,117231
SWAY_OUTPUT,692,-4,117232
SWAY_OUTPUT,693,-7,117233
SWAY_OUTPUT,694,17,117234
SWAY_OUTPUT,695,19,117235
SWAY_OUTPUT,696,18,117236
SWAY_OUTPUT,697,19,117237
SWAY_OUTPUT,698,8,117239
SWAY_OUTPUT,699,3,117240
SWAY_OUTPUT,700,0,117241
SWAY_OUTPUT,701,-1,117242
SWAY_OUTPUT,702,13,117243
SWAY_OUTPUT,703,127,117244
SWAY_OUTPUT,704,127,117245
SWAY_OUTPUT,705,127,117246
SWAY_OUTPUT,706,126,117247
SWAY_OUTPUT,707,126,117248
SWAY_OUTPUT,708,125,117250
SWAY_OUTPUT,709,124,117251
SWAY_OUTPUT,710,126,117252
SWAY_OUTPUT,711,126,117253
SWAY_OUTPUT,712,122,117254
SWAY_OUTPUT,713,125,117255
SWAY_OUTPUT,714,125,117256
SWAY_OUTPUT,715,127,117257
SWAY_OUTPUT,716,122,117258
SWAY_OUTPUT,717,125,117259
SWAY_OUTPUT,718,125,117261
SWAY_OUTPUT,719,127,117262
SWAY_OUTPUT,720,122,117263
SWAY_OUTPUT,721,127,117264
SWAY_OUTPUT,722,-15,117265
SWAY_OUTPUT,723,5,117266
SWAY_OUTPUT,724,25,117267
SWAY_OUTPUT,725,33,117268
SWAY_OUTPUT,726,17,117269
SWAY_OUTPUT,727,10,117270
SWAY_OUTPUT,728,7,117272
SWAY_OUTPUT,729,16,117273
SWAY_OUTPUT,730,4,117274
SWAY_OUTPUT,731,-6,117275
SWAY_OUTPUT,732,-15,117276
SWAY_OUTPUT,733,-34,117277
SWAY_OUTPUT,734,-55,117278
SWAY_OUTPUT,735,-60,117279
SWAY_OUTPUT,736,-14,117280
SWAY_OUTPUT,737,-33,117281
SWAY_OUTPUT,738,-55,117283
SWAY_OUTPUT,739,-59,117284
SWAY_OUTPUT,740,19,117285
SWAY_FRAME,12,109031,117285
SWAY_OUTPUT,741,12,117286
SWAY_STALL,13,117287,125479
SWAY_OUTPUT,742,13,125479
SWAY_OUTPUT,743,12,125480
SWAY_OUTPUT,744,12,125481
SWAY_OUTPUT,745,25,125482
SWAY_OUTPUT,746,34,125483
SWAY_OUTPUT,747,39,125484
SWAY_OUTPUT,748,2,125485
SWAY_OUTPUT,749,-4,125486
SWAY_OUTPUT,750,-7,125487
SWAY_OUTPUT,751,17,125489
SWAY_OUTPUT,752,19,125490
SWAY_OUTPUT,753,18,125491
SWAY_OUTPUT,754,19,125492
SWAY_OUTPUT,755,8,125493
SWAY_OUTPUT,756,3,125494
SWAY_OUTPUT,757,0,125495
SWAY_OUTPUT,758,-1,125496
SWAY_OUTPUT,759,13,125497
SWAY_OUTPUT,760,127,125498
SWAY_OUTPUT,761,127,125500
SWAY_OUTPUT,762,127,125501
SWAY_OUTPUT,763,126,125502
SWAY_OUTPUT,764,126,125503
SWAY_OUTPUT,765,125,125504
SWAY_OUTPUT,766,124,125505
SWAY_OUTPUT,767,126,125506
SWAY_OUTPUT,768,126,125507
SWAY_OUTPUT,769,122,125508
SWAY_OUTPUT,770,125,125509
SWAY_OUTPUT,771,125,125511
SWAY_OUTPUT,772,127,125512
SWAY_OUTPUT,773,122,125513
SWAY_OUTPUT,774,125,125514
SWAY_OUTPUT,775,125,125515
SWAY_OUTPUT,776,127,125516
SWAY_OUTPUT,777,122,125517
SWAY_OUTPUT,778,127,125518
SWAY_OUTPUT,779,-15,125519
SWAY_OUTPUT,780,5,125520
SWAY_OUTPUT,781,25,125522
SWAY_OUTPUT,782,33,125523
SWAY_OUTPUT,783,17,125524
SWAY_OUTPUT,784,10,125525
SWAY_OUTPUT,785,7,125526
SWAY_OUTPUT,786,16,125527
SWAY_OUTPUT,787,4,125528
SWAY_OUTPUT,788,-6,125529
SWAY_OUTPUT,789,-15,125530
SWAY_OUTPUT,790,-34,125531
SWAY_OUTPUT,791,-55,125533
SWAY_OUTPUT,792,-60,125534
SWAY_OUTPUT,793,-14,125535
SWAY_OUTPUT,794,-33,125536
SWAY_OUTPUT,795,-55,125537
SWAY_OUTPUT,796,-59,125538
SWAY_OUTPUT,797,19,125539
SWAY_FRAME,13,117286,125539
SWAY_PASS frames=14 outputs=798 cycles=127588 drain_cycles=2048
