SWAY_INPUT_FRAME,0,2,363
SWAY_INPUT_FRAME,1,364,725
SWAY_INPUT_FRAME,2,726,1087
SWAY_INPUT_FRAME,3,1090,5207
SWAY_OUTPUT,0,7,11620
SWAY_STALL,0,11621,19813
SWAY_INPUT_FRAME,4,5208,11957
SWAY_INPUT_FRAME,5,11958,18709
SWAY_OUTPUT,1,7,19813
SWAY_OUTPUT,2,6,19814
SWAY_OUTPUT,3,6,19815
SWAY_OUTPUT,4,12,19816
SWAY_OUTPUT,5,16,19817
SWAY_OUTPUT,6,19,19818
SWAY_OUTPUT,7,1,19819
SWAY_OUTPUT,8,-2,19820
SWAY_OUTPUT,9,-3,19821
SWAY_OUTPUT,10,9,19823
SWAY_OUTPUT,11,10,19824
SWAY_OUTPUT,12,11,19825
SWAY_OUTPUT,13,11,19826
SWAY_OUTPUT,14,4,19827
SWAY_OUTPUT,15,2,19828
SWAY_OUTPUT,16,0,19829
SWAY_OUTPUT,17,0,19830
SWAY_OUTPUT,18,7,19831
SWAY_OUTPUT,19,63,19832
SWAY_OUTPUT,20,63,19834
SWAY_OUTPUT,21,63,19835
SWAY_OUTPUT,22,62,19836
SWAY_OUTPUT,23,62,19837
SWAY_OUTPUT,24,63,19838
SWAY_OUTPUT,25,61,19839
SWAY_OUTPUT,26,62,19840
SWAY_OUTPUT,27,63,19841
SWAY_OUTPUT,28,61,19842
SWAY_OUTPUT,29,62,19843
SWAY_OUTPUT,30,62,19845
SWAY_OUTPUT,31,63,19846
SWAY_OUTPUT,32,61,19847
SWAY_OUTPUT,33,62,19848
SWAY_OUTPUT,34,62,19849
SWAY_OUTPUT,35,63,19850
SWAY_OUTPUT,36,60,19851
SWAY_OUTPUT,37,63,19852
SWAY_OUTPUT,38,-7,19853
SWAY_OUTPUT,39,2,19854
SWAY_OUTPUT,40,13,19856
SWAY_OUTPUT,41,17,19857
SWAY_OUTPUT,42,9,19858
SWAY_OUTPUT,43,5,19859
SWAY_OUTPUT,44,2,19860
SWAY_OUTPUT,45,9,19861
SWAY_OUTPUT,46,2,19862
SWAY_OUTPUT,47,-4,19863
SWAY_OUTPUT,48,-7,19864
SWAY_OUTPUT,49,-17,19865
SWAY_OUTPUT,50,-28,19867
SWAY_OUTPUT,51,-29,19868
SWAY_OUTPUT,52,-7,19869
SWAY_OUTPUT,53,-16,19870
SWAY_OUTPUT,54,-27,19871
SWAY_OUTPUT,55,-29,19872
SWAY_OUTPUT,56,10,19873
SWAY_FRAME,0,11620,19873
SWAY_OUTPUT,57,7,19874
SWAY_STALL,1,19875,28067
SWAY_INPUT_FRAME,6,18710,25461
SWAY_OUTPUT,58,8,28067
SWAY_OUTPUT,59,8,28068
SWAY_OUTPUT,60,8,28069
SWAY_OUTPUT,61,13,28070
SWAY_OUTPUT,62,17,28071
SWAY_OUTPUT,63,20,28073
SWAY_OUTPUT,64,2,28074
SWAY_OUTPUT,65,-2,28075
SWAY_OUTPUT,66,-5,28076
SWAY_OUTPUT,67,10,28077
SWAY_OUTPUT,68,11,28078
SWAY_OUTPUT,69,10,28079
SWAY_OUTPUT,70,11,28080
SWAY_OUTPUT,71,5,28081
SWAY_OUTPUT,72,3,28082
SWAY_OUTPUT,73,0,28084
SWAY_OUTPUT,74,0,28085
SWAY_OUTPUT,75,8,28086
SWAY_OUTPUT,76,62,28087
SWAY_OUTPUT,77,62,28088
SWAY_OUTPUT,78,62,28089
SWAY_OUTPUT,79,62,28090
SWAY_OUTPUT,80,62,28091
SWAY_OUTPUT,81,62,28092
SWAY_OUTPUT,82,60,28093
SWAY_OUTPUT,83,61,28095
SWAY_OUTPUT,84,61,28096
SWAY_OUTPUT,85,60,28097
SWAY_OUTPUT,86,61,28098
SWAY_OUTPUT,87,60,28099
SWAY_OUTPUT,88,62,28100
SWAY_OUTPUT,89,59,28101
SWAY_OUTPUT,90,61,28102
SWAY_OUTPUT,91,61,28103
SWAY_OUTPUT,92,64,28104
SWAY_OUTPUT,93,60,28106
SWAY_OUTPUT,94,62,28107
SWAY_OUTPUT,95,-6,28108
SWAY_OUTPUT,96,4,28109
SWAY_OUTPUT,97,14,28110
SWAY_OUTPUT,98,18,28111
SWAY_OUTPUT,99,10,28112
SWAY_OUTPUT,100,6,28113
SWAY_OUTPUT,101,-1,28114
SWAY_OUTPUT,102,10,28115
SWAY_OUTPUT,103,4,28117
SWAY_OUTPUT,104,-1,28118
SWAY_OUTPUT,105,-5,28119
SWAY_OUTPUT,106,-16,28120
SWAY_OUTPUT,107,-26,28121
SWAY_OUTPUT,108,-29,28122
SWAY_OUTPUT,109,-6,28123
SWAY_OUTPUT,110,-15,28124
SWAY_OUTPUT,111,-26,28125
SWAY_OUTPUT,112,-28,28126
SWAY_OUTPUT,113,11,28128
SWAY_FRAME,1,19874,28128
SWAY_OUTPUT,114,8,28129
SWAY_STALL,2,28130,36322
SWAY_INPUT_FRAME,7,25462,32213
SWAY_OUTPUT,115,9,36323
SWAY_OUTPUT,116,8,36324
SWAY_OUTPUT,117,9,36325
SWAY_OUTPUT,118,13,36326
SWAY_OUTPUT,119,16,36327
SWAY_OUTPUT,120,15,36328
SWAY_OUTPUT,121,4,36329
SWAY_OUTPUT,122,1,36330
SWAY_OUTPUT,123,0,36331
SWAY_OUTPUT,124,10,36332
SWAY_OUTPUT,125,10,36334
SWAY_OUTPUT,126,8,36335
SWAY_OUTPUT,127,8,36336
SWAY_OUTPUT,128,6,36337
SWAY_OUTPUT,129,4,36338
SWAY_OUTPUT,130,2,36339
SWAY_OUTPUT,131,1,36340
SWAY_OUTPUT,132,9,36341
SWAY_OUTPUT,133,63,36342
SWAY_OUTPUT,134,63,36343
SWAY_OUTPUT,135,63,36345
SWAY_OUTPUT,136,63,36346
SWAY_OUTPUT,137,62,36347
SWAY_OUTPUT,138,62,36348
SWAY_OUTPUT,139,60,36349
SWAY_OUTPUT,140,62,36350
SWAY_OUTPUT,141,64,36351
SWAY_OUTPUT,142,62,36352
SWAY_OUTPUT,143,62,36353
SWAY_OUTPUT,144,62,36354
SWAY_OUTPUT,145,63,36356
SWAY_OUTPUT,146,62,36357
SWAY_OUTPUT,147,62,36358
SWAY_OUTPUT,148,62,36359
SWAY_OUTPUT,149,63,36360
SWAY_OUTPUT,150,59,36361
SWAY_OUTPUT,151,63,36362
SWAY_OUTPUT,152,-8,36363
SWAY_OUTPUT,153,2,36364
SWAY_OUTPUT,154,13,36365
SWAY_OUTPUT,155,17,36367
SWAY_OUTPUT,156,9,36368
SWAY_OUTPUT,157,2,36369
SWAY_OUTPUT,158,-4,36370
SWAY_OUTPUT,159,8,36371
SWAY_OUTPUT,160,2,36372
SWAY_OUTPUT,161,-4,36373
SWAY_OUTPUT,162,-7,36374
SWAY_OUTPUT,163,-17,36375
SWAY_OUTPUT,164,-28,36376
SWAY_OUTPUT,165,-30,36378
SWAY_OUTPUT,166,-7,36379
SWAY_OUTPUT,167,-16,36380
SWAY_OUTPUT,168,-26,36381
SWAY_OUTPUT,169,-29,36382
SWAY_OUTPUT,170,10,36383
SWAY_FRAME,2,28129,36383
SWAY_OUTPUT,171,7,36384
SWAY_STALL,3,36385,44577
SWAY_INPUT_FRAME,8,32214,38967
SWAY_OUTPUT,172,7,44577
SWAY_OUTPUT,173,6,44578
SWAY_OUTPUT,174,7,44579
SWAY_OUTPUT,175,13,44580
SWAY_OUTPUT,176,17,44581
SWAY_OUTPUT,177,20,44582
SWAY_OUTPUT,178,1,44584
SWAY_OUTPUT,179,-3,44585
SWAY_OUTPUT,180,-4,44586
SWAY_OUTPUT,181,10,44587
SWAY_OUTPUT,182,11,44588
SWAY_OUTPUT,183,13,44589
SWAY_OUTPUT,184,13,44590
SWAY_OUTPUT,185,5,44591
SWAY_OUTPUT,186,4,44592
SWAY_OUTPUT,187,2,44593
SWAY_OUTPUT,188,2,44595
SWAY_OUTPUT,189,7,44596
SWAY_OUTPUT,190,62,44597
SWAY_OUTPUT,191,62,44598
SWAY_OUTPUT,192,62,44599
SWAY_OUTPUT,193,61,44600
SWAY_OUTPUT,194,63,44601
SWAY_OUTPUT,195,65,44602
SWAY_OUTPUT,196,62,44603
SWAY_OUTPUT,197,60,44604
SWAY_OUTPUT,198,59,44606
SWAY_OUTPUT,199,57,44607
SWAY_OUTPUT,200,60,44608
SWAY_OUTPUT,201,60,44609
SWAY_OUTPUT,202,59,44610
SWAY_OUTPUT,203,56,44611
SWAY_OUTPUT,204,60,44612
SWAY_OUTPUT,205,63,44613
SWAY_OUTPUT,206,65,44614
SWAY_OUTPUT,207,62,44615
SWAY_OUTPUT,208,62,44617
SWAY_OUTPUT,209,-3,44618
SWAY_OUTPUT,210,7,44619
SWAY_OUTPUT,211,17,44620
SWAY_OUTPUT,212,22,44621
SWAY_OUTPUT,213,14,44622
SWAY_OUTPUT,214,10,44623
SWAY_OUTPUT,215,8,44624
SWAY_OUTPUT,216,14,44625
SWAY_OUTPUT,217,8,44626
SWAY_OUTPUT,218,4,44628
SWAY_OUTPUT,219,-2,44629
SWAY_OUTPUT,220,-15,44630
SWAY_OUTPUT,221,-26,44631
SWAY_OUTPUT,222,-28,44632
SWAY_OUTPUT,223,-3,44633
SWAY_OUTPUT,224,-15,44634
SWAY_OUTPUT,225,-26,44635
SWAY_OUTPUT,226,-28,44636
SWAY_OUTPUT,227,15,44637
SWAY_FRAME,3,36384,44637
SWAY_OUTPUT,228,8,44639
SWAY_STALL,4,44640,52832
SWAY_INPUT_FRAME,9,38968,45718
SWAY_INPUT_FRAME,10,45719,52469
SWAY_OUTPUT,229,9,52832
SWAY_OUTPUT,230,9,52834
SWAY_OUTPUT,231,9,52835
SWAY_OUTPUT,232,14,52836
SWAY_OUTPUT,233,20,52837
SWAY_OUTPUT,234,23,52838
SWAY_OUTPUT,235,3,52839
SWAY_OUTPUT,236,-4,52840
SWAY_OUTPUT,237,-9,52841
SWAY_OUTPUT,238,11,52842
SWAY_OUTPUT,239,13,52843
SWAY_OUTPUT,240,13,52845
SWAY_OUTPUT,241,14,52846
SWAY_OUTPUT,242,6,52847
SWAY_OUTPUT,243,0,52848
SWAY_OUTPUT,244,-5,52849
SWAY_OUTPUT,245,-5,52850
SWAY_OUTPUT,246,9,52851
SWAY_OUTPUT,247,62,52852
SWAY_OUTPUT,248,61,52853
SWAY_OUTPUT,249,60,52854
SWAY_OUTPUT,250,59,52856
SWAY_OUTPUT,251,59,52857
SWAY_OUTPUT,252,59,52858
SWAY_OUTPUT,253,58,52859
SWAY_OUTPUT,254,60,52860
SWAY_OUTPUT,255,60,52861
SWAY_OUTPUT,256,59,52862
SWAY_OUTPUT,257,60,52863
SWAY_OUTPUT,258,58,52864
SWAY_OUTPUT,259,61,52865
SWAY_OUTPUT,260,59,52867
SWAY_OUTPUT,261,61,52868
SWAY_OUTPUT,262,59,52869
SWAY_OUTPUT,263,61,52870
SWAY_OUTPUT,264,58,52871
SWAY_OUTPUT,265,60,52872
SWAY_OUTPUT,266,-8,52873
SWAY_OUTPUT,267,2,52874
SWAY_OUTPUT,268,11,52875
SWAY_OUTPUT,269,15,52876
SWAY_OUTPUT,270,8,52878
SWAY_OUTPUT,271,6,52879
SWAY_OUTPUT,272,5,52880
SWAY_OUTPUT,273,8,52881
SWAY_OUTPUT,274,6,52882
SWAY_OUTPUT,275,8,52883
SWAY_OUTPUT,276,-7,52884
SWAY_OUTPUT,277,-16,52885
SWAY_OUTPUT,278,-27,52886
SWAY_OUTPUT,279,-29,52887
SWAY_OUTPUT,280,-7,52889
SWAY_OUTPUT,281,-14,52890
SWAY_OUTPUT,282,-25,52891
SWAY_OUTPUT,283,-27,52892
SWAY_OUTPUT,284,9,52893
SWAY_FRAME,4,44639,52893
SWAY_OUTPUT,285,4,52894
SWAY_STALL,5,52895,61087
SWAY_INPUT_FRAME,11,52470,59221
SWAY_OUTPUT,286,4,61087
SWAY_OUTPUT,287,3,61088
SWAY_OUTPUT,288,3,61089
SWAY_OUTPUT,289,9,61090
SWAY_OUTPUT,290,16,61091
SWAY_OUTPUT,291,19,61092
SWAY_OUTPUT,292,-2,61093
SWAY_OUTPUT,293,-7,61095
SWAY_OUTPUT,294,-8,61096
SWAY_OUTPUT,295,7,61097
SWAY_OUTPUT,296,11,61098
SWAY_OUTPUT,297,13,61099
SWAY_OUTPUT,298,14,61100
SWAY_OUTPUT,299,2,61101
SWAY_OUTPUT,300,-1,61102
SWAY_OUTPUT,301,-2,61103
SWAY_OUTPUT,302,-2,61104
SWAY_OUTPUT,303,3,61106
SWAY_OUTPUT,304,61,61107
SWAY_OUTPUT,305,61,61108
SWAY_OUTPUT,306,60,61109
SWAY_OUTPUT,307,60,61110
SWAY_OUTPUT,308,60,61111
SWAY_OUTPUT,309,61,61112
SWAY_OUTPUT,310,59,61113
SWAY_OUTPUT,311,59,61114
SWAY_OUTPUT,312,59,61115
SWAY_OUTPUT,313,58,61117
SWAY_OUTPUT,314,60,61118
SWAY_OUTPUT,315,59,61119
SWAY_OUTPUT,316,60,61120
SWAY_OUTPUT,317,57,61121
SWAY_OUTPUT,318,60,61122
SWAY_OUTPUT,319,59,61123
SWAY_OUTPUT,320,62,61124
SWAY_OUTPUT,321,59,61125
SWAY_OUTPUT,322,60,61126
SWAY_OUTPUT,323,-6,61128
SWAY_OUTPUT,324,4,61129
SWAY_OUTPUT,325,14,61130
SWAY_OUTPUT,326,18,61131
SWAY_OUTPUT,327,11,61132
SWAY_OUTPUT,328,10,61133
SWAY_OUTPUT,329,11,61134
SWAY_OUTPUT,330,10,61135
SWAY_OUTPUT,331,6,61136
SWAY_OUTPUT,332,5,61137
SWAY_OUTPUT,333,-5,61139
SWAY_OUTPUT,334,-15,61140
SWAY_OUTPUT,335,-25,61141
SWAY_OUTPUT,336,-28,61142
SWAY_OUTPUT,337,-6,61143
SWAY_OUTPUT,338,-15,61144
SWAY_OUTPUT,339,-27,61145
SWAY_OUTPUT,340,-29,61146
SWAY_OUTPUT,341,12,61147
SWAY_FRAME,5,52894,61147
SWAY_OUTPUT,342,4,61148
SWAY_STALL,6,61149,69341
SWAY_INPUT_FRAME,12,59222,65973
SWAY_OUTPUT,343,4,69341
SWAY_OUTPUT,344,3,69342
SWAY_OUTPUT,345,3,69343
SWAY_OUTPUT,346,10,69345
SWAY_OUTPUT,347,16,69346
SWAY_OUTPUT,348,21,69347
SWAY_OUTPUT,349,-3,69348
SWAY_OUTPUT,350,-10,69349
SWAY_OUTPUT,351,-15,69350
SWAY_OUTPUT,352,7,69351
SWAY_OUTPUT,353,11,69352
SWAY_OUTPUT,354,15,69353
SWAY_OUTPUT,355,15,69354
SWAY_OUTPUT,356,2,69356
SWAY_OUTPUT,357,-2,69357
SWAY_OUTPUT,358,-5,69358
SWAY_OUTPUT,359,-5,69359
SWAY_OUTPUT,360,3,69360
SWAY_OUTPUT,361,63,69361
SWAY_OUTPUT,362,62,69362
SWAY_OUTPUT,363,61,69363
SWAY_OUTPUT,364,61,69364
SWAY_OUTPUT,365,62,69365
SWAY_OUTPUT,366,62,69367
SWAY_OUTPUT,367,60,69368
SWAY_OUTPUT,368,61,69369
SWAY_OUTPUT,369,61,69370
SWAY_OUTPUT,370,60,69371
SWAY_OUTPUT,371,61,69372
SWAY_OUTPUT,372,60,69373
SWAY_OUTPUT,373,61,69374
SWAY_OUTPUT,374,59,69375
SWAY_OUTPUT,375,61,69376
SWAY_OUTPUT,376,61,69378
SWAY_OUTPUT,377,63,69379
SWAY_OUTPUT,378,60,69380
SWAY_OUTPUT,379,61,69381
SWAY_OUTPUT,380,-4,69382
SWAY_OUTPUT,381,6,69383
SWAY_OUTPUT,382,17,69384
SWAY_OUTPUT,383,21,69385
SWAY_OUTPUT,384,13,69386
SWAY_OUTPUT,385,13,69387
SWAY_OUTPUT,386,14,69389
SWAY_OUTPUT,387,13,69390
SWAY_OUTPUT,388,12,69391
SWAY_OUTPUT,389,15,69392
SWAY_OUTPUT,390,-3,69393
SWAY_OUTPUT,391,-14,69394
SWAY_OUTPUT,392,-26,69395
SWAY_OUTPUT,393,-28,69396
SWAY_OUTPUT,394,-3,69397
SWAY_OUTPUT,395,-14,69398
SWAY_OUTPUT,396,-26,69400
SWAY_OUTPUT,397,-28,69401
SWAY_OUTPUT,398,14,69402
SWAY_FRAME,6,61148,69402
SWAY_OUTPUT,399,8,69403
SWAY_STALL,7,69404,77596
SWAY_INPUT_FRAME,13,65974,72725
SWAY_OUTPUT,400,9,77596
SWAY_OUTPUT,401,8,77597
SWAY_OUTPUT,402,8,77598
SWAY_OUTPUT,403,14,77599
SWAY_OUTPUT,404,19,77600
SWAY_OUTPUT,405,21,77601
SWAY_OUTPUT,406,3,77602
SWAY_OUTPUT,407,0,77603
SWAY_OUTPUT,408,-3,77604
SWAY_OUTPUT,409,10,77606
SWAY_OUTPUT,410,12,77607
SWAY_OUTPUT,411,12,77608
SWAY_OUTPUT,412,12,77609
SWAY_OUTPUT,413,6,77610
SWAY_OUTPUT,414,3,77611
SWAY_OUTPUT,415,0,77612
SWAY_OUTPUT,416,-1,77613
SWAY_OUTPUT,417,9,77614
SWAY_OUTPUT,418,61,77615
SWAY_OUTPUT,419,62,77617
SWAY_OUTPUT,420,61,77618
SWAY_OUTPUT,421,61,77619
SWAY_OUTPUT,422,61,77620
SWAY_OUTPUT,423,61,77621
SWAY_OUTPUT,424,59,77622
SWAY_OUTPUT,425,60,77623
SWAY_OUTPUT,426,61,77624
SWAY_OUTPUT,427,60,77625
SWAY_OUTPUT,428,60,77626
SWAY_OUTPUT,429,60,77628
SWAY_OUTPUT,430,62,77629
SWAY_OUTPUT,431,60,77630
SWAY_OUTPUT,432,61,77631
SWAY_OUTPUT,433,61,77632
SWAY_OUTPUT,434,62,77633
SWAY_OUTPUT,435,58,77634
SWAY_OUTPUT,436,61,77635
SWAY_OUTPUT,437,-6,77636
SWAY_OUTPUT,438,3,77637
SWAY_OUTPUT,439,14,77639
SWAY_OUTPUT,440,17,77640
SWAY_OUTPUT,441,10,77641
SWAY_OUTPUT,442,7,77642
SWAY_OUTPUT,443,6,77643
SWAY_OUTPUT,444,9,77644
SWAY_OUTPUT,445,4,77645
SWAY_OUTPUT,446,1,77646
SWAY_OUTPUT,447,-6,77647
SWAY_OUTPUT,448,-16,77648
SWAY_OUTPUT,449,-27,77650
SWAY_OUTPUT,450,-29,77651
SWAY_OUTPUT,451,-6,77652
SWAY_OUTPUT,452,-15,77653
SWAY_OUTPUT,453,-26,77654
SWAY_OUTPUT,454,-28,77655
SWAY_OUTPUT,455,11,77656
SWAY_FRAME,7,69403,77656
SWAY_OUTPUT,456,9,77657
SWAY_STALL,8,77658,85850
SWAY_OUTPUT,457,9,85850
SWAY_OUTPUT,458,8,85851
SWAY_OUTPUT,459,9,85852
SWAY_OUTPUT,460,15,85853
SWAY_OUTPUT,461,18,85854
SWAY_OUTPUT,462,19,85856
SWAY_OUTPUT,463,4,85857
SWAY_OUTPUT,464,-2,85858
SWAY_OUTPUT,465,-5,85859
SWAY_OUTPUT,466,10,85860
SWAY_OUTPUT,467,11,85861
SWAY_OUTPUT,468,11,85862
SWAY_OUTPUT,469,11,85863
SWAY_OUTPUT,470,6,85864
SWAY_OUTPUT,471,4,85865
SWAY_OUTPUT,472,2,85867
SWAY_OUTPUT,473,2,85868
SWAY_OUTPUT,474,9,85869
SWAY_OUTPUT,475,64,85870
SWAY_OUTPUT,476,65,85871
SWAY_OUTPUT,477,65,85872
SWAY_OUTPUT,478,65,85873
SWAY_OUTPUT,479,65,85874
SWAY_OUTPUT,480,66,85875
SWAY_OUTPUT,481,64,85876
SWAY_OUTPUT,482,64,85878
SWAY_OUTPUT,483,65,85879
SWAY_OUTPUT,484,63,85880
SWAY_OUTPUT,485,63,85881
SWAY_OUTPUT,486,65,85882
SWAY_OUTPUT,487,63,85883
SWAY_OUTPUT,488,61,85884
SWAY_OUTPUT,489,63,85885
SWAY_OUTPUT,490,67,85886
SWAY_OUTPUT,491,66,85887
SWAY_OUTPUT,492,63,85889
SWAY_OUTPUT,493,65,85890
SWAY_OUTPUT,494,-2,85891
SWAY_OUTPUT,495,9,85892
SWAY_OUTPUT,496,20,85893
SWAY_OUTPUT,497,25,85894
SWAY_OUTPUT,498,16,85895
SWAY_OUTPUT,499,9,85896
SWAY_OUTPUT,500,5,85897
SWAY_OUTPUT,501,15,85898
SWAY_OUTPUT,502,12,85900
SWAY_OUTPUT,503,8,85901
SWAY_OUTPUT,504,-1,85902
SWAY_OUTPUT,505,-15,85903
SWAY_OUTPUT,506,-28,85904
SWAY_OUTPUT,507,-30,85905
SWAY_OUTPUT,508,-1,85906
SWAY_OUTPUT,509,-15,85907
SWAY_OUTPUT,510,-25,85908
SWAY_OUTPUT,511,-29,85909
SWAY_OUTPUT,512,17,85911
SWAY_FRAME,8,77657,85911
SWAY_OUTPUT,513,45,85912
SWAY_STALL,9,85913,94105
SWAY_OUTPUT,514,127,94106
SWAY_OUTPUT,515,-30,94107
SWAY_OUTPUT,516,40,94108
SWAY_OUTPUT,517,34,94109
SWAY_OUTPUT,518,87,94110
SWAY_OUTPUT,519,0,94111
SWAY_OUTPUT,520,38,94112
SWAY_OUTPUT,521,77,94113
SWAY_OUTPUT,522,-2,94114
SWAY_OUTPUT,523,28,94115
SWAY_OUTPUT,524,70,94117
SWAY_OUTPUT,525,-24,94118
SWAY_OUTPUT,526,31,94119
SWAY_OUTPUT,527,50,94120
SWAY_OUTPUT,528,123,94121
SWAY_OUTPUT,529,38,94122
SWAY_OUTPUT,530,95,94123
SWAY_OUTPUT,531,56,94124
SWAY_OUTPUT,532,-18,94125
SWAY_OUTPUT,533,-5,94126
SWAY_OUTPUT,534,-13,94128
SWAY_OUTPUT,535,72,94129
SWAY_OUTPUT,536,46,94130
SWAY_OUTPUT,537,35,94131
SWAY_OUTPUT,538,17,94132
SWAY_OUTPUT,539,-75,94133
SWAY_OUTPUT,540,-6,94134
SWAY_OUTPUT,541,-39,94135
SWAY_OUTPUT,542,-28,94136
SWAY_OUTPUT,543,-27,94137
SWAY_OUTPUT,544,-60,94139
SWAY_OUTPUT,545,-2,94140
SWAY_OUTPUT,546,27,94141
SWAY_OUTPUT,547,71,94142
SWAY_OUTPUT,548,117,94143
SWAY_OUTPUT,549,-2,94144
SWAY_OUTPUT,550,-19,94145
SWAY_OUTPUT,551,25,94146
SWAY_OUTPUT,552,34,94147
SWAY_OUTPUT,553,-36,94148
SWAY_OUTPUT,554,21,94150
SWAY_OUTPUT,555,-36,94151
SWAY_OUTPUT,556,96,94152
SWAY_OUTPUT,557,-49,94153
SWAY_OUTPUT,558,50,94154
SWAY_OUTPUT,559,-42,94155
SWAY_OUTPUT,560,-96,94156
SWAY_OUTPUT,561,0,94157
SWAY_OUTPUT,562,27,94158
SWAY_OUTPUT,563,-37,94159
SWAY_OUTPUT,564,77,94161
SWAY_OUTPUT,565,44,94162
SWAY_OUTPUT,566,0,94163
SWAY_OUTPUT,567,-56,94164
SWAY_OUTPUT,568,-77,94165
SWAY_OUTPUT,569,42,94166
SWAY_FRAME,9,85912,94166
SWAY_OUTPUT,570,21,94167
SWAY_STALL,10,94168,102360
SWAY_OUTPUT,571,1,102360
SWAY_OUTPUT,572,5,102361
SWAY_OUTPUT,573,-3,102362
SWAY_OUTPUT,574,23,102363
SWAY_OUTPUT,575,34,102364
SWAY_OUTPUT,576,42,102365
SWAY_OUTPUT,577,-2,102367
SWAY_OUTPUT,578,-9,102368
SWAY_OUTPUT,579,0,102369
SWAY_OUTPUT,580,8,102370
SWAY_OUTPUT,581,16,102371
SWAY_OUTPUT,582,59,102372
SWAY_OUTPUT,583,41,102373
SWAY_OUTPUT,584,9,102374
SWAY_OUTPUT,585,9,102375
SWAY_OUTPUT,586,12,102376
SWAY_OUTPUT,587,20,102378
SWAY_OUTPUT,588,14,102379
SWAY_OUTPUT,589,101,102380
SWAY_OUTPUT,590,109,102381
SWAY_OUTPUT,591,111,102382
SWAY_OUTPUT,592,108,102383
SWAY_OUTPUT,593,118,102384
SWAY_OUTPUT,594,113,102385
SWAY_OUTPUT,595,96,102386
SWAY_OUTPUT,596,121,102387
SWAY_OUTPUT,597,111,102389
SWAY_OUTPUT,598,120,102390
SWAY_OUTPUT,599,99,102391
SWAY_OUTPUT,600,127,102392
SWAY_OUTPUT,601,126,102393
SWAY_OUTPUT,602,112,102394
SWAY_OUTPUT,603,115,102395
SWAY_OUTPUT,604,127,102396
SWAY_OUTPUT,605,98,102397
SWAY_OUTPUT,606,103,102398
SWAY_OUTPUT,607,127,102400
SWAY_OUTPUT,608,35,102401
SWAY_OUTPUT,609,57,102402
SWAY_OUTPUT,610,75,102403
SWAY_OUTPUT,611,88,102404
SWAY_OUTPUT,612,62,102405
SWAY_OUTPUT,613,70,102406
SWAY_OUTPUT,614,104,102407
SWAY_OUTPUT,615,60,102408
SWAY_OUTPUT,616,31,102409
SWAY_OUTPUT,617,8,102411
SWAY_OUTPUT,618,19,102412
SWAY_OUTPUT,619,-29,102413
SWAY_OUTPUT,620,-52,102414
SWAY_OUTPUT,621,-46,102415
SWAY_OUTPUT,622,31,102416
SWAY_OUTPUT,623,-32,102417
SWAY_OUTPUT,624,-54,102418
SWAY_OUTPUT,625,-38,102419
SWAY_OUTPUT,626,68,102420
SWAY_FRAME,10,94167,102420
SWAY_OUTPUT,627,61,102422
SWAY_STALL,11,102423,110615
SWAY_OUTPUT,628,72,110615
SWAY_OUTPUT,629,58,110617
SWAY_OUTPUT,630,63,110618
SWAY_OUTPUT,631,71,110619
SWAY_OUTPUT,632,59,110620
SWAY_OUTPUT,633,17,110621
SWAY_OUTPUT,634,69,110622
SWAY_OUTPUT,635,80,110623
SWAY_OUTPUT,636,102,110624
SWAY_OUTPUT,637,53,110625
SWAY_OUTPUT,638,68,110626
SWAY_OUTPUT,639,58,110628
SWAY_OUTPUT,640,56,110629
SWAY_OUTPUT,641,48,110630
SWAY_OUTPUT,642,37,110631
SWAY_OUTPUT,643,13,110632
SWAY_OUTPUT,644,20,110633
SWAY_OUTPUT,645,73,110634
SWAY_OUTPUT,646,118,110635
SWAY_OUTPUT,647,127,110636
SWAY_OUTPUT,648,127,110637
SWAY_OUTPUT,649,127,110639
SWAY_OUTPUT,650,127,110640
SWAY_OUTPUT,651,116,110641
SWAY_OUTPUT,652,88,110642
SWAY_OUTPUT,653,127,110643
SWAY_OUTPUT,654,120,110644
SWAY_OUTPUT,655,119,110645
SWAY_OUTPUT,656,127,110646
SWAY_OUTPUT,657,110,110647
SWAY_OUTPUT,658,121,110648
SWAY_OUTPUT,659,118,110650
SWAY_OUTPUT,660,127,110651
SWAY_OUTPUT,661,127,110652
SWAY_OUTPUT,662,127,110653
SWAY_OUTPUT,663,127,110654
SWAY_OUTPUT,664,127,110655
SWAY_OUTPUT,665,-21,110656
SWAY_OUTPUT,666,-2,110657
SWAY_OUTPUT,667,32,110658
SWAY_OUTPUT,668,32,110659
SWAY_OUTPUT,669,17,110661
SWAY_OUTPUT,670,-14,110662
SWAY_OUTPUT,671,-22,110663
SWAY_OUTPUT,672,-12,110664
SWAY_OUTPUT,673,-47,110665
SWAY_OUTPUT,674,-38,110666
SWAY_OUTPUT,675,-36,110667
SWAY_OUTPUT,676,-46,110668
SWAY_OUTPUT,677,-81,110669
SWAY_OUTPUT,678,-67,110670
SWAY_OUTPUT,679,-17,110672
SWAY_OUTPUT,680,-41,110673
SWAY_OUTPUT,681,-65,110674
SWAY_OUTPUT,682,-78,110675
SWAY_OUTPUT,683,21,110676
SWAY_FRAME,11,102422,110676
SWAY_OUTPUT,684,7,110677
SWAY_STALL,12,110678,118870
SWAY_OUTPUT,685,7,118870
SWAY_OUTPUT,686,6,118871
SWAY_OUTPUT,687,6,118872
SWAY_OUTPUT,688,12,118873
SWAY_OUTPUT,689,16,118874
SWAY_OUTPUT,690,19,118875
SWAY_OUTPUT,691,1,118876
SWAY_OUTPUT,692,-2,118878
SWAY_OUTPUT,693,-3,118879
SWAY_OUTPUT,694,9,118880
SWAY_OUTPUT,695,10,118881
SWAY_OUTPUT,696,11,118882
SWAY_OUTPUT,697,11,118883
SWAY_OUTPUT,698,4,118884
SWAY_OUTPUT,699,2,118885
SWAY_OUTPUT,700,0,118886
SWAY_OUTPUT,701,0,118887
SWAY_OUTPUT,702,7,118889
SWAY_OUTPUT,703,63,118890
SWAY_OUTPUT,704,63,118891
SWAY_OUTPUT,705,63,118892
SWAY_OUTPUT,706,62,118893
SWAY_OUTPUT,707,62,118894
SWAY_OUTPUT,708,63,118895
SWAY_OUTPUT,709,61,118896
SWAY_OUTPUT,710,62,118897
SWAY_OUTPUT,711,63,118898
SWAY_OUTPUT,712,61,118900
SWAY_OUTPUT,713,62,118901
SWAY_OUTPUT,714,62,118902
SWAY_OUTPUT,715,63,118903
SWAY_OUTPUT,716,61,118904
SWAY_OUTPUT,717,62,118905
SWAY_OUTPUT,718,62,118906
SWAY_OUTPUT,719,63,118907
SWAY_OUTPUT,720,60,118908
SWAY_OUTPUT,721,63,118909
SWAY_OUTPUT,722,-7,118911
SWAY_OUTPUT,723,2,118912
SWAY_OUTPUT,724,13,118913
SWAY_OUTPUT,725,17,118914
SWAY_OUTPUT,726,9,118915
SWAY_OUTPUT,727,5,118916
SWAY_OUTPUT,728,2,118917
SWAY_OUTPUT,729,9,118918
SWAY_OUTPUT,730,2,118919
SWAY_OUTPUT,731,-4,118920
SWAY_OUTPUT,732,-7,118922
SWAY_OUTPUT,733,-17,118923
SWAY_OUTPUT,734,-28,118924
SWAY_OUTPUT,735,-29,118925
SWAY_OUTPUT,736,-7,118926
SWAY_OUTPUT,737,-16,118927
SWAY_OUTPUT,738,-27,118928
SWAY_OUTPUT,739,-29,118929
SWAY_OUTPUT,740,10,118930
SWAY_FRAME,12,110677,118930
SWAY_OUTPUT,741,7,118931
SWAY_STALL,13,118932,127124
SWAY_OUTPUT,742,7,127124
SWAY_OUTPUT,743,6,127125
SWAY_OUTPUT,744,6,127126
SWAY_OUTPUT,745,12,127128
SWAY_OUTPUT,746,16,127129
SWAY_OUTPUT,747,19,127130
SWAY_OUTPUT,748,1,127131
SWAY_OUTPUT,749,-2,127132
SWAY_OUTPUT,750,-3,127133
SWAY_OUTPUT,751,9,127134
SWAY_OUTPUT,752,10,127135
SWAY_OUTPUT,753,11,127136
SWAY_OUTPUT,754,11,127137
SWAY_OUTPUT,755,4,127139
SWAY_OUTPUT,756,2,127140
SWAY_OUTPUT,757,0,127141
SWAY_OUTPUT,758,0,127142
SWAY_OUTPUT,759,7,127143
SWAY_OUTPUT,760,63,127144
SWAY_OUTPUT,761,63,127145
SWAY_OUTPUT,762,63,127146
SWAY_OUTPUT,763,62,127147
SWAY_OUTPUT,764,62,127148
SWAY_OUTPUT,765,63,127150
SWAY_OUTPUT,766,61,127151
SWAY_OUTPUT,767,62,127152
SWAY_OUTPUT,768,63,127153
SWAY_OUTPUT,769,61,127154
SWAY_OUTPUT,770,62,127155
SWAY_OUTPUT,771,62,127156
SWAY_OUTPUT,772,63,127157
SWAY_OUTPUT,773,61,127158
SWAY_OUTPUT,774,62,127159
SWAY_OUTPUT,775,62,127161
SWAY_OUTPUT,776,63,127162
SWAY_OUTPUT,777,60,127163
SWAY_OUTPUT,778,63,127164
SWAY_OUTPUT,779,-7,127165
SWAY_OUTPUT,780,2,127166
SWAY_OUTPUT,781,13,127167
SWAY_OUTPUT,782,17,127168
SWAY_OUTPUT,783,9,127169
SWAY_OUTPUT,784,5,127170
SWAY_OUTPUT,785,2,127172
SWAY_OUTPUT,786,9,127173
SWAY_OUTPUT,787,2,127174
SWAY_OUTPUT,788,-4,127175
SWAY_OUTPUT,789,-7,127176
SWAY_OUTPUT,790,-17,127177
SWAY_OUTPUT,791,-28,127178
SWAY_OUTPUT,792,-29,127179
SWAY_OUTPUT,793,-7,127180
SWAY_OUTPUT,794,-16,127181
SWAY_OUTPUT,795,-27,127183
SWAY_OUTPUT,796,-29,127184
SWAY_OUTPUT,797,10,127185
SWAY_FRAME,13,118931,127185
SWAY_PASS frames=14 outputs=798 cycles=129234 drain_cycles=2048
