Info: constraining clock net 'CLK_clk_25mhz' to 25.00 MHz
Warning: net 'pll_clk_100mhz' does not exist in design, ignoring clock constraint
Warning: net 'pll_clk_125mhz' does not exist in design, ignoring clock constraint

Info: Logic utilisation before packing:
Info:     Total LUT4s:     41980/83640    50%
Info:         logic LUTs:  29906/83640    35%
Info:         carry LUTs:   9068/83640    10%
Info:           RAM LUTs:   2004/10455    19%
Info:          RAMW LUTs:   1002/20910     4%

Info:      Total DFFs:     46451/83640    55%

Info: Packing IOs..
Info: pin 'led[7]$tr_io' constrained to Bel 'X0/Y41/PIOD'.
Info: pin 'led[6]$tr_io' constrained to Bel 'X0/Y38/PIOD'.
Info: pin 'led[5]$tr_io' constrained to Bel 'X0/Y44/PIOD'.
Info: pin 'led[4]$tr_io' constrained to Bel 'X0/Y38/PIOB'.
Info: pin 'led[3]$tr_io' constrained to Bel 'X0/Y38/PIOC'.
Info: pin 'led[2]$tr_io' constrained to Bel 'X0/Y38/PIOA'.
Info: pin 'led[1]$tr_io' constrained to Bel 'X0/Y35/PIOD'.
Info: pin 'led[0]$tr_io' constrained to Bel 'X0/Y35/PIOC'.
Info: pin 'ftdi_txd$tr_io' constrained to Bel 'X0/Y89/PIOB'.
Info: pin 'ftdi_rxd$tr_io' constrained to Bel 'X0/Y56/PIOC'.
Info: pin 'CLK_clk_25mhz$tr_io' constrained to Bel 'X0/Y47/PIOA'.
Info: placed PLL 'clocks_pll.pll_i' at bel 'X1/Y4/EHXPLL_UL'
Info: Packing constants..
Info: Packing carries...
Info: Packing LUTs...
Info: Packing LUT5-7s...
Info: Packing FFs...
Info:     14090 FFs paired with LUTs.
Info: Generating derived timing constraints...
Info:     Input frequency of PLL 'clocks_pll.pll_i' is constrained to 25.0 MHz
Info:     Derived frequency constraint of 125.0 MHz for net clocks_pll.clk_125mhz
Info:     Derived frequency constraint of 100.0 MHz for net clocks_coreReset.CLK
Info:     Derived frequency constraint of 25.0 MHz for net clocks_pll.clk_25mhz
Info: Promoting globals...
Info:     promoting clock net clocks_coreReset.CLK to global network
Info:     promoting clock net CLK_clk_25mhz$TRELLIS_IO_IN to global network
Info: Checksum: 0x492c7b66

Info: Device utilisation:
Info: 	          TRELLIS_IO:      11/    365     3%
Info: 	                DCCA:       2/     56     3%
Info: 	              DP16KD:      49/    208    23%
Info: 	          MULT18X18D:       0/    156     0%
Info: 	              ALU54B:       0/     78     0%
Info: 	             EHXPLLL:       1/      4    25%
Info: 	             EXTREFB:       0/      2     0%
Info: 	                DCUA:       0/      2     0%
Info: 	           PCSCLKDIV:       0/      2     0%
Info: 	             IOLOGIC:       0/    224     0%
Info: 	            SIOLOGIC:       0/    141     0%
Info: 	                 GSR:       0/      1     0%
Info: 	               JTAGG:       0/      1     0%
Info: 	                OSCG:       0/      1     0%
Info: 	               SEDGA:       0/      1     0%
Info: 	                 DTR:       0/      1     0%
Info: 	             USRMCLK:       0/      1     0%
Info: 	             CLKDIVF:       0/      4     0%
Info: 	           ECLKSYNCB:       0/     10     0%
Info: 	             DLLDELD:       0/      8     0%
Info: 	              DDRDLL:       0/      4     0%
Info: 	             DQSBUFM:       0/     14     0%
Info: 	     TRELLIS_ECLKBUF:       0/      8     0%
Info: 	        ECLKBRIDGECS:       0/      2     0%
Info: 	                DCSC:       0/      2     0%
Info: 	          TRELLIS_FF:   46451/  83640    55%
Info: 	        TRELLIS_COMB:   44898/  83640    53%
Info: 	        TRELLIS_RAMW:     501/  10455     4%

Info: Placed 12 cells based on constraints.
Info: Creating initial analytic placement for 62005 cells, random placement wirelen = 6285865.
Info:     at initial placer iter 0, wirelen = 9834
Info:     at initial placer iter 1, wirelen = 9977
Info:     at initial placer iter 2, wirelen = 9709
Info:     at initial placer iter 3, wirelen = 9768
Info: Running main analytical placer.
Info:     at iteration #1, type ALL: wirelen solved = 9716, spread = 993456, legal = 1358512; time = 30.10s
Info:     at iteration #2, type ALL: wirelen solved = 84846, spread = 342926, legal = 643332; time = 14.54s
Info:     at iteration #3, type ALL: wirelen solved = 117801, spread = 272207, legal = 556699; time = 19.48s
Info:     at iteration #4, type ALL: wirelen solved = 131036, spread = 244292, legal = 513992; time = 12.21s
Info:     at iteration #5, type ALL: wirelen solved = 139188, spread = 234200, legal = 476562; time = 22.53s
Info:     at iteration #6, type ALL: wirelen solved = 148487, spread = 229060, legal = 481656; time = 12.82s
Info:     at iteration #7, type ALL: wirelen solved = 158610, spread = 227142, legal = 480561; time = 26.56s
Info:     at iteration #8, type ALL: wirelen solved = 164923, spread = 229671, legal = 480600; time = 50.87s
Info:     at iteration #9, type ALL: wirelen solved = 176780, spread = 236960, legal = 462430; time = 12.25s
Info:     at iteration #10, type ALL: wirelen solved = 184777, spread = 240755, legal = 448345; time = 11.89s
Info:     at iteration #11, type ALL: wirelen solved = 193420, spread = 246042, legal = 447899; time = 13.25s
Info:     at iteration #12, type ALL: wirelen solved = 203911, spread = 256200, legal = 451909; time = 13.16s
Info:     at iteration #13, type ALL: wirelen solved = 218693, spread = 264540, legal = 446505; time = 13.29s
Info:     at iteration #14, type ALL: wirelen solved = 222031, spread = 267383, legal = 443476; time = 39.26s
Info:     at iteration #15, type ALL: wirelen solved = 231341, spread = 276662, legal = 427936; time = 6.43s
Info:     at iteration #16, type ALL: wirelen solved = 239997, spread = 282896, legal = 423734; time = 9.51s
Info:     at iteration #17, type ALL: wirelen solved = 248890, spread = 290060, legal = 413824; time = 5.00s
Info:     at iteration #18, type ALL: wirelen solved = 254860, spread = 295120, legal = 405618; time = 3.91s
Info:     at iteration #19, type ALL: wirelen solved = 261067, spread = 300482, legal = 400935; time = 3.64s
Info:     at iteration #20, type ALL: wirelen solved = 268368, spread = 304467, legal = 397264; time = 4.41s
Info:     at iteration #21, type ALL: wirelen solved = 274329, spread = 309883, legal = 397867; time = 3.27s
Info:     at iteration #22, type ALL: wirelen solved = 279662, spread = 316561, legal = 394554; time = 3.02s
Info:     at iteration #23, type ALL: wirelen solved = 284213, spread = 322230, legal = 389627; time = 2.59s
Info:     at iteration #24, type ALL: wirelen solved = 286409, spread = 320655, legal = 388357; time = 2.80s
Info:     at iteration #25, type ALL: wirelen solved = 288304, spread = 323596, legal = 387146; time = 2.64s
Info:     at iteration #26, type ALL: wirelen solved = 290296, spread = 326541, legal = 384034; time = 2.51s
Info:     at iteration #27, type ALL: wirelen solved = 291580, spread = 324215, legal = 380642; time = 2.53s
Info:     at iteration #28, type ALL: wirelen solved = 291915, spread = 324240, legal = 379894; time = 2.56s
Info:     at iteration #29, type ALL: wirelen solved = 296610, spread = 330926, legal = 382329; time = 2.39s
Info:     at iteration #30, type ALL: wirelen solved = 297350, spread = 331592, legal = 380451; time = 2.56s
Info:     at iteration #31, type ALL: wirelen solved = 299117, spread = 330611, legal = 377320; time = 2.43s
Info:     at iteration #32, type ALL: wirelen solved = 300672, spread = 330865, legal = 376199; time = 2.36s
Info:     at iteration #33, type ALL: wirelen solved = 301672, spread = 334773, legal = 377645; time = 2.26s
Info:     at iteration #34, type ALL: wirelen solved = 303234, spread = 337786, legal = 379360; time = 2.48s
Info:     at iteration #35, type ALL: wirelen solved = 306298, spread = 336876, legal = 377189; time = 2.37s
Info: HeAP Placer Time: 403.86s
Info:   of which solving equations: 65.03s
Info:   of which spreading cells: 17.53s
Info:   of which strict legalisation: 290.86s

Info: Running simulated annealing placer for refinement.
Info:   at iteration #1: temp = 0.000000, timing cost = 1746, wirelen = 376199
Info:   at iteration #5: temp = 0.000000, timing cost = 2537, wirelen = 339326
Info:   at iteration #10: temp = 0.000000, timing cost = 2518, wirelen = 325545
Info:   at iteration #15: temp = 0.000000, timing cost = 3154, wirelen = 317104
Info:   at iteration #20: temp = 0.000000, timing cost = 3373, wirelen = 313727
Info:   at iteration #25: temp = 0.000000, timing cost = 2840, wirelen = 311815
Info:   at iteration #30: temp = 0.000000, timing cost = 2213, wirelen = 310764
Info:   at iteration #35: temp = 0.000000, timing cost = 2581, wirelen = 310269
Info:   at iteration #40: temp = 0.000000, timing cost = 2352, wirelen = 309936
Info:   at iteration #45: temp = 0.000000, timing cost = 2817, wirelen = 309676
Info:   at iteration #50: temp = 0.000000, timing cost = 2796, wirelen = 309395
Info:   at iteration #55: temp = 0.000000, timing cost = 3321, wirelen = 309235
Info:   at iteration #55: temp = 0.000000, timing cost = 3306, wirelen = 309239 
Info: SA placement time 398.78s

Info: Max frequency for clock '$glbnet$CLK_clk_25mhz$TRELLIS_IO_IN': 121.58 MHz (PASS at 25.00 MHz)
Info: Max frequency for clock        '$glbnet$clocks_coreReset.CLK': 69.57 MHz (FAIL at 100.00 MHz)

Info: Max delay <async>                                     -> posedge $glbnet$CLK_clk_25mhz$TRELLIS_IO_IN: 3.60 ns
Info: Max delay posedge $glbnet$CLK_clk_25mhz$TRELLIS_IO_IN -> <async>                                    : 12.05 ns
Info: Max delay posedge $glbnet$CLK_clk_25mhz$TRELLIS_IO_IN -> posedge $glbnet$clocks_coreReset.CLK       : 3.27 ns
Info: Max delay posedge $glbnet$clocks_coreReset.CLK        -> posedge $glbnet$CLK_clk_25mhz$TRELLIS_IO_IN: 3.42 ns

Info: Slack histogram:
Info:  legend: * represents 548 endpoint(s)
Info:          + represents [1,548) endpoint(s)
Info: [ -4373,  -2192) |+
Info: [ -2192,    -11) |********+
Info: [   -11,   2170) |****************+
Info: [  2170,   4351) |***************************************+
Info: [  4351,   6532) |****************************************************+
Info: [  6532,   8713) |************************************************************ 
Info: [  8713,  10894) |*****************+
Info: [ 10894,  13075) | 
Info: [ 13075,  15256) | 
Info: [ 15256,  17437) | 
Info: [ 17437,  19618) | 
Info: [ 19618,  21799) | 
Info: [ 21799,  23980) | 
Info: [ 23980,  26161) | 
Info: [ 26161,  28342) | 
Info: [ 28342,  30523) | 
Info: [ 30523,  32704) |+
Info: [ 32704,  34885) |+
Info: [ 34885,  37066) |+
Info: [ 37066,  39247) |+
Info: Checksum: 0x986ffd0c
Info: Routing globals...
Info:     routing clock net $glbnet$CLK_clk_25mhz$TRELLIS_IO_IN using global 0
Info:     routing clock net $glbnet$clocks_coreReset.CLK using global 1

Info: Routing..
Info: Setting up routing queue.
Info: Routing 230568 arcs.
Info:            |   (re-)routed arcs  |   delta    | remaining|       time spent     |
Info:    IterCnt |  w/ripup   wo/ripup |  w/r  wo/r |      arcs| batch(sec) total(sec)|
Info:       1000 |       52        947 |   52   947 |    229799|       4.57       4.57|
Info:       2000 |      152       1847 |  100   900 |    229025|       0.41       4.98|
Info:       3000 |      281       2718 |  129   871 |    228394|       0.39       5.36|
Info:       4000 |      401       3598 |  120   880 |    227693|       0.39       5.75|
Info:       5000 |      564       4435 |  163   837 |    227052|       0.59       6.34|
Info:       6000 |      725       5274 |  161   839 |    226452|       0.40       6.74|
Info:       7000 |      861       6138 |  136   864 |    225747|       0.43       7.17|
Info:       8000 |     1021       6978 |  160   840 |    225108|       0.40       7.57|
Info:       9000 |     1133       7866 |  112   888 |    224392|       0.40       7.97|
Info:      10000 |     1234       8765 |  101   899 |    223750|       0.40       8.37|
Info:      11000 |     1342       9657 |  108   892 |    223079|       0.44       8.80|
Info:      12000 |     1464      10535 |  122   878 |    222425|       0.41       9.22|
Info:      13000 |     1563      11436 |   99   901 |    221665|       0.39       9.61|
Info:      14000 |     1630      12369 |   67   933 |    220850|       0.38       9.98|
Info:      15000 |     1746      13253 |  116   884 |    220262|       0.55      10.53|
Info:      16000 |     1845      14154 |   99   901 |    219491|       0.47      11.00|
Info:      17000 |     1954      15045 |  109   891 |    218775|       0.47      11.48|
Info:      18000 |     2041      15958 |   87   913 |    218024|       0.40      11.88|
Info:      19000 |     2132      16867 |   91   909 |    217234|       0.39      12.27|
Info:      20000 |     2232      17767 |  100   900 |    216525|       0.44      12.71|
Info:      21000 |     2335      18664 |  103   897 |    215817|       0.42      13.13|
Info:      22000 |     2425      19574 |   90   910 |    215014|       0.41      13.54|
Info:      23000 |     2511      20488 |   86   914 |    214231|       0.42      13.97|
Info:      24000 |     2579      21420 |   68   932 |    213367|       0.41      14.38|
Info:      25000 |     2665      22334 |   86   914 |    212532|       0.47      14.85|
Info:      26000 |     2768      23231 |  103   897 |    211758|       0.51      15.35|
Info:      27000 |     2842      24157 |   74   926 |    210957|       0.56      15.91|
Info:      28000 |     2942      25057 |  100   900 |    210240|       0.41      16.32|
Info:      29000 |     3035      25964 |   93   907 |    209503|       0.42      16.75|
Info:      30000 |     3119      26880 |   84   916 |    208666|       0.43      17.18|
Info:      31000 |     3194      27805 |   75   925 |    207818|       0.41      17.60|
Info:      32000 |     3291      28708 |   97   903 |    207129|       0.44      18.04|
Info:      33000 |     3399      29600 |  108   892 |    206451|       0.45      18.49|
Info:      34000 |     3505      30494 |  106   894 |    205729|       0.43      18.91|
Info:      35000 |     3591      31408 |   86   914 |    204913|       0.43      19.35|
Info:      36000 |     3695      32304 |  104   896 |    204168|       0.48      19.83|
Info:      37000 |     3767      33232 |   72   928 |    203346|       0.43      20.26|
Info:      38000 |     3854      34145 |   87   913 |    202484|       0.45      20.72|
Info:      39000 |     4014      34985 |  160   840 |    201932|       0.48      21.20|
Info:      40000 |     4123      35876 |  109   891 |    201100|       0.46      21.66|
Info:      41000 |     4233      36766 |  110   890 |    200498|       0.47      22.13|
Info:      42000 |     4331      37668 |   98   902 |    199832|       0.44      22.57|
Info:      43000 |     4418      38581 |   87   913 |    198981|       0.48      23.05|
Info:      44000 |     4511      39488 |   93   907 |    198145|       0.50      23.56|
Info:      45000 |     4608      40391 |   97   903 |    197403|       0.49      24.05|
Info:      46000 |     4713      41286 |  105   895 |    196580|       0.67      24.72|
Info:      47000 |     4809      42190 |   96   904 |    195780|       0.56      25.28|
Info:      48000 |     4901      43098 |   92   908 |    194948|       0.49      25.77|
Info:      49000 |     4995      44004 |   94   906 |    194139|       0.47      26.24|
Info:      50000 |     5091      44908 |   96   904 |    193368|       0.43      26.67|
Info:      51000 |     5172      45827 |   81   919 |    192519|       0.46      27.13|
Info:      52000 |     5265      46734 |   93   907 |    191633|       0.46      27.59|
Info:      53000 |     5364      47635 |   99   901 |    190849|       0.46      28.05|
Info:      54000 |     5452      48547 |   88   912 |    190003|       0.49      28.55|
Info:      55000 |     5538      49461 |   86   914 |    189144|       0.41      28.96|
Info:      56000 |     5638      50361 |  100   900 |    188292|       0.45      29.41|
Info:      57000 |     5740      51259 |  102   898 |    187514|       0.42      29.83|
Info:      58000 |     5843      52156 |  103   897 |    186682|       0.47      30.31|
Info:      59000 |     5927      53072 |   84   916 |    185803|       0.43      30.74|
Info:      60000 |     6032      53967 |  105   895 |    184998|       0.46      31.20|
Info:      61000 |     6153      54846 |  121   879 |    184255|       0.47      31.68|
Info:      62000 |     6272      55727 |  119   881 |    183408|       0.48      32.16|
Info:      63000 |     6359      56640 |   87   913 |    182574|       0.42      32.58|
Info:      64000 |     6449      57550 |   90   910 |    181695|       0.45      33.04|
Info:      65000 |     6554      58445 |  105   895 |    180889|       0.45      33.48|
Info:      66000 |     6654      59345 |  100   900 |    180011|       0.50      33.99|
Info:      67000 |     6752      60247 |   98   902 |    179235|       0.46      34.44|
Info:      68000 |     6852      61147 |  100   900 |    178376|       0.46      34.90|
Info:      69000 |     6952      62047 |  100   900 |    177509|       0.51      35.41|
Info:      70000 |     7043      62956 |   91   909 |    176628|       0.46      35.88|
Info:      71000 |     7140      63859 |   97   903 |    175785|       0.49      36.37|
Info:      72000 |     7270      64729 |  130   870 |    174993|       0.48      36.85|
Info:      73000 |     7358      65641 |   88   912 |    174162|       0.48      37.33|
Info:      74000 |     7474      66525 |  116   884 |    173382|       0.53      37.87|
Info:      75000 |     7630      67369 |  156   844 |    172687|       0.51      38.37|
Info:      76000 |     7773      68226 |  143   857 |    171869|       0.54      38.92|
Info:      77000 |     7945      69054 |  172   828 |    171181|       0.46      39.37|
Info:      78000 |     8064      69935 |  119   881 |    170410|       0.58      39.96|
Info:      79000 |     8180      70819 |  116   884 |    169570|       0.47      40.43|
Info:      80000 |     8282      71717 |  102   898 |    168711|       0.52      40.95|
Info:      81000 |     8400      72599 |  118   882 |    167846|       0.48      41.44|
Info:      82000 |     8504      73495 |  104   896 |    167032|       0.52      41.96|
Info:      83000 |     8640      74359 |  136   864 |    166343|       0.62      42.57|
Info:      84000 |     8760      75239 |  120   880 |    165526|       0.52      43.09|
Info:      85000 |     8861      76138 |  101   899 |    164726|       0.50      43.59|
Info:      86000 |     8985      77014 |  124   876 |    163966|       0.53      44.12|
Info:      87000 |     9110      77889 |  125   875 |    163101|       0.49      44.62|
Info:      88000 |     9230      78769 |  120   880 |    162319|       0.62      45.23|
Info:      89000 |     9323      79676 |   93   907 |    161450|       0.53      45.77|
Info:      90000 |     9437      80562 |  114   886 |    160578|       0.49      46.26|
Info:      91000 |     9552      81447 |  115   885 |    159731|       0.52      46.78|
Info:      92000 |     9681      82318 |  129   871 |    158953|       0.63      47.41|
Info:      93000 |     9823      83176 |  142   858 |    158165|       0.51      47.92|
Info:      94000 |     9926      84073 |  103   897 |    157299|       0.53      48.45|
Info:      95000 |    10081      84918 |  155   845 |    156530|       0.53      48.98|
Info:      96000 |    10208      85791 |  127   873 |    155771|       0.53      49.51|
Info:      97000 |    10336      86663 |  128   872 |    154969|       0.65      50.16|
Info:      98000 |    10474      87525 |  138   862 |    154147|       0.53      50.69|
Info:      99000 |    10600      88384 |  126   859 |    153440|       0.54      51.22|
Info:     100000 |    10718      89266 |  118   882 |    152601|       0.54      51.76|
Info:     101000 |    10833      90151 |  115   885 |    151727|       0.56      52.32|
Info:     102000 |    10965      91019 |  132   868 |    150960|       0.70      53.03|
Info:     103000 |    11100      91882 |  135   863 |    150132|       0.56      53.59|
Info:     104000 |    11223      92759 |  123   877 |    149291|       0.58      54.17|
Info:     105000 |    11355      93626 |  132   867 |    148528|       0.55      54.71|
Info:     106000 |    11551      94430 |  196   804 |    148046|       0.63      55.34|
Info:     107000 |    11705      95275 |  154   845 |    147274|       0.58      55.92|
Info:     108000 |    11856      96124 |  151   849 |    146677|       0.80      56.71|
Info:     109000 |    11973      97007 |  117   883 |    145812|       0.59      57.30|
Info:     110000 |    12116      97861 |  143   854 |    145060|       0.58      57.88|
Info:     111000 |    12241      98736 |  125   875 |    144255|       0.59      58.47|
Info:     112000 |    12373      99604 |  132   868 |    143426|       0.57      59.04|
Info:     113000 |    12594     100383 |  221   779 |    143026|       0.64      59.69|
Info:     114000 |    12772     101205 |  178   822 |    142358|       0.78      60.47|
Info:     115000 |    12934     102042 |  162   837 |    141554|       0.66      61.13|
Info:     116000 |    13070     102906 |  136   864 |    140766|       0.58      61.71|
Info:     117000 |    13199     103777 |  129   871 |    139976|       0.60      62.31|
Info:     118000 |    13311     104658 |  112   881 |    139154|       0.56      62.87|
Info:     119000 |    13442     105514 |  131   856 |    138335|       0.57      63.44|
Info:     120000 |    13610     106338 |  168   824 |    137732|       0.61      64.05|
Info:     121000 |    13734     107213 |  124   875 |    136947|       0.82      64.87|
Info:     122000 |    13890     108057 |  156   844 |    136129|       0.61      65.47|
Info:     123000 |    14021     108926 |  131   869 |    135275|       0.58      66.06|
Info:     124000 |    14147     109797 |  126   871 |    134458|       0.57      66.63|
Info:     125000 |    14256     110688 |  109   891 |    133586|       0.57      67.19|
Info:     126000 |    14452     111492 |  196   804 |    132940|       0.59      67.79|
Info:     127000 |    14613     112331 |  161   839 |    132245|       0.75      68.53|
Info:     128000 |    14794     113149 |  181   818 |    131649|       0.75      69.29|
Info:     129000 |    14955     113988 |  161   839 |    130878|       0.59      69.88|
Info:     130000 |    15110     114831 |  155   843 |    130067|       0.59      70.47|
Info:     131000 |    15236     115704 |  126   873 |    129217|       0.60      71.07|
Info:     132000 |    15386     116551 |  150   847 |    128386|       0.62      71.69|
Info:     133000 |    15534     117402 |  148   851 |    127562|       0.65      72.34|
Info:     134000 |    15684     118248 |  150   846 |    126754|       0.78      73.12|
Info:     135000 |    15845     119086 |  161   838 |    126274|       0.91      74.03|
Info:     136000 |    16032     119894 |  187   808 |    125608|       0.64      74.67|
Info:     137000 |    16210     120701 |  178   807 |    124829|       0.62      75.29|
Info:     138000 |    16355     121549 |  145   848 |    124006|       0.63      75.92|
Info:     139000 |    16494     122408 |  139   859 |    123162|       0.68      76.60|
Info:     140000 |    16637     123243 |  143   835 |    122350|       0.60      77.21|
Info:     141000 |    16797     124080 |  160   837 |    121679|       0.63      77.84|
Info:     142000 |    16983     124875 |  186   795 |    120996|       0.61      78.44|
Info:     143000 |    17162     125695 |  179   820 |    120329|       0.96      79.41|
Info:     144000 |    17333     126508 |  171   813 |    119523|       0.61      80.01|
Info:     145000 |    17504     127320 |  171   812 |    118711|       0.63      80.64|
Info:     146000 |    17715     128091 |  211   771 |    118256|       0.65      81.30|
Info:     147000 |    17918     128882 |  203   791 |    117656|       0.68      81.97|
Info:     148000 |    18064     129721 |  146   839 |    116847|       0.66      82.64|
Info:     149000 |    18244     130534 |  180   813 |    116080|       0.64      83.27|
Info:     150000 |    18411     131345 |  167   811 |    115265|       0.63      83.90|
Info:     151000 |    18600     132129 |  189   784 |    114793|       0.65      84.55|
Info:     152000 |    18783     132934 |  183   805 |    114081|       0.83      85.38|
Info:     153000 |    18977     133731 |  194   797 |    113357|       1.06      86.44|
Info:     154000 |    19146     134541 |  169   810 |    112652|       0.62      87.06|
Info:     155000 |    19326     135340 |  180   799 |    111875|       0.77      87.83|
Info:     156000 |    19544     136099 |  218   759 |    111123|       0.63      88.46|
Info:     157000 |    19759     136861 |  215   762 |    110407|       0.65      89.11|
Info:     158000 |    19979     137606 |  220   745 |    109883|       0.67      89.78|
Info:     159000 |    20158     138398 |  179   792 |    109130|       0.69      90.47|
Info:     160000 |    20359     139167 |  201   769 |    108461|       0.69      91.16|
Info:     161000 |    20546     139962 |  187   795 |    107770|       0.68      91.84|
Info:     162000 |    20737     140737 |  191   775 |    107036|       0.71      92.56|
Info:     163000 |    21016     141458 |  279   721 |    106751|       1.01      93.57|
Info:     164000 |    21210     142214 |  194   756 |    105986|       0.70      94.27|
Info:     165000 |    21408     142976 |  198   762 |    105231|       0.61      94.88|
Info:     166000 |    21617     143729 |  209   753 |    104530|       0.63      95.51|
Info:     167000 |    21812     144477 |  195   748 |    103747|       0.59      96.11|
Info:     168000 |    22000     145243 |  188   766 |    102987|       0.64      96.75|
Info:     169000 |    22200     145989 |  200   746 |    102263|       0.68      97.43|
Info:     170000 |    22403     146748 |  203   759 |    101546|       0.64      98.07|
Info:     171000 |    22597     147516 |  194   768 |    100924|       0.65      98.73|
Info:     172000 |    22775     148291 |  178   775 |    100167|       0.61      99.33|
Info:     173000 |    22979     149058 |  204   767 |     99491|       0.95     100.28|
Info:     174000 |    23223     149814 |  244   756 |     99060|       1.21     101.50|
Info:     175000 |    23479     150535 |  256   721 |     98502|       0.76     102.25|
Info:     176000 |    23721     151255 |  242   720 |     97778|       0.72     102.97|
Info:     177000 |    23979     151937 |  258   682 |     97061|       0.66     103.63|
Info:     178000 |    24220     152672 |  241   735 |     96743|       0.86     104.49|
Info:     179000 |    24459     153384 |  239   712 |     96003|       0.62     105.11|
Info:     180000 |    24685     154123 |  226   739 |     95252|       0.70     105.81|
Info:     181000 |    24896     154868 |  211   745 |     94550|       0.71     106.52|
Info:     182000 |    25115     155616 |  219   748 |     93812|       0.71     107.23|
Info:     183000 |    25297     156382 |  182   766 |     93029|       0.73     107.97|
Info:     184000 |    25494     157150 |  197   768 |     92254|       0.69     108.65|
Info:     185000 |    25793     157808 |  299   658 |     91914|       0.80     109.45|
Info:     186000 |    26016     158568 |  223   760 |     91294|       0.91     110.36|
Info:     187000 |    26259     159315 |  243   747 |     90677|       0.87     111.23|
Info:     188000 |    26464     160076 |  205   761 |     90067|       0.80     112.03|
Info:     189000 |    26698     160775 |  234   699 |     89325|       0.63     112.65|
Info:     190000 |    26967     161491 |  269   716 |     88720|       0.83     113.48|
Info:     191000 |    27175     162209 |  208   718 |     87937|       0.67     114.15|
Info:     192000 |    27400     162923 |  225   714 |     87218|       0.64     114.79|
Info:     193000 |    27613     163638 |  213   715 |     86448|       0.67     115.46|
Info:     194000 |    27824     164401 |  211   763 |     85690|       0.78     116.24|
Info:     195000 |    28071     165100 |  247   699 |     84965|       0.72     116.96|
Info:     196000 |    28250     165840 |  179   740 |     84165|       0.70     117.67|
Info:     197000 |    28505     166558 |  255   718 |     83599|       0.72     118.39|
Info:     198000 |    28770     167270 |  265   712 |     83104|       1.15     119.53|
Info:     199000 |    28996     168041 |  226   771 |     82608|       1.27     120.80|
Info:     200000 |    29238     168788 |  242   747 |     82119|       1.14     121.94|
Info:     201000 |    29421     169555 |  183   767 |     81325|       0.67     122.61|
Info:     202000 |    29658     170265 |  237   710 |     80613|       0.74     123.34|
Info:     203000 |    29859     170997 |  201   732 |     79886|       0.71     124.05|
Info:     204000 |    30071     171741 |  212   744 |     79141|       0.75     124.80|
Info:     205000 |    30283     172458 |  212   717 |     78407|       0.70     125.50|
Info:     206000 |    30500     173188 |  217   730 |     77656|       0.84     126.34|
Info:     207000 |    30683     173931 |  183   743 |     76881|       0.74     127.08|
Info:     208000 |    30889     174715 |  206   784 |     76319|       0.84     127.92|
Info:     209000 |    31141     175430 |  252   715 |     75854|       0.92     128.83|
Info:     210000 |    31365     176187 |  224   757 |     75219|       0.91     129.75|
Info:     211000 |    31580     176910 |  215   723 |     74535|       0.96     130.71|
Info:     212000 |    31787     177605 |  207   695 |     73758|       0.74     131.45|
Info:     213000 |    31981     178368 |  194   763 |     73016|       0.80     132.25|
Info:     214000 |    32190     179072 |  209   704 |     72297|       0.79     133.03|
Info:     215000 |    32403     179735 |  213   663 |     71572|       0.77     133.80|
Info:     216000 |    32601     180469 |  198   734 |     70918|       0.79     134.59|
Info:     217000 |    32841     181174 |  240   705 |     70278|       0.96     135.56|
Info:     218000 |    33002     181931 |  161   757 |     69457|       0.77     136.33|
Info:     219000 |    33251     182621 |  249   690 |     68773|       0.86     137.19|
Info:     220000 |    33490     183382 |  239   761 |     68214|       1.51     138.70|
Info:     221000 |    33769     184103 |  279   721 |     67737|       1.73     140.43|
Info:     222000 |    34107     184765 |  338   662 |     67384|       1.50     141.93|
Info:     223000 |    34276     185516 |  169   751 |     66608|       0.90     142.83|
Info:     224000 |    34578     186164 |  302   648 |     66071|       1.03     143.86|
Info:     225000 |    34814     186854 |  236   690 |     65507|       0.87     144.73|
Info:     226000 |    35016     187574 |  202   720 |     64792|       0.78     145.51|
Info:     227000 |    35303     188208 |  287   634 |     64499|       0.89     146.40|
Info:     228000 |    35563     188888 |  260   680 |     63853|       0.96     147.35|
Info:     229000 |    35830     189574 |  267   686 |     63364|       0.95     148.31|
Info:     230000 |    36043     190346 |  213   772 |     62739|       0.89     149.19|
Info:     231000 |    36248     191068 |  205   722 |     62057|       0.77     149.97|
Info:     232000 |    36556     191707 |  308   639 |     61590|       0.93     150.90|
Info:     233000 |    36744     192470 |  188   763 |     60839|       0.80     151.70|
Info:     234000 |    36888     193279 |  144   809 |     60004|       0.72     152.42|
Info:     235000 |    37075     194070 |  187   791 |     59261|       0.89     153.31|
Info:     236000 |    37295     194783 |  220   713 |     58577|       0.89     154.20|
Info:     237000 |    37449     195609 |  154   826 |     57790|       0.94     155.14|
Info:     238000 |    37740     196291 |  291   682 |     57298|       0.96     156.10|
Info:     239000 |    37942     197044 |  202   753 |     56560|       1.05     157.16|
Info:     240000 |    38239     197747 |  297   703 |     56028|       1.80     158.96|
Info:     241000 |    38553     198433 |  314   686 |     55558|       1.70     160.66|
Info:     242000 |    38934     199052 |  381   619 |     55281|       1.55     162.20|
Info:     243000 |    39298     199688 |  364   636 |     55150|       1.31     163.52|
Info:     244000 |    39627     200329 |  329   641 |     54712|       1.45     164.96|
Info:     245000 |    39857     201073 |  230   744 |     54132|       0.90     165.87|
Info:     246000 |    40050     201815 |  193   742 |     53465|       0.90     166.76|
Info:     247000 |    40393     202451 |  343   636 |     53179|       1.01     167.77|
Info:     248000 |    40712     203122 |  319   671 |     52736|       1.10     168.88|
Info:     249000 |    41019     203783 |  307   661 |     52377|       0.98     169.86|
Info:     250000 |    41406     204396 |  387   613 |     52370|       1.17     171.03|
Info:     251000 |    41652     205106 |  246   710 |     51791|       0.86     171.89|
Info:     252000 |    41900     205813 |  248   707 |     51119|       0.95     172.83|
Info:     253000 |    42101     206612 |  201   799 |     50540|       0.97     173.80|
Info:     254000 |    42284     207387 |  183   775 |     49769|       0.79     174.59|
Info:     255000 |    42586     208038 |  302   651 |     49157|       0.92     175.51|
Info:     256000 |    42846     208726 |  260   688 |     48503|       0.91     176.42|
Info:     257000 |    42973     209515 |  127   789 |     47698|       0.74     177.16|
Info:     258000 |    43155     210268 |  182   753 |     46952|       0.82     177.98|
Info:     259000 |    43285     211097 |  130   829 |     46118|       0.81     178.79|
Info:     260000 |    43487     211831 |  202   734 |     45495|       0.94     179.72|
Info:     261000 |    43758     212557 |  271   726 |     44899|       1.03     180.75|
Info:     262000 |    44091     213214 |  333   657 |     44404|       1.44     182.19|
Info:     263000 |    44440     213865 |  349   651 |     43984|       1.42     183.61|
Info:     264000 |    44802     214503 |  362   638 |     43610|       1.57     185.18|
Info:     265000 |    45110     215195 |  308   692 |     43098|       1.53     186.71|
Info:     266000 |    45490     215815 |  380   620 |     42702|       1.58     188.29|
Info:     267000 |    45901     216404 |  411   589 |     42304|       1.79     190.07|
Info:     268000 |    46000     217221 |   99   817 |     41420|       0.96     191.04|
Info:     269000 |    46108     217987 |  108   766 |     40534|       0.87     191.91|
Info:     270000 |    46206     218778 |   98   791 |     39651|       0.86     192.77|
Info:     271000 |    46328     219441 |  122   663 |     38801|       0.90     193.66|
Info:     272000 |    46547     220147 |  219   706 |     38108|       1.10     194.76|
Info:     273000 |    46740     220947 |  193   800 |     37429|       1.06     195.82|
Info:     274000 |    46961     221711 |  221   764 |     36730|       1.00     196.81|
Info:     275000 |    47073     222449 |  112   738 |     35865|       0.74     197.55|
Info:     276000 |    47372     223080 |  299   631 |     35275|       0.97     198.51|
Info:     277000 |    47487     223895 |  115   815 |     34417|       0.75     199.26|
Info:     278000 |    47645     224714 |  158   819 |     33617|       0.81     200.07|
Info:     279000 |    47975     225349 |  330   635 |     33162|       1.15     201.22|
Info:     280000 |    48351     225973 |  376   624 |     32791|       1.42     202.63|
Info:     281000 |    48771     226553 |  420   580 |     32538|       1.43     204.06|
Info:     282000 |    49174     227150 |  403   597 |     32188|       1.61     205.67|
Info:     283000 |    49586     227738 |  412   588 |     31884|       1.41     207.08|
Info:     284000 |    50011     228313 |  425   575 |     31546|       1.57     208.65|
Info:     285000 |    50352     228972 |  341   659 |     31298|       1.42     210.07|
Info:     286000 |    50756     229568 |  404   596 |     30886|       1.56     211.63|
Info:     287000 |    51159     230165 |  403   597 |     30550|       1.54     213.17|
Info:     288000 |    51573     230751 |  414   586 |     30234|       1.48     214.65|
Info:     289000 |    51903     231421 |  330   670 |     29684|       1.36     216.01|
Info:     290000 |    52331     231993 |  428   572 |     29421|       1.26     217.27|
Info:     291000 |    52503     232797 |  172   804 |     28627|       0.78     218.05|
Info:     292000 |    52759     233540 |  256   743 |     27929|       1.01     219.06|
Info:     293000 |    53090     234209 |  331   669 |     27413|       1.03     220.08|
Info:     294000 |    53316     234983 |  226   774 |     26704|       0.95     221.04|
Info:     295000 |    53586     235713 |  270   730 |     26229|       1.03     222.07|
Info:     296000 |    53909     236390 |  323   677 |     25669|       0.94     223.00|
Info:     297000 |    54141     237158 |  232   768 |     24999|       0.87     223.88|
Info:     298000 |    54450     237849 |  309   691 |     24500|       1.23     225.10|
Info:     299000 |    54802     238497 |  352   648 |     24292|       1.42     226.53|
Info:     300000 |    55192     239107 |  390   610 |     23852|       1.48     228.01|
Info:     301000 |    55602     239697 |  410   590 |     23461|       1.49     229.49|
Info:     302000 |    56056     240243 |  454   546 |     23163|       1.54     231.04|
Info:     303000 |    56449     240850 |  393   607 |     22871|       1.58     232.61|
Info:     304000 |    56850     241449 |  401   599 |     22543|       1.66     234.28|
Info:     305000 |    57305     241994 |  455   545 |     22196|       1.51     235.79|
Info:     306000 |    57696     242603 |  391   609 |     21853|       1.62     237.41|
Info:     307000 |    58009     243290 |  313   687 |     21718|       1.31     238.72|
Info:     308000 |    58437     243862 |  428   572 |     21475|       1.76     240.48|
Info:     309000 |    58781     244518 |  344   656 |     21247|       1.47     241.95|
Info:     310000 |    59225     245074 |  444   556 |     20958|       1.64     243.59|
Info:     311000 |    59679     245620 |  454   546 |     20583|       1.76     245.35|
Info:     312000 |    60084     246215 |  405   595 |     20334|       1.51     246.86|
Info:     313000 |    60545     246754 |  461   539 |     20106|       1.81     248.67|
Info:     314000 |    60824     247475 |  279   721 |     19462|       1.20     249.87|
Info:     315000 |    60897     248402 |   73   927 |     18550|       0.76     250.63|
Info:     316000 |    61125     249174 |  228   772 |     17841|       1.00     251.63|
Info:     317000 |    61482     249817 |  357   643 |     17384|       1.20     252.83|
Info:     318000 |    61840     250459 |  358   642 |     16867|       1.38     254.21|
Info:     319000 |    62209     251090 |  369   631 |     16344|       1.20     255.41|
Info:     320000 |    62599     251700 |  390   610 |     15944|       1.24     256.66|
Info:     321000 |    62952     252347 |  353   647 |     15469|       1.39     258.05|
Info:     322000 |    63384     252915 |  432   568 |     15135|       1.60     259.65|
Info:     323000 |    63750     253549 |  366   634 |     14609|       1.22     260.87|
Info:     324000 |    64121     254178 |  371   629 |     14288|       1.33     262.20|
Info:     325000 |    64524     254775 |  403   597 |     13955|       1.38     263.58|
Info:     326000 |    64943     255356 |  419   581 |     13653|       1.50     265.09|
Info:     327000 |    65355     255944 |  412   588 |     13223|       1.52     266.61|
Info:     328000 |    65531     256768 |  176   824 |     12476|       0.87     267.48|
Info:     329000 |    65759     257446 |  228   678 |     11896|       1.41     268.89|
Info:     330000 |    65948     258162 |  189   716 |     11274|       1.21     270.10|
Info:     331000 |    66117     258905 |  169   743 |     10587|       1.19     271.29|
Info:     332000 |    66291     259619 |  174   714 |     10025|       1.42     272.71|
Info:     333000 |    66523     260302 |  232   683 |      9449|       1.34     274.05|
Info:     334000 |    66607     261098 |   84   796 |      8555|       1.07     275.12|
Info:     335000 |    66710     261871 |  103   773 |      7751|       1.48     276.60|
Info:     336000 |    66855     262614 |  145   743 |      6974|       1.31     277.91|
Info:     337000 |    67096     263298 |  241   684 |      6445|       1.32     279.24|
Info:     338000 |    67280     264015 |  184   717 |      5757|       1.23     280.47|
Info:     339000 |    67440     264756 |  160   741 |      5025|       1.38     281.84|
Info:     340000 |    67645     265467 |  205   711 |      4346|       1.45     283.29|
Info:     341000 |    67831     266184 |  186   717 |      3642|       1.62     284.91|
Info:     342000 |    67916     266989 |   85   805 |      2759|       1.25     286.15|
Info:     343000 |    68102     267706 |  186   717 |      2064|       1.39     287.54|
Info:     344000 |    68270     268438 |  168   732 |      1371|       1.35     288.89|
Info:     345000 |    68564     269062 |  294   624 |       866|       1.57     290.46|
Info:     346000 |    68797     269750 |  233   688 |       334|       1.59     292.05|
Info:     24 arcs ripped up due to negative slack WNS=-0.03ns TNS=-0.36ns.
Info:       1000 |    69505     270367 |  708   617 |      2107|       2.35     294.40|
Info:       2000 |    70107     270765 |  602   398 |      3213|       1.10     295.50|
Info:       3000 |    70623     271249 |  516   484 |      3485|       1.07     296.57|
Info:       4000 |    71191     271681 |  568   432 |      3874|       1.06     297.62|
Info:       5000 |    71790     272082 |  599   401 |      3954|       1.10     298.72|
Info:       6000 |    72367     272505 |  577   423 |      4547|       1.08     299.80|
Info:       7000 |    72944     272928 |  577   423 |      5165|       1.05     300.85|
Info:       8000 |    73558     273314 |  614   386 |      5664|       1.08     301.93|
Info:       9000 |    74058     273814 |  500   500 |      6110|       1.13     303.06|
Info:      10000 |    74565     274307 |  507   493 |      7167|       1.16     304.22|
Info:      11000 |    75096     274776 |  531   469 |      7312|       1.21     305.43|
Info:      12000 |    75623     275249 |  527   473 |      7676|       1.16     306.60|
Info:      13000 |    76128     275744 |  505   495 |      7795|       1.06     307.66|
Info:      14000 |    76645     276227 |  517   483 |      8114|       1.15     308.81|
Info:      15000 |    77181     276691 |  536   464 |      8651|       1.20     310.01|
Info:      16000 |    77687     277185 |  506   494 |      8932|       1.17     311.18|
Info:      17000 |    78159     277713 |  472   528 |      9088|       1.19     312.37|
Info:      18000 |    78656     278216 |  497   503 |      8991|       1.30     313.68|
Info:      19000 |    79159     278713 |  503   497 |      9003|       1.19     314.87|
Info:      20000 |    79718     279154 |  559   441 |      9398|       1.13     316.00|
Info:      21000 |    80163     279709 |  445   555 |      9564|       1.09     317.09|
Info:      22000 |    80605     280267 |  442   558 |      9586|       1.23     318.31|
Info:      23000 |    81097     280775 |  492   508 |      9434|       1.19     319.51|
Info:      24000 |    81667     281205 |  570   430 |      9497|       1.24     320.75|
Info:      25000 |    82133     281739 |  466   534 |      9537|       1.25     322.00|
Info:      26000 |    82620     282252 |  487   513 |      9538|       1.32     323.32|
Info:      27000 |    83114     282758 |  494   506 |      9469|       1.17     324.49|
Info:      28000 |    83625     283247 |  511   489 |      9509|       1.29     325.78|
Info:      29000 |    84134     283738 |  509   491 |      9446|       1.29     327.07|
Info:      30000 |    84624     284248 |  490   510 |      9626|       1.05     328.11|
Info:      31000 |    85085     284787 |  461   539 |      9517|       1.19     329.31|
Info:      32000 |    85588     285284 |  503   497 |      9403|       1.22     330.53|
Info:      33000 |    86070     285802 |  482   518 |      9308|       1.35     331.88|
Info:      34000 |    86561     286311 |  491   509 |      9153|       1.31     333.19|
Info:      35000 |    87036     286836 |  475   525 |      9372|       1.12     334.31|
Info:      36000 |    87463     287409 |  427   573 |      9261|       1.29     335.60|
Info:      37000 |    87955     287917 |  492   508 |      9326|       1.41     337.01|
Info:      38000 |    88509     288363 |  554   446 |      9141|       1.28     338.30|
Info:      39000 |    89013     288859 |  504   496 |      9022|       1.23     339.53|
Info:      40000 |    89497     289375 |  484   516 |      8977|       1.30     340.83|
Info:      41000 |    90004     289868 |  507   493 |      9054|       1.33     342.16|
Info:      42000 |    90541     290331 |  537   463 |      8955|       1.39     343.55|
Info:      43000 |    91058     290813 |  517   482 |      8838|       1.35     344.91|
Info:      44000 |    91563     291308 |  505   495 |      8831|       1.33     346.23|
Info:      45000 |    92047     291824 |  484   516 |      8912|       1.23     347.47|
Info:      46000 |    92503     292368 |  456   544 |      8941|       1.19     348.66|
Info:      47000 |    92987     292884 |  484   516 |      8941|       1.26     349.92|
Info:      48000 |    93528     293343 |  541   459 |      8786|       1.32     351.24|
Info:      49000 |    94035     293836 |  507   493 |      8627|       1.40     352.64|
Info:      50000 |    94529     294342 |  494   506 |      8512|       1.33     353.98|
Info:      51000 |    95036     294835 |  507   493 |      8506|       1.28     355.26|
Info:      52000 |    95589     295282 |  553   447 |      8320|       1.47     356.73|
Info:      53000 |    96182     295689 |  593   407 |      8295|       1.24     357.98|
Info:      54000 |    96651     296220 |  469   531 |      8423|       1.43     359.41|
Info:      55000 |    97120     296751 |  469   531 |      8162|       1.52     360.93|
Info:      56000 |    97647     297224 |  527   473 |      8033|       1.38     362.31|
Info:      57000 |    98131     297740 |  484   516 |      7968|       1.24     363.55|
Info:      58000 |    98689     298182 |  558   442 |      7846|       1.33     364.88|
Info:      59000 |    99245     298626 |  556   444 |      7730|       1.39     366.27|
Info:      60000 |    99789     299082 |  544   456 |      7557|       1.43     367.70|
Info:      61000 |   100269     299602 |  480   520 |      7772|       1.22     368.92|
Info:      62000 |   100783     300088 |  514   486 |      7718|       1.32     370.24|
Info:      63000 |   101311     300560 |  528   472 |      7506|       1.33     371.57|
Info:      64000 |   101853     301018 |  542   458 |      7558|       1.39     372.95|
Info:      65000 |   102389     301482 |  536   464 |      7375|       1.73     374.69|
Info:      66000 |   102881     301990 |  492   508 |      7351|       1.49     376.18|
Info:      67000 |   103345     302526 |  464   536 |      7194|       1.38     377.56|
Info:      68000 |   103881     302990 |  536   464 |      6996|       1.61     379.17|
Info:      69000 |   104402     303469 |  521   479 |      6889|       1.68     380.85|
Info:      70000 |   104988     303883 |  586   414 |      6795|       1.59     382.43|
Info:      71000 |   105456     304415 |  468   532 |      6716|       1.71     384.15|
Info:      72000 |   105997     304874 |  541   459 |      6632|       1.45     385.60|
Info:      73000 |   106513     305358 |  516   484 |      6444|       1.67     387.27|
Info:      74000 |   107018     305853 |  505   495 |      6319|       1.62     388.88|
Info:      75000 |   107496     306375 |  478   522 |      6116|       1.77     390.65|
Info:      76000 |   108066     306805 |  570   430 |      6090|       1.62     392.27|
Info:      77000 |   108617     307254 |  551   449 |      5948|       1.63     393.90|
Info:      78000 |   109131     307740 |  514   486 |      5724|       1.84     395.75|
Info:      79000 |   109634     308237 |  503   497 |      5827|       1.61     397.36|
Info:      80000 |   110077     308794 |  443   557 |      5612|       1.58     398.93|
Info:      81000 |   110683     309188 |  606   394 |      5427|       1.50     400.43|
Info:      82000 |   111269     309602 |  586   414 |      5279|       1.73     402.17|
Info:      83000 |   111821     310050 |  552   448 |      5071|       1.95     404.11|
Info:      84000 |   112419     310452 |  598   402 |      4906|       1.66     405.77|
Info:      85000 |   112959     310912 |  540   460 |      4880|       1.64     407.41|
Info:      86000 |   113533     311338 |  574   426 |      4797|       1.75     409.16|
Info:      87000 |   114007     311864 |  474   526 |      4744|       1.46     410.62|
Info:      88000 |   114601     312270 |  594   406 |      4535|       2.46     413.08|
Info:      89000 |   115142     312729 |  541   459 |      4452|       1.64     414.71|
Info:      90000 |   115659     313212 |  517   483 |      4416|       1.54     416.26|
Info:      91000 |   116228     313643 |  569   431 |      4341|       1.82     418.07|
Info:      92000 |   116753     314118 |  525   475 |      4187|       1.83     419.90|
Info:      93000 |   117324     314547 |  571   429 |      4090|       1.87     421.77|
Info:      94000 |   117854     315017 |  530   470 |      3986|       1.83     423.60|
Info:      95000 |   118410     315461 |  556   444 |      3845|       1.67     425.28|
Info:      96000 |   119038     315833 |  628   372 |      3779|       1.71     426.98|
Info:      97000 |   119640     316231 |  602   398 |      3647|       2.29     429.28|
Info:      98000 |   120130     316741 |  490   510 |      3682|       1.53     430.81|
Info:      99000 |   120630     317241 |  500   500 |      3647|       1.61     432.42|
Info:     100000 |   121234     317637 |  604   396 |      3494|       2.45     434.87|
Info:     101000 |   121830     318041 |  596   404 |      3456|       1.81     436.68|
Info:     102000 |   122373     318498 |  543   457 |      3406|       1.85     438.52|
Info:     103000 |   122812     319059 |  439   561 |      3397|       1.56     440.09|
Info:     104000 |   123382     319489 |  570   430 |      3259|       2.04     442.13|
Info:     105000 |   123940     319931 |  558   442 |      3184|       1.90     444.02|
Info:     106000 |   124506     320365 |  566   434 |      3171|       1.89     445.92|
Info:     107000 |   125085     320786 |  579   421 |      3025|       1.87     447.79|
Info:     108000 |   125709     321162 |  624   376 |      2938|       1.43     449.22|
Info:     109000 |   126276     321595 |  567   433 |      2890|       1.58     450.80|
Info:     110000 |   126827     322044 |  551   449 |      2898|       1.84     452.64|
Info:     111000 |   127406     322465 |  579   421 |      2768|       1.67     454.31|
Info:     112000 |   127822     323049 |  416   584 |      2573|       2.43     456.73|
Info:     113000 |   128272     323599 |  450   550 |      2286|       2.32     459.05|
Info:     114000 |   128812     324059 |  540   460 |      2321|       1.42     460.47|
Info:     115000 |   129204     324667 |  392   608 |      1921|       1.87     462.34|
Info:     116000 |   129545     325326 |  341   659 |      1586|       2.35     464.70|
Info:     117000 |   129841     326030 |  296   704 |      1111|       2.28     466.97|
Info:     118000 |   130184     326687 |  343   657 |       687|       2.09     469.07|
Info:     119000 |   130621     327250 |  437   563 |       353|       1.83     470.90|
Info:     0 arcs ripped up due to negative slack WNS=0.00ns TNS=0.00ns.
Info:          0 |   130836     327763 |  215   513 |         0|       2.85     473.75|
Info: Routing complete.
Info: Router1 time 473.75s
Info: Checksum: 0xb90688b4

Info: Critical path report for clock '$glbnet$CLK_clk_25mhz$TRELLIS_IO_IN' (posedge -> posedge):
Info:       type curr  total name
Info:   clk-to-q  0.52  0.52 Source uart_clkcnt_TRELLIS_FF_Q_15.Q
Info:    routing  1.16  1.69 Net uart_clkcnt[1] (88,90) -> (87,89)
Info:                          Sink uart_clkcnt_TRELLIS_FF_Q_9_DI_LUT4_Z_C_CCU2C_S1_CIN_CCU2C_COUT_CIN_CCU2C_COUT_CIN_CCU2C_COUT$CCU2_COMB1.B
Info:                          Defined in:
Info:                               mkTop.v:7092.16-7092.27
Info:      logic  0.45  2.13 Source uart_clkcnt_TRELLIS_FF_Q_9_DI_LUT4_Z_C_CCU2C_S1_CIN_CCU2C_COUT_CIN_CCU2C_COUT_CIN_CCU2C_COUT$CCU2_COMB1.FCO
Info:    routing  0.00  2.13 Net uart_clkcnt_TRELLIS_FF_Q_9_DI_LUT4_Z_C_CCU2C_S1_CIN_CCU2C_COUT_CIN_CCU2C_COUT_CIN (87,89) -> (87,89)
Info:                          Sink uart_clkcnt_TRELLIS_FF_Q_9_DI_LUT4_Z_C_CCU2C_S1_CIN_CCU2C_COUT_CIN_CCU2C_COUT$CCU2_COMB0.FCI
Info:                          Defined in:
Info:                               mkTop.v:45401.20-45401.39
Info:                               /workspace/scratch/dc01b9aab8c7/toolchains/oss-cad-suite/lib/../share/yosys/lattice/arith_map_ccu2c.v:74.7-80.4
Info:                               /workspace/scratch/dc01b9aab8c7/toolchains/oss-cad-suite/lib/../share/yosys/lattice/ccu2c_sim.vh:9.9-9.13
Info:      logic  0.07  2.21 Source uart_clkcnt_TRELLIS_FF_Q_9_DI_LUT4_Z_C_CCU2C_S1_CIN_CCU2C_COUT_CIN_CCU2C_COUT$CCU2_COMB0.FCO
Info:    routing  0.00  2.21 Net uart_clkcnt_TRELLIS_FF_Q_9_DI_LUT4_Z_C_CCU2C_S1_CIN_CCU2C_COUT_CIN_CCU2C_COUT$CCU2_FCI_INT (87,89) -> (87,89)
Info:                          Sink uart_clkcnt_TRELLIS_FF_Q_9_DI_LUT4_Z_C_CCU2C_S1_CIN_CCU2C_COUT_CIN_CCU2C_COUT$CCU2_COMB1.FCI
Info:      logic  0.00  2.21 Source uart_clkcnt_TRELLIS_FF_Q_9_DI_LUT4_Z_C_CCU2C_S1_CIN_CCU2C_COUT_CIN_CCU2C_COUT$CCU2_COMB1.FCO
Info:    routing  0.00  2.21 Net uart_clkcnt_TRELLIS_FF_Q_9_DI_LUT4_Z_C_CCU2C_S1_CIN_CCU2C_COUT_CIN (87,89) -> (87,89)
Info:                          Sink uart_clkcnt_TRELLIS_FF_Q_9_DI_LUT4_Z_C_CCU2C_S1_CIN_CCU2C_COUT$CCU2_COMB0.FCI
Info:                          Defined in:
Info:                               mkTop.v:45401.20-45401.39
Info:                               /workspace/scratch/dc01b9aab8c7/toolchains/oss-cad-suite/lib/../share/yosys/lattice/arith_map_ccu2c.v:74.7-80.4
Info:                               /workspace/scratch/dc01b9aab8c7/toolchains/oss-cad-suite/lib/../share/yosys/lattice/ccu2c_sim.vh:9.9-9.13
Info:      logic  0.07  2.28 Source uart_clkcnt_TRELLIS_FF_Q_9_DI_LUT4_Z_C_CCU2C_S1_CIN_CCU2C_COUT$CCU2_COMB0.FCO
Info:    routing  0.00  2.28 Net uart_clkcnt_TRELLIS_FF_Q_9_DI_LUT4_Z_C_CCU2C_S1_CIN_CCU2C_COUT$CCU2_FCI_INT (87,89) -> (87,89)
Info:                          Sink uart_clkcnt_TRELLIS_FF_Q_9_DI_LUT4_Z_C_CCU2C_S1_CIN_CCU2C_COUT$CCU2_COMB1.FCI
Info:      logic  0.00  2.28 Source uart_clkcnt_TRELLIS_FF_Q_9_DI_LUT4_Z_C_CCU2C_S1_CIN_CCU2C_COUT$CCU2_COMB1.FCO
Info:    routing  0.00  2.28 Net uart_clkcnt_TRELLIS_FF_Q_9_DI_LUT4_Z_C_CCU2C_S1_CIN (87,89) -> (88,89)
Info:                          Sink uart_clkcnt_TRELLIS_FF_Q_9_DI_LUT4_Z_C_CCU2C_S1$CCU2_COMB0.FCI
Info:                          Defined in:
Info:                               mkTop.v:45401.20-45401.39
Info:                               /workspace/scratch/dc01b9aab8c7/toolchains/oss-cad-suite/lib/../share/yosys/lattice/arith_map_ccu2c.v:74.7-80.4
Info:                               /workspace/scratch/dc01b9aab8c7/toolchains/oss-cad-suite/lib/../share/yosys/lattice/ccu2c_sim.vh:9.9-9.13
Info:      logic  0.07  2.35 Source uart_clkcnt_TRELLIS_FF_Q_9_DI_LUT4_Z_C_CCU2C_S1$CCU2_COMB0.FCO
Info:    routing  0.00  2.35 Net uart_clkcnt_TRELLIS_FF_Q_9_DI_LUT4_Z_C_CCU2C_S1$CCU2_FCI_INT (88,89) -> (88,89)
Info:                          Sink uart_clkcnt_TRELLIS_FF_Q_9_DI_LUT4_Z_C_CCU2C_S1$CCU2_COMB1.FCI
Info:      logic  0.00  2.35 Source uart_clkcnt_TRELLIS_FF_Q_9_DI_LUT4_Z_C_CCU2C_S1$CCU2_COMB1.FCO
Info:    routing  0.00  2.35 Net uart_clkcnt_TRELLIS_FF_Q_9_DI_LUT4_Z_C_CCU2C_S1_COUT (88,89) -> (88,89)
Info:                          Sink uart_clkcnt_TRELLIS_FF_Q_9_DI_LUT4_Z_C_CCU2C_S1_COUT_CCU2C_CIN$CCU2_COMB0.FCI
Info:                          Defined in:
Info:                               mkTop.v:45401.20-45401.39
Info:                               /workspace/scratch/dc01b9aab8c7/toolchains/oss-cad-suite/lib/../share/yosys/lattice/arith_map_ccu2c.v:74.7-80.4
Info:                               /workspace/scratch/dc01b9aab8c7/toolchains/oss-cad-suite/lib/../share/yosys/lattice/ccu2c_sim.vh:9.9-9.13
Info:      logic  0.07  2.42 Source uart_clkcnt_TRELLIS_FF_Q_9_DI_LUT4_Z_C_CCU2C_S1_COUT_CCU2C_CIN$CCU2_COMB0.FCO
Info:    routing  0.00  2.42 Net uart_clkcnt_TRELLIS_FF_Q_9_DI_LUT4_Z_C_CCU2C_S1_COUT_CCU2C_CIN$CCU2_FCI_INT (88,89) -> (88,89)
Info:                          Sink uart_clkcnt_TRELLIS_FF_Q_9_DI_LUT4_Z_C_CCU2C_S1_COUT_CCU2C_CIN$CCU2_COMB1.FCI
Info:      logic  0.00  2.42 Source uart_clkcnt_TRELLIS_FF_Q_9_DI_LUT4_Z_C_CCU2C_S1_COUT_CCU2C_CIN$CCU2_COMB1.FCO
Info:    routing  0.00  2.42 Net uart_clkcnt_TRELLIS_FF_Q_9_DI_LUT4_Z_C_CCU2C_S1_COUT_CCU2C_CIN_COUT (88,89) -> (88,89)
Info:                          Sink uart_clkcnt_TRELLIS_FF_Q_9_DI_LUT4_Z_C_CCU2C_S1_COUT_CCU2C_CIN_COUT_CCU2C_CIN$CCU2_COMB0.FCI
Info:                          Defined in:
Info:                               mkTop.v:45401.20-45401.39
Info:                               /workspace/scratch/dc01b9aab8c7/toolchains/oss-cad-suite/lib/../share/yosys/lattice/arith_map_ccu2c.v:74.7-80.4
Info:                               /workspace/scratch/dc01b9aab8c7/toolchains/oss-cad-suite/lib/../share/yosys/lattice/ccu2c_sim.vh:9.9-9.13
Info:      logic  0.44  2.86 Source uart_clkcnt_TRELLIS_FF_Q_9_DI_LUT4_Z_C_CCU2C_S1_COUT_CCU2C_CIN_COUT_CCU2C_CIN$CCU2_COMB0.F
Info:    routing  1.32  4.18 Net uart_clkcnt_TRELLIS_FF_Q_9_DI_LUT4_Z_C_CCU2C_S1_COUT_CCU2C_CIN_COUT_CCU2C_CIN_S0 (88,89) -> (87,90)
Info:                          Sink uart_clkcnt_TRELLIS_FF_Q_9_DI_LUT4_Z_C_CCU2C_S1_COUT_CCU2C_CIN_COUT_CCU2C_CIN_S1_CCU2C_A1$CCU2_COMB0.A
Info:      logic  0.45  4.63 Source uart_clkcnt_TRELLIS_FF_Q_9_DI_LUT4_Z_C_CCU2C_S1_COUT_CCU2C_CIN_COUT_CCU2C_CIN_S1_CCU2C_A1$CCU2_COMB0.FCO
Info:    routing  0.00  4.63 Net uart_clkcnt_TRELLIS_FF_Q_9_DI_LUT4_Z_C_CCU2C_S1_COUT_CCU2C_CIN_COUT_CCU2C_CIN_S1_CCU2C_A1$CCU2_FCI_INT (87,90) -> (87,90)
Info:                          Sink uart_clkcnt_TRELLIS_FF_Q_9_DI_LUT4_Z_C_CCU2C_S1_COUT_CCU2C_CIN_COUT_CCU2C_CIN_S1_CCU2C_A1$CCU2_COMB1.FCI
Info:      logic  0.00  4.63 Source uart_clkcnt_TRELLIS_FF_Q_9_DI_LUT4_Z_C_CCU2C_S1_COUT_CCU2C_CIN_COUT_CCU2C_CIN_S1_CCU2C_A1$CCU2_COMB1.FCO
Info:    routing  0.00  4.63 Net uart_clkcnt_TRELLIS_FF_Q_9_DI_LUT4_Z_C_CCU2C_S1_COUT_CCU2C_CIN_COUT_CCU2C_CIN_S1_CCU2C_A1_COUT (87,90) -> (87,90)
Info:                          Sink uart_clkcnt_TRELLIS_FF_Q_9_DI_LUT4_Z_C_CCU2C_S1_COUT_CCU2C_CIN_COUT_CCU2C_CIN_COUT_CCU2C_CIN_S1_CCU2C_A1$CCU2_COMB0.FCI
Info:                          Defined in:
Info:                               mkTop.v:44847.44-44847.61
Info:                               /workspace/scratch/dc01b9aab8c7/toolchains/oss-cad-suite/lib/../share/yosys/lattice/arith_map_ccu2c.v:74.7-80.4
Info:                               /workspace/scratch/dc01b9aab8c7/toolchains/oss-cad-suite/lib/../share/yosys/lattice/ccu2c_sim.vh:9.9-9.13
Info:      logic  0.07  4.70 Source uart_clkcnt_TRELLIS_FF_Q_9_DI_LUT4_Z_C_CCU2C_S1_COUT_CCU2C_CIN_COUT_CCU2C_CIN_COUT_CCU2C_CIN_S1_CCU2C_A1$CCU2_COMB0.FCO
Info:    routing  0.00  4.70 Net uart_clkcnt_TRELLIS_FF_Q_9_DI_LUT4_Z_C_CCU2C_S1_COUT_CCU2C_CIN_COUT_CCU2C_CIN_COUT_CCU2C_CIN_S1_CCU2C_A1$CCU2_FCI_INT (87,90) -> (87,90)
Info:                          Sink uart_clkcnt_TRELLIS_FF_Q_9_DI_LUT4_Z_C_CCU2C_S1_COUT_CCU2C_CIN_COUT_CCU2C_CIN_COUT_CCU2C_CIN_S1_CCU2C_A1$CCU2_COMB1.FCI
Info:      logic  0.00  4.70 Source uart_clkcnt_TRELLIS_FF_Q_9_DI_LUT4_Z_C_CCU2C_S1_COUT_CCU2C_CIN_COUT_CCU2C_CIN_COUT_CCU2C_CIN_S1_CCU2C_A1$CCU2_COMB1.FCO
Info:    routing  0.00  4.70 Net uart_clkcnt_TRELLIS_FF_Q_9_DI_LUT4_Z_C_CCU2C_S1_COUT_CCU2C_CIN_COUT_CCU2C_CIN_COUT_CCU2C_CIN_S1_CCU2C_A1_COUT (87,90) -> (88,90)
Info:                          Sink uart_clkcnt_TRELLIS_FF_Q_9_DI_LUT4_Z_C_CCU2C_S1_COUT_CCU2C_CIN_COUT_CCU2C_CIN_COUT_CCU2C_CIN_COUT_CCU2C_CIN_S1_CCU2C_A1$CCU2_COMB0.FCI
Info:                          Defined in:
Info:                               mkTop.v:44847.44-44847.61
Info:                               /workspace/scratch/dc01b9aab8c7/toolchains/oss-cad-suite/lib/../share/yosys/lattice/arith_map_ccu2c.v:74.7-80.4
Info:                               /workspace/scratch/dc01b9aab8c7/toolchains/oss-cad-suite/lib/../share/yosys/lattice/ccu2c_sim.vh:9.9-9.13
Info:      logic  0.07  4.77 Source uart_clkcnt_TRELLIS_FF_Q_9_DI_LUT4_Z_C_CCU2C_S1_COUT_CCU2C_CIN_COUT_CCU2C_CIN_COUT_CCU2C_CIN_COUT_CCU2C_CIN_S1_CCU2C_A1$CCU2_COMB0.FCO
Info:    routing  0.00  4.77 Net uart_clkcnt_TRELLIS_FF_Q_9_DI_LUT4_Z_C_CCU2C_S1_COUT_CCU2C_CIN_COUT_CCU2C_CIN_COUT_CCU2C_CIN_COUT_CCU2C_CIN_S1_CCU2C_A1$CCU2_FCI_INT (88,90) -> (88,90)
Info:                          Sink uart_clkcnt_TRELLIS_FF_Q_9_DI_LUT4_Z_C_CCU2C_S1_COUT_CCU2C_CIN_COUT_CCU2C_CIN_COUT_CCU2C_CIN_COUT_CCU2C_CIN_S1_CCU2C_A1$CCU2_COMB1.FCI
Info:      logic  0.00  4.77 Source uart_clkcnt_TRELLIS_FF_Q_9_DI_LUT4_Z_C_CCU2C_S1_COUT_CCU2C_CIN_COUT_CCU2C_CIN_COUT_CCU2C_CIN_COUT_CCU2C_CIN_S1_CCU2C_A1$CCU2_COMB1.FCO
Info:    routing  0.00  4.77 Net $nextpnr_CCU2C_67$CIN (88,90) -> (88,90)
Info:                          Sink $nextpnr_CCU2C_67$CCU2_COMB0.FCI
Info:      logic  0.44  5.22 Source $nextpnr_CCU2C_67$CCU2_COMB0.F
Info:    routing  1.24  6.45 Net uart_clkcnt_TRELLIS_FF_Q_9_DI_LUT4_Z_C[1] (88,90) -> (96,89)
Info:                          Sink uart_inQ.empty_reg_LUT4_B_1.D
Info:                          Defined in:
Info:                               /workspace/scratch/dc01b9aab8c7/toolchains/oss-cad-suite/lib/../share/yosys/lattice/cells_map_trellis.v:108.23-108.24
Info:      logic  0.24  6.69 Source uart_inQ.empty_reg_LUT4_B_1.F
Info:    routing  0.04  6.73 Net uart_inQ.empty_reg_LUT4_B_1_Z[3] (96,89) -> (96,89)
Info:                          Sink uart_inQ.empty_reg_LUT4_C_1.D
Info:                          Defined in:
Info:                               /workspace/scratch/dc01b9aab8c7/toolchains/oss-cad-suite/lib/../share/yosys/lattice/cells_map_trellis.v:108.23-108.24
Info:      logic  0.24  6.96 Source uart_inQ.empty_reg_LUT4_C_1.F
Info:    routing  0.67  7.63 Net uart_inQ.data0_reg_TRELLIS_FF_Q_3_DI_LUT4_Z_D[1] (96,89) -> (96,89)
Info:                          Sink uart_inQ.data0_reg_TRELLIS_FF_Q_5_DI_LUT4_Z_D_LUT4_Z.C
Info:                          Defined in:
Info:                               /workspace/scratch/dc01b9aab8c7/toolchains/oss-cad-suite/lib/../share/yosys/lattice/cells_map_trellis.v:108.23-108.24
Info:      logic  0.24  7.87 Source uart_inQ.data0_reg_TRELLIS_FF_Q_5_DI_LUT4_Z_D_LUT4_Z.F
Info:    routing  0.94  8.81 Net uart_inQ.data0_reg_TRELLIS_FF_Q_5_DI_LUT4_Z_D[2] (96,89) -> (97,90)
Info:                          Sink uart_inQ.data0_reg_TRELLIS_FF_Q_5_DI_LUT4_Z.D
Info:                          Defined in:
Info:                               /workspace/scratch/dc01b9aab8c7/toolchains/oss-cad-suite/lib/../share/yosys/lattice/cells_map_trellis.v:108.23-108.24
Info:      logic  0.24  9.05 Source uart_inQ.data0_reg_TRELLIS_FF_Q_5_DI_LUT4_Z.F
Info:    routing  0.13  9.18 Net uart_inQ.data0_reg_TRELLIS_FF_Q_5_DI (97,90) -> (97,90)
Info:                          Sink uart_inQ.data0_reg_TRELLIS_FF_Q_5.DI
Info:      setup  0.00  9.18 Source uart_inQ.data0_reg_TRELLIS_FF_Q_5.DI
Info: 3.67 ns logic, 5.50 ns routing

Info: Critical path report for clock '$glbnet$clocks_coreReset.CLK' (posedge -> posedge):
Info:       type curr  total name
Info:   clk-to-q  0.52  0.52 Source core_block0_convolutionOn_TRELLIS_FF_Q.Q
Info:    routing  2.72  3.25 Net core_block0_convolutionOn (62,48) -> (30,55)
Info:                          Sink core_block0_convAddressQ.empty_reg_LUT4_B$fanout$38.C
Info:                          Defined in:
Info:                               mkTop.v:280.7-280.32
Info:      logic  0.24  3.49 Source core_block0_convAddressQ.empty_reg_LUT4_B$fanout$38.F
Info:    routing  0.24  3.73 Net core_block0_convAddressQ.empty_reg_LUT4_B$fanout$38.Z (30,55) -> (30,55)
Info:                          Sink core_block0_convOperandQ.D_IN_TRELLIS_FF_Q_91_LSR_LUT4_Z.D
Info:      logic  0.24  3.97 Source core_block0_convOperandQ.D_IN_TRELLIS_FF_Q_91_LSR_LUT4_Z.F
Info:    routing  1.57  5.54 Net core_block0_convOperandQ.D_IN_TRELLIS_FF_Q_91_LSR[1] (30,55) -> (46,56)
Info:                          Sink core_block0_convOperandQ.D_IN_TRELLIS_FF_Q_91_LSR_LUT4_D.D
Info:                          Defined in:
Info:                               /workspace/scratch/dc01b9aab8c7/toolchains/oss-cad-suite/lib/../share/yosys/lattice/cells_map_trellis.v:108.23-108.24
Info:      logic  0.24  5.77 Source core_block0_convOperandQ.D_IN_TRELLIS_FF_Q_91_LSR_LUT4_D.F
Info:    routing  1.34  7.11 Net core_block0_convOperandQ.D_IN_TRELLIS_FF_Q_91_LSR_LUT4_D_Z[1] (46,56) -> (26,56)
Info:                          Sink core_block0_convOperandQ.D_IN_TRELLIS_FF_Q_82_LSR_LUT4_Z.D
Info:                          Defined in:
Info:                               /workspace/scratch/dc01b9aab8c7/toolchains/oss-cad-suite/lib/../share/yosys/lattice/cells_map_trellis.v:108.23-108.24
Info:      logic  0.24  7.35 Source core_block0_convOperandQ.D_IN_TRELLIS_FF_Q_82_LSR_LUT4_Z.F
Info:    routing  2.08  9.43 Net core_block0_convOperandQ.D_IN_TRELLIS_FF_Q_82_LSR (26,56) -> (50,59)
Info:                          Sink core_block0_convOperandQ.D_IN_TRELLIS_FF_Q_148.LSR
Info:      setup  0.42  9.85 Source core_block0_convOperandQ.D_IN_TRELLIS_FF_Q_148.LSR
Info: 1.89 ns logic, 7.96 ns routing

Info: Critical path report for cross-domain path '<async>' -> 'posedge $glbnet$CLK_clk_25mhz$TRELLIS_IO_IN':
Info:       type curr  total name
Info:     source  0.00  0.00 Source ftdi_txd$tr_io.O
Info:    routing  2.37  2.37 Net ftdi_txd$TRELLIS_IO_IN (0,89) -> (34,89)
Info:                          Sink uart_rxin_TRELLIS_FF_Q_1.M
Info:                          Defined in:
Info:                               mkTop.v:7113.16-7113.30
Info:      setup  0.00  2.37 Source uart_rxin_TRELLIS_FF_Q_1.M
Info: 0.00 ns logic, 2.37 ns routing

Info: Critical path report for cross-domain path 'posedge $glbnet$CLK_clk_25mhz$TRELLIS_IO_IN' -> '<async>':
Info:       type curr  total name
Info:   clk-to-q  0.52  0.52 Source uart_txdr_TRELLIS_FF_Q.Q
Info:    routing  7.07  7.59 Net ftdi_rxd$TRELLIS_IO_OUT (94,90) -> (0,56)
Info:                          Sink ftdi_rxd$tr_io.I
Info:                          Defined in:
Info:                               mkTop.v:7122.7-7122.16
Info: 0.52 ns logic, 7.07 ns routing

Info: Critical path report for cross-domain path 'posedge $glbnet$CLK_clk_25mhz$TRELLIS_IO_IN' -> 'posedge $glbnet$clocks_coreReset.CLK':
Info:       type curr  total name
Info:   clk-to-q  0.52  0.52 Source clocks_pll.locked_LUT4_D_Z_TRELLIS_FF_LSR.Q
Info:    routing  1.25  1.77 Net clocks_pll.locked_LUT4_D_Z_TRELLIS_FF_LSR_Q (34,91) -> (38,90)
Info:                          Sink clocks_pll.locked_LUT4_D_Z_TRELLIS_FF_LSR_Q_LUT4_D.D
Info:                          Defined in:
Info:                               /workspace/scratch/dc01b9aab8c7/toolchains/oss-cad-suite/lib/../share/yosys/lattice/cells_map_trellis.v:108.23-108.24
Info:      logic  0.24  2.01 Source clocks_pll.locked_LUT4_D_Z_TRELLIS_FF_LSR_Q_LUT4_D.F
Info:    routing  0.62  2.62 Net clocks_pll.locked_LUT4_D_Z_TRELLIS_FF_LSR_Q_LUT4_D_Z (38,90) -> (38,89)
Info:                          Sink rxQ.fifoMem.0.1_RAD_TRELLIS_FF_Q_DI_LUT4_D_Z_TRELLIS_FF_Q_1.LSR
Info:      setup  0.42  3.05 Source rxQ.fifoMem.0.1_RAD_TRELLIS_FF_Q_DI_LUT4_D_Z_TRELLIS_FF_Q_1.LSR
Info: 1.18 ns logic, 1.86 ns routing

Info: Critical path report for cross-domain path 'posedge $glbnet$clocks_coreReset.CLK' -> 'posedge $glbnet$CLK_clk_25mhz$TRELLIS_IO_IN':
Info:       type curr  total name
Info:   clk-to-q  0.52  0.52 Source txReset_leaf.secondReset.Q
Info:    routing  0.76  1.28 Net txReset_leaf.secondReset_Q (96,80) -> (96,83)
Info:                          Sink txReset_leaf.secondReset_Q_LUT4_D.D
Info:                          Defined in:
Info:                               /workspace/scratch/dc01b9aab8c7/toolchains/oss-cad-suite/lib/../share/yosys/lattice/cells_map_trellis.v:108.23-108.24
Info:      logic  0.24  1.52 Source txReset_leaf.secondReset_Q_LUT4_D.F
Info:    routing  0.92  2.44 Net txReset_leaf.secondReset_Q_LUT4_D_Z (96,83) -> (95,80)
Info:                          Sink txReset_leaf.secondReset_Q_LUT4_B_Z_LUT4_Z_1_B_TRELLIS_FF_DI_Q_TRELLIS_FF_DI_Q_TRELLIS_FF_DI_Q_TRELLIS_FF_Q_DI_TRELLIS_FF_Q.LSR
Info:      setup  0.42  2.87 Source txReset_leaf.secondReset_Q_LUT4_B_Z_LUT4_Z_1_B_TRELLIS_FF_DI_Q_TRELLIS_FF_DI_Q_TRELLIS_FF_DI_Q_TRELLIS_FF_Q_DI_TRELLIS_FF_Q.LSR
Info: 1.18 ns logic, 1.68 ns routing

Info: Max frequency for clock '$glbnet$CLK_clk_25mhz$TRELLIS_IO_IN': 108.97 MHz (PASS at 25.00 MHz)
Info: Max frequency for clock        '$glbnet$clocks_coreReset.CLK': 101.49 MHz (PASS at 100.00 MHz)

Info: Max delay <async>                                     -> posedge $glbnet$CLK_clk_25mhz$TRELLIS_IO_IN: 2.37 ns
Info: Max delay posedge $glbnet$CLK_clk_25mhz$TRELLIS_IO_IN -> <async>                                    : 7.59 ns
Info: Max delay posedge $glbnet$CLK_clk_25mhz$TRELLIS_IO_IN -> posedge $glbnet$clocks_coreReset.CLK       : 3.05 ns
Info: Max delay posedge $glbnet$clocks_coreReset.CLK        -> posedge $glbnet$CLK_clk_25mhz$TRELLIS_IO_IN: 2.87 ns

Info: Slack histogram:
Info:  legend: * represents 580 endpoint(s)
Info:          + represents [1,580) endpoint(s)
Info: [   147,   2093) |*****+
Info: [  2093,   4039) |***********************+
Info: [  4039,   5985) |*************************************************+
Info: [  5985,   7931) |************************************************************ 
Info: [  7931,   9877) |*********************************************+
Info: [  9877,  11823) | 
Info: [ 11823,  13769) | 
Info: [ 13769,  15715) | 
Info: [ 15715,  17661) | 
Info: [ 17661,  19607) | 
Info: [ 19607,  21553) | 
Info: [ 21553,  23499) | 
Info: [ 23499,  25445) | 
Info: [ 25445,  27391) | 
Info: [ 27391,  29337) | 
Info: [ 29337,  31283) |+
Info: [ 31283,  33229) |+
Info: [ 33229,  35175) |+
Info: [ 35175,  37121) |+
Info: [ 37121,  39067) |+

2 warnings, 0 errors

Info: Program finished normally.
