SWAY_INPUT_FRAME,0,2,363
SWAY_INPUT_FRAME,1,364,725
SWAY_INPUT_FRAME,2,726,10757
SWAY_OUTPUT,0,7,25235
SWAY_STALL,0,25236,33428
SWAY_INPUT_FRAME,3,10758,26549
SWAY_OUTPUT,1,7,33428
SWAY_OUTPUT,2,6,33430
SWAY_OUTPUT,3,6,33431
SWAY_OUTPUT,4,12,33432
SWAY_OUTPUT,5,16,33433
SWAY_OUTPUT,6,19,33434
SWAY_OUTPUT,7,1,33435
SWAY_OUTPUT,8,-2,33436
SWAY_OUTPUT,9,-3,33437
SWAY_OUTPUT,10,9,33438
SWAY_OUTPUT,11,10,33439
SWAY_OUTPUT,12,11,33441
SWAY_OUTPUT,13,11,33442
SWAY_OUTPUT,14,4,33443
SWAY_OUTPUT,15,2,33444
SWAY_OUTPUT,16,0,33445
SWAY_OUTPUT,17,0,33446
SWAY_OUTPUT,18,7,33447
SWAY_OUTPUT,19,63,33448
SWAY_OUTPUT,20,63,33449
SWAY_OUTPUT,21,63,33450
SWAY_OUTPUT,22,62,33452
SWAY_OUTPUT,23,62,33453
SWAY_OUTPUT,24,63,33454
SWAY_OUTPUT,25,61,33455
SWAY_OUTPUT,26,62,33456
SWAY_OUTPUT,27,63,33457
SWAY_OUTPUT,28,61,33458
SWAY_OUTPUT,29,62,33459
SWAY_OUTPUT,30,62,33460
SWAY_OUTPUT,31,63,33461
SWAY_OUTPUT,32,61,33463
SWAY_OUTPUT,33,62,33464
SWAY_OUTPUT,34,62,33465
SWAY_OUTPUT,35,63,33466
SWAY_OUTPUT,36,60,33467
SWAY_OUTPUT,37,63,33468
SWAY_OUTPUT,38,-7,33469
SWAY_OUTPUT,39,2,33470
SWAY_OUTPUT,40,13,33471
SWAY_OUTPUT,41,17,33472
SWAY_OUTPUT,42,9,33474
SWAY_OUTPUT,43,5,33475
SWAY_OUTPUT,44,2,33476
SWAY_OUTPUT,45,9,33477
SWAY_OUTPUT,46,2,33478
SWAY_OUTPUT,47,-4,33479
SWAY_OUTPUT,48,-7,33480
SWAY_OUTPUT,49,-17,33481
SWAY_OUTPUT,50,-28,33482
SWAY_OUTPUT,51,-29,33483
SWAY_OUTPUT,52,-7,33485
SWAY_OUTPUT,53,-16,33486
SWAY_OUTPUT,54,-27,33487
SWAY_OUTPUT,55,-29,33488
SWAY_OUTPUT,56,10,33489
SWAY_FRAME,0,25235,33489
SWAY_OUTPUT,57,7,41027
SWAY_STALL,1,41028,49220
SWAY_INPUT_FRAME,4,26550,42341
SWAY_OUTPUT,58,8,49220
SWAY_OUTPUT,59,8,49221
SWAY_OUTPUT,60,8,49222
SWAY_OUTPUT,61,13,49223
SWAY_OUTPUT,62,17,49224
SWAY_OUTPUT,63,20,49226
SWAY_OUTPUT,64,2,49227
SWAY_OUTPUT,65,-2,49228
SWAY_OUTPUT,66,-5,49229
SWAY_OUTPUT,67,10,49230
SWAY_OUTPUT,68,11,49231
SWAY_OUTPUT,69,10,49232
SWAY_OUTPUT,70,11,49233
SWAY_OUTPUT,71,5,49234
SWAY_OUTPUT,72,3,49235
SWAY_OUTPUT,73,0,49237
SWAY_OUTPUT,74,0,49238
SWAY_OUTPUT,75,8,49239
SWAY_OUTPUT,76,62,49240
SWAY_OUTPUT,77,62,49241
SWAY_OUTPUT,78,62,49242
SWAY_OUTPUT,79,62,49243
SWAY_OUTPUT,80,62,49244
SWAY_OUTPUT,81,62,49245
SWAY_OUTPUT,82,60,49246
SWAY_OUTPUT,83,61,49248
SWAY_OUTPUT,84,61,49249
SWAY_OUTPUT,85,60,49250
SWAY_OUTPUT,86,61,49251
SWAY_OUTPUT,87,60,49252
SWAY_OUTPUT,88,62,49253
SWAY_OUTPUT,89,59,49254
SWAY_OUTPUT,90,61,49255
SWAY_OUTPUT,91,61,49256
SWAY_OUTPUT,92,64,49257
SWAY_OUTPUT,93,60,49259
SWAY_OUTPUT,94,62,49260
SWAY_OUTPUT,95,-6,49261
SWAY_OUTPUT,96,4,49262
SWAY_OUTPUT,97,14,49263
SWAY_OUTPUT,98,18,49264
SWAY_OUTPUT,99,10,49265
SWAY_OUTPUT,100,6,49266
SWAY_OUTPUT,101,-1,49267
SWAY_OUTPUT,102,10,49268
SWAY_OUTPUT,103,4,49270
SWAY_OUTPUT,104,-1,49271
SWAY_OUTPUT,105,-5,49272
SWAY_OUTPUT,106,-16,49273
SWAY_OUTPUT,107,-26,49274
SWAY_OUTPUT,108,-29,49275
SWAY_OUTPUT,109,-6,49276
SWAY_OUTPUT,110,-15,49277
SWAY_OUTPUT,111,-26,49278
SWAY_OUTPUT,112,-28,49279
SWAY_OUTPUT,113,11,49281
SWAY_FRAME,1,41027,49281
SWAY_OUTPUT,114,8,56819
SWAY_STALL,2,56820,65012
SWAY_INPUT_FRAME,5,42342,58133
SWAY_OUTPUT,115,9,65012
SWAY_OUTPUT,116,8,65013
SWAY_OUTPUT,117,9,65014
SWAY_OUTPUT,118,13,65015
SWAY_OUTPUT,119,16,65016
SWAY_OUTPUT,120,15,65017
SWAY_OUTPUT,121,4,65018
SWAY_OUTPUT,122,1,65019
SWAY_OUTPUT,123,0,65020
SWAY_OUTPUT,124,10,65022
SWAY_OUTPUT,125,10,65023
SWAY_OUTPUT,126,8,65024
SWAY_OUTPUT,127,8,65025
SWAY_OUTPUT,128,6,65026
SWAY_OUTPUT,129,4,65027
SWAY_OUTPUT,130,2,65028
SWAY_OUTPUT,131,1,65029
SWAY_OUTPUT,132,9,65030
SWAY_OUTPUT,133,63,65031
SWAY_OUTPUT,134,63,65033
SWAY_OUTPUT,135,63,65034
SWAY_OUTPUT,136,63,65035
SWAY_OUTPUT,137,62,65036
SWAY_OUTPUT,138,62,65037
SWAY_OUTPUT,139,60,65038
SWAY_OUTPUT,140,62,65039
SWAY_OUTPUT,141,64,65040
SWAY_OUTPUT,142,62,65041
SWAY_OUTPUT,143,62,65042
SWAY_OUTPUT,144,62,65044
SWAY_OUTPUT,145,63,65045
SWAY_OUTPUT,146,62,65046
SWAY_OUTPUT,147,62,65047
SWAY_OUTPUT,148,62,65048
SWAY_OUTPUT,149,63,65049
SWAY_OUTPUT,150,59,65050
SWAY_OUTPUT,151,63,65051
SWAY_OUTPUT,152,-8,65052
SWAY_OUTPUT,153,2,65053
SWAY_OUTPUT,154,13,65055
SWAY_OUTPUT,155,17,65056
SWAY_OUTPUT,156,9,65057
SWAY_OUTPUT,157,2,65058
SWAY_OUTPUT,158,-4,65059
SWAY_OUTPUT,159,8,65060
SWAY_OUTPUT,160,2,65061
SWAY_OUTPUT,161,-4,65062
SWAY_OUTPUT,162,-7,65063
SWAY_OUTPUT,163,-17,65064
SWAY_OUTPUT,164,-28,65066
SWAY_OUTPUT,165,-30,65067
SWAY_OUTPUT,166,-7,65068
SWAY_OUTPUT,167,-16,65069
SWAY_OUTPUT,168,-26,65070
SWAY_OUTPUT,169,-29,65071
SWAY_OUTPUT,170,10,65072
SWAY_FRAME,2,56819,65072
SWAY_OUTPUT,171,7,72612
SWAY_STALL,3,72613,80805
SWAY_INPUT_FRAME,6,58134,73925
SWAY_OUTPUT,172,7,80805
SWAY_OUTPUT,173,6,80807
SWAY_OUTPUT,174,7,80808
SWAY_OUTPUT,175,13,80809
SWAY_OUTPUT,176,17,80810
SWAY_OUTPUT,177,20,80811
SWAY_OUTPUT,178,1,80812
SWAY_OUTPUT,179,-3,80813
SWAY_OUTPUT,180,-4,80814
SWAY_OUTPUT,181,10,80815
SWAY_OUTPUT,182,11,80816
SWAY_OUTPUT,183,13,80818
SWAY_OUTPUT,184,13,80819
SWAY_OUTPUT,185,5,80820
SWAY_OUTPUT,186,4,80821
SWAY_OUTPUT,187,2,80822
SWAY_OUTPUT,188,2,80823
SWAY_OUTPUT,189,7,80824
SWAY_OUTPUT,190,62,80825
SWAY_OUTPUT,191,62,80826
SWAY_OUTPUT,192,62,80827
SWAY_OUTPUT,193,61,80829
SWAY_OUTPUT,194,63,80830
SWAY_OUTPUT,195,65,80831
SWAY_OUTPUT,196,62,80832
SWAY_OUTPUT,197,60,80833
SWAY_OUTPUT,198,59,80834
SWAY_OUTPUT,199,57,80835
SWAY_OUTPUT,200,60,80836
SWAY_OUTPUT,201,60,80837
SWAY_OUTPUT,202,59,80838
SWAY_OUTPUT,203,56,80840
SWAY_OUTPUT,204,60,80841
SWAY_OUTPUT,205,63,80842
SWAY_OUTPUT,206,65,80843
SWAY_OUTPUT,207,62,80844
SWAY_OUTPUT,208,62,80845
SWAY_OUTPUT,209,-3,80846
SWAY_OUTPUT,210,7,80847
SWAY_OUTPUT,211,17,80848
SWAY_OUTPUT,212,22,80849
SWAY_OUTPUT,213,14,80851
SWAY_OUTPUT,214,10,80852
SWAY_OUTPUT,215,8,80853
SWAY_OUTPUT,216,14,80854
SWAY_OUTPUT,217,8,80855
SWAY_OUTPUT,218,4,80856
SWAY_OUTPUT,219,-2,80857
SWAY_OUTPUT,220,-15,80858
SWAY_OUTPUT,221,-26,80859
SWAY_OUTPUT,222,-28,80860
SWAY_OUTPUT,223,-3,80862
SWAY_OUTPUT,224,-15,80863
SWAY_OUTPUT,225,-26,80864
SWAY_OUTPUT,226,-28,80865
SWAY_OUTPUT,227,15,80866
SWAY_FRAME,3,72612,80866
SWAY_OUTPUT,228,8,88403
SWAY_STALL,4,88404,96596
SWAY_INPUT_FRAME,7,73926,89717
SWAY_OUTPUT,229,9,96596
SWAY_OUTPUT,230,9,96597
SWAY_OUTPUT,231,9,96598
SWAY_OUTPUT,232,14,96599
SWAY_OUTPUT,233,20,96600
SWAY_OUTPUT,234,23,96601
SWAY_OUTPUT,235,3,96603
SWAY_OUTPUT,236,-4,96604
SWAY_OUTPUT,237,-9,96605
SWAY_OUTPUT,238,11,96606
SWAY_OUTPUT,239,13,96607
SWAY_OUTPUT,240,13,96608
SWAY_OUTPUT,241,14,96609
SWAY_OUTPUT,242,6,96610
SWAY_OUTPUT,243,0,96611
SWAY_OUTPUT,244,-5,96612
SWAY_OUTPUT,245,-5,96614
SWAY_OUTPUT,246,9,96615
SWAY_OUTPUT,247,62,96616
SWAY_OUTPUT,248,61,96617
SWAY_OUTPUT,249,60,96618
SWAY_OUTPUT,250,59,96619
SWAY_OUTPUT,251,59,96620
SWAY_OUTPUT,252,59,96621
SWAY_OUTPUT,253,58,96622
SWAY_OUTPUT,254,60,96623
SWAY_OUTPUT,255,60,96625
SWAY_OUTPUT,256,59,96626
SWAY_OUTPUT,257,60,96627
SWAY_OUTPUT,258,58,96628
SWAY_OUTPUT,259,61,96629
SWAY_OUTPUT,260,59,96630
SWAY_OUTPUT,261,61,96631
SWAY_OUTPUT,262,59,96632
SWAY_OUTPUT,263,61,96633
SWAY_OUTPUT,264,58,96634
SWAY_OUTPUT,265,60,96636
SWAY_OUTPUT,266,-8,96637
SWAY_OUTPUT,267,2,96638
SWAY_OUTPUT,268,11,96639
SWAY_OUTPUT,269,15,96640
SWAY_OUTPUT,270,8,96641
SWAY_OUTPUT,271,6,96642
SWAY_OUTPUT,272,5,96643
SWAY_OUTPUT,273,8,96644
SWAY_OUTPUT,274,6,96645
SWAY_OUTPUT,275,8,96647
SWAY_OUTPUT,276,-7,96648
SWAY_OUTPUT,277,-16,96649
SWAY_OUTPUT,278,-27,96650
SWAY_OUTPUT,279,-29,96651
SWAY_OUTPUT,280,-7,96652
SWAY_OUTPUT,281,-14,96653
SWAY_OUTPUT,282,-25,96654
SWAY_OUTPUT,283,-27,96655
SWAY_OUTPUT,284,9,96656
SWAY_FRAME,4,88403,96656
SWAY_OUTPUT,285,4,104195
SWAY_STALL,5,104196,112388
SWAY_INPUT_FRAME,8,89718,105509
SWAY_OUTPUT,286,4,112388
SWAY_OUTPUT,287,3,112389
SWAY_OUTPUT,288,3,112390
SWAY_OUTPUT,289,9,112391
SWAY_OUTPUT,290,16,112392
SWAY_OUTPUT,291,19,112393
SWAY_OUTPUT,292,-2,112394
SWAY_OUTPUT,293,-7,112395
SWAY_OUTPUT,294,-8,112396
SWAY_OUTPUT,295,7,112397
SWAY_OUTPUT,296,11,112399
SWAY_OUTPUT,297,13,112400
SWAY_OUTPUT,298,14,112401
SWAY_OUTPUT,299,2,112402
SWAY_OUTPUT,300,-1,112403
SWAY_OUTPUT,301,-2,112404
SWAY_OUTPUT,302,-2,112405
SWAY_OUTPUT,303,3,112406
SWAY_OUTPUT,304,61,112407
SWAY_OUTPUT,305,61,112408
SWAY_OUTPUT,306,60,112410
SWAY_OUTPUT,307,60,112411
SWAY_OUTPUT,308,60,112412
SWAY_OUTPUT,309,61,112413
SWAY_OUTPUT,310,59,112414
SWAY_OUTPUT,311,59,112415
SWAY_OUTPUT,312,59,112416
SWAY_OUTPUT,313,58,112417
SWAY_OUTPUT,314,60,112418
SWAY_OUTPUT,315,59,112419
SWAY_OUTPUT,316,60,112421
SWAY_OUTPUT,317,57,112422
SWAY_OUTPUT,318,60,112423
SWAY_OUTPUT,319,59,112424
SWAY_OUTPUT,320,62,112425
SWAY_OUTPUT,321,59,112426
SWAY_OUTPUT,322,60,112427
SWAY_OUTPUT,323,-6,112428
SWAY_OUTPUT,324,4,112429
SWAY_OUTPUT,325,14,112430
SWAY_OUTPUT,326,18,112432
SWAY_OUTPUT,327,11,112433
SWAY_OUTPUT,328,10,112434
SWAY_OUTPUT,329,11,112435
SWAY_OUTPUT,330,10,112436
SWAY_OUTPUT,331,6,112437
SWAY_OUTPUT,332,5,112438
SWAY_OUTPUT,333,-5,112439
SWAY_OUTPUT,334,-15,112440
SWAY_OUTPUT,335,-25,112441
SWAY_OUTPUT,336,-28,112443
SWAY_OUTPUT,337,-6,112444
SWAY_OUTPUT,338,-15,112445
SWAY_OUTPUT,339,-27,112446
SWAY_OUTPUT,340,-29,112447
SWAY_OUTPUT,341,12,112448
SWAY_FRAME,5,104195,112448
SWAY_OUTPUT,342,4,119987
SWAY_STALL,6,119988,128180
SWAY_INPUT_FRAME,9,105510,121301
SWAY_OUTPUT,343,4,128180
SWAY_OUTPUT,344,3,128181
SWAY_OUTPUT,345,3,128182
SWAY_OUTPUT,346,10,128184
SWAY_OUTPUT,347,16,128185
SWAY_OUTPUT,348,21,128186
SWAY_OUTPUT,349,-3,128187
SWAY_OUTPUT,350,-10,128188
SWAY_OUTPUT,351,-15,128189
SWAY_OUTPUT,352,7,128190
SWAY_OUTPUT,353,11,128191
SWAY_OUTPUT,354,15,128192
SWAY_OUTPUT,355,15,128193
SWAY_OUTPUT,356,2,128195
SWAY_OUTPUT,357,-2,128196
SWAY_OUTPUT,358,-5,128197
SWAY_OUTPUT,359,-5,128198
SWAY_OUTPUT,360,3,128199
SWAY_OUTPUT,361,63,128200
SWAY_OUTPUT,362,62,128201
SWAY_OUTPUT,363,61,128202
SWAY_OUTPUT,364,61,128203
SWAY_OUTPUT,365,62,128204
SWAY_OUTPUT,366,62,128206
SWAY_OUTPUT,367,60,128207
SWAY_OUTPUT,368,61,128208
SWAY_OUTPUT,369,61,128209
SWAY_OUTPUT,370,60,128210
SWAY_OUTPUT,371,61,128211
SWAY_OUTPUT,372,60,128212
SWAY_OUTPUT,373,61,128213
SWAY_OUTPUT,374,59,128214
SWAY_OUTPUT,375,61,128215
SWAY_OUTPUT,376,61,128217
SWAY_OUTPUT,377,63,128218
SWAY_OUTPUT,378,60,128219
SWAY_OUTPUT,379,61,128220
SWAY_OUTPUT,380,-4,128221
SWAY_OUTPUT,381,6,128222
SWAY_OUTPUT,382,17,128223
SWAY_OUTPUT,383,21,128224
SWAY_OUTPUT,384,13,128225
SWAY_OUTPUT,385,13,128226
SWAY_OUTPUT,386,14,128228
SWAY_OUTPUT,387,13,128229
SWAY_OUTPUT,388,12,128230
SWAY_OUTPUT,389,15,128231
SWAY_OUTPUT,390,-3,128232
SWAY_OUTPUT,391,-14,128233
SWAY_OUTPUT,392,-26,128234
SWAY_OUTPUT,393,-28,128235
SWAY_OUTPUT,394,-3,128236
SWAY_OUTPUT,395,-14,128237
SWAY_OUTPUT,396,-26,128239
SWAY_OUTPUT,397,-28,128240
SWAY_OUTPUT,398,14,128241
SWAY_FRAME,6,119987,128241
SWAY_OUTPUT,399,8,135779
SWAY_STALL,7,135780,143972
SWAY_INPUT_FRAME,10,121302,137093
SWAY_OUTPUT,400,9,143972
SWAY_OUTPUT,401,8,143973
SWAY_OUTPUT,402,8,143974
SWAY_OUTPUT,403,14,143975
SWAY_OUTPUT,404,19,143976
SWAY_OUTPUT,405,21,143977
SWAY_OUTPUT,406,3,143978
SWAY_OUTPUT,407,0,143980
SWAY_OUTPUT,408,-3,143981
SWAY_OUTPUT,409,10,143982
SWAY_OUTPUT,410,12,143983
SWAY_OUTPUT,411,12,143984
SWAY_OUTPUT,412,12,143985
SWAY_OUTPUT,413,6,143986
SWAY_OUTPUT,414,3,143987
SWAY_OUTPUT,415,0,143988
SWAY_OUTPUT,416,-1,143989
SWAY_OUTPUT,417,9,143991
SWAY_OUTPUT,418,61,143992
SWAY_OUTPUT,419,62,143993
SWAY_OUTPUT,420,61,143994
SWAY_OUTPUT,421,61,143995
SWAY_OUTPUT,422,61,143996
SWAY_OUTPUT,423,61,143997
SWAY_OUTPUT,424,59,143998
SWAY_OUTPUT,425,60,143999
SWAY_OUTPUT,426,61,144000
SWAY_OUTPUT,427,60,144002
SWAY_OUTPUT,428,60,144003
SWAY_OUTPUT,429,60,144004
SWAY_OUTPUT,430,62,144005
SWAY_OUTPUT,431,60,144006
SWAY_OUTPUT,432,61,144007
SWAY_OUTPUT,433,61,144008
SWAY_OUTPUT,434,62,144009
SWAY_OUTPUT,435,58,144010
SWAY_OUTPUT,436,61,144011
SWAY_OUTPUT,437,-6,144013
SWAY_OUTPUT,438,3,144014
SWAY_OUTPUT,439,14,144015
SWAY_OUTPUT,440,17,144016
SWAY_OUTPUT,441,10,144017
SWAY_OUTPUT,442,7,144018
SWAY_OUTPUT,443,6,144019
SWAY_OUTPUT,444,9,144020
SWAY_OUTPUT,445,4,144021
SWAY_OUTPUT,446,1,144022
SWAY_OUTPUT,447,-6,144024
SWAY_OUTPUT,448,-16,144025
SWAY_OUTPUT,449,-27,144026
SWAY_OUTPUT,450,-29,144027
SWAY_OUTPUT,451,-6,144028
SWAY_OUTPUT,452,-15,144029
SWAY_OUTPUT,453,-26,144030
SWAY_OUTPUT,454,-28,144031
SWAY_OUTPUT,455,11,144032
SWAY_FRAME,7,135779,144032
SWAY_OUTPUT,456,9,151571
SWAY_STALL,8,151572,159764
SWAY_INPUT_FRAME,11,137094,152885
SWAY_OUTPUT,457,9,159765
SWAY_OUTPUT,458,8,159766
SWAY_OUTPUT,459,9,159767
SWAY_OUTPUT,460,15,159768
SWAY_OUTPUT,461,18,159769
SWAY_OUTPUT,462,19,159770
SWAY_OUTPUT,463,4,159771
SWAY_OUTPUT,464,-2,159772
SWAY_OUTPUT,465,-5,159773
SWAY_OUTPUT,466,10,159774
SWAY_OUTPUT,467,11,159776
SWAY_OUTPUT,468,11,159777
SWAY_OUTPUT,469,11,159778
SWAY_OUTPUT,470,6,159779
SWAY_OUTPUT,471,4,159780
SWAY_OUTPUT,472,2,159781
SWAY_OUTPUT,473,2,159782
SWAY_OUTPUT,474,9,159783
SWAY_OUTPUT,475,64,159784
SWAY_OUTPUT,476,65,159785
SWAY_OUTPUT,477,65,159787
SWAY_OUTPUT,478,65,159788
SWAY_OUTPUT,479,65,159789
SWAY_OUTPUT,480,66,159790
SWAY_OUTPUT,481,64,159791
SWAY_OUTPUT,482,64,159792
SWAY_OUTPUT,483,65,159793
SWAY_OUTPUT,484,63,159794
SWAY_OUTPUT,485,63,159795
SWAY_OUTPUT,486,65,159796
SWAY_OUTPUT,487,63,159798
SWAY_OUTPUT,488,61,159799
SWAY_OUTPUT,489,63,159800
SWAY_OUTPUT,490,67,159801
SWAY_OUTPUT,491,66,159802
SWAY_OUTPUT,492,63,159803
SWAY_OUTPUT,493,65,159804
SWAY_OUTPUT,494,-2,159805
SWAY_OUTPUT,495,9,159806
SWAY_OUTPUT,496,20,159807
SWAY_OUTPUT,497,25,159809
SWAY_OUTPUT,498,16,159810
SWAY_OUTPUT,499,9,159811
SWAY_OUTPUT,500,5,159812
SWAY_OUTPUT,501,15,159813
SWAY_OUTPUT,502,12,159814
SWAY_OUTPUT,503,8,159815
SWAY_OUTPUT,504,-1,159816
SWAY_OUTPUT,505,-15,159817
SWAY_OUTPUT,506,-28,159818
SWAY_OUTPUT,507,-30,159820
SWAY_OUTPUT,508,-1,159821
SWAY_OUTPUT,509,-15,159822
SWAY_OUTPUT,510,-25,159823
SWAY_OUTPUT,511,-29,159824
SWAY_OUTPUT,512,17,159825
SWAY_FRAME,8,151571,159825
SWAY_OUTPUT,513,45,167363
SWAY_STALL,9,167364,175556
SWAY_INPUT_FRAME,12,152886,168678
SWAY_OUTPUT,514,127,175556
SWAY_OUTPUT,515,-30,175557
SWAY_OUTPUT,516,40,175558
SWAY_OUTPUT,517,34,175559
SWAY_OUTPUT,518,87,175561
SWAY_OUTPUT,519,0,175562
SWAY_OUTPUT,520,38,175563
SWAY_OUTPUT,521,77,175564
SWAY_OUTPUT,522,-2,175565
SWAY_OUTPUT,523,28,175566
SWAY_OUTPUT,524,70,175567
SWAY_OUTPUT,525,-24,175568
SWAY_OUTPUT,526,31,175569
SWAY_OUTPUT,527,50,175570
SWAY_OUTPUT,528,123,175572
SWAY_OUTPUT,529,38,175573
SWAY_OUTPUT,530,95,175574
SWAY_OUTPUT,531,56,175575
SWAY_OUTPUT,532,-18,175576
SWAY_OUTPUT,533,-5,175577
SWAY_OUTPUT,534,-13,175578
SWAY_OUTPUT,535,72,175579
SWAY_OUTPUT,536,46,175580
SWAY_OUTPUT,537,35,175581
SWAY_OUTPUT,538,17,175583
SWAY_OUTPUT,539,-75,175584
SWAY_OUTPUT,540,-6,175585
SWAY_OUTPUT,541,-39,175586
SWAY_OUTPUT,542,-28,175587
SWAY_OUTPUT,543,-27,175588
SWAY_OUTPUT,544,-60,175589
SWAY_OUTPUT,545,-2,175590
SWAY_OUTPUT,546,27,175591
SWAY_OUTPUT,547,71,175592
SWAY_OUTPUT,548,117,175594
SWAY_OUTPUT,549,-2,175595
SWAY_OUTPUT,550,-19,175596
SWAY_OUTPUT,551,25,175597
SWAY_OUTPUT,552,34,175598
SWAY_OUTPUT,553,-36,175599
SWAY_OUTPUT,554,21,175600
SWAY_OUTPUT,555,-36,175601
SWAY_OUTPUT,556,96,175602
SWAY_OUTPUT,557,-49,175603
SWAY_OUTPUT,558,50,175605
SWAY_OUTPUT,559,-42,175606
SWAY_OUTPUT,560,-96,175607
SWAY_OUTPUT,561,0,175608
SWAY_OUTPUT,562,27,175609
SWAY_OUTPUT,563,-37,175610
SWAY_OUTPUT,564,77,175611
SWAY_OUTPUT,565,44,175612
SWAY_OUTPUT,566,0,175613
SWAY_OUTPUT,567,-56,175614
SWAY_OUTPUT,568,-77,175616
SWAY_OUTPUT,569,42,175617
SWAY_FRAME,9,167363,175617
SWAY_OUTPUT,570,21,183155
SWAY_STALL,10,183156,191348
SWAY_INPUT_FRAME,13,168679,184471
SWAY_OUTPUT,571,1,191348
SWAY_OUTPUT,572,5,191349
SWAY_OUTPUT,573,-3,191350
SWAY_OUTPUT,574,23,191351
SWAY_OUTPUT,575,34,191352
SWAY_OUTPUT,576,42,191353
SWAY_OUTPUT,577,-2,191354
SWAY_OUTPUT,578,-9,191355
SWAY_OUTPUT,579,0,191357
SWAY_OUTPUT,580,8,191358
SWAY_OUTPUT,581,16,191359
SWAY_OUTPUT,582,59,191360
SWAY_OUTPUT,583,41,191361
SWAY_OUTPUT,584,9,191362
SWAY_OUTPUT,585,9,191363
SWAY_OUTPUT,586,12,191364
SWAY_OUTPUT,587,20,191365
SWAY_OUTPUT,588,14,191366
SWAY_OUTPUT,589,101,191368
SWAY_OUTPUT,590,109,191369
SWAY_OUTPUT,591,111,191370
SWAY_OUTPUT,592,108,191371
SWAY_OUTPUT,593,118,191372
SWAY_OUTPUT,594,113,191373
SWAY_OUTPUT,595,96,191374
SWAY_OUTPUT,596,121,191375
SWAY_OUTPUT,597,111,191376
SWAY_OUTPUT,598,120,191377
SWAY_OUTPUT,599,99,191379
SWAY_OUTPUT,600,127,191380
SWAY_OUTPUT,601,126,191381
SWAY_OUTPUT,602,112,191382
SWAY_OUTPUT,603,115,191383
SWAY_OUTPUT,604,127,191384
SWAY_OUTPUT,605,98,191385
SWAY_OUTPUT,606,103,191386
SWAY_OUTPUT,607,127,191387
SWAY_OUTPUT,608,35,191388
SWAY_OUTPUT,609,57,191390
SWAY_OUTPUT,610,75,191391
SWAY_OUTPUT,611,88,191392
SWAY_OUTPUT,612,62,191393
SWAY_OUTPUT,613,70,191394
SWAY_OUTPUT,614,104,191395
SWAY_OUTPUT,615,60,191396
SWAY_OUTPUT,616,31,191397
SWAY_OUTPUT,617,8,191398
SWAY_OUTPUT,618,19,191399
SWAY_OUTPUT,619,-29,191401
SWAY_OUTPUT,620,-52,191402
SWAY_OUTPUT,621,-46,191403
SWAY_OUTPUT,622,31,191404
SWAY_OUTPUT,623,-32,191405
SWAY_OUTPUT,624,-54,191406
SWAY_OUTPUT,625,-38,191407
SWAY_OUTPUT,626,68,191408
SWAY_FRAME,10,183155,191408
SWAY_OUTPUT,627,61,198947
SWAY_STALL,11,198948,207140
SWAY_OUTPUT,628,72,207140
SWAY_OUTPUT,629,58,207142
SWAY_OUTPUT,630,63,207143
SWAY_OUTPUT,631,71,207144
SWAY_OUTPUT,632,59,207145
SWAY_OUTPUT,633,17,207146
SWAY_OUTPUT,634,69,207147
SWAY_OUTPUT,635,80,207148
SWAY_OUTPUT,636,102,207149
SWAY_OUTPUT,637,53,207150
SWAY_OUTPUT,638,68,207151
SWAY_OUTPUT,639,58,207153
SWAY_OUTPUT,640,56,207154
SWAY_OUTPUT,641,48,207155
SWAY_OUTPUT,642,37,207156
SWAY_OUTPUT,643,13,207157
SWAY_OUTPUT,644,20,207158
SWAY_OUTPUT,645,73,207159
SWAY_OUTPUT,646,118,207160
SWAY_OUTPUT,647,127,207161
SWAY_OUTPUT,648,127,207162
SWAY_OUTPUT,649,127,207164
SWAY_OUTPUT,650,127,207165
SWAY_OUTPUT,651,116,207166
SWAY_OUTPUT,652,88,207167
SWAY_OUTPUT,653,127,207168
SWAY_OUTPUT,654,120,207169
SWAY_OUTPUT,655,119,207170
SWAY_OUTPUT,656,127,207171
SWAY_OUTPUT,657,110,207172
SWAY_OUTPUT,658,121,207173
SWAY_OUTPUT,659,118,207175
SWAY_OUTPUT,660,127,207176
SWAY_OUTPUT,661,127,207177
SWAY_OUTPUT,662,127,207178
SWAY_OUTPUT,663,127,207179
SWAY_OUTPUT,664,127,207180
SWAY_OUTPUT,665,-21,207181
SWAY_OUTPUT,666,-2,207182
SWAY_OUTPUT,667,32,207183
SWAY_OUTPUT,668,32,207184
SWAY_OUTPUT,669,17,207186
SWAY_OUTPUT,670,-14,207187
SWAY_OUTPUT,671,-22,207188
SWAY_OUTPUT,672,-12,207189
SWAY_OUTPUT,673,-47,207190
SWAY_OUTPUT,674,-38,207191
SWAY_OUTPUT,675,-36,207192
SWAY_OUTPUT,676,-46,207193
SWAY_OUTPUT,677,-81,207194
SWAY_OUTPUT,678,-67,207195
SWAY_OUTPUT,679,-17,207197
SWAY_OUTPUT,680,-41,207198
SWAY_OUTPUT,681,-65,207199
SWAY_OUTPUT,682,-78,207200
SWAY_OUTPUT,683,21,207201
SWAY_FRAME,11,198947,207201
SWAY_OUTPUT,684,7,214739
SWAY_STALL,12,214740,222932
SWAY_OUTPUT,685,7,222932
SWAY_OUTPUT,686,6,222933
SWAY_OUTPUT,687,6,222934
SWAY_OUTPUT,688,12,222935
SWAY_OUTPUT,689,16,222936
SWAY_OUTPUT,690,19,222938
SWAY_OUTPUT,691,1,222939
SWAY_OUTPUT,692,-2,222940
SWAY_OUTPUT,693,-3,222941
SWAY_OUTPUT,694,9,222942
SWAY_OUTPUT,695,10,222943
SWAY_OUTPUT,696,11,222944
SWAY_OUTPUT,697,11,222945
SWAY_OUTPUT,698,4,222946
SWAY_OUTPUT,699,2,222947
SWAY_OUTPUT,700,0,222949
SWAY_OUTPUT,701,0,222950
SWAY_OUTPUT,702,7,222951
SWAY_OUTPUT,703,63,222952
SWAY_OUTPUT,704,63,222953
SWAY_OUTPUT,705,63,222954
SWAY_OUTPUT,706,62,222955
SWAY_OUTPUT,707,62,222956
SWAY_OUTPUT,708,63,222957
SWAY_OUTPUT,709,61,222958
SWAY_OUTPUT,710,62,222960
SWAY_OUTPUT,711,63,222961
SWAY_OUTPUT,712,61,222962
SWAY_OUTPUT,713,62,222963
SWAY_OUTPUT,714,62,222964
SWAY_OUTPUT,715,63,222965
SWAY_OUTPUT,716,61,222966
SWAY_OUTPUT,717,62,222967
SWAY_OUTPUT,718,62,222968
SWAY_OUTPUT,719,63,222969
SWAY_OUTPUT,720,60,222971
SWAY_OUTPUT,721,63,222972
SWAY_OUTPUT,722,-7,222973
SWAY_OUTPUT,723,2,222974
SWAY_OUTPUT,724,13,222975
SWAY_OUTPUT,725,17,222976
SWAY_OUTPUT,726,9,222977
SWAY_OUTPUT,727,5,222978
SWAY_OUTPUT,728,2,222979
SWAY_OUTPUT,729,9,222980
SWAY_OUTPUT,730,2,222982
SWAY_OUTPUT,731,-4,222983
SWAY_OUTPUT,732,-7,222984
SWAY_OUTPUT,733,-17,222985
SWAY_OUTPUT,734,-28,222986
SWAY_OUTPUT,735,-29,222987
SWAY_OUTPUT,736,-7,222988
SWAY_OUTPUT,737,-16,222989
SWAY_OUTPUT,738,-27,222990
SWAY_OUTPUT,739,-29,222991
SWAY_OUTPUT,740,10,222993
SWAY_FRAME,12,214739,222993
SWAY_OUTPUT,741,7,230531
SWAY_STALL,13,230532,238724
SWAY_OUTPUT,742,7,238724
SWAY_OUTPUT,743,6,238725
SWAY_OUTPUT,744,6,238726
SWAY_OUTPUT,745,12,238727
SWAY_OUTPUT,746,16,238728
SWAY_OUTPUT,747,19,238729
SWAY_OUTPUT,748,1,238730
SWAY_OUTPUT,749,-2,238731
SWAY_OUTPUT,750,-3,238732
SWAY_OUTPUT,751,9,238734
SWAY_OUTPUT,752,10,238735
SWAY_OUTPUT,753,11,238736
SWAY_OUTPUT,754,11,238737
SWAY_OUTPUT,755,4,238738
SWAY_OUTPUT,756,2,238739
SWAY_OUTPUT,757,0,238740
SWAY_OUTPUT,758,0,238741
SWAY_OUTPUT,759,7,238742
SWAY_OUTPUT,760,63,238743
SWAY_OUTPUT,761,63,238745
SWAY_OUTPUT,762,63,238746
SWAY_OUTPUT,763,62,238747
SWAY_OUTPUT,764,62,238748
SWAY_OUTPUT,765,63,238749
SWAY_OUTPUT,766,61,238750
SWAY_OUTPUT,767,62,238751
SWAY_OUTPUT,768,63,238752
SWAY_OUTPUT,769,61,238753
SWAY_OUTPUT,770,62,238754
SWAY_OUTPUT,771,62,238756
SWAY_OUTPUT,772,63,238757
SWAY_OUTPUT,773,61,238758
SWAY_OUTPUT,774,62,238759
SWAY_OUTPUT,775,62,238760
SWAY_OUTPUT,776,63,238761
SWAY_OUTPUT,777,60,238762
SWAY_OUTPUT,778,63,238763
SWAY_OUTPUT,779,-7,238764
SWAY_OUTPUT,780,2,238765
SWAY_OUTPUT,781,13,238767
SWAY_OUTPUT,782,17,238768
SWAY_OUTPUT,783,9,238769
SWAY_OUTPUT,784,5,238770
SWAY_OUTPUT,785,2,238771
SWAY_OUTPUT,786,9,238772
SWAY_OUTPUT,787,2,238773
SWAY_OUTPUT,788,-4,238774
SWAY_OUTPUT,789,-7,238775
SWAY_OUTPUT,790,-17,238776
SWAY_OUTPUT,791,-28,238778
SWAY_OUTPUT,792,-29,238779
SWAY_OUTPUT,793,-7,238780
SWAY_OUTPUT,794,-16,238781
SWAY_OUTPUT,795,-27,238782
SWAY_OUTPUT,796,-29,238783
SWAY_OUTPUT,797,10,238784
SWAY_FRAME,13,230531,238784
SWAY_PASS frames=14 outputs=798 cycles=240833 drain_cycles=2048
- mkTbSway.v:63505: Verilog $finish
- S i m u l a t i o n   R e p o r t: Verilator 5.053 devel
- Verilator: $finish at 2us; walltime 1.917 s; speed 1.256 us/s
- Verilator: cpu 1.909 s on 1 threads; allocated 3 MB
