{
  "checkpoint": "/workspace/scratch/839f8f1063a0/work/sway/sw/results/mars_ptq_20260923/prepared/equalized_source.pt",
  "checkpointSHA256": "d8893f6ce4dda8c19debd59bc99b1b7035557720627314ab715c27ad08ace01c",
  "ptq_equalization": {
    "schemaVersion": 1,
    "method": "function_preserving_power_of_two_equalization",
    "inputChannelDivisors": [
      1.0,
      1.0,
      1.0,
      1.0,
      4.0
    ],
    "headHiddenDivisors": [
      0.5,
      0.5,
      1.0,
      1.0,
      1.0,
      1.0,
      1.0,
      1.0,
      1.0,
      1.0,
      1.0,
      0.5,
      1.0,
      2.0,
      1.0,
      1.0,
      1.0,
      1.0,
      1.0,
      0.5
    ],
    "inputPreprocessing": "raw_input / inputChannelDivisors before input quantization",
    "embeddingTransform": "weight columns multiplied by repeated inputChannelDivisors",
    "headTransform": "headHidden rows and bias divided; headOutput columns multiplied",
    "parametersAlreadyTransformed": true,
    "usesGradients": false,
    "usesTargets": false,
    "trainingMode": "ptq",
    "weightsChangedOnlyAlgebraically": true,
    "retrainingPerformed": false,
    "sourceCheckpointSHA256": "e3615a6133bad48594a99f20f0387074e8416a94f029bbe5e62dafdb579ab134",
    "sourceCheckpointEpoch": 3,
    "sourceMode": "fp32_head_refit",
    "sourceBestValidationRMSECm": 7.959600116300266,
    "sourceDatasetSHA256": {
      "featuremap_train.npy": "f00c9266059e6367c688d4bff0a7f5add633994c50fe0addbc501ed6f3ea0462",
      "labels_train.npy": "14cc4f3e56dd2135f677fae68ba33d5973615136917cdc6b66d0a960da5324c7",
      "featuremap_validate.npy": "13b701b45fce07b2105b3ec5fa348f70f50a64909257e8a92772915266d30807",
      "labels_validate.npy": "613f6b83d4d4ca9a785be6693e4eee75b52f607b3ea887203a3114c77cb8d9da"
    },
    "equalizationSourceSHA256": {
      "model.py": "9728619a1a1be6a852631f9ba77bcdca3502610937001a6f742c5e5a4de0b55c",
      "ptq_equalize.py": "f59e4d021b1b91c08497d3021be03671be8e692701515a751c45991d6c51e637"
    },
    "verification": {
      "split": "train",
      "frames": 128,
      "seed": 0,
      "indexSHA256": "e4f58977df25609f6fc4ef9e0607756ece6c2030f1172708db243e4422522fd6",
      "maxAbsoluteOutputDifference": {
        "fp32": 0.0,
        "fp32_pwl": 0.0
      },
      "bitIdentical": true,
      "testUsed": false
    },
    "checkpointUse": "inference and PTQ calibration only; do not resume training",
    "removedTrainingState": []
  }
}
