checking package dependencies
compiling bsv/SwayTypes.bsv
compiling generated/GeneratedTestConfig.bsv
compiling generated/SwayParameters.bsv
compiling bsv/SwayMultiply.bsv
compiling bsv/SwayLinear.bsv
compiling bsv/SwayNorm.bsv
compiling bsv/SwayScan.bsv
compiling bsv/SwayBlock.bsv
compiling bsv/SwayBaseline.bsv
compiling sim/TbSway.bsv
code generation for mkTbSway starts
Warning: "Prelude.bs", line 3102, column 0: (G0024)
  The function unfolding steps interval has been exceeded when unfolding
  `primFix'. The current number of steps is 100000. Next warning at 200000
  steps. Elaboration terminates at 1000000 steps.
  During elaboration of the body of rule `process4_2' at "bsv/SwayBlock.bsv",
  line 200, column 14.
  During elaboration of `block0' at "bsv/SwayBaseline.bsv", line 25, column
  18.
  During elaboration of `dut' at "sim/TbSway.bsv", line 16, column 17.
  During elaboration of `mkTbSway' at "sim/TbSway.bsv", line 9, column 8.
Warning: "Array.bsv", line 170, column 55: (G0024)
  The function unfolding steps interval has been exceeded when unfolding
  `primExtract'. The current number of steps is 200000. Next warning at 300000
  steps. Elaboration terminates at 1000000 steps.
  During elaboration of the body of rule `process4' at "bsv/SwayLinear.bsv",
  line 195, column 14.
  During elaboration of `engine' at "bsv/SwayLinear.bsv", line 261, column 13.
  During elaboration of `outputProjection' at "bsv/SwayBlock.bsv", line 106,
  column 40.
  During elaboration of `block1' at "bsv/SwayBaseline.bsv", line 26, column
  18.
  During elaboration of `dut' at "sim/TbSway.bsv", line 16, column 17.
  During elaboration of `mkTbSway' at "sim/TbSway.bsv", line 9, column 8.
Warning: "Prelude.bs", line 1335, column 9: (G0024)
  The function unfolding steps interval has been exceeded when unfolding
  `Prelude.Ord~Prelude.Integer'. The current number of steps is 300000. Next
  warning at 400000 steps. Elaboration terminates at 1000000 steps.
  During elaboration of the body of rule `process2' at "bsv/SwayLinear.bsv",
  line 83, column 14.
  During elaboration of `engine' at "bsv/SwayLinear.bsv", line 261, column 13.
  During elaboration of `headHidden' at "bsv/SwayBaseline.bsv", line 27,
  column 44.
  During elaboration of `dut' at "sim/TbSway.bsv", line 16, column 17.
  During elaboration of `mkTbSway' at "sim/TbSway.bsv", line 9, column 8.
Warning: "Prelude.bs", line 598, column 0: (G0024)
  The function unfolding steps interval has been exceeded when unfolding
  `indexableToBits'. The current number of steps is 400000. Next warning at
  500000 steps. Elaboration terminates at 1000000 steps.
  During elaboration of the body of rule `process6' at "bsv/SwayBaseline.bsv",
  line 128, column 14.
  During elaboration of `dut' at "sim/TbSway.bsv", line 16, column 17.
  During elaboration of `mkTbSway' at "sim/TbSway.bsv", line 9, column 8.
Schedule dump file created: /tmp/sway-refactor-axhyh5gm/divisor2/build/mkTbSway.sched
Verilog file created: /tmp/sway-refactor-axhyh5gm/divisor2/build/mkTbSway.v
All packages are up to date.
