SWAY_INPUT_FRAME,0,2,363
SWAY_INPUT_FRAME,1,364,725
SWAY_INPUT_FRAME,2,726,9887
SWAY_INPUT_FRAME,3,9888,24960
SWAY_OUTPUT,0,13,25059
SWAY_STALL,0,25060,33252
SWAY_OUTPUT,1,13,33252
SWAY_OUTPUT,2,13,33254
SWAY_OUTPUT,3,13,33255
SWAY_OUTPUT,4,25,33256
SWAY_OUTPUT,5,36,33257
SWAY_OUTPUT,6,45,33258
SWAY_OUTPUT,7,2,33259
SWAY_OUTPUT,8,-6,33260
SWAY_OUTPUT,9,-12,33261
SWAY_OUTPUT,10,18,33262
SWAY_OUTPUT,11,21,33263
SWAY_OUTPUT,12,22,33265
SWAY_OUTPUT,13,23,33266
SWAY_OUTPUT,14,8,33267
SWAY_OUTPUT,15,2,33268
SWAY_OUTPUT,16,-2,33269
SWAY_OUTPUT,17,-4,33270
SWAY_OUTPUT,18,13,33271
SWAY_OUTPUT,19,126,33272
SWAY_OUTPUT,20,127,33273
SWAY_OUTPUT,21,125,33274
SWAY_OUTPUT,22,126,33276
SWAY_OUTPUT,23,126,33277
SWAY_OUTPUT,24,127,33278
SWAY_OUTPUT,25,126,33279
SWAY_OUTPUT,26,124,33280
SWAY_OUTPUT,27,124,33281
SWAY_OUTPUT,28,121,33282
SWAY_OUTPUT,29,125,33283
SWAY_OUTPUT,30,124,33284
SWAY_OUTPUT,31,127,33285
SWAY_OUTPUT,32,120,33287
SWAY_OUTPUT,33,124,33288
SWAY_OUTPUT,34,125,33289
SWAY_OUTPUT,35,127,33290
SWAY_OUTPUT,36,123,33291
SWAY_OUTPUT,37,127,33292
SWAY_OUTPUT,38,-15,33293
SWAY_OUTPUT,39,6,33294
SWAY_OUTPUT,40,25,33295
SWAY_OUTPUT,41,34,33296
SWAY_OUTPUT,42,18,33298
SWAY_OUTPUT,43,12,33299
SWAY_OUTPUT,44,7,33300
SWAY_OUTPUT,45,17,33301
SWAY_OUTPUT,46,6,33302
SWAY_OUTPUT,47,-5,33303
SWAY_OUTPUT,48,-14,33304
SWAY_OUTPUT,49,-33,33305
SWAY_OUTPUT,50,-56,33306
SWAY_OUTPUT,51,-58,33307
SWAY_OUTPUT,52,-14,33309
SWAY_OUTPUT,53,-32,33310
SWAY_OUTPUT,54,-54,33311
SWAY_OUTPUT,55,-58,33312
SWAY_OUTPUT,56,20,33313
SWAY_FRAME,0,25059,33313
SWAY_INPUT_FRAME,4,24961,40031
SWAY_OUTPUT,57,11,40130
SWAY_STALL,1,40131,48323
SWAY_OUTPUT,58,11,48324
SWAY_OUTPUT,59,11,48325
SWAY_OUTPUT,60,11,48326
SWAY_OUTPUT,61,23,48327
SWAY_OUTPUT,62,32,48328
SWAY_OUTPUT,63,40,48329
SWAY_OUTPUT,64,-1,48330
SWAY_OUTPUT,65,-9,48331
SWAY_OUTPUT,66,-16,48332
SWAY_OUTPUT,67,16,48333
SWAY_OUTPUT,68,20,48335
SWAY_OUTPUT,69,22,48336
SWAY_OUTPUT,70,24,48337
SWAY_OUTPUT,71,6,48338
SWAY_OUTPUT,72,1,48339
SWAY_OUTPUT,73,-3,48340
SWAY_OUTPUT,74,-5,48341
SWAY_OUTPUT,75,11,48342
SWAY_OUTPUT,76,126,48343
SWAY_OUTPUT,77,127,48344
SWAY_OUTPUT,78,126,48346
SWAY_OUTPUT,79,126,48347
SWAY_OUTPUT,80,126,48348
SWAY_OUTPUT,81,127,48349
SWAY_OUTPUT,82,125,48350
SWAY_OUTPUT,83,124,48351
SWAY_OUTPUT,84,125,48352
SWAY_OUTPUT,85,123,48353
SWAY_OUTPUT,86,124,48354
SWAY_OUTPUT,87,125,48355
SWAY_OUTPUT,88,126,48357
SWAY_OUTPUT,89,119,48358
SWAY_OUTPUT,90,124,48359
SWAY_OUTPUT,91,126,48360
SWAY_OUTPUT,92,127,48361
SWAY_OUTPUT,93,124,48362
SWAY_OUTPUT,94,127,48363
SWAY_OUTPUT,95,-10,48364
SWAY_OUTPUT,96,12,48365
SWAY_OUTPUT,97,32,48366
SWAY_OUTPUT,98,41,48368
SWAY_OUTPUT,99,24,48369
SWAY_OUTPUT,100,15,48370
SWAY_OUTPUT,101,7,48371
SWAY_OUTPUT,102,23,48372
SWAY_OUTPUT,103,13,48373
SWAY_OUTPUT,104,3,48374
SWAY_OUTPUT,105,-9,48375
SWAY_OUTPUT,106,-31,48376
SWAY_OUTPUT,107,-54,48377
SWAY_OUTPUT,108,-58,48379
SWAY_OUTPUT,109,-9,48380
SWAY_OUTPUT,110,-30,48381
SWAY_OUTPUT,111,-53,48382
SWAY_OUTPUT,112,-57,48383
SWAY_OUTPUT,113,27,48384
SWAY_FRAME,1,40130,48384
SWAY_INPUT_FRAME,5,40032,55103
SWAY_OUTPUT,114,10,55202
SWAY_STALL,2,55203,63395
SWAY_OUTPUT,115,10,63395
SWAY_OUTPUT,116,10,63396
SWAY_OUTPUT,117,10,63397
SWAY_OUTPUT,118,21,63398
SWAY_OUTPUT,119,29,63399
SWAY_OUTPUT,120,38,63400
SWAY_OUTPUT,121,-1,63401
SWAY_OUTPUT,122,-8,63402
SWAY_OUTPUT,123,-15,63403
SWAY_OUTPUT,124,16,63405
SWAY_OUTPUT,125,18,63406
SWAY_OUTPUT,126,19,63407
SWAY_OUTPUT,127,20,63408
SWAY_OUTPUT,128,6,63409
SWAY_OUTPUT,129,3,63410
SWAY_OUTPUT,130,2,63411
SWAY_OUTPUT,131,1,63412
SWAY_OUTPUT,132,10,63413
SWAY_OUTPUT,133,127,63414
SWAY_OUTPUT,134,127,63416
SWAY_OUTPUT,135,127,63417
SWAY_OUTPUT,136,127,63418
SWAY_OUTPUT,137,127,63419
SWAY_OUTPUT,138,127,63420
SWAY_OUTPUT,139,127,63421
SWAY_OUTPUT,140,127,63422
SWAY_OUTPUT,141,127,63423
SWAY_OUTPUT,142,125,63424
SWAY_OUTPUT,143,127,63425
SWAY_OUTPUT,144,127,63427
SWAY_OUTPUT,145,127,63428
SWAY_OUTPUT,146,124,63429
SWAY_OUTPUT,147,127,63430
SWAY_OUTPUT,148,127,63431
SWAY_OUTPUT,149,127,63432
SWAY_OUTPUT,150,125,63433
SWAY_OUTPUT,151,127,63434
SWAY_OUTPUT,152,-18,63435
SWAY_OUTPUT,153,2,63436
SWAY_OUTPUT,154,22,63438
SWAY_OUTPUT,155,30,63439
SWAY_OUTPUT,156,14,63440
SWAY_OUTPUT,157,5,63441
SWAY_OUTPUT,158,-5,63442
SWAY_OUTPUT,159,14,63443
SWAY_OUTPUT,160,2,63444
SWAY_OUTPUT,161,-10,63445
SWAY_OUTPUT,162,-17,63446
SWAY_OUTPUT,163,-34,63447
SWAY_OUTPUT,164,-57,63449
SWAY_OUTPUT,165,-60,63450
SWAY_OUTPUT,166,-17,63451
SWAY_OUTPUT,167,-34,63452
SWAY_OUTPUT,168,-56,63453
SWAY_OUTPUT,169,-60,63454
SWAY_OUTPUT,170,17,63455
SWAY_FRAME,2,55202,63455
SWAY_INPUT_FRAME,6,55104,70175
SWAY_OUTPUT,171,11,70274
SWAY_STALL,3,70275,78467
SWAY_OUTPUT,172,10,78467
SWAY_OUTPUT,173,10,78468
SWAY_OUTPUT,174,10,78469
SWAY_OUTPUT,175,22,78470
SWAY_OUTPUT,176,32,78471
SWAY_OUTPUT,177,39,78472
SWAY_OUTPUT,178,-2,78473
SWAY_OUTPUT,179,-11,78475
SWAY_OUTPUT,180,-15,78476
SWAY_OUTPUT,181,16,78477
SWAY_OUTPUT,182,20,78478
SWAY_OUTPUT,183,22,78479
SWAY_OUTPUT,184,24,78480
SWAY_OUTPUT,185,6,78481
SWAY_OUTPUT,186,3,78482
SWAY_OUTPUT,187,2,78483
SWAY_OUTPUT,188,0,78484
SWAY_OUTPUT,189,10,78486
SWAY_OUTPUT,190,125,78487
SWAY_OUTPUT,191,126,78488
SWAY_OUTPUT,192,126,78489
SWAY_OUTPUT,193,127,78490
SWAY_OUTPUT,194,127,78491
SWAY_OUTPUT,195,127,78492
SWAY_OUTPUT,196,125,78493
SWAY_OUTPUT,197,125,78494
SWAY_OUTPUT,198,125,78495
SWAY_OUTPUT,199,122,78497
SWAY_OUTPUT,200,123,78498
SWAY_OUTPUT,201,126,78499
SWAY_OUTPUT,202,126,78500
SWAY_OUTPUT,203,119,78501
SWAY_OUTPUT,204,123,78502
SWAY_OUTPUT,205,126,78503
SWAY_OUTPUT,206,127,78504
SWAY_OUTPUT,207,123,78505
SWAY_OUTPUT,208,127,78506
SWAY_OUTPUT,209,-7,78508
SWAY_OUTPUT,210,15,78509
SWAY_OUTPUT,211,36,78510
SWAY_OUTPUT,212,45,78511
SWAY_OUTPUT,213,28,78512
SWAY_OUTPUT,214,21,78513
SWAY_OUTPUT,215,16,78514
SWAY_OUTPUT,216,27,78515
SWAY_OUTPUT,217,18,78516
SWAY_OUTPUT,218,10,78517
SWAY_OUTPUT,219,-6,78519
SWAY_OUTPUT,220,-31,78520
SWAY_OUTPUT,221,-54,78521
SWAY_OUTPUT,222,-58,78522
SWAY_OUTPUT,223,-6,78523
SWAY_OUTPUT,224,-31,78524
SWAY_OUTPUT,225,-55,78525
SWAY_OUTPUT,226,-60,78526
SWAY_OUTPUT,227,31,78527
SWAY_FRAME,3,70274,78527
SWAY_INPUT_FRAME,7,70178,85247
SWAY_OUTPUT,228,12,85346
SWAY_STALL,4,85347,93539
SWAY_OUTPUT,229,14,93539
SWAY_OUTPUT,230,16,93540
SWAY_OUTPUT,231,14,93541
SWAY_OUTPUT,232,26,93542
SWAY_OUTPUT,233,38,93543
SWAY_OUTPUT,234,48,93545
SWAY_OUTPUT,235,3,93546
SWAY_OUTPUT,236,-12,93547
SWAY_OUTPUT,237,-28,93548
SWAY_OUTPUT,238,18,93549
SWAY_OUTPUT,239,21,93550
SWAY_OUTPUT,240,23,93551
SWAY_OUTPUT,241,24,93552
SWAY_OUTPUT,242,8,93553
SWAY_OUTPUT,243,-5,93554
SWAY_OUTPUT,244,-15,93556
SWAY_OUTPUT,245,-18,93557
SWAY_OUTPUT,246,15,93558
SWAY_OUTPUT,247,127,93559
SWAY_OUTPUT,248,127,93560
SWAY_OUTPUT,249,126,93561
SWAY_OUTPUT,250,127,93562
SWAY_OUTPUT,251,124,93563
SWAY_OUTPUT,252,123,93564
SWAY_OUTPUT,253,120,93565
SWAY_OUTPUT,254,127,93567
SWAY_OUTPUT,255,127,93568
SWAY_OUTPUT,256,127,93569
SWAY_OUTPUT,257,127,93570
SWAY_OUTPUT,258,127,93571
SWAY_OUTPUT,259,127,93572
SWAY_OUTPUT,260,127,93573
SWAY_OUTPUT,261,127,93574
SWAY_OUTPUT,262,124,93575
SWAY_OUTPUT,263,124,93576
SWAY_OUTPUT,264,118,93578
SWAY_OUTPUT,265,127,93579
SWAY_OUTPUT,266,-12,93580
SWAY_OUTPUT,267,9,93581
SWAY_OUTPUT,268,29,93582
SWAY_OUTPUT,269,38,93583
SWAY_OUTPUT,270,20,93584
SWAY_OUTPUT,271,14,93585
SWAY_OUTPUT,272,9,93586
SWAY_OUTPUT,273,22,93587
SWAY_OUTPUT,274,20,93589
SWAY_OUTPUT,275,19,93590
SWAY_OUTPUT,276,-12,93591
SWAY_OUTPUT,277,-32,93592
SWAY_OUTPUT,278,-57,93593
SWAY_OUTPUT,279,-60,93594
SWAY_OUTPUT,280,-10,93595
SWAY_OUTPUT,281,-27,93596
SWAY_OUTPUT,282,-50,93597
SWAY_OUTPUT,283,-53,93598
SWAY_OUTPUT,284,24,93600
SWAY_FRAME,4,85346,93600
SWAY_INPUT_FRAME,8,85248,100321
SWAY_OUTPUT,285,8,100418
SWAY_STALL,5,100419,108611
SWAY_OUTPUT,286,7,108611
SWAY_OUTPUT,287,7,108612
SWAY_OUTPUT,288,7,108613
SWAY_OUTPUT,289,19,108615
SWAY_OUTPUT,290,33,108616
SWAY_OUTPUT,291,40,108617
SWAY_OUTPUT,292,-5,108618
SWAY_OUTPUT,293,-16,108619
SWAY_OUTPUT,294,-21,108620
SWAY_OUTPUT,295,13,108621
SWAY_OUTPUT,296,19,108622
SWAY_OUTPUT,297,24,108623
SWAY_OUTPUT,298,26,108624
SWAY_OUTPUT,299,3,108626
SWAY_OUTPUT,300,-2,108627
SWAY_OUTPUT,301,-4,108628
SWAY_OUTPUT,302,-6,108629
SWAY_OUTPUT,303,8,108630
SWAY_OUTPUT,304,124,108631
SWAY_OUTPUT,305,125,108632
SWAY_OUTPUT,306,124,108633
SWAY_OUTPUT,307,125,108634
SWAY_OUTPUT,308,124,108635
SWAY_OUTPUT,309,126,108637
SWAY_OUTPUT,310,122,108638
SWAY_OUTPUT,311,123,108639
SWAY_OUTPUT,312,124,108640
SWAY_OUTPUT,313,121,108641
SWAY_OUTPUT,314,122,108642
SWAY_OUTPUT,315,123,108643
SWAY_OUTPUT,316,125,108644
SWAY_OUTPUT,317,117,108645
SWAY_OUTPUT,318,122,108646
SWAY_OUTPUT,319,122,108648
SWAY_OUTPUT,320,126,108649
SWAY_OUTPUT,321,121,108650
SWAY_OUTPUT,322,125,108651
SWAY_OUTPUT,323,-10,108652
SWAY_OUTPUT,324,12,108653
SWAY_OUTPUT,325,32,108654
SWAY_OUTPUT,326,41,108655
SWAY_OUTPUT,327,24,108656
SWAY_OUTPUT,328,22,108657
SWAY_OUTPUT,329,26,108659
SWAY_OUTPUT,330,23,108660
SWAY_OUTPUT,331,18,108661
SWAY_OUTPUT,332,17,108662
SWAY_OUTPUT,333,-9,108663
SWAY_OUTPUT,334,-31,108664
SWAY_OUTPUT,335,-54,108665
SWAY_OUTPUT,336,-57,108666
SWAY_OUTPUT,337,-9,108667
SWAY_OUTPUT,338,-30,108668
SWAY_OUTPUT,339,-54,108670
SWAY_OUTPUT,340,-58,108671
SWAY_OUTPUT,341,27,108672
SWAY_FRAME,5,100418,108672
SWAY_INPUT_FRAME,9,100322,115391
SWAY_OUTPUT,342,7,115490
SWAY_STALL,6,115491,123683
SWAY_OUTPUT,343,6,123683
SWAY_OUTPUT,344,5,123685
SWAY_OUTPUT,345,4,123686
SWAY_OUTPUT,346,17,123687
SWAY_OUTPUT,347,32,123688
SWAY_OUTPUT,348,42,123689
SWAY_OUTPUT,349,-7,123690
SWAY_OUTPUT,350,-20,123691
SWAY_OUTPUT,351,-29,123692
SWAY_OUTPUT,352,12,123693
SWAY_OUTPUT,353,21,123694
SWAY_OUTPUT,354,29,123696
SWAY_OUTPUT,355,32,123697
SWAY_OUTPUT,356,2,123698
SWAY_OUTPUT,357,-5,123699
SWAY_OUTPUT,358,-7,123700
SWAY_OUTPUT,359,-9,123701
SWAY_OUTPUT,360,5,123702
SWAY_OUTPUT,361,127,123703
SWAY_OUTPUT,362,127,123704
SWAY_OUTPUT,363,127,123705
SWAY_OUTPUT,364,127,123707
SWAY_OUTPUT,365,127,123708
SWAY_OUTPUT,366,127,123709
SWAY_OUTPUT,367,124,123710
SWAY_OUTPUT,368,127,123711
SWAY_OUTPUT,369,127,123712
SWAY_OUTPUT,370,126,123713
SWAY_OUTPUT,371,127,123714
SWAY_OUTPUT,372,127,123715
SWAY_OUTPUT,373,127,123716
SWAY_OUTPUT,374,123,123718
SWAY_OUTPUT,375,127,123719
SWAY_OUTPUT,376,126,123720
SWAY_OUTPUT,377,127,123721
SWAY_OUTPUT,378,123,123722
SWAY_OUTPUT,379,127,123723
SWAY_OUTPUT,380,-11,123724
SWAY_OUTPUT,381,10,123725
SWAY_OUTPUT,382,30,123726
SWAY_OUTPUT,383,39,123727
SWAY_OUTPUT,384,23,123729
SWAY_OUTPUT,385,21,123730
SWAY_OUTPUT,386,23,123731
SWAY_OUTPUT,387,22,123732
SWAY_OUTPUT,388,18,123733
SWAY_OUTPUT,389,16,123734
SWAY_OUTPUT,390,-10,123735
SWAY_OUTPUT,391,-29,123736
SWAY_OUTPUT,392,-53,123737
SWAY_OUTPUT,393,-57,123738
SWAY_OUTPUT,394,-10,123740
SWAY_OUTPUT,395,-30,123741
SWAY_OUTPUT,396,-55,123742
SWAY_OUTPUT,397,-59,123743
SWAY_OUTPUT,398,25,123744
SWAY_FRAME,6,115490,123744
SWAY_INPUT_FRAME,10,115392,130463
SWAY_OUTPUT,399,18,130562
SWAY_STALL,7,130563,138755
SWAY_OUTPUT,400,19,138755
SWAY_OUTPUT,401,20,138756
SWAY_OUTPUT,402,21,138757
SWAY_OUTPUT,403,31,138758
SWAY_OUTPUT,404,41,138759
SWAY_OUTPUT,405,50,138760
SWAY_OUTPUT,406,9,138761
SWAY_OUTPUT,407,-4,138762
SWAY_OUTPUT,408,-16,138763
SWAY_OUTPUT,409,24,138764
SWAY_OUTPUT,410,27,138766
SWAY_OUTPUT,411,25,138767
SWAY_OUTPUT,412,27,138768
SWAY_OUTPUT,413,13,138769
SWAY_OUTPUT,414,5,138770
SWAY_OUTPUT,415,-4,138771
SWAY_OUTPUT,416,-7,138772
SWAY_OUTPUT,417,20,138773
SWAY_OUTPUT,418,125,138774
SWAY_OUTPUT,419,126,138775
SWAY_OUTPUT,420,124,138777
SWAY_OUTPUT,421,125,138778
SWAY_OUTPUT,422,124,138779
SWAY_OUTPUT,423,127,138780
SWAY_OUTPUT,424,124,138781
SWAY_OUTPUT,425,123,138782
SWAY_OUTPUT,426,124,138783
SWAY_OUTPUT,427,122,138784
SWAY_OUTPUT,428,124,138785
SWAY_OUTPUT,429,122,138786
SWAY_OUTPUT,430,126,138788
SWAY_OUTPUT,431,119,138789
SWAY_OUTPUT,432,124,138790
SWAY_OUTPUT,433,125,138791
SWAY_OUTPUT,434,127,138792
SWAY_OUTPUT,435,123,138793
SWAY_OUTPUT,436,125,138794
SWAY_OUTPUT,437,-15,138795
SWAY_OUTPUT,438,6,138796
SWAY_OUTPUT,439,26,138797
SWAY_OUTPUT,440,34,138799
SWAY_OUTPUT,441,17,138800
SWAY_OUTPUT,442,9,138801
SWAY_OUTPUT,443,0,138802
SWAY_OUTPUT,444,18,138803
SWAY_OUTPUT,445,12,138804
SWAY_OUTPUT,446,5,138805
SWAY_OUTPUT,447,-14,138806
SWAY_OUTPUT,448,-33,138807
SWAY_OUTPUT,449,-56,138808
SWAY_OUTPUT,450,-59,138810
SWAY_OUTPUT,451,-13,138811
SWAY_OUTPUT,452,-31,138812
SWAY_OUTPUT,453,-52,138813
SWAY_OUTPUT,454,-55,138814
SWAY_OUTPUT,455,21,138815
SWAY_FRAME,7,130562,138815
SWAY_INPUT_FRAME,11,130464,145535
SWAY_OUTPUT,456,10,145634
SWAY_STALL,8,145635,153827
SWAY_OUTPUT,457,10,153827
SWAY_OUTPUT,458,10,153828
SWAY_OUTPUT,459,10,153829
SWAY_OUTPUT,460,22,153830
SWAY_OUTPUT,461,32,153831
SWAY_OUTPUT,462,36,153832
SWAY_OUTPUT,463,-2,153833
SWAY_OUTPUT,464,-16,153834
SWAY_OUTPUT,465,-23,153836
SWAY_OUTPUT,466,15,153837
SWAY_OUTPUT,467,19,153838
SWAY_OUTPUT,468,22,153839
SWAY_OUTPUT,469,24,153840
SWAY_OUTPUT,470,5,153841
SWAY_OUTPUT,471,-1,153842
SWAY_OUTPUT,472,-3,153843
SWAY_OUTPUT,473,-5,153844
SWAY_OUTPUT,474,10,153845
SWAY_OUTPUT,475,124,153847
SWAY_OUTPUT,476,124,153848
SWAY_OUTPUT,477,123,153849
SWAY_OUTPUT,478,124,153850
SWAY_OUTPUT,479,123,153851
SWAY_OUTPUT,480,125,153852
SWAY_OUTPUT,481,120,153853
SWAY_OUTPUT,482,123,153854
SWAY_OUTPUT,483,123,153855
SWAY_OUTPUT,484,121,153856
SWAY_OUTPUT,485,122,153858
SWAY_OUTPUT,486,122,153859
SWAY_OUTPUT,487,125,153860
SWAY_OUTPUT,488,117,153861
SWAY_OUTPUT,489,122,153862
SWAY_OUTPUT,490,122,153863
SWAY_OUTPUT,491,125,153864
SWAY_OUTPUT,492,120,153865
SWAY_OUTPUT,493,124,153866
SWAY_OUTPUT,494,-10,153867
SWAY_OUTPUT,495,12,153869
SWAY_OUTPUT,496,32,153870
SWAY_OUTPUT,497,41,153871
SWAY_OUTPUT,498,24,153872
SWAY_OUTPUT,499,17,153873
SWAY_OUTPUT,500,17,153874
SWAY_OUTPUT,501,24,153875
SWAY_OUTPUT,502,22,153876
SWAY_OUTPUT,503,25,153877
SWAY_OUTPUT,504,-9,153878
SWAY_OUTPUT,505,-32,153880
SWAY_OUTPUT,506,-55,153881
SWAY_OUTPUT,507,-59,153882
SWAY_OUTPUT,508,-9,153883
SWAY_OUTPUT,509,-31,153884
SWAY_OUTPUT,510,-54,153885
SWAY_OUTPUT,511,-59,153886
SWAY_OUTPUT,512,27,153887
SWAY_FRAME,8,145634,153887
SWAY_INPUT_FRAME,12,145536,160607
SWAY_OUTPUT,513,47,160706
SWAY_STALL,9,160707,168899
SWAY_OUTPUT,514,49,168899
SWAY_OUTPUT,515,52,168900
SWAY_OUTPUT,516,51,168901
SWAY_OUTPUT,517,57,168902
SWAY_OUTPUT,518,52,168903
SWAY_OUTPUT,519,71,168904
SWAY_OUTPUT,520,42,168906
SWAY_OUTPUT,521,49,168907
SWAY_OUTPUT,522,7,168908
SWAY_OUTPUT,523,52,168909
SWAY_OUTPUT,524,46,168910
SWAY_OUTPUT,525,34,168911
SWAY_OUTPUT,526,36,168912
SWAY_OUTPUT,527,43,168913
SWAY_OUTPUT,528,49,168914
SWAY_OUTPUT,529,40,168915
SWAY_OUTPUT,530,40,168917
SWAY_OUTPUT,531,51,168918
SWAY_OUTPUT,532,127,168919
SWAY_OUTPUT,533,127,168920
SWAY_OUTPUT,534,127,168921
SWAY_OUTPUT,535,127,168922
SWAY_OUTPUT,536,127,168923
SWAY_OUTPUT,537,127,168924
SWAY_OUTPUT,538,127,168925
SWAY_OUTPUT,539,127,168926
SWAY_OUTPUT,540,127,168928
SWAY_OUTPUT,541,127,168929
SWAY_OUTPUT,542,127,168930
SWAY_OUTPUT,543,127,168931
SWAY_OUTPUT,544,127,168932
SWAY_OUTPUT,545,127,168933
SWAY_OUTPUT,546,127,168934
SWAY_OUTPUT,547,127,168935
SWAY_OUTPUT,548,127,168936
SWAY_OUTPUT,549,127,168937
SWAY_OUTPUT,550,127,168939
SWAY_OUTPUT,551,23,168940
SWAY_OUTPUT,552,58,168941
SWAY_OUTPUT,553,90,168942
SWAY_OUTPUT,554,104,168943
SWAY_OUTPUT,555,64,168944
SWAY_OUTPUT,556,27,168945
SWAY_OUTPUT,557,3,168946
SWAY_OUTPUT,558,69,168947
SWAY_OUTPUT,559,1,168948
SWAY_OUTPUT,560,-45,168950
SWAY_OUTPUT,561,23,168951
SWAY_OUTPUT,562,-36,168952
SWAY_OUTPUT,563,-94,168953
SWAY_OUTPUT,564,-111,168954
SWAY_OUTPUT,565,25,168955
SWAY_OUTPUT,566,-40,168956
SWAY_OUTPUT,567,-84,168957
SWAY_OUTPUT,568,-90,168958
SWAY_OUTPUT,569,81,168959
SWAY_FRAME,9,160706,168959
SWAY_INPUT_FRAME,13,160608,175681
SWAY_OUTPUT,570,0,175778
SWAY_STALL,10,175779,183971
SWAY_OUTPUT,571,3,183971
SWAY_OUTPUT,572,6,183972
SWAY_OUTPUT,573,8,183973
SWAY_OUTPUT,574,20,183974
SWAY_OUTPUT,575,18,183976
SWAY_OUTPUT,576,-24,183977
SWAY_OUTPUT,577,-6,183978
SWAY_OUTPUT,578,-17,183979
SWAY_OUTPUT,579,14,183980
SWAY_OUTPUT,580,5,183981
SWAY_OUTPUT,581,-2,183982
SWAY_OUTPUT,582,-2,183983
SWAY_OUTPUT,583,-8,183984
SWAY_OUTPUT,584,-4,183985
SWAY_OUTPUT,585,-26,183987
SWAY_OUTPUT,586,-29,183988
SWAY_OUTPUT,587,-35,183989
SWAY_OUTPUT,588,5,183990
SWAY_OUTPUT,589,20,183991
SWAY_OUTPUT,590,19,183992
SWAY_OUTPUT,591,18,183993
SWAY_OUTPUT,592,17,183994
SWAY_OUTPUT,593,30,183995
SWAY_OUTPUT,594,43,183996
SWAY_OUTPUT,595,46,183998
SWAY_OUTPUT,596,17,183999
SWAY_OUTPUT,597,21,184000
SWAY_OUTPUT,598,34,184001
SWAY_OUTPUT,599,20,184002
SWAY_OUTPUT,600,21,184003
SWAY_OUTPUT,601,20,184004
SWAY_OUTPUT,602,0,184005
SWAY_OUTPUT,603,16,184006
SWAY_OUTPUT,604,4,184007
SWAY_OUTPUT,605,27,184009
SWAY_OUTPUT,606,37,184010
SWAY_OUTPUT,607,19,184011
SWAY_OUTPUT,608,-13,184012
SWAY_OUTPUT,609,5,184013
SWAY_OUTPUT,610,23,184014
SWAY_OUTPUT,611,30,184015
SWAY_OUTPUT,612,18,184016
SWAY_OUTPUT,613,13,184017
SWAY_OUTPUT,614,-7,184018
SWAY_OUTPUT,615,12,184020
SWAY_OUTPUT,616,15,184021
SWAY_OUTPUT,617,3,184022
SWAY_OUTPUT,618,-13,184023
SWAY_OUTPUT,619,-36,184024
SWAY_OUTPUT,620,-27,184025
SWAY_OUTPUT,621,-18,184026
SWAY_OUTPUT,622,-12,184027
SWAY_OUTPUT,623,-20,184028
SWAY_OUTPUT,624,-20,184029
SWAY_OUTPUT,625,-28,184031
SWAY_OUTPUT,626,19,184032
SWAY_FRAME,10,175778,184032
SWAY_OUTPUT,627,13,190851
SWAY_STALL,11,190852,199044
SWAY_OUTPUT,628,10,199044
SWAY_OUTPUT,629,10,199046
SWAY_OUTPUT,630,11,199047
SWAY_OUTPUT,631,15,199048
SWAY_OUTPUT,632,30,199049
SWAY_OUTPUT,633,69,199050
SWAY_OUTPUT,634,6,199051
SWAY_OUTPUT,635,4,199052
SWAY_OUTPUT,636,-10,199053
SWAY_OUTPUT,637,18,199054
SWAY_OUTPUT,638,7,199055
SWAY_OUTPUT,639,21,199057
SWAY_OUTPUT,640,29,199058
SWAY_OUTPUT,641,9,199059
SWAY_OUTPUT,642,31,199060
SWAY_OUTPUT,643,35,199061
SWAY_OUTPUT,644,36,199062
SWAY_OUTPUT,645,11,199063
SWAY_OUTPUT,646,127,199064
SWAY_OUTPUT,647,127,199065
SWAY_OUTPUT,648,127,199066
SWAY_OUTPUT,649,127,199068
SWAY_OUTPUT,650,127,199069
SWAY_OUTPUT,651,127,199070
SWAY_OUTPUT,652,127,199071
SWAY_OUTPUT,653,127,199072
SWAY_OUTPUT,654,127,199073
SWAY_OUTPUT,655,127,199074
SWAY_OUTPUT,656,127,199075
SWAY_OUTPUT,657,127,199076
SWAY_OUTPUT,658,127,199077
SWAY_OUTPUT,659,127,199079
SWAY_OUTPUT,660,127,199080
SWAY_OUTPUT,661,127,199081
SWAY_OUTPUT,662,127,199082
SWAY_OUTPUT,663,127,199083
SWAY_OUTPUT,664,127,199084
SWAY_OUTPUT,665,-30,199085
SWAY_OUTPUT,666,-12,199086
SWAY_OUTPUT,667,5,199087
SWAY_OUTPUT,668,10,199088
SWAY_OUTPUT,669,1,199090
SWAY_OUTPUT,670,6,199091
SWAY_OUTPUT,671,2,199092
SWAY_OUTPUT,672,-2,199093
SWAY_OUTPUT,673,-20,199094
SWAY_OUTPUT,674,-51,199095
SWAY_OUTPUT,675,-29,199096
SWAY_OUTPUT,676,-40,199097
SWAY_OUTPUT,677,-68,199098
SWAY_OUTPUT,678,-73,199099
SWAY_OUTPUT,679,-29,199101
SWAY_OUTPUT,680,-37,199102
SWAY_OUTPUT,681,-61,199103
SWAY_OUTPUT,682,-70,199104
SWAY_OUTPUT,683,0,199105
SWAY_FRAME,11,190851,199105
SWAY_OUTPUT,684,13,205922
SWAY_STALL,12,205923,214115
SWAY_OUTPUT,685,13,214116
SWAY_OUTPUT,686,13,214117
SWAY_OUTPUT,687,13,214118
SWAY_OUTPUT,688,25,214119
SWAY_OUTPUT,689,36,214120
SWAY_OUTPUT,690,45,214121
SWAY_OUTPUT,691,2,214122
SWAY_OUTPUT,692,-6,214123
SWAY_OUTPUT,693,-12,214124
SWAY_OUTPUT,694,18,214125
SWAY_OUTPUT,695,21,214127
SWAY_OUTPUT,696,22,214128
SWAY_OUTPUT,697,23,214129
SWAY_OUTPUT,698,8,214130
SWAY_OUTPUT,699,2,214131
SWAY_OUTPUT,700,-2,214132
SWAY_OUTPUT,701,-4,214133
SWAY_OUTPUT,702,13,214134
SWAY_OUTPUT,703,126,214135
SWAY_OUTPUT,704,127,214136
SWAY_OUTPUT,705,125,214138
SWAY_OUTPUT,706,126,214139
SWAY_OUTPUT,707,126,214140
SWAY_OUTPUT,708,127,214141
SWAY_OUTPUT,709,126,214142
SWAY_OUTPUT,710,124,214143
SWAY_OUTPUT,711,124,214144
SWAY_OUTPUT,712,121,214145
SWAY_OUTPUT,713,125,214146
SWAY_OUTPUT,714,124,214147
SWAY_OUTPUT,715,127,214149
SWAY_OUTPUT,716,120,214150
SWAY_OUTPUT,717,124,214151
SWAY_OUTPUT,718,125,214152
SWAY_OUTPUT,719,127,214153
SWAY_OUTPUT,720,123,214154
SWAY_OUTPUT,721,127,214155
SWAY_OUTPUT,722,-15,214156
SWAY_OUTPUT,723,6,214157
SWAY_OUTPUT,724,25,214158
SWAY_OUTPUT,725,34,214160
SWAY_OUTPUT,726,18,214161
SWAY_OUTPUT,727,12,214162
SWAY_OUTPUT,728,7,214163
SWAY_OUTPUT,729,17,214164
SWAY_OUTPUT,730,6,214165
SWAY_OUTPUT,731,-5,214166
SWAY_OUTPUT,732,-14,214167
SWAY_OUTPUT,733,-33,214168
SWAY_OUTPUT,734,-56,214169
SWAY_OUTPUT,735,-58,214171
SWAY_OUTPUT,736,-14,214172
SWAY_OUTPUT,737,-32,214173
SWAY_OUTPUT,738,-54,214174
SWAY_OUTPUT,739,-58,214175
SWAY_OUTPUT,740,20,214176
SWAY_FRAME,12,205922,214176
SWAY_OUTPUT,741,13,220994
SWAY_STALL,13,220995,229187
SWAY_OUTPUT,742,13,229187
SWAY_OUTPUT,743,13,229188
SWAY_OUTPUT,744,13,229189
SWAY_OUTPUT,745,25,229190
SWAY_OUTPUT,746,36,229191
SWAY_OUTPUT,747,45,229192
SWAY_OUTPUT,748,2,229193
SWAY_OUTPUT,749,-6,229194
SWAY_OUTPUT,750,-12,229195
SWAY_OUTPUT,751,18,229197
SWAY_OUTPUT,752,21,229198
SWAY_OUTPUT,753,22,229199
SWAY_OUTPUT,754,23,229200
SWAY_OUTPUT,755,8,229201
SWAY_OUTPUT,756,2,229202
SWAY_OUTPUT,757,-2,229203
SWAY_OUTPUT,758,-4,229204
SWAY_OUTPUT,759,13,229205
SWAY_OUTPUT,760,126,229206
SWAY_OUTPUT,761,127,229208
SWAY_OUTPUT,762,125,229209
SWAY_OUTPUT,763,126,229210
SWAY_OUTPUT,764,126,229211
SWAY_OUTPUT,765,127,229212
SWAY_OUTPUT,766,126,229213
SWAY_OUTPUT,767,124,229214
SWAY_OUTPUT,768,124,229215
SWAY_OUTPUT,769,121,229216
SWAY_OUTPUT,770,125,229217
SWAY_OUTPUT,771,124,229219
SWAY_OUTPUT,772,127,229220
SWAY_OUTPUT,773,120,229221
SWAY_OUTPUT,774,124,229222
SWAY_OUTPUT,775,125,229223
SWAY_OUTPUT,776,127,229224
SWAY_OUTPUT,777,123,229225
SWAY_OUTPUT,778,127,229226
SWAY_OUTPUT,779,-15,229227
SWAY_OUTPUT,780,6,229228
SWAY_OUTPUT,781,25,229230
SWAY_OUTPUT,782,34,229231
SWAY_OUTPUT,783,18,229232
SWAY_OUTPUT,784,12,229233
SWAY_OUTPUT,785,7,229234
SWAY_OUTPUT,786,17,229235
SWAY_OUTPUT,787,6,229236
SWAY_OUTPUT,788,-5,229237
SWAY_OUTPUT,789,-14,229238
SWAY_OUTPUT,790,-33,229239
SWAY_OUTPUT,791,-56,229241
SWAY_OUTPUT,792,-58,229242
SWAY_OUTPUT,793,-14,229243
SWAY_OUTPUT,794,-32,229244
SWAY_OUTPUT,795,-54,229245
SWAY_OUTPUT,796,-58,229246
SWAY_OUTPUT,797,20,229247
SWAY_FRAME,13,220994,229247
SWAY_PASS frames=14 outputs=798 cycles=231296 drain_cycles=2048
