Info: constraining clock net 'CLK_clk_25mhz' to 25.00 MHz
Warning: net 'pll_clk_100mhz' does not exist in design, ignoring clock constraint
Warning: net 'pll_clk_125mhz' does not exist in design, ignoring clock constraint

Info: Logic utilisation before packing:
Info:     Total LUT4s:     44361/83640    53%
Info:         logic LUTs:  32275/83640    38%
Info:         carry LUTs:   9080/83640    10%
Info:           RAM LUTs:   2004/10455    19%
Info:          RAMW LUTs:   1002/20910     4%

Info:      Total DFFs:     48199/83640    57%

Info: Packing IOs..
Info: pin 'led[7]$tr_io' constrained to Bel 'X0/Y41/PIOD'.
Info: pin 'led[6]$tr_io' constrained to Bel 'X0/Y38/PIOD'.
Info: pin 'led[5]$tr_io' constrained to Bel 'X0/Y44/PIOD'.
Info: pin 'led[4]$tr_io' constrained to Bel 'X0/Y38/PIOB'.
Info: pin 'led[3]$tr_io' constrained to Bel 'X0/Y38/PIOC'.
Info: pin 'led[2]$tr_io' constrained to Bel 'X0/Y38/PIOA'.
Info: pin 'led[1]$tr_io' constrained to Bel 'X0/Y35/PIOD'.
Info: pin 'led[0]$tr_io' constrained to Bel 'X0/Y35/PIOC'.
Info: pin 'ftdi_txd$tr_io' constrained to Bel 'X0/Y89/PIOB'.
Info: pin 'ftdi_rxd$tr_io' constrained to Bel 'X0/Y56/PIOC'.
Info: pin 'CLK_clk_25mhz$tr_io' constrained to Bel 'X0/Y47/PIOA'.
Info: placed PLL 'clocks_pll.pll_i' at bel 'X1/Y4/EHXPLL_UL'
Info: Packing constants..
Info: Packing carries...
Info: Packing LUTs...
Info: Packing LUT5-7s...
Info: Packing FFs...
Info:     14091 FFs paired with LUTs.
Info: Generating derived timing constraints...
Info:     Input frequency of PLL 'clocks_pll.pll_i' is constrained to 25.0 MHz
Info:     Derived frequency constraint of 80.0 MHz for net clocks_coreReset.CLK
Info: Promoting globals...
Info:     promoting clock net clocks_coreReset.CLK to global network
Info:     promoting clock net CLK_clk_25mhz$TRELLIS_IO_IN to global network
Info: Checksum: 0x91abdcea

Info: Device utilisation:
Info: 	          TRELLIS_IO:      11/    365     3%
Info: 	                DCCA:       2/     56     3%
Info: 	              DP16KD:      49/    208    23%
Info: 	          MULT18X18D:       0/    156     0%
Info: 	              ALU54B:       0/     78     0%
Info: 	             EHXPLLL:       1/      4    25%
Info: 	             EXTREFB:       0/      2     0%
Info: 	                DCUA:       0/      2     0%
Info: 	           PCSCLKDIV:       0/      2     0%
Info: 	             IOLOGIC:       0/    224     0%
Info: 	            SIOLOGIC:       0/    141     0%
Info: 	                 GSR:       0/      1     0%
Info: 	               JTAGG:       0/      1     0%
Info: 	                OSCG:       0/      1     0%
Info: 	               SEDGA:       0/      1     0%
Info: 	                 DTR:       0/      1     0%
Info: 	             USRMCLK:       0/      1     0%
Info: 	             CLKDIVF:       0/      4     0%
Info: 	           ECLKSYNCB:       0/     10     0%
Info: 	             DLLDELD:       0/      8     0%
Info: 	              DDRDLL:       0/      4     0%
Info: 	             DQSBUFM:       0/     14     0%
Info: 	     TRELLIS_ECLKBUF:       0/      8     0%
Info: 	        ECLKBRIDGECS:       0/      2     0%
Info: 	                DCSC:       0/      2     0%
Info: 	          TRELLIS_FF:   48199/  83640    57%
Info: 	        TRELLIS_COMB:   47287/  83640    56%
Info: 	        TRELLIS_RAMW:     501/  10455     4%

Info: Placed 12 cells based on constraints.
Info: Creating initial analytic placement for 64912 cells, random placement wirelen = 6608957.
Info:     at initial placer iter 0, wirelen = 10570
Info:     at initial placer iter 1, wirelen = 9975
Info:     at initial placer iter 2, wirelen = 10001
Info:     at initial placer iter 3, wirelen = 9883
Info: Running main analytical placer.
Info:     at iteration #1, type ALL: wirelen solved = 9867, spread = 1079231, legal = 1500320; time = 59.24s
Info:     at iteration #2, type ALL: wirelen solved = 91492, spread = 369320, legal = 739534; time = 42.21s
Info:     at iteration #3, type ALL: wirelen solved = 129867, spread = 285501, legal = 662716; time = 37.77s
Info:     at iteration #4, type ALL: wirelen solved = 143712, spread = 257789, legal = 608594; time = 32.79s
Info:     at iteration #5, type ALL: wirelen solved = 153337, spread = 246768, legal = 592645; time = 31.12s
Info:     at iteration #6, type ALL: wirelen solved = 163539, spread = 244932, legal = 572550; time = 30.86s
Info:     at iteration #7, type ALL: wirelen solved = 176669, spread = 248920, legal = 537952; time = 25.31s
Info:     at iteration #8, type ALL: wirelen solved = 185499, spread = 251609, legal = 533085; time = 23.10s
Info:     at iteration #9, type ALL: wirelen solved = 197108, spread = 255632, legal = 523841; time = 23.03s
Info:     at iteration #10, type ALL: wirelen solved = 209350, spread = 264633, legal = 507012; time = 22.86s
Info:     at iteration #11, type ALL: wirelen solved = 220243, spread = 270909, legal = 506885; time = 22.30s
Info:     at iteration #12, type ALL: wirelen solved = 229823, spread = 276587, legal = 508456; time = 21.37s
Info:     at iteration #13, type ALL: wirelen solved = 241754, spread = 287715, legal = 493981; time = 18.20s
Info:     at iteration #14, type ALL: wirelen solved = 248210, spread = 291877, legal = 481067; time = 14.84s
Info:     at iteration #15, type ALL: wirelen solved = 255986, spread = 297480, legal = 455723; time = 12.74s
Info:     at iteration #16, type ALL: wirelen solved = 263204, spread = 301838, legal = 444758; time = 10.24s
Info:     at iteration #17, type ALL: wirelen solved = 269228, spread = 305896, legal = 436230; time = 9.35s
Info:     at iteration #18, type ALL: wirelen solved = 275342, spread = 310821, legal = 426984; time = 8.09s
Info:     at iteration #19, type ALL: wirelen solved = 280824, spread = 313740, legal = 422845; time = 7.28s
Info:     at iteration #20, type ALL: wirelen solved = 287518, spread = 319169, legal = 413502; time = 5.93s
Info:     at iteration #21, type ALL: wirelen solved = 290529, spread = 321746, legal = 414106; time = 5.91s
Info:     at iteration #22, type ALL: wirelen solved = 293521, spread = 324812, legal = 406202; time = 4.86s
Info:     at iteration #23, type ALL: wirelen solved = 295202, spread = 326194, legal = 404102; time = 4.74s
Info:     at iteration #24, type ALL: wirelen solved = 297493, spread = 330555, legal = 400488; time = 5.56s
Info:     at iteration #25, type ALL: wirelen solved = 300531, spread = 330383, legal = 398175; time = 7.45s
Info:     at iteration #26, type ALL: wirelen solved = 300346, spread = 329404, legal = 392498; time = 3.57s
Info:     at iteration #27, type ALL: wirelen solved = 300670, spread = 329210, legal = 390481; time = 3.47s
Info:     at iteration #28, type ALL: wirelen solved = 301473, spread = 333738, legal = 393081; time = 3.47s
Info:     at iteration #29, type ALL: wirelen solved = 304785, spread = 334504, legal = 389947; time = 3.66s
Info:     at iteration #30, type ALL: wirelen solved = 306501, spread = 338542, legal = 390571; time = 3.91s
Info:     at iteration #31, type ALL: wirelen solved = 309427, spread = 339560, legal = 388308; time = 3.32s
Info:     at iteration #32, type ALL: wirelen solved = 309660, spread = 340040, legal = 388148; time = 3.28s
Info:     at iteration #33, type ALL: wirelen solved = 311340, spread = 341753, legal = 387179; time = 2.80s
Info: HeAP Placer Time: 564.06s
Info:   of which solving equations: 76.44s
Info:   of which spreading cells: 24.31s
Info:   of which strict legalisation: 427.10s

Info: Running simulated annealing placer for refinement.
Info:   at iteration #1: temp = 0.000000, timing cost = 2902, wirelen = 387179
Info:   at iteration #5: temp = 0.000000, timing cost = 2363, wirelen = 345858
Info:   at iteration #10: temp = 0.000000, timing cost = 1996, wirelen = 330034
Info:   at iteration #15: temp = 0.000000, timing cost = 1729, wirelen = 320126
Info:   at iteration #20: temp = 0.000000, timing cost = 1858, wirelen = 315659
Info:   at iteration #25: temp = 0.000000, timing cost = 1700, wirelen = 313244
Info:   at iteration #30: temp = 0.000000, timing cost = 1825, wirelen = 311920
Info:   at iteration #35: temp = 0.000000, timing cost = 1816, wirelen = 311219
Info:   at iteration #40: temp = 0.000000, timing cost = 1707, wirelen = 310758
Info:   at iteration #45: temp = 0.000000, timing cost = 1818, wirelen = 310436
Info:   at iteration #50: temp = 0.000000, timing cost = 1790, wirelen = 310176
Info:   at iteration #50: temp = 0.000000, timing cost = 1786, wirelen = 310201 
Info: SA placement time 395.99s

Info: Max frequency for clock '$glbnet$CLK_clk_25mhz$TRELLIS_IO_IN': 131.63 MHz (PASS at 25.00 MHz)
Info: Max frequency for clock        '$glbnet$clocks_coreReset.CLK': 59.04 MHz (FAIL at 80.00 MHz)

Info: Max delay <async>                                     -> posedge $glbnet$CLK_clk_25mhz$TRELLIS_IO_IN: 4.80 ns
Info: Max delay posedge $glbnet$CLK_clk_25mhz$TRELLIS_IO_IN -> <async>                                    : 12.44 ns
Info: Max delay posedge $glbnet$CLK_clk_25mhz$TRELLIS_IO_IN -> posedge $glbnet$clocks_coreReset.CLK       : 2.79 ns
Info: Max delay posedge $glbnet$clocks_coreReset.CLK        -> posedge $glbnet$CLK_clk_25mhz$TRELLIS_IO_IN: 2.79 ns

Info: Slack histogram:
Info:  legend: * represents 467 endpoint(s)
Info:          + represents [1,467) endpoint(s)
Info: [ -4437,  -2253) |+
Info: [ -2253,    -69) |**+
Info: [   -69,   2115) |*********+
Info: [  2115,   4299) |*****************+
Info: [  4299,   6483) |**********************************************+
Info: [  6483,   8667) |**********************************************************+
Info: [  8667,  10851) |************************************************************ 
Info: [ 10851,  13035) |****************************************+
Info: [ 13035,  15219) | 
Info: [ 15219,  17403) | 
Info: [ 17403,  19587) | 
Info: [ 19587,  21771) | 
Info: [ 21771,  23955) | 
Info: [ 23955,  26139) | 
Info: [ 26139,  28323) | 
Info: [ 28323,  30507) | 
Info: [ 30507,  32691) |+
Info: [ 32691,  34875) |+
Info: [ 34875,  37059) |+
Info: [ 37059,  39243) |+
Info: Checksum: 0xd3ddd6b8
Info: Routing globals...
Info:     routing clock net $glbnet$CLK_clk_25mhz$TRELLIS_IO_IN using global 0
Info:     routing clock net $glbnet$clocks_coreReset.CLK using global 1

Info: Routing..
Info: Setting up routing queue.
Info: Routing 243547 arcs.
Info:            |   (re-)routed arcs  |   delta    | remaining|       time spent     |
Info:    IterCnt |  w/ripup   wo/ripup |  w/r  wo/r |      arcs| batch(sec) total(sec)|
Info:       1000 |       58        941 |   58   941 |    242638|       5.64       5.64|
Info:       2000 |      149       1850 |   91   909 |    241866|       0.48       6.12|
Info:       3000 |      242       2757 |   93   907 |    241046|       0.44       6.56|
Info:       4000 |      345       3654 |  103   897 |    240248|       0.52       7.08|
Info:       5000 |      472       4527 |  127   873 |    239624|       0.53       7.61|
Info:       6000 |      586       5413 |  114   886 |    238905|       0.48       8.09|
Info:       7000 |      680       6319 |   94   906 |    238103|       0.45       8.54|
Info:       8000 |      763       7236 |   83   917 |    237295|       0.46       9.00|
Info:       9000 |      856       8143 |   93   907 |    236506|       0.43       9.43|
Info:      10000 |      945       9054 |   89   911 |    235719|       0.45       9.88|
Info:      11000 |     1012       9987 |   67   933 |    234868|       0.40      10.29|
Info:      12000 |     1085      10914 |   73   927 |    234048|       0.45      10.73|
Info:      13000 |     1157      11842 |   72   928 |    233234|       0.52      11.25|
Info:      14000 |     1229      12770 |   72   928 |    232410|       0.50      11.75|
Info:      15000 |     1297      13702 |   68   932 |    231553|       0.49      12.24|
Info:      16000 |     1355      14644 |   58   942 |    230676|       0.41      12.65|
Info:      17000 |     1408      15591 |   53   947 |    229801|       0.47      13.12|
Info:      18000 |     1448      16551 |   40   960 |    228900|       0.41      13.53|
Info:      19000 |     1517      17482 |   69   931 |    228046|       0.40      13.93|
Info:      20000 |     1568      18431 |   51   949 |    227195|       0.45      14.38|
Info:      21000 |     1620      19379 |   52   948 |    226297|       0.48      14.86|
Info:      22000 |     1702      20297 |   82   918 |    225430|       0.47      15.32|
Info:      23000 |     1761      21238 |   59   941 |    224522|       0.49      15.81|
Info:      24000 |     1812      22187 |   51   949 |    223605|       0.46      16.27|
Info:      25000 |     1889      23110 |   77   923 |    222705|       0.44      16.72|
Info:      26000 |     1938      24061 |   49   951 |    221765|       0.45      17.17|
Info:      27000 |     2003      24996 |   65   935 |    220868|       0.40      17.57|
Info:      28000 |     2052      25947 |   49   951 |    219942|       0.46      18.03|
Info:      29000 |     2133      26866 |   81   919 |    219059|       0.46      18.49|
Info:      30000 |     2215      27784 |   82   918 |    218276|       0.43      18.92|
Info:      31000 |     2289      28710 |   74   926 |    217418|       0.40      19.32|
Info:      32000 |     2359      29640 |   70   930 |    216545|       0.44      19.76|
Info:      33000 |     2417      30582 |   58   942 |    215647|       0.43      20.20|
Info:      34000 |     2493      31506 |   76   924 |    215002|       0.52      20.72|
Info:      35000 |     2581      32418 |   88   912 |    214363|       0.51      21.23|
Info:      36000 |     2649      33350 |   68   932 |    213526|       0.50      21.73|
Info:      37000 |     2712      34287 |   63   937 |    212696|       0.50      22.22|
Info:      38000 |     2793      35206 |   81   919 |    211854|       0.44      22.66|
Info:      39000 |     2869      36130 |   76   924 |    211072|       0.52      23.18|
Info:      40000 |     2957      37042 |   88   912 |    210339|       0.49      23.67|
Info:      41000 |     3026      37973 |   69   931 |    209451|       0.45      24.12|
Info:      42000 |     3112      38887 |   86   914 |    208615|       0.49      24.61|
Info:      43000 |     3188      39811 |   76   924 |    207729|       0.56      25.17|
Info:      44000 |     3252      40747 |   64   936 |    206850|       0.46      25.63|
Info:      45000 |     3337      41662 |   85   915 |    205988|       0.49      26.12|
Info:      46000 |     3416      42583 |   79   921 |    205165|       0.57      26.69|
Info:      47000 |     3491      43508 |   75   925 |    204262|       0.51      27.20|
Info:      48000 |     3567      44432 |   76   924 |    203371|       0.49      27.69|
Info:      49000 |     3635      45364 |   68   932 |    202481|       0.54      28.23|
Info:      50000 |     3721      46278 |   86   914 |    201667|       0.50      28.74|
Info:      51000 |     3809      47190 |   88   912 |    200771|       0.49      29.23|
Info:      52000 |     3877      48122 |   68   932 |    199913|       0.61      29.84|
Info:      53000 |     3953      49046 |   76   924 |    199009|       0.50      30.34|
Info:      54000 |     4029      49970 |   76   924 |    198101|       0.50      30.84|
Info:      55000 |     4113      50886 |   84   916 |    197235|       0.53      31.37|
Info:      56000 |     4207      51792 |   94   906 |    196339|       0.52      31.89|
Info:      57000 |     4298      52701 |   91   909 |    195448|       0.50      32.39|
Info:      58000 |     4378      53621 |   80   920 |    194544|       0.49      32.87|
Info:      59000 |     4472      54527 |   94   906 |    193699|       0.56      33.43|
Info:      60000 |     4564      55435 |   92   908 |    192839|       0.54      33.97|
Info:      61000 |     4683      56316 |  119   881 |    192177|       0.55      34.52|
Info:      62000 |     4780      57219 |   97   903 |    191300|       0.57      35.09|
Info:      63000 |     4864      58135 |   84   916 |    190422|       0.62      35.70|
Info:      64000 |     4954      59045 |   90   910 |    189549|       0.52      36.22|
Info:      65000 |     5048      59951 |   94   906 |    188727|       0.64      36.86|
Info:      66000 |     5171      60828 |  123   877 |    188218|       0.68      37.55|
Info:      67000 |     5279      61720 |  108   892 |    187504|       0.64      38.18|
Info:      68000 |     5359      62640 |   80   920 |    186616|       0.58      38.76|
Info:      69000 |     5510      63489 |  151   849 |    186063|       0.54      39.30|
Info:      70000 |     5585      64414 |   75   925 |    185144|       0.54      39.84|
Info:      71000 |     5678      65321 |   93   907 |    184408|       0.77      40.61|
Info:      72000 |     5773      66226 |   95   905 |    183546|       0.69      41.30|
Info:      73000 |     5857      67142 |   84   916 |    182715|       0.60      41.90|
Info:      74000 |     5941      68058 |   84   916 |    181824|       0.77      42.67|
Info:      75000 |     6000      68999 |   59   941 |    180901|       0.80      43.47|
Info:      76000 |     6090      69909 |   90   910 |    180020|       0.68      44.15|
Info:      77000 |     6219      70780 |  129   871 |    179191|       0.67      44.82|
Info:      78000 |     6330      71669 |  111   889 |    178412|       0.73      45.55|
Info:      79000 |     6419      72580 |   89   911 |    177508|       0.70      46.25|
Info:      80000 |     6519      73480 |  100   900 |    176627|       0.63      46.88|
Info:      81000 |     6607      74392 |   88   912 |    175718|       0.70      47.58|
Info:      82000 |     6694      75305 |   87   913 |    174868|       0.67      48.25|
Info:      83000 |     6810      76189 |  116   884 |    174038|       0.81      49.06|
Info:      84000 |     6900      77099 |   90   910 |    173329|       0.73      49.79|
Info:      85000 |     6990      78009 |   90   910 |    172454|       0.66      50.45|
Info:      86000 |     7095      78904 |  105   895 |    171591|       0.70      51.15|
Info:      87000 |     7203      79796 |  108   892 |    170750|       0.69      51.83|
Info:      88000 |     7292      80707 |   89   911 |    169942|       0.63      52.46|
Info:      89000 |     7376      81623 |   84   916 |    169028|       0.56      53.02|
Info:      90000 |     7464      82519 |   88   896 |    168203|       0.59      53.61|
Info:      91000 |     7566      83414 |  102   895 |    167421|       0.55      54.16|
Info:      92000 |     7659      84321 |   93   907 |    166606|       0.74      54.90|
Info:      93000 |     7760      85217 |  101   896 |    165763|       0.60      55.50|
Info:      94000 |     7847      86130 |   87   913 |    164858|       0.57      56.07|
Info:      95000 |     7998      86978 |  151   848 |    164145|       0.60      56.67|
Info:      96000 |     8121      87855 |  123   877 |    163315|       0.64      57.31|
Info:      97000 |     8220      88756 |   99   901 |    162437|       0.67      57.98|
Info:      98000 |     8331      89645 |  111   889 |    161565|       0.60      58.58|
Info:      99000 |     8429      90547 |   98   902 |    160683|       0.59      59.17|
Info:     100000 |     8566      91410 |  137   863 |    159976|       0.68      59.84|
Info:     101000 |     8736      92239 |  170   829 |    159429|       0.66      60.51|
Info:     102000 |     8825      93150 |   89   911 |    158550|       0.74      61.25|
Info:     103000 |     8953      94022 |  128   872 |    157753|       0.58      61.83|
Info:     104000 |     9050      94925 |   97   903 |    156896|       0.58      62.41|
Info:     105000 |     9137      95836 |   87   911 |    156005|       0.60      63.01|
Info:     106000 |     9250      96723 |  113   887 |    155183|       0.64      63.65|
Info:     107000 |     9328      97645 |   78   922 |    154300|       0.87      64.52|
Info:     108000 |     9455      98518 |  127   873 |    153435|       0.62      65.15|
Info:     109000 |     9541      99430 |   86   912 |    152563|       0.72      65.87|
Info:     110000 |     9643     100326 |  102   896 |    151679|       0.62      66.48|
Info:     111000 |     9761     101205 |  118   879 |    150814|       0.68      67.16|
Info:     112000 |     9869     102093 |  108   888 |    150001|       0.84      68.00|
Info:     113000 |     9977     102960 |  108   867 |    149149|       0.68      68.68|
Info:     114000 |    10084     103835 |  107   875 |    148292|       0.65      69.33|
Info:     115000 |    10183     104719 |   99   884 |    147410|       0.65      69.98|
Info:     116000 |    10307     105572 |  124   853 |    146577|       0.70      70.68|
Info:     117000 |    10417     106443 |  110   871 |    145743|       0.96      71.64|
Info:     118000 |    10535     107278 |  118   835 |    145040|       0.79      72.43|
Info:     119000 |    10645     108122 |  110   844 |    144162|       0.73      73.17|
Info:     120000 |    10747     108965 |  102   843 |    143274|       0.68      73.85|
Info:     121000 |    10863     109819 |  116   854 |    142466|       0.69      74.54|
Info:     122000 |    10996     110632 |  133   813 |    141715|       0.67      75.20|
Info:     123000 |    11133     111421 |  137   789 |    141000|       0.76      75.97|
Info:     124000 |    11267     112280 |  134   859 |    140239|       1.02      76.99|
Info:     125000 |    11397     113073 |  130   793 |    139376|       0.74      77.73|
Info:     126000 |    11544     113865 |  147   792 |    138580|       0.73      78.46|
Info:     127000 |    11682     114710 |  138   845 |    137792|       0.81      79.27|
Info:     128000 |    11778     115584 |   96   874 |    136918|       0.69      79.96|
Info:     129000 |    11910     116406 |  132   822 |    136063|       0.71      80.67|
Info:     130000 |    12027     117245 |  117   839 |    135191|       0.85      81.51|
Info:     131000 |    12184     118081 |  157   836 |    134413|       0.89      82.41|
Info:     132000 |    12343     118885 |  159   804 |    133613|       0.67      83.08|
Info:     133000 |    12499     119700 |  156   815 |    132788|       0.67      83.75|
Info:     134000 |    12647     120540 |  148   840 |    131993|       0.73      84.48|
Info:     135000 |    12764     121410 |  117   870 |    131117|       0.68      85.16|
Info:     136000 |    12872     122274 |  108   864 |    130235|       0.71      85.87|
Info:     137000 |    13013     123112 |  141   838 |    129416|       0.80      86.66|
Info:     138000 |    13151     123962 |  138   850 |    128607|       1.01      87.67|
Info:     139000 |    13298     124791 |  147   829 |    127804|       0.84      88.51|
Info:     140000 |    13451     125612 |  153   821 |    126975|       0.85      89.36|
Info:     141000 |    13607     126443 |  156   831 |    126157|       0.69      90.06|
Info:     142000 |    13749     127285 |  142   842 |    125380|       0.93      90.99|
Info:     143000 |    13884     128133 |  135   848 |    124640|       0.95      91.95|
Info:     144000 |    14074     128925 |  190   792 |    123914|       0.78      92.72|
Info:     145000 |    14239     129732 |  165   807 |    123138|       1.04      93.77|
Info:     146000 |    14365     130594 |  126   862 |    122289|       0.84      94.61|
Info:     147000 |    14536     131396 |  171   802 |    121477|       0.67      95.28|
Info:     148000 |    14680     132237 |  144   841 |    120718|       0.73      96.02|
Info:     149000 |    14863     133032 |  183   795 |    119920|       0.81      96.83|
Info:     150000 |    14998     133881 |  135   849 |    119105|       0.68      97.51|
Info:     151000 |    15133     134715 |  135   834 |    118266|       0.76      98.26|
Info:     152000 |    15296     135532 |  163   817 |    117438|       0.97      99.23|
Info:     153000 |    15476     136313 |  180   781 |    116667|       0.79     100.02|
Info:     154000 |    15647     137139 |  171   826 |    115971|       1.43     101.44|
Info:     155000 |    15804     137940 |  157   801 |    115134|       0.71     102.15|
Info:     156000 |    15990     138715 |  186   775 |    114364|       0.68     102.83|
Info:     157000 |    16187     139472 |  197   757 |    113771|       0.75     103.59|
Info:     158000 |    16382     140251 |  195   779 |    113076|       0.83     104.42|
Info:     159000 |    16548     141041 |  166   790 |    112300|       0.73     105.14|
Info:     160000 |    16696     141852 |  148   811 |    111517|       0.78     105.92|
Info:     161000 |    16880     142642 |  184   790 |    110911|       0.79     106.71|
Info:     162000 |    17032     143426 |  152   784 |    110087|       0.71     107.42|
Info:     163000 |    17192     144203 |  160   777 |    109331|       0.94     108.36|
Info:     164000 |    17347     145024 |  155   821 |    108508|       0.97     109.33|
Info:     165000 |    17512     145807 |  165   783 |    107720|       0.84     110.18|
Info:     166000 |    17686     146557 |  174   750 |    106913|       0.82     111.00|
Info:     167000 |    17857     147303 |  171   746 |    106090|       0.71     111.70|
Info:     168000 |    18038     148075 |  181   772 |    105334|       0.82     112.53|
Info:     169000 |    18212     148851 |  174   776 |    104561|       0.75     113.28|
Info:     170000 |    18386     149630 |  174   779 |    103776|       0.72     113.99|
Info:     171000 |    18572     150419 |  186   789 |    103164|       0.77     114.77|
Info:     172000 |    18714     151208 |  142   789 |    102327|       0.71     115.48|
Info:     173000 |    18932     151975 |  218   767 |    101721|       1.06     116.53|
Info:     174000 |    19076     152809 |  144   834 |    100963|       1.23     117.76|
Info:     175000 |    19255     153567 |  179   758 |    100169|       0.78     118.54|
Info:     176000 |    19482     154303 |  227   736 |     99428|       0.77     119.31|
Info:     177000 |    19686     155054 |  204   751 |     98711|       0.80     120.11|
Info:     178000 |    19845     155828 |  159   774 |     97880|       0.73     120.84|
Info:     179000 |    20019     156583 |  174   755 |     97105|       0.88     121.71|
Info:     180000 |    20237     157299 |  218   716 |     96411|       0.80     122.52|
Info:     181000 |    20409     158087 |  172   788 |     95594|       0.79     123.30|
Info:     182000 |    20568     158903 |  159   816 |     94822|       0.90     124.20|
Info:     183000 |    20782     159629 |  214   726 |     94046|       0.70     124.90|
Info:     184000 |    21021     160383 |  239   754 |     93530|       1.16     126.06|
Info:     185000 |    21241     161111 |  220   728 |     92828|       0.80     126.85|
Info:     186000 |    21426     161876 |  185   765 |     92020|       0.70     127.56|
Info:     187000 |    21612     162652 |  186   776 |     91234|       0.81     128.37|
Info:     188000 |    21794     163401 |  182   749 |     90437|       0.82     129.19|
Info:     189000 |    21995     164133 |  201   732 |     89659|       0.89     130.08|
Info:     190000 |    22188     164861 |  193   728 |     88880|       0.97     131.06|
Info:     191000 |    22347     165647 |  159   786 |     88065|       0.92     131.97|
Info:     192000 |    22521     166425 |  174   778 |     87262|       0.81     132.79|
Info:     193000 |    22723     167170 |  202   745 |     86505|       0.89     133.67|
Info:     194000 |    22934     167935 |  211   765 |     85826|       1.05     134.73|
Info:     195000 |    23185     168677 |  251   742 |     85470|       1.50     136.22|
Info:     196000 |    23384     169468 |  199   791 |     84839|       1.63     137.85|
Info:     197000 |    23565     170242 |  181   774 |     84037|       0.84     138.69|
Info:     198000 |    23749     170968 |  184   726 |     83242|       0.90     139.59|
Info:     199000 |    23941     171690 |  192   722 |     82503|       0.84     140.43|
Info:     200000 |    24156     172434 |  215   744 |     81829|       1.17     141.60|
Info:     201000 |    24364     173120 |  208   686 |     81053|       0.95     142.55|
Info:     202000 |    24546     173864 |  182   744 |     80263|       0.92     143.47|
Info:     203000 |    24702     174602 |  156   738 |     79540|       0.90     144.37|
Info:     204000 |    24863     175411 |  161   809 |     78865|       0.92     145.29|
Info:     205000 |    25025     176206 |  162   795 |     78059|       0.90     146.19|
Info:     206000 |    25215     176934 |  190   728 |     77318|       1.25     147.44|
Info:     207000 |    25413     177685 |  198   751 |     76552|       0.88     148.32|
Info:     208000 |    25524     178491 |  111   806 |     75695|       0.96     149.29|
Info:     209000 |    25730     179213 |  206   722 |     74937|       0.94     150.23|
Info:     210000 |    25857     180011 |  127   798 |     74081|       1.06     151.29|
Info:     211000 |    25998     180811 |  141   800 |     73341|       1.03     152.32|
Info:     212000 |    26193     181541 |  195   730 |     72713|       0.97     153.29|
Info:     213000 |    26362     182296 |  169   755 |     71902|       0.87     154.16|
Info:     214000 |    26629     183022 |  267   726 |     71501|       1.59     155.75|
Info:     215000 |    26932     183719 |  303   697 |     71012|       1.56     157.31|
Info:     216000 |    27155     184496 |  223   777 |     70334|       1.98     159.28|
Info:     217000 |    27320     185243 |  165   747 |     69519|       1.04     160.32|
Info:     218000 |    27488     185974 |  168   731 |     68746|       1.06     161.38|
Info:     219000 |    27673     186720 |  185   746 |     67967|       0.87     162.25|
Info:     220000 |    27843     187431 |  170   711 |     67168|       0.93     163.18|
Info:     221000 |    28084     188143 |  241   712 |     66466|       1.08     164.26|
Info:     222000 |    28258     188937 |  174   794 |     65686|       0.97     165.23|
Info:     223000 |    28455     189691 |  197   754 |     64970|       1.02     166.26|
Info:     224000 |    28579     190441 |  124   750 |     64103|       0.99     167.25|
Info:     225000 |    28770     191215 |  191   774 |     63348|       1.00     168.25|
Info:     226000 |    28885     191996 |  115   781 |     62487|       0.97     169.22|
Info:     227000 |    29008     192809 |  123   813 |     61680|       1.08     170.30|
Info:     228000 |    29146     193555 |  138   746 |     60881|       1.01     171.32|
Info:     229000 |    29279     194377 |  133   822 |     60103|       1.14     172.46|
Info:     230000 |    29500     195128 |  221   751 |     59563|       1.01     173.47|
Info:     231000 |    29700     195911 |  200   783 |     58877|       1.57     175.04|
Info:     232000 |    29969     196642 |  269   731 |     58292|       1.88     176.91|
Info:     233000 |    30269     197342 |  300   700 |     57803|       2.01     178.92|
Info:     234000 |    30488     198093 |  219   751 |     57256|       1.45     180.37|
Info:     235000 |    30675     198849 |  187   756 |     56496|       1.16     181.53|
Info:     236000 |    30819     199657 |  144   808 |     55676|       1.00     182.53|
Info:     237000 |    31045     200419 |  226   762 |     55205|       1.35     183.88|
Info:     238000 |    31392     201048 |  347   629 |     54772|       1.36     185.24|
Info:     239000 |    31539     201833 |  147   785 |     54003|       1.23     186.47|
Info:     240000 |    31703     202667 |  164   834 |     53234|       1.19     187.66|
Info:     241000 |    31895     203394 |  192   727 |     52556|       1.07     188.73|
Info:     242000 |    32253     204029 |  358   635 |     52082|       1.12     189.85|
Info:     243000 |    32424     204831 |  171   802 |     51300|       0.98     190.83|
Info:     244000 |    32578     205583 |  154   752 |     50502|       1.09     191.92|
Info:     245000 |    32761     206368 |  183   785 |     49795|       0.95     192.86|
Info:     246000 |    32894     207196 |  133   828 |     48965|       0.96     193.82|
Info:     247000 |    33094     207973 |  200   777 |     48236|       1.09     194.91|
Info:     248000 |    33297     208731 |  203   758 |     47524|       1.14     196.05|
Info:     249000 |    33576     209452 |  279   721 |     46981|       1.82     197.87|
Info:     250000 |    33915     210113 |  339   661 |     46702|       1.90     199.77|
Info:     251000 |    34199     210829 |  284   716 |     46141|       2.15     201.92|
Info:     252000 |    34528     211500 |  329   671 |     45637|       2.30     204.22|
Info:     253000 |    34815     212210 |  287   710 |     45117|       2.07     206.29|
Info:     254000 |    34982     212980 |  167   770 |     44366|       1.38     207.67|
Info:     255000 |    35058     213756 |   76   776 |     43451|       1.20     208.87|
Info:     256000 |    35192     214517 |  134   761 |     42609|       1.16     210.03|
Info:     257000 |    35309     215278 |  117   761 |     41735|       1.09     211.12|
Info:     258000 |    35468     215966 |  159   688 |     40929|       1.20     212.32|
Info:     259000 |    35597     216801 |  129   835 |     40102|       1.12     213.44|
Info:     260000 |    35777     217584 |  180   783 |     39322|       1.16     214.60|
Info:     261000 |    35941     218335 |  164   751 |     38794|       1.19     215.78|
Info:     262000 |    36205     219048 |  264   713 |     38117|       1.21     217.00|
Info:     263000 |    36383     219796 |  178   748 |     37364|       1.17     218.17|
Info:     264000 |    36527     220614 |  144   818 |     36526|       0.85     219.02|
Info:     265000 |    36795     221316 |  268   702 |     35944|       1.18     220.20|
Info:     266000 |    37141     221970 |  346   654 |     35430|       1.86     222.06|
Info:     267000 |    37474     222637 |  333   667 |     35092|       1.59     223.64|
Info:     268000 |    37901     223210 |  427   573 |     34757|       1.71     225.35|
Info:     269000 |    38218     223893 |  317   683 |     34323|       1.74     227.09|
Info:     270000 |    38537     224574 |  319   681 |     33948|       1.83     228.92|
Info:     271000 |    38869     225242 |  332   668 |     33479|       2.07     230.99|
Info:     272000 |    39238     225873 |  369   631 |     33004|       2.04     233.02|
Info:     273000 |    39541     226570 |  303   697 |     32602|       1.35     234.38|
Info:     274000 |    39819     227264 |  278   694 |     32010|       1.28     235.66|
Info:     275000 |    40064     228019 |  245   755 |     31378|       1.29     236.94|
Info:     276000 |    40303     228780 |  239   761 |     30669|       1.23     238.17|
Info:     277000 |    40509     229574 |  206   794 |     29917|       1.04     239.21|
Info:     278000 |    40780     230303 |  271   729 |     29244|       1.42     240.63|
Info:     279000 |    41044     231039 |  264   736 |     28595|       1.22     241.85|
Info:     280000 |    41263     231820 |  219   781 |     27911|       1.37     243.22|
Info:     281000 |    41476     232607 |  213   787 |     27179|       1.26     244.47|
Info:     282000 |    41662     233421 |  186   814 |     26592|       1.07     245.54|
Info:     283000 |    41962     234121 |  300   700 |     25980|       1.41     246.95|
Info:     284000 |    42271     234812 |  309   691 |     25382|       1.68     248.64|
Info:     285000 |    42611     235472 |  340   660 |     24924|       1.69     250.33|
Info:     286000 |    42959     236124 |  348   652 |     24536|       1.94     252.27|
Info:     287000 |    43299     236784 |  340   660 |     23979|       2.14     254.41|
Info:     288000 |    43642     237441 |  343   657 |     23507|       2.18     256.58|
Info:     289000 |    44027     238056 |  385   615 |     23071|       2.09     258.68|
Info:     290000 |    44405     238678 |  378   622 |     22541|       2.29     260.96|
Info:     291000 |    44771     239312 |  366   634 |     22385|       1.92     262.88|
Info:     292000 |    45142     239941 |  371   629 |     22006|       1.93     264.81|
Info:     293000 |    45540     240543 |  398   602 |     21514|       1.96     266.76|
Info:     294000 |    45740     241343 |  200   800 |     20815|       1.21     267.97|
Info:     295000 |    45812     242271 |   72   928 |     19910|       0.96     268.93|
Info:     296000 |    45948     243135 |  136   864 |     19090|       1.07     270.00|
Info:     297000 |    46271     243812 |  323   677 |     18634|       1.45     271.45|
Info:     298000 |    46575     244508 |  304   696 |     18132|       1.36     272.81|
Info:     299000 |    46941     245142 |  366   634 |     17767|       1.42     274.23|
Info:     300000 |    47227     245856 |  286   714 |     17119|       1.36     275.59|
Info:     301000 |    47563     246520 |  336   664 |     16565|       1.40     276.99|
Info:     302000 |    47910     247173 |  347   653 |     16017|       1.43     278.42|
Info:     303000 |    48260     247823 |  350   650 |     15459|       1.39     279.81|
Info:     304000 |    48652     248431 |  392   608 |     15047|       1.53     281.34|
Info:     305000 |    49006     249077 |  354   646 |     14526|       1.50     282.84|
Info:     306000 |    49345     249738 |  339   661 |     14005|       1.46     284.30|
Info:     307000 |    49705     250378 |  360   640 |     13573|       1.67     285.97|
Info:     308000 |    50002     251081 |  297   703 |     13007|       1.48     287.46|
Info:     309000 |    50068     251964 |   66   883 |     12103|       1.22     288.68|
Info:     310000 |    50135     252794 |   67   830 |     11354|       1.39     290.07|
Info:     311000 |    50251     253554 |  116   760 |     10551|       1.34     291.41|
Info:     312000 |    50371     254320 |  120   766 |      9843|       1.29     292.70|
Info:     313000 |    50473     255106 |  102   786 |      8979|       1.24     293.94|
Info:     314000 |    50643     255854 |  170   748 |      8407|       1.50     295.43|
Info:     315000 |    50703     256680 |   60   826 |      7491|       1.16     296.60|
Info:     316000 |    50772     257461 |   69   781 |      6584|       1.17     297.77|
Info:     317000 |    50844     258254 |   72   793 |      5712|       1.36     299.13|
Info:     318000 |    50897     259081 |   53   827 |      4814|       1.45     300.58|
Info:     319000 |    50941     259910 |   44   829 |      3889|       1.40     301.98|
Info:     320000 |    51045     260678 |  104   768 |      3062|       1.37     303.35|
Info:     321000 |    51250     261386 |  205   708 |      2512|       1.54     304.89|
Info:     322000 |    51362     262165 |  112   779 |      1718|       1.25     306.14|
Info:     323000 |    51516     262910 |  154   745 |      1002|       1.57     307.71|
Info:     324000 |    51611     263683 |   95   773 |       161|       1.31     309.02|
Info:     0 arcs ripped up due to negative slack WNS=0.00ns TNS=0.00ns.
Info:          0 |    51664     263856 |   53   173 |         0|       2.17     311.19|
Info: Routing complete.
Info: Router1 time 311.19s
Info: Checksum: 0x968ae75b

Info: Critical path report for clock '$glbnet$CLK_clk_25mhz$TRELLIS_IO_IN' (posedge -> posedge):
Info:       type curr  total name
Info:   clk-to-q  0.52  0.52 Source uart_clkcnt_TRELLIS_FF_Q.Q
Info:    routing  1.08  1.61 Net uart_clkcnt[0] (100,87) -> (101,87)
Info:                          Sink uart_clkcnt_TRELLIS_FF_Q_9_DI_LUT4_Z_C_CCU2C_S1_CIN_CCU2C_COUT_CIN_CCU2C_COUT_CIN_CCU2C_COUT$CCU2_COMB0.B
Info:                          Defined in:
Info:                               mkTop.v:7147.16-7147.27
Info:      logic  0.45  2.05 Source uart_clkcnt_TRELLIS_FF_Q_9_DI_LUT4_Z_C_CCU2C_S1_CIN_CCU2C_COUT_CIN_CCU2C_COUT_CIN_CCU2C_COUT$CCU2_COMB0.FCO
Info:    routing  0.00  2.05 Net uart_clkcnt_TRELLIS_FF_Q_9_DI_LUT4_Z_C_CCU2C_S1_CIN_CCU2C_COUT_CIN_CCU2C_COUT_CIN_CCU2C_COUT$CCU2_FCI_INT (101,87) -> (101,87)
Info:                          Sink uart_clkcnt_TRELLIS_FF_Q_9_DI_LUT4_Z_C_CCU2C_S1_CIN_CCU2C_COUT_CIN_CCU2C_COUT_CIN_CCU2C_COUT$CCU2_COMB1.FCI
Info:      logic  0.00  2.05 Source uart_clkcnt_TRELLIS_FF_Q_9_DI_LUT4_Z_C_CCU2C_S1_CIN_CCU2C_COUT_CIN_CCU2C_COUT_CIN_CCU2C_COUT$CCU2_COMB1.FCO
Info:    routing  0.00  2.05 Net uart_clkcnt_TRELLIS_FF_Q_9_DI_LUT4_Z_C_CCU2C_S1_CIN_CCU2C_COUT_CIN_CCU2C_COUT_CIN (101,87) -> (101,87)
Info:                          Sink uart_clkcnt_TRELLIS_FF_Q_9_DI_LUT4_Z_C_CCU2C_S1_CIN_CCU2C_COUT_CIN_CCU2C_COUT$CCU2_COMB0.FCI
Info:                          Defined in:
Info:                               mkTop.v:45502.20-45502.39
Info:                               /workspace/scratch/e6420b0fda2a/toolchains/oss-cad-suite/lib/../share/yosys/lattice/arith_map_ccu2c.v:74.7-80.4
Info:                               /workspace/scratch/e6420b0fda2a/toolchains/oss-cad-suite/lib/../share/yosys/lattice/ccu2c_sim.vh:9.9-9.13
Info:      logic  0.07  2.12 Source uart_clkcnt_TRELLIS_FF_Q_9_DI_LUT4_Z_C_CCU2C_S1_CIN_CCU2C_COUT_CIN_CCU2C_COUT$CCU2_COMB0.FCO
Info:    routing  0.00  2.12 Net uart_clkcnt_TRELLIS_FF_Q_9_DI_LUT4_Z_C_CCU2C_S1_CIN_CCU2C_COUT_CIN_CCU2C_COUT$CCU2_FCI_INT (101,87) -> (101,87)
Info:                          Sink uart_clkcnt_TRELLIS_FF_Q_9_DI_LUT4_Z_C_CCU2C_S1_CIN_CCU2C_COUT_CIN_CCU2C_COUT$CCU2_COMB1.FCI
Info:      logic  0.00  2.12 Source uart_clkcnt_TRELLIS_FF_Q_9_DI_LUT4_Z_C_CCU2C_S1_CIN_CCU2C_COUT_CIN_CCU2C_COUT$CCU2_COMB1.FCO
Info:    routing  0.00  2.12 Net uart_clkcnt_TRELLIS_FF_Q_9_DI_LUT4_Z_C_CCU2C_S1_CIN_CCU2C_COUT_CIN (101,87) -> (101,87)
Info:                          Sink uart_clkcnt_TRELLIS_FF_Q_9_DI_LUT4_Z_C_CCU2C_S1_CIN_CCU2C_COUT$CCU2_COMB0.FCI
Info:                          Defined in:
Info:                               mkTop.v:45502.20-45502.39
Info:                               /workspace/scratch/e6420b0fda2a/toolchains/oss-cad-suite/lib/../share/yosys/lattice/arith_map_ccu2c.v:74.7-80.4
Info:                               /workspace/scratch/e6420b0fda2a/toolchains/oss-cad-suite/lib/../share/yosys/lattice/ccu2c_sim.vh:9.9-9.13
Info:      logic  0.07  2.20 Source uart_clkcnt_TRELLIS_FF_Q_9_DI_LUT4_Z_C_CCU2C_S1_CIN_CCU2C_COUT$CCU2_COMB0.FCO
Info:    routing  0.00  2.20 Net uart_clkcnt_TRELLIS_FF_Q_9_DI_LUT4_Z_C_CCU2C_S1_CIN_CCU2C_COUT$CCU2_FCI_INT (101,87) -> (101,87)
Info:                          Sink uart_clkcnt_TRELLIS_FF_Q_9_DI_LUT4_Z_C_CCU2C_S1_CIN_CCU2C_COUT$CCU2_COMB1.FCI
Info:      logic  0.00  2.20 Source uart_clkcnt_TRELLIS_FF_Q_9_DI_LUT4_Z_C_CCU2C_S1_CIN_CCU2C_COUT$CCU2_COMB1.FCO
Info:    routing  0.00  2.20 Net uart_clkcnt_TRELLIS_FF_Q_9_DI_LUT4_Z_C_CCU2C_S1_CIN (101,87) -> (102,87)
Info:                          Sink uart_clkcnt_TRELLIS_FF_Q_9_DI_LUT4_Z_C_CCU2C_S1$CCU2_COMB0.FCI
Info:                          Defined in:
Info:                               mkTop.v:45502.20-45502.39
Info:                               /workspace/scratch/e6420b0fda2a/toolchains/oss-cad-suite/lib/../share/yosys/lattice/arith_map_ccu2c.v:74.7-80.4
Info:                               /workspace/scratch/e6420b0fda2a/toolchains/oss-cad-suite/lib/../share/yosys/lattice/ccu2c_sim.vh:9.9-9.13
Info:      logic  0.07  2.27 Source uart_clkcnt_TRELLIS_FF_Q_9_DI_LUT4_Z_C_CCU2C_S1$CCU2_COMB0.FCO
Info:    routing  0.00  2.27 Net uart_clkcnt_TRELLIS_FF_Q_9_DI_LUT4_Z_C_CCU2C_S1$CCU2_FCI_INT (102,87) -> (102,87)
Info:                          Sink uart_clkcnt_TRELLIS_FF_Q_9_DI_LUT4_Z_C_CCU2C_S1$CCU2_COMB1.FCI
Info:      logic  0.00  2.27 Source uart_clkcnt_TRELLIS_FF_Q_9_DI_LUT4_Z_C_CCU2C_S1$CCU2_COMB1.FCO
Info:    routing  0.00  2.27 Net uart_clkcnt_TRELLIS_FF_Q_9_DI_LUT4_Z_C_CCU2C_S1_COUT (102,87) -> (102,87)
Info:                          Sink uart_clkcnt_TRELLIS_FF_Q_9_DI_LUT4_Z_C_CCU2C_S1_COUT_CCU2C_CIN$CCU2_COMB0.FCI
Info:                          Defined in:
Info:                               mkTop.v:45502.20-45502.39
Info:                               /workspace/scratch/e6420b0fda2a/toolchains/oss-cad-suite/lib/../share/yosys/lattice/arith_map_ccu2c.v:74.7-80.4
Info:                               /workspace/scratch/e6420b0fda2a/toolchains/oss-cad-suite/lib/../share/yosys/lattice/ccu2c_sim.vh:9.9-9.13
Info:      logic  0.44  2.71 Source uart_clkcnt_TRELLIS_FF_Q_9_DI_LUT4_Z_C_CCU2C_S1_COUT_CCU2C_CIN$CCU2_COMB0.F
Info:    routing  1.32  4.03 Net uart_clkcnt_TRELLIS_FF_Q_9_DI_LUT4_Z_C_CCU2C_S1_COUT_CCU2C_CIN_S0 (102,87) -> (101,88)
Info:                          Sink uart_clkcnt_TRELLIS_FF_Q_9_DI_LUT4_Z_C_CCU2C_S1_COUT_CCU2C_CIN_S1_CCU2C_A1$CCU2_COMB0.A
Info:      logic  0.45  4.48 Source uart_clkcnt_TRELLIS_FF_Q_9_DI_LUT4_Z_C_CCU2C_S1_COUT_CCU2C_CIN_S1_CCU2C_A1$CCU2_COMB0.FCO
Info:    routing  0.00  4.48 Net uart_clkcnt_TRELLIS_FF_Q_9_DI_LUT4_Z_C_CCU2C_S1_COUT_CCU2C_CIN_S1_CCU2C_A1$CCU2_FCI_INT (101,88) -> (101,88)
Info:                          Sink uart_clkcnt_TRELLIS_FF_Q_9_DI_LUT4_Z_C_CCU2C_S1_COUT_CCU2C_CIN_S1_CCU2C_A1$CCU2_COMB1.FCI
Info:      logic  0.00  4.48 Source uart_clkcnt_TRELLIS_FF_Q_9_DI_LUT4_Z_C_CCU2C_S1_COUT_CCU2C_CIN_S1_CCU2C_A1$CCU2_COMB1.FCO
Info:    routing  0.00  4.48 Net uart_clkcnt_TRELLIS_FF_Q_9_DI_LUT4_Z_C_CCU2C_S1_COUT_CCU2C_CIN_S1_CCU2C_A1_COUT (101,88) -> (101,88)
Info:                          Sink uart_clkcnt_TRELLIS_FF_Q_9_DI_LUT4_Z_C_CCU2C_S1_COUT_CCU2C_CIN_COUT_CCU2C_CIN_S1_CCU2C_A1$CCU2_COMB0.FCI
Info:                          Defined in:
Info:                               mkTop.v:44951.44-44951.61
Info:                               /workspace/scratch/e6420b0fda2a/toolchains/oss-cad-suite/lib/../share/yosys/lattice/arith_map_ccu2c.v:74.7-80.4
Info:                               /workspace/scratch/e6420b0fda2a/toolchains/oss-cad-suite/lib/../share/yosys/lattice/ccu2c_sim.vh:9.9-9.13
Info:      logic  0.07  4.55 Source uart_clkcnt_TRELLIS_FF_Q_9_DI_LUT4_Z_C_CCU2C_S1_COUT_CCU2C_CIN_COUT_CCU2C_CIN_S1_CCU2C_A1$CCU2_COMB0.FCO
Info:    routing  0.00  4.55 Net uart_clkcnt_TRELLIS_FF_Q_9_DI_LUT4_Z_C_CCU2C_S1_COUT_CCU2C_CIN_COUT_CCU2C_CIN_S1_CCU2C_A1$CCU2_FCI_INT (101,88) -> (101,88)
Info:                          Sink uart_clkcnt_TRELLIS_FF_Q_9_DI_LUT4_Z_C_CCU2C_S1_COUT_CCU2C_CIN_COUT_CCU2C_CIN_S1_CCU2C_A1$CCU2_COMB1.FCI
Info:      logic  0.00  4.55 Source uart_clkcnt_TRELLIS_FF_Q_9_DI_LUT4_Z_C_CCU2C_S1_COUT_CCU2C_CIN_COUT_CCU2C_CIN_S1_CCU2C_A1$CCU2_COMB1.FCO
Info:    routing  0.00  4.55 Net uart_clkcnt_TRELLIS_FF_Q_9_DI_LUT4_Z_C_CCU2C_S1_COUT_CCU2C_CIN_COUT_CCU2C_CIN_S1_CCU2C_A1_COUT (101,88) -> (101,88)
Info:                          Sink uart_clkcnt_TRELLIS_FF_Q_9_DI_LUT4_Z_C_CCU2C_S1_COUT_CCU2C_CIN_COUT_CCU2C_CIN_COUT_CCU2C_CIN_S1_CCU2C_A1$CCU2_COMB0.FCI
Info:                          Defined in:
Info:                               mkTop.v:44951.44-44951.61
Info:                               /workspace/scratch/e6420b0fda2a/toolchains/oss-cad-suite/lib/../share/yosys/lattice/arith_map_ccu2c.v:74.7-80.4
Info:                               /workspace/scratch/e6420b0fda2a/toolchains/oss-cad-suite/lib/../share/yosys/lattice/ccu2c_sim.vh:9.9-9.13
Info:      logic  0.07  4.62 Source uart_clkcnt_TRELLIS_FF_Q_9_DI_LUT4_Z_C_CCU2C_S1_COUT_CCU2C_CIN_COUT_CCU2C_CIN_COUT_CCU2C_CIN_S1_CCU2C_A1$CCU2_COMB0.FCO
Info:    routing  0.00  4.62 Net uart_clkcnt_TRELLIS_FF_Q_9_DI_LUT4_Z_C_CCU2C_S1_COUT_CCU2C_CIN_COUT_CCU2C_CIN_COUT_CCU2C_CIN_S1_CCU2C_A1$CCU2_FCI_INT (101,88) -> (101,88)
Info:                          Sink uart_clkcnt_TRELLIS_FF_Q_9_DI_LUT4_Z_C_CCU2C_S1_COUT_CCU2C_CIN_COUT_CCU2C_CIN_COUT_CCU2C_CIN_S1_CCU2C_A1$CCU2_COMB1.FCI
Info:      logic  0.00  4.62 Source uart_clkcnt_TRELLIS_FF_Q_9_DI_LUT4_Z_C_CCU2C_S1_COUT_CCU2C_CIN_COUT_CCU2C_CIN_COUT_CCU2C_CIN_S1_CCU2C_A1$CCU2_COMB1.FCO
Info:    routing  0.00  4.62 Net uart_clkcnt_TRELLIS_FF_Q_9_DI_LUT4_Z_C_CCU2C_S1_COUT_CCU2C_CIN_COUT_CCU2C_CIN_COUT_CCU2C_CIN_S1_CCU2C_A1_COUT (101,88) -> (102,88)
Info:                          Sink uart_clkcnt_TRELLIS_FF_Q_9_DI_LUT4_Z_C_CCU2C_S1_COUT_CCU2C_CIN_COUT_CCU2C_CIN_COUT_CCU2C_CIN_COUT_CCU2C_CIN_S1_CCU2C_A1$CCU2_COMB0.FCI
Info:                          Defined in:
Info:                               mkTop.v:44951.44-44951.61
Info:                               /workspace/scratch/e6420b0fda2a/toolchains/oss-cad-suite/lib/../share/yosys/lattice/arith_map_ccu2c.v:74.7-80.4
Info:                               /workspace/scratch/e6420b0fda2a/toolchains/oss-cad-suite/lib/../share/yosys/lattice/ccu2c_sim.vh:9.9-9.13
Info:      logic  0.07  4.69 Source uart_clkcnt_TRELLIS_FF_Q_9_DI_LUT4_Z_C_CCU2C_S1_COUT_CCU2C_CIN_COUT_CCU2C_CIN_COUT_CCU2C_CIN_COUT_CCU2C_CIN_S1_CCU2C_A1$CCU2_COMB0.FCO
Info:    routing  0.00  4.69 Net uart_clkcnt_TRELLIS_FF_Q_9_DI_LUT4_Z_C_CCU2C_S1_COUT_CCU2C_CIN_COUT_CCU2C_CIN_COUT_CCU2C_CIN_COUT_CCU2C_CIN_S1_CCU2C_A1$CCU2_FCI_INT (102,88) -> (102,88)
Info:                          Sink uart_clkcnt_TRELLIS_FF_Q_9_DI_LUT4_Z_C_CCU2C_S1_COUT_CCU2C_CIN_COUT_CCU2C_CIN_COUT_CCU2C_CIN_COUT_CCU2C_CIN_S1_CCU2C_A1$CCU2_COMB1.FCI
Info:      logic  0.00  4.69 Source uart_clkcnt_TRELLIS_FF_Q_9_DI_LUT4_Z_C_CCU2C_S1_COUT_CCU2C_CIN_COUT_CCU2C_CIN_COUT_CCU2C_CIN_COUT_CCU2C_CIN_S1_CCU2C_A1$CCU2_COMB1.FCO
Info:    routing  0.00  4.69 Net $nextpnr_CCU2C_13$CIN (102,88) -> (102,88)
Info:                          Sink $nextpnr_CCU2C_13$CCU2_COMB0.FCI
Info:      logic  0.44  5.14 Source $nextpnr_CCU2C_13$CCU2_COMB0.F
Info:    routing  0.25  5.39 Net uart_clkcnt_TRELLIS_FF_Q_9_DI_LUT4_Z_C[1] (102,88) -> (102,88)
Info:                          Sink uart_inQ.empty_reg_LUT4_B_1.D
Info:                          Defined in:
Info:                               /workspace/scratch/e6420b0fda2a/toolchains/oss-cad-suite/lib/../share/yosys/lattice/cells_map_trellis.v:108.23-108.24
Info:      logic  0.24  5.62 Source uart_inQ.empty_reg_LUT4_B_1.F
Info:    routing  0.44  6.07 Net uart_inQ.empty_reg_LUT4_B_1_Z[1] (102,88) -> (102,88)
Info:                          Sink uart_inQ.empty_reg_LUT4_B_1_Z_LUT4_D.D
Info:                          Defined in:
Info:                               /workspace/scratch/e6420b0fda2a/toolchains/oss-cad-suite/lib/../share/yosys/lattice/cells_map_trellis.v:108.23-108.24
Info:      logic  0.24  6.31 Source uart_inQ.empty_reg_LUT4_B_1_Z_LUT4_D.F
Info:    routing  0.47  6.78 Net uart_inQ.empty_reg_LUT4_B_1_Z_LUT4_D_Z[2] (102,88) -> (102,89)
Info:                          Sink uart_inQ.empty_reg_LUT4_B_Z_PFUMX_ALUT_Z_LUT4_Z.D
Info:                          Defined in:
Info:                               /workspace/scratch/e6420b0fda2a/toolchains/oss-cad-suite/lib/../share/yosys/lattice/cells_map_trellis.v:108.23-108.24
Info:      logic  0.24  7.01 Source uart_inQ.empty_reg_LUT4_B_Z_PFUMX_ALUT_Z_LUT4_Z.F
Info:    routing  0.73  7.74 Net uart_inQ.empty_reg_LUT4_B_Z_PFUMX_ALUT_Z[4] (102,89) -> (101,90)
Info:                          Sink uart_inQ.data0_reg_TRELLIS_FF_Q_7_DI_PFUMX_Z_BLUT_LUT4_Z.M
Info:                          Defined in:
Info:                               /workspace/scratch/e6420b0fda2a/toolchains/oss-cad-suite/lib/../share/yosys/lattice/cells_map_trellis.v:108.23-108.24
Info:      logic  0.26  7.99 Source uart_inQ.data0_reg_TRELLIS_FF_Q_7_DI_PFUMX_Z_BLUT_LUT4_Z.OFX
Info:    routing  0.46  8.46 Net uart_inQ.data0_reg_TRELLIS_FF_Q_7_DI (101,90) -> (101,90)
Info:                          Sink uart_inQ.data0_reg_TRELLIS_FF_Q_7.M
Info:      setup  0.00  8.46 Source uart_inQ.data0_reg_TRELLIS_FF_Q_7.M
Info: 3.69 ns logic, 4.76 ns routing

Info: Critical path report for clock '$glbnet$clocks_coreReset.CLK' (posedge -> posedge):
Info:       type curr  total name
Info:   clk-to-q  0.52  0.52 Source core_block1_inputProjection_engine_groupStartQ.empty_reg_TRELLIS_FF_Q.Q
Info:    routing  2.25  2.77 Net core_block1_inputProjection_engine_issueOn_LUT4_A_Z[0] (56,59) -> (68,41)
Info:                          Sink core_block1_inputProjection_engine_chunkLoadOn_LUT4_B_Z_LUT4_Z.C
Info:                          Defined in:
Info:                               /workspace/scratch/e6420b0fda2a/toolchains/oss-cad-suite/lib/../share/yosys/lattice/cells_map_trellis.v:108.23-108.24
Info:      logic  0.24  3.01 Source core_block1_inputProjection_engine_chunkLoadOn_LUT4_B_Z_LUT4_Z.F
Info:    routing  2.96  5.97 Net core_block1_inputProjection_engine_chunkLoadOn_LUT4_B_Z[2] (68,41) -> (47,64)
Info:                          Sink core_block1_inputProjection_engine_issueOn_LUT4_A.C
Info:                          Defined in:
Info:                               /workspace/scratch/e6420b0fda2a/toolchains/oss-cad-suite/lib/../share/yosys/lattice/cells_map_trellis.v:108.23-108.24
Info:      logic  0.24  6.21 Source core_block1_inputProjection_engine_issueOn_LUT4_A.F
Info:    routing  0.43  6.63 Net core_block1_inputProjection_engine_issueOn_LUT4_A_Z[3] (47,64) -> (47,64)
Info:                          Sink core_block1_inputProjection_engine_hasNextGroupR_LUT4_B.D
Info:                          Defined in:
Info:                               /workspace/scratch/e6420b0fda2a/toolchains/oss-cad-suite/lib/../share/yosys/lattice/cells_map_trellis.v:108.23-108.24
Info:      logic  0.24  6.87 Source core_block1_inputProjection_engine_hasNextGroupR_LUT4_B.F
Info:    routing  2.06  8.93 Net core_block1_inputProjection_engine_hasNextGroupR_LUT4_B_Z[4] (47,64) -> (25,68)
Info:                          Sink core_block1_inputProjection_engine_issueCommandQ.full_reg_LUT4_C_Z_LUT4_Z.D
Info:                          Defined in:
Info:                               /workspace/scratch/e6420b0fda2a/toolchains/oss-cad-suite/lib/../share/yosys/lattice/cells_map_trellis.v:108.23-108.24
Info:      logic  0.24  9.16 Source core_block1_inputProjection_engine_issueCommandQ.full_reg_LUT4_C_Z_LUT4_Z.F
Info:    routing  1.83  10.99 Net core_block1_inputProjection_engine_issueCommandQ.data1_reg_TRELLIS_FF_Q_12_DI[4] (25,68) -> (43,65)
Info:                          Sink core_block1_inputProjection_engine_requestMetadataQ.D_IN_TRELLIS_FF_Q_8_DI_PFUMX_Z_BLUT_LUT4_Z.M
Info:                          Defined in:
Info:                               /workspace/scratch/e6420b0fda2a/toolchains/oss-cad-suite/lib/../share/yosys/lattice/cells_map_trellis.v:108.23-108.24
Info:      logic  0.26  11.25 Source core_block1_inputProjection_engine_requestMetadataQ.D_IN_TRELLIS_FF_Q_8_DI_PFUMX_Z_BLUT_LUT4_Z.OFX
Info:    routing  0.46  11.71 Net core_block1_inputProjection_engine_requestMetadataQ.D_IN_TRELLIS_FF_Q_8_DI (43,65) -> (43,65)
Info:                          Sink core_block1_inputProjection_engine_requestMetadataQ.D_IN_TRELLIS_FF_Q_8.M
Info:      setup  0.00  11.71 Source core_block1_inputProjection_engine_requestMetadataQ.D_IN_TRELLIS_FF_Q_8.M
Info: 1.73 ns logic, 9.98 ns routing

Info: Critical path report for cross-domain path '<async>' -> 'posedge $glbnet$CLK_clk_25mhz$TRELLIS_IO_IN':
Info:       type curr  total name
Info:     source  0.00  0.00 Source ftdi_txd$tr_io.O
Info:    routing  3.40  3.40 Net ftdi_txd$TRELLIS_IO_IN (0,89) -> (47,90)
Info:                          Sink uart_rxin_TRELLIS_FF_Q_1.M
Info:                          Defined in:
Info:                               mkTop.v:7168.16-7168.30
Info:      setup  0.00  3.40 Source uart_rxin_TRELLIS_FF_Q_1.M
Info: 0.00 ns logic, 3.40 ns routing

Info: Critical path report for cross-domain path 'posedge $glbnet$CLK_clk_25mhz$TRELLIS_IO_IN' -> '<async>':
Info:       type curr  total name
Info:   clk-to-q  0.52  0.52 Source uart_txdr_TRELLIS_FF_Q.Q
Info:    routing  7.33  7.86 Net ftdi_rxd$TRELLIS_IO_OUT (100,89) -> (0,56)
Info:                          Sink ftdi_rxd$tr_io.I
Info:                          Defined in:
Info:                               mkTop.v:7177.7-7177.16
Info: 0.52 ns logic, 7.33 ns routing

Info: Critical path report for cross-domain path 'posedge $glbnet$CLK_clk_25mhz$TRELLIS_IO_IN' -> 'posedge $glbnet$clocks_coreReset.CLK':
Info:       type curr  total name
Info:   clk-to-q  0.52  0.52 Source clocks_pll.locked_LUT4_D_Z_TRELLIS_FF_LSR.Q
Info:    routing  0.73  1.25 Net clocks_pll.locked_LUT4_D_Z_TRELLIS_FF_LSR_Q (52,90) -> (51,89)
Info:                          Sink clocks_pll.locked_LUT4_D_Z_TRELLIS_FF_LSR_Q_LUT4_D.D
Info:                          Defined in:
Info:                               /workspace/scratch/e6420b0fda2a/toolchains/oss-cad-suite/lib/../share/yosys/lattice/cells_map_trellis.v:108.23-108.24
Info:      logic  0.24  1.49 Source clocks_pll.locked_LUT4_D_Z_TRELLIS_FF_LSR_Q_LUT4_D.F
Info:    routing  0.66  2.15 Net clocks_pll.locked_LUT4_D_Z_TRELLIS_FF_LSR_Q_LUT4_D_Z (51,89) -> (51,88)
Info:                          Sink rxQ.fifoMem.0.0_WAD_TRELLIS_FF_Q_DI_LUT4_C_1_Z_TRELLIS_FF_DI_Q_LUT4_Z_D_LUT4_C_Z_TRELLIS_FF_DI_Q_TRELLIS_FF_DI_Q_TRELLIS_FF_Q_2.LSR
Info:      setup  0.42  2.57 Source rxQ.fifoMem.0.0_WAD_TRELLIS_FF_Q_DI_LUT4_C_1_Z_TRELLIS_FF_DI_Q_LUT4_Z_D_LUT4_C_Z_TRELLIS_FF_DI_Q_TRELLIS_FF_DI_Q_TRELLIS_FF_Q_2.LSR
Info: 1.18 ns logic, 1.39 ns routing

Info: Critical path report for cross-domain path 'posedge $glbnet$clocks_coreReset.CLK' -> 'posedge $glbnet$CLK_clk_25mhz$TRELLIS_IO_IN':
Info:       type curr  total name
Info:   clk-to-q  0.52  0.52 Source txReset_leaf.secondReset.Q
Info:    routing  0.74  1.26 Net txReset_leaf.secondReset_Q (103,91) -> (104,92)
Info:                          Sink txReset_leaf.secondReset_Q_LUT4_D.D
Info:                          Defined in:
Info:                               /workspace/scratch/e6420b0fda2a/toolchains/oss-cad-suite/lib/../share/yosys/lattice/cells_map_trellis.v:108.23-108.24
Info:      logic  0.24  1.50 Source txReset_leaf.secondReset_Q_LUT4_D.F
Info:    routing  0.68  2.17 Net txReset_leaf.secondReset_Q_LUT4_D_Z (104,92) -> (104,91)
Info:                          Sink txQ.fifoMem.0.1_WAD_TRELLIS_FF_Q_DI_LUT4_C_Z_TRELLIS_FF_DI_Q_TRELLIS_FF_DI_Q_LUT4_Z_D_TRELLIS_FF_DI_Q_TRELLIS_FF_DI_Q_TRELLIS_FF_Q_2.LSR
Info:      setup  0.42  2.60 Source txQ.fifoMem.0.1_WAD_TRELLIS_FF_Q_DI_LUT4_C_Z_TRELLIS_FF_DI_Q_TRELLIS_FF_DI_Q_LUT4_Z_D_TRELLIS_FF_DI_Q_TRELLIS_FF_DI_Q_TRELLIS_FF_Q_2.LSR
Info: 1.18 ns logic, 1.41 ns routing

Info: Max frequency for clock '$glbnet$CLK_clk_25mhz$TRELLIS_IO_IN': 118.26 MHz (PASS at 25.00 MHz)
Info: Max frequency for clock        '$glbnet$clocks_coreReset.CLK': 85.42 MHz (PASS at 80.00 MHz)

Info: Max delay <async>                                     -> posedge $glbnet$CLK_clk_25mhz$TRELLIS_IO_IN: 3.40 ns
Info: Max delay posedge $glbnet$CLK_clk_25mhz$TRELLIS_IO_IN -> <async>                                    : 7.86 ns
Info: Max delay posedge $glbnet$CLK_clk_25mhz$TRELLIS_IO_IN -> posedge $glbnet$clocks_coreReset.CLK       : 2.57 ns
Info: Max delay posedge $glbnet$clocks_coreReset.CLK        -> posedge $glbnet$CLK_clk_25mhz$TRELLIS_IO_IN: 2.60 ns

Info: Slack histogram:
Info:  legend: * represents 544 endpoint(s)
Info:          + represents [1,544) endpoint(s)
Info: [   793,   2707) |*+
Info: [  2707,   4621) |*******+
Info: [  4621,   6535) |**************************+
Info: [  6535,   8449) |****************************************************+
Info: [  8449,  10363) |************************************************************ 
Info: [ 10363,  12277) |****************************************************+
Info: [ 12277,  14191) | 
Info: [ 14191,  16105) | 
Info: [ 16105,  18019) | 
Info: [ 18019,  19933) | 
Info: [ 19933,  21847) | 
Info: [ 21847,  23761) | 
Info: [ 23761,  25675) | 
Info: [ 25675,  27589) | 
Info: [ 27589,  29503) | 
Info: [ 29503,  31417) | 
Info: [ 31417,  33331) |+
Info: [ 33331,  35245) |+
Info: [ 35245,  37159) |+
Info: [ 37159,  39073) |+
2 warnings, 0 errors

Info: Program finished normally.
