SWAY_INPUT_FRAME,0,0,319
SWAY_INPUT_FRAME,1,320,639
SWAY_INPUT_FRAME,2,640,13044
SWAY_INPUT_FRAME,3,13045,31636
SWAY_OUTPUT,0,13,35384
SWAY_OUTPUT,1,13,35385
SWAY_OUTPUT,2,13,35386
SWAY_OUTPUT,3,13,35387
SWAY_OUTPUT,4,25,35388
SWAY_OUTPUT,5,36,35389
SWAY_OUTPUT,6,45,35390
SWAY_OUTPUT,7,2,35391
SWAY_OUTPUT,8,-6,35392
SWAY_OUTPUT,9,-12,35393
SWAY_OUTPUT,10,18,35394
SWAY_OUTPUT,11,21,35395
SWAY_OUTPUT,12,22,35396
SWAY_OUTPUT,13,23,35397
SWAY_OUTPUT,14,8,35398
SWAY_OUTPUT,15,2,35399
SWAY_OUTPUT,16,-2,35400
SWAY_OUTPUT,17,-4,35401
SWAY_OUTPUT,18,13,35402
SWAY_OUTPUT,19,126,35403
SWAY_OUTPUT,20,127,35404
SWAY_OUTPUT,21,125,35405
SWAY_OUTPUT,22,126,35406
SWAY_OUTPUT,23,126,35407
SWAY_OUTPUT,24,127,35408
SWAY_OUTPUT,25,126,35409
SWAY_OUTPUT,26,124,35410
SWAY_OUTPUT,27,124,35411
SWAY_OUTPUT,28,121,35412
SWAY_OUTPUT,29,125,35413
SWAY_OUTPUT,30,124,35414
SWAY_OUTPUT,31,127,35415
SWAY_OUTPUT,32,120,35416
SWAY_OUTPUT,33,124,35417
SWAY_OUTPUT,34,125,35418
SWAY_OUTPUT,35,127,35419
SWAY_OUTPUT,36,123,35420
SWAY_OUTPUT,37,127,35421
SWAY_OUTPUT,38,-15,35422
SWAY_OUTPUT,39,6,35423
SWAY_OUTPUT,40,25,35424
SWAY_OUTPUT,41,34,35425
SWAY_OUTPUT,42,18,35426
SWAY_OUTPUT,43,12,35427
SWAY_OUTPUT,44,7,35428
SWAY_OUTPUT,45,17,35429
SWAY_OUTPUT,46,6,35430
SWAY_OUTPUT,47,-5,35431
SWAY_OUTPUT,48,-14,35432
SWAY_OUTPUT,49,-33,35433
SWAY_OUTPUT,50,-56,35434
SWAY_OUTPUT,51,-58,35435
SWAY_OUTPUT,52,-14,35436
SWAY_OUTPUT,53,-32,35437
SWAY_OUTPUT,54,-54,35438
SWAY_OUTPUT,55,-58,35439
SWAY_OUTPUT,56,20,35440
SWAY_FRAME,0,35384,35440
SWAY_INPUT_FRAME,4,31637,50228
SWAY_OUTPUT,57,11,53976
SWAY_OUTPUT,58,11,53977
SWAY_OUTPUT,59,11,53978
SWAY_OUTPUT,60,11,53979
SWAY_OUTPUT,61,23,53980
SWAY_OUTPUT,62,32,53981
SWAY_OUTPUT,63,40,53982
SWAY_OUTPUT,64,-1,53983
SWAY_OUTPUT,65,-9,53984
SWAY_OUTPUT,66,-16,53985
SWAY_OUTPUT,67,16,53986
SWAY_OUTPUT,68,20,53987
SWAY_OUTPUT,69,22,53988
SWAY_OUTPUT,70,24,53989
SWAY_OUTPUT,71,6,53990
SWAY_OUTPUT,72,1,53991
SWAY_OUTPUT,73,-3,53992
SWAY_OUTPUT,74,-5,53993
SWAY_OUTPUT,75,11,53994
SWAY_OUTPUT,76,126,53995
SWAY_OUTPUT,77,127,53996
SWAY_OUTPUT,78,126,53997
SWAY_OUTPUT,79,126,53998
SWAY_OUTPUT,80,126,53999
SWAY_OUTPUT,81,127,54000
SWAY_OUTPUT,82,125,54001
SWAY_OUTPUT,83,124,54002
SWAY_OUTPUT,84,125,54003
SWAY_OUTPUT,85,123,54004
SWAY_OUTPUT,86,124,54005
SWAY_OUTPUT,87,125,54006
SWAY_OUTPUT,88,126,54007
SWAY_OUTPUT,89,119,54008
SWAY_OUTPUT,90,124,54009
SWAY_OUTPUT,91,126,54010
SWAY_OUTPUT,92,127,54011
SWAY_OUTPUT,93,124,54012
SWAY_OUTPUT,94,127,54013
SWAY_OUTPUT,95,-10,54014
SWAY_OUTPUT,96,12,54015
SWAY_OUTPUT,97,32,54016
SWAY_OUTPUT,98,41,54017
SWAY_OUTPUT,99,24,54018
SWAY_OUTPUT,100,15,54019
SWAY_OUTPUT,101,7,54020
SWAY_OUTPUT,102,23,54021
SWAY_OUTPUT,103,13,54022
SWAY_OUTPUT,104,3,54023
SWAY_OUTPUT,105,-9,54024
SWAY_OUTPUT,106,-31,54025
SWAY_OUTPUT,107,-54,54026
SWAY_OUTPUT,108,-58,54027
SWAY_OUTPUT,109,-9,54028
SWAY_OUTPUT,110,-30,54029
SWAY_OUTPUT,111,-53,54030
SWAY_OUTPUT,112,-57,54031
SWAY_OUTPUT,113,27,54032
SWAY_FRAME,1,53976,54032
SWAY_INPUT_FRAME,5,50229,68820
SWAY_OUTPUT,114,10,72568
SWAY_OUTPUT,115,10,72569
SWAY_OUTPUT,116,10,72570
SWAY_OUTPUT,117,10,72571
SWAY_OUTPUT,118,21,72572
SWAY_OUTPUT,119,29,72573
SWAY_OUTPUT,120,38,72574
SWAY_OUTPUT,121,-1,72575
SWAY_OUTPUT,122,-8,72576
SWAY_OUTPUT,123,-15,72577
SWAY_OUTPUT,124,16,72578
SWAY_OUTPUT,125,18,72579
SWAY_OUTPUT,126,19,72580
SWAY_OUTPUT,127,20,72581
SWAY_OUTPUT,128,6,72582
SWAY_OUTPUT,129,3,72583
SWAY_OUTPUT,130,2,72584
SWAY_OUTPUT,131,1,72585
SWAY_OUTPUT,132,10,72586
SWAY_OUTPUT,133,127,72587
SWAY_OUTPUT,134,127,72588
SWAY_OUTPUT,135,127,72589
SWAY_OUTPUT,136,127,72590
SWAY_OUTPUT,137,127,72591
SWAY_OUTPUT,138,127,72592
SWAY_OUTPUT,139,127,72593
SWAY_OUTPUT,140,127,72594
SWAY_OUTPUT,141,127,72595
SWAY_OUTPUT,142,125,72596
SWAY_OUTPUT,143,127,72597
SWAY_OUTPUT,144,127,72598
SWAY_OUTPUT,145,127,72599
SWAY_OUTPUT,146,124,72600
SWAY_OUTPUT,147,127,72601
SWAY_OUTPUT,148,127,72602
SWAY_OUTPUT,149,127,72603
SWAY_OUTPUT,150,125,72604
SWAY_OUTPUT,151,127,72605
SWAY_OUTPUT,152,-18,72606
SWAY_OUTPUT,153,2,72607
SWAY_OUTPUT,154,22,72608
SWAY_OUTPUT,155,30,72609
SWAY_OUTPUT,156,14,72610
SWAY_OUTPUT,157,5,72611
SWAY_OUTPUT,158,-5,72612
SWAY_OUTPUT,159,14,72613
SWAY_OUTPUT,160,2,72614
SWAY_OUTPUT,161,-10,72615
SWAY_OUTPUT,162,-17,72616
SWAY_OUTPUT,163,-34,72617
SWAY_OUTPUT,164,-57,72618
SWAY_OUTPUT,165,-60,72619
SWAY_OUTPUT,166,-17,72620
SWAY_OUTPUT,167,-34,72621
SWAY_OUTPUT,168,-56,72622
SWAY_OUTPUT,169,-60,72623
SWAY_OUTPUT,170,17,72624
SWAY_FRAME,2,72568,72624
SWAY_INPUT_FRAME,6,68821,87412
SWAY_OUTPUT,171,11,91160
SWAY_OUTPUT,172,10,91161
SWAY_OUTPUT,173,10,91162
SWAY_OUTPUT,174,10,91163
SWAY_OUTPUT,175,22,91164
SWAY_OUTPUT,176,32,91165
SWAY_OUTPUT,177,39,91166
SWAY_OUTPUT,178,-2,91167
SWAY_OUTPUT,179,-11,91168
SWAY_OUTPUT,180,-15,91169
SWAY_OUTPUT,181,16,91170
SWAY_OUTPUT,182,20,91171
SWAY_OUTPUT,183,22,91172
SWAY_OUTPUT,184,24,91173
SWAY_OUTPUT,185,6,91174
SWAY_OUTPUT,186,3,91175
SWAY_OUTPUT,187,2,91176
SWAY_OUTPUT,188,0,91177
SWAY_OUTPUT,189,10,91178
SWAY_OUTPUT,190,125,91179
SWAY_OUTPUT,191,126,91180
SWAY_OUTPUT,192,126,91181
SWAY_OUTPUT,193,127,91182
SWAY_OUTPUT,194,127,91183
SWAY_OUTPUT,195,127,91184
SWAY_OUTPUT,196,125,91185
SWAY_OUTPUT,197,125,91186
SWAY_OUTPUT,198,125,91187
SWAY_OUTPUT,199,122,91188
SWAY_OUTPUT,200,123,91189
SWAY_OUTPUT,201,126,91190
SWAY_OUTPUT,202,126,91191
SWAY_OUTPUT,203,119,91192
SWAY_OUTPUT,204,123,91193
SWAY_OUTPUT,205,126,91194
SWAY_OUTPUT,206,127,91195
SWAY_OUTPUT,207,123,91196
SWAY_OUTPUT,208,127,91197
SWAY_OUTPUT,209,-7,91198
SWAY_OUTPUT,210,15,91199
SWAY_OUTPUT,211,36,91200
SWAY_OUTPUT,212,45,91201
SWAY_OUTPUT,213,28,91202
SWAY_OUTPUT,214,21,91203
SWAY_OUTPUT,215,16,91204
SWAY_OUTPUT,216,27,91205
SWAY_OUTPUT,217,18,91206
SWAY_OUTPUT,218,10,91207
SWAY_OUTPUT,219,-6,91208
SWAY_OUTPUT,220,-31,91209
SWAY_OUTPUT,221,-54,91210
SWAY_OUTPUT,222,-58,91211
SWAY_OUTPUT,223,-6,91212
SWAY_OUTPUT,224,-31,91213
SWAY_OUTPUT,225,-55,91214
SWAY_OUTPUT,226,-60,91215
SWAY_OUTPUT,227,31,91216
SWAY_FRAME,3,91160,91216
SWAY_INPUT_FRAME,7,87413,106004
SWAY_OUTPUT,228,12,109752
SWAY_OUTPUT,229,14,109753
SWAY_OUTPUT,230,16,109754
SWAY_OUTPUT,231,14,109755
SWAY_OUTPUT,232,26,109756
SWAY_OUTPUT,233,38,109757
SWAY_OUTPUT,234,48,109758
SWAY_OUTPUT,235,3,109759
SWAY_OUTPUT,236,-12,109760
SWAY_OUTPUT,237,-28,109761
SWAY_OUTPUT,238,18,109762
SWAY_OUTPUT,239,21,109763
SWAY_OUTPUT,240,23,109764
SWAY_OUTPUT,241,24,109765
SWAY_OUTPUT,242,8,109766
SWAY_OUTPUT,243,-5,109767
SWAY_OUTPUT,244,-15,109768
SWAY_OUTPUT,245,-18,109769
SWAY_OUTPUT,246,15,109770
SWAY_OUTPUT,247,127,109771
SWAY_OUTPUT,248,127,109772
SWAY_OUTPUT,249,126,109773
SWAY_OUTPUT,250,127,109774
SWAY_OUTPUT,251,124,109775
SWAY_OUTPUT,252,123,109776
SWAY_OUTPUT,253,120,109777
SWAY_OUTPUT,254,127,109778
SWAY_OUTPUT,255,127,109779
SWAY_OUTPUT,256,127,109780
SWAY_OUTPUT,257,127,109781
SWAY_OUTPUT,258,127,109782
SWAY_OUTPUT,259,127,109783
SWAY_OUTPUT,260,127,109784
SWAY_OUTPUT,261,127,109785
SWAY_OUTPUT,262,124,109786
SWAY_OUTPUT,263,124,109787
SWAY_OUTPUT,264,118,109788
SWAY_OUTPUT,265,127,109789
SWAY_OUTPUT,266,-12,109790
SWAY_OUTPUT,267,9,109791
SWAY_OUTPUT,268,29,109792
SWAY_OUTPUT,269,38,109793
SWAY_OUTPUT,270,20,109794
SWAY_OUTPUT,271,14,109795
SWAY_OUTPUT,272,9,109796
SWAY_OUTPUT,273,22,109797
SWAY_OUTPUT,274,20,109798
SWAY_OUTPUT,275,19,109799
SWAY_OUTPUT,276,-12,109800
SWAY_OUTPUT,277,-32,109801
SWAY_OUTPUT,278,-57,109802
SWAY_OUTPUT,279,-60,109803
SWAY_OUTPUT,280,-10,109804
SWAY_OUTPUT,281,-27,109805
SWAY_OUTPUT,282,-50,109806
SWAY_OUTPUT,283,-53,109807
SWAY_OUTPUT,284,24,109808
SWAY_FRAME,4,109752,109808
SWAY_INPUT_FRAME,8,106005,124596
SWAY_OUTPUT,285,8,128344
SWAY_OUTPUT,286,7,128345
SWAY_OUTPUT,287,7,128346
SWAY_OUTPUT,288,7,128347
SWAY_OUTPUT,289,19,128348
SWAY_OUTPUT,290,33,128349
SWAY_OUTPUT,291,40,128350
SWAY_OUTPUT,292,-5,128351
SWAY_OUTPUT,293,-16,128352
SWAY_OUTPUT,294,-21,128353
SWAY_OUTPUT,295,13,128354
SWAY_OUTPUT,296,19,128355
SWAY_OUTPUT,297,24,128356
SWAY_OUTPUT,298,26,128357
SWAY_OUTPUT,299,3,128358
SWAY_OUTPUT,300,-2,128359
SWAY_OUTPUT,301,-4,128360
SWAY_OUTPUT,302,-6,128361
SWAY_OUTPUT,303,8,128362
SWAY_OUTPUT,304,124,128363
SWAY_OUTPUT,305,125,128364
SWAY_OUTPUT,306,124,128365
SWAY_OUTPUT,307,125,128366
SWAY_OUTPUT,308,124,128367
SWAY_OUTPUT,309,126,128368
SWAY_OUTPUT,310,122,128369
SWAY_OUTPUT,311,123,128370
SWAY_OUTPUT,312,124,128371
SWAY_OUTPUT,313,121,128372
SWAY_OUTPUT,314,122,128373
SWAY_OUTPUT,315,123,128374
SWAY_OUTPUT,316,125,128375
SWAY_OUTPUT,317,117,128376
SWAY_OUTPUT,318,122,128377
SWAY_OUTPUT,319,122,128378
SWAY_OUTPUT,320,126,128379
SWAY_OUTPUT,321,121,128380
SWAY_OUTPUT,322,125,128381
SWAY_OUTPUT,323,-10,128382
SWAY_OUTPUT,324,12,128383
SWAY_OUTPUT,325,32,128384
SWAY_OUTPUT,326,41,128385
SWAY_OUTPUT,327,24,128386
SWAY_OUTPUT,328,22,128387
SWAY_OUTPUT,329,26,128388
SWAY_OUTPUT,330,23,128389
SWAY_OUTPUT,331,18,128390
SWAY_OUTPUT,332,17,128391
SWAY_OUTPUT,333,-9,128392
SWAY_OUTPUT,334,-31,128393
SWAY_OUTPUT,335,-54,128394
SWAY_OUTPUT,336,-57,128395
SWAY_OUTPUT,337,-9,128396
SWAY_OUTPUT,338,-30,128397
SWAY_OUTPUT,339,-54,128398
SWAY_OUTPUT,340,-58,128399
SWAY_OUTPUT,341,27,128400
SWAY_FRAME,5,128344,128400
SWAY_INPUT_FRAME,9,124597,143188
SWAY_OUTPUT,342,7,146936
SWAY_OUTPUT,343,6,146937
SWAY_OUTPUT,344,5,146938
SWAY_OUTPUT,345,4,146939
SWAY_OUTPUT,346,17,146940
SWAY_OUTPUT,347,32,146941
SWAY_OUTPUT,348,42,146942
SWAY_OUTPUT,349,-7,146943
SWAY_OUTPUT,350,-20,146944
SWAY_OUTPUT,351,-29,146945
SWAY_OUTPUT,352,12,146946
SWAY_OUTPUT,353,21,146947
SWAY_OUTPUT,354,29,146948
SWAY_OUTPUT,355,32,146949
SWAY_OUTPUT,356,2,146950
SWAY_OUTPUT,357,-5,146951
SWAY_OUTPUT,358,-7,146952
SWAY_OUTPUT,359,-9,146953
SWAY_OUTPUT,360,5,146954
SWAY_OUTPUT,361,127,146955
SWAY_OUTPUT,362,127,146956
SWAY_OUTPUT,363,127,146957
SWAY_OUTPUT,364,127,146958
SWAY_OUTPUT,365,127,146959
SWAY_OUTPUT,366,127,146960
SWAY_OUTPUT,367,124,146961
SWAY_OUTPUT,368,127,146962
SWAY_OUTPUT,369,127,146963
SWAY_OUTPUT,370,126,146964
SWAY_OUTPUT,371,127,146965
SWAY_OUTPUT,372,127,146966
SWAY_OUTPUT,373,127,146967
SWAY_OUTPUT,374,123,146968
SWAY_OUTPUT,375,127,146969
SWAY_OUTPUT,376,126,146970
SWAY_OUTPUT,377,127,146971
SWAY_OUTPUT,378,123,146972
SWAY_OUTPUT,379,127,146973
SWAY_OUTPUT,380,-11,146974
SWAY_OUTPUT,381,10,146975
SWAY_OUTPUT,382,30,146976
SWAY_OUTPUT,383,39,146977
SWAY_OUTPUT,384,23,146978
SWAY_OUTPUT,385,21,146979
SWAY_OUTPUT,386,23,146980
SWAY_OUTPUT,387,22,146981
SWAY_OUTPUT,388,18,146982
SWAY_OUTPUT,389,16,146983
SWAY_OUTPUT,390,-10,146984
SWAY_OUTPUT,391,-29,146985
SWAY_OUTPUT,392,-53,146986
SWAY_OUTPUT,393,-57,146987
SWAY_OUTPUT,394,-10,146988
SWAY_OUTPUT,395,-30,146989
SWAY_OUTPUT,396,-55,146990
SWAY_OUTPUT,397,-59,146991
SWAY_OUTPUT,398,25,146992
SWAY_FRAME,6,146936,146992
SWAY_INPUT_FRAME,10,143189,161780
SWAY_OUTPUT,399,18,165528
SWAY_OUTPUT,400,19,165529
SWAY_OUTPUT,401,20,165530
SWAY_OUTPUT,402,21,165531
SWAY_OUTPUT,403,31,165532
SWAY_OUTPUT,404,41,165533
SWAY_OUTPUT,405,50,165534
SWAY_OUTPUT,406,9,165535
SWAY_OUTPUT,407,-4,165536
SWAY_OUTPUT,408,-16,165537
SWAY_OUTPUT,409,24,165538
SWAY_OUTPUT,410,27,165539
SWAY_OUTPUT,411,25,165540
SWAY_OUTPUT,412,27,165541
SWAY_OUTPUT,413,13,165542
SWAY_OUTPUT,414,5,165543
SWAY_OUTPUT,415,-4,165544
SWAY_OUTPUT,416,-7,165545
SWAY_OUTPUT,417,20,165546
SWAY_OUTPUT,418,125,165547
SWAY_OUTPUT,419,126,165548
SWAY_OUTPUT,420,124,165549
SWAY_OUTPUT,421,125,165550
SWAY_OUTPUT,422,124,165551
SWAY_OUTPUT,423,127,165552
SWAY_OUTPUT,424,124,165553
SWAY_OUTPUT,425,123,165554
SWAY_OUTPUT,426,124,165555
SWAY_OUTPUT,427,122,165556
SWAY_OUTPUT,428,124,165557
SWAY_OUTPUT,429,122,165558
SWAY_OUTPUT,430,126,165559
SWAY_OUTPUT,431,119,165560
SWAY_OUTPUT,432,124,165561
SWAY_OUTPUT,433,125,165562
SWAY_OUTPUT,434,127,165563
SWAY_OUTPUT,435,123,165564
SWAY_OUTPUT,436,125,165565
SWAY_OUTPUT,437,-15,165566
SWAY_OUTPUT,438,6,165567
SWAY_OUTPUT,439,26,165568
SWAY_OUTPUT,440,34,165569
SWAY_OUTPUT,441,17,165570
SWAY_OUTPUT,442,9,165571
SWAY_OUTPUT,443,0,165572
SWAY_OUTPUT,444,18,165573
SWAY_OUTPUT,445,12,165574
SWAY_OUTPUT,446,5,165575
SWAY_OUTPUT,447,-14,165576
SWAY_OUTPUT,448,-33,165577
SWAY_OUTPUT,449,-56,165578
SWAY_OUTPUT,450,-59,165579
SWAY_OUTPUT,451,-13,165580
SWAY_OUTPUT,452,-31,165581
SWAY_OUTPUT,453,-52,165582
SWAY_OUTPUT,454,-55,165583
SWAY_OUTPUT,455,21,165584
SWAY_FRAME,7,165528,165584
SWAY_INPUT_FRAME,11,161781,180372
SWAY_OUTPUT,456,10,184120
SWAY_OUTPUT,457,10,184121
SWAY_OUTPUT,458,10,184122
SWAY_OUTPUT,459,10,184123
SWAY_OUTPUT,460,22,184124
SWAY_OUTPUT,461,32,184125
SWAY_OUTPUT,462,36,184126
SWAY_OUTPUT,463,-2,184127
SWAY_OUTPUT,464,-16,184128
SWAY_OUTPUT,465,-23,184129
SWAY_OUTPUT,466,15,184130
SWAY_OUTPUT,467,19,184131
SWAY_OUTPUT,468,22,184132
SWAY_OUTPUT,469,24,184133
SWAY_OUTPUT,470,5,184134
SWAY_OUTPUT,471,-1,184135
SWAY_OUTPUT,472,-3,184136
SWAY_OUTPUT,473,-5,184137
SWAY_OUTPUT,474,10,184138
SWAY_OUTPUT,475,124,184139
SWAY_OUTPUT,476,124,184140
SWAY_OUTPUT,477,123,184141
SWAY_OUTPUT,478,124,184142
SWAY_OUTPUT,479,123,184143
SWAY_OUTPUT,480,125,184144
SWAY_OUTPUT,481,120,184145
SWAY_OUTPUT,482,123,184146
SWAY_OUTPUT,483,123,184147
SWAY_OUTPUT,484,121,184148
SWAY_OUTPUT,485,122,184149
SWAY_OUTPUT,486,122,184150
SWAY_OUTPUT,487,125,184151
SWAY_OUTPUT,488,117,184152
SWAY_OUTPUT,489,122,184153
SWAY_OUTPUT,490,122,184154
SWAY_OUTPUT,491,125,184155
SWAY_OUTPUT,492,120,184156
SWAY_OUTPUT,493,124,184157
SWAY_OUTPUT,494,-10,184158
SWAY_OUTPUT,495,12,184159
SWAY_OUTPUT,496,32,184160
SWAY_OUTPUT,497,41,184161
SWAY_OUTPUT,498,24,184162
SWAY_OUTPUT,499,17,184163
SWAY_OUTPUT,500,17,184164
SWAY_OUTPUT,501,24,184165
SWAY_OUTPUT,502,22,184166
SWAY_OUTPUT,503,25,184167
SWAY_OUTPUT,504,-9,184168
SWAY_OUTPUT,505,-32,184169
SWAY_OUTPUT,506,-55,184170
SWAY_OUTPUT,507,-59,184171
SWAY_OUTPUT,508,-9,184172
SWAY_OUTPUT,509,-31,184173
SWAY_OUTPUT,510,-54,184174
SWAY_OUTPUT,511,-59,184175
SWAY_OUTPUT,512,27,184176
SWAY_FRAME,8,184120,184176
SWAY_INPUT_FRAME,12,180373,198964
SWAY_OUTPUT,513,47,202712
SWAY_OUTPUT,514,49,202713
SWAY_OUTPUT,515,52,202714
SWAY_OUTPUT,516,51,202715
SWAY_OUTPUT,517,57,202716
SWAY_OUTPUT,518,52,202717
SWAY_OUTPUT,519,71,202718
SWAY_OUTPUT,520,42,202719
SWAY_OUTPUT,521,49,202720
SWAY_OUTPUT,522,7,202721
SWAY_OUTPUT,523,52,202722
SWAY_OUTPUT,524,46,202723
SWAY_OUTPUT,525,34,202724
SWAY_OUTPUT,526,36,202725
SWAY_OUTPUT,527,43,202726
SWAY_OUTPUT,528,49,202727
SWAY_OUTPUT,529,40,202728
SWAY_OUTPUT,530,40,202729
SWAY_OUTPUT,531,51,202730
SWAY_OUTPUT,532,127,202731
SWAY_OUTPUT,533,127,202732
SWAY_OUTPUT,534,127,202733
SWAY_OUTPUT,535,127,202734
SWAY_OUTPUT,536,127,202735
SWAY_OUTPUT,537,127,202736
SWAY_OUTPUT,538,127,202737
SWAY_OUTPUT,539,127,202738
SWAY_OUTPUT,540,127,202739
SWAY_OUTPUT,541,127,202740
SWAY_OUTPUT,542,127,202741
SWAY_OUTPUT,543,127,202742
SWAY_OUTPUT,544,127,202743
SWAY_OUTPUT,545,127,202744
SWAY_OUTPUT,546,127,202745
SWAY_OUTPUT,547,127,202746
SWAY_OUTPUT,548,127,202747
SWAY_OUTPUT,549,127,202748
SWAY_OUTPUT,550,127,202749
SWAY_OUTPUT,551,23,202750
SWAY_OUTPUT,552,58,202751
SWAY_OUTPUT,553,90,202752
SWAY_OUTPUT,554,104,202753
SWAY_OUTPUT,555,64,202754
SWAY_OUTPUT,556,27,202755
SWAY_OUTPUT,557,3,202756
SWAY_OUTPUT,558,69,202757
SWAY_OUTPUT,559,1,202758
SWAY_OUTPUT,560,-45,202759
SWAY_OUTPUT,561,23,202760
SWAY_OUTPUT,562,-36,202761
SWAY_OUTPUT,563,-94,202762
SWAY_OUTPUT,564,-111,202763
SWAY_OUTPUT,565,25,202764
SWAY_OUTPUT,566,-40,202765
SWAY_OUTPUT,567,-84,202766
SWAY_OUTPUT,568,-90,202767
SWAY_OUTPUT,569,81,202768
SWAY_FRAME,9,202712,202768
SWAY_INPUT_FRAME,13,198965,217556
SWAY_OUTPUT,570,0,221304
SWAY_OUTPUT,571,3,221305
SWAY_OUTPUT,572,6,221306
SWAY_OUTPUT,573,8,221307
SWAY_OUTPUT,574,20,221308
SWAY_OUTPUT,575,18,221309
SWAY_OUTPUT,576,-24,221310
SWAY_OUTPUT,577,-6,221311
SWAY_OUTPUT,578,-17,221312
SWAY_OUTPUT,579,14,221313
SWAY_OUTPUT,580,5,221314
SWAY_OUTPUT,581,-2,221315
SWAY_OUTPUT,582,-2,221316
SWAY_OUTPUT,583,-8,221317
SWAY_OUTPUT,584,-4,221318
SWAY_OUTPUT,585,-26,221319
SWAY_OUTPUT,586,-29,221320
SWAY_OUTPUT,587,-35,221321
SWAY_OUTPUT,588,5,221322
SWAY_OUTPUT,589,20,221323
SWAY_OUTPUT,590,19,221324
SWAY_OUTPUT,591,18,221325
SWAY_OUTPUT,592,17,221326
SWAY_OUTPUT,593,30,221327
SWAY_OUTPUT,594,43,221328
SWAY_OUTPUT,595,46,221329
SWAY_OUTPUT,596,17,221330
SWAY_OUTPUT,597,21,221331
SWAY_OUTPUT,598,34,221332
SWAY_OUTPUT,599,20,221333
SWAY_OUTPUT,600,21,221334
SWAY_OUTPUT,601,20,221335
SWAY_OUTPUT,602,0,221336
SWAY_OUTPUT,603,16,221337
SWAY_OUTPUT,604,4,221338
SWAY_OUTPUT,605,27,221339
SWAY_OUTPUT,606,37,221340
SWAY_OUTPUT,607,19,221341
SWAY_OUTPUT,608,-13,221342
SWAY_OUTPUT,609,5,221343
SWAY_OUTPUT,610,23,221344
SWAY_OUTPUT,611,30,221345
SWAY_OUTPUT,612,18,221346
SWAY_OUTPUT,613,13,221347
SWAY_OUTPUT,614,-7,221348
SWAY_OUTPUT,615,12,221349
SWAY_OUTPUT,616,15,221350
SWAY_OUTPUT,617,3,221351
SWAY_OUTPUT,618,-13,221352
SWAY_OUTPUT,619,-36,221353
SWAY_OUTPUT,620,-27,221354
SWAY_OUTPUT,621,-18,221355
SWAY_OUTPUT,622,-12,221356
SWAY_OUTPUT,623,-20,221357
SWAY_OUTPUT,624,-20,221358
SWAY_OUTPUT,625,-28,221359
SWAY_OUTPUT,626,19,221360
SWAY_FRAME,10,221304,221360
SWAY_INPUT_FRAME,14,217557,236148
SWAY_OUTPUT,627,13,239896
SWAY_OUTPUT,628,10,239897
SWAY_OUTPUT,629,10,239898
SWAY_OUTPUT,630,11,239899
SWAY_OUTPUT,631,15,239900
SWAY_OUTPUT,632,30,239901
SWAY_OUTPUT,633,69,239902
SWAY_OUTPUT,634,6,239903
SWAY_OUTPUT,635,4,239904
SWAY_OUTPUT,636,-10,239905
SWAY_OUTPUT,637,18,239906
SWAY_OUTPUT,638,7,239907
SWAY_OUTPUT,639,21,239908
SWAY_OUTPUT,640,29,239909
SWAY_OUTPUT,641,9,239910
SWAY_OUTPUT,642,31,239911
SWAY_OUTPUT,643,35,239912
SWAY_OUTPUT,644,36,239913
SWAY_OUTPUT,645,11,239914
SWAY_OUTPUT,646,127,239915
SWAY_OUTPUT,647,127,239916
SWAY_OUTPUT,648,127,239917
SWAY_OUTPUT,649,127,239918
SWAY_OUTPUT,650,127,239919
SWAY_OUTPUT,651,127,239920
SWAY_OUTPUT,652,127,239921
SWAY_OUTPUT,653,127,239922
SWAY_OUTPUT,654,127,239923
SWAY_OUTPUT,655,127,239924
SWAY_OUTPUT,656,127,239925
SWAY_OUTPUT,657,127,239926
SWAY_OUTPUT,658,127,239927
SWAY_OUTPUT,659,127,239928
SWAY_OUTPUT,660,127,239929
SWAY_OUTPUT,661,127,239930
SWAY_OUTPUT,662,127,239931
SWAY_OUTPUT,663,127,239932
SWAY_OUTPUT,664,127,239933
SWAY_OUTPUT,665,-30,239934
SWAY_OUTPUT,666,-12,239935
SWAY_OUTPUT,667,5,239936
SWAY_OUTPUT,668,10,239937
SWAY_OUTPUT,669,1,239938
SWAY_OUTPUT,670,6,239939
SWAY_OUTPUT,671,2,239940
SWAY_OUTPUT,672,-2,239941
SWAY_OUTPUT,673,-20,239942
SWAY_OUTPUT,674,-51,239943
SWAY_OUTPUT,675,-29,239944
SWAY_OUTPUT,676,-40,239945
SWAY_OUTPUT,677,-68,239946
SWAY_OUTPUT,678,-73,239947
SWAY_OUTPUT,679,-29,239948
SWAY_OUTPUT,680,-37,239949
SWAY_OUTPUT,681,-61,239950
SWAY_OUTPUT,682,-70,239951
SWAY_OUTPUT,683,0,239952
SWAY_FRAME,11,239896,239952
SWAY_INPUT_FRAME,15,236149,254740
SWAY_OUTPUT,684,13,258488
SWAY_OUTPUT,685,13,258489
SWAY_OUTPUT,686,13,258490
SWAY_OUTPUT,687,13,258491
SWAY_OUTPUT,688,25,258492
SWAY_OUTPUT,689,36,258493
SWAY_OUTPUT,690,45,258494
SWAY_OUTPUT,691,2,258495
SWAY_OUTPUT,692,-6,258496
SWAY_OUTPUT,693,-12,258497
SWAY_OUTPUT,694,18,258498
SWAY_OUTPUT,695,21,258499
SWAY_OUTPUT,696,22,258500
SWAY_OUTPUT,697,23,258501
SWAY_OUTPUT,698,8,258502
SWAY_OUTPUT,699,2,258503
SWAY_OUTPUT,700,-2,258504
SWAY_OUTPUT,701,-4,258505
SWAY_OUTPUT,702,13,258506
SWAY_OUTPUT,703,126,258507
SWAY_OUTPUT,704,127,258508
SWAY_OUTPUT,705,125,258509
SWAY_OUTPUT,706,126,258510
SWAY_OUTPUT,707,126,258511
SWAY_OUTPUT,708,127,258512
SWAY_OUTPUT,709,126,258513
SWAY_OUTPUT,710,124,258514
SWAY_OUTPUT,711,124,258515
SWAY_OUTPUT,712,121,258516
SWAY_OUTPUT,713,125,258517
SWAY_OUTPUT,714,124,258518
SWAY_OUTPUT,715,127,258519
SWAY_OUTPUT,716,120,258520
SWAY_OUTPUT,717,124,258521
SWAY_OUTPUT,718,125,258522
SWAY_OUTPUT,719,127,258523
SWAY_OUTPUT,720,123,258524
SWAY_OUTPUT,721,127,258525
SWAY_OUTPUT,722,-15,258526
SWAY_OUTPUT,723,6,258527
SWAY_OUTPUT,724,25,258528
SWAY_OUTPUT,725,34,258529
SWAY_OUTPUT,726,18,258530
SWAY_OUTPUT,727,12,258531
SWAY_OUTPUT,728,7,258532
SWAY_OUTPUT,729,17,258533
SWAY_OUTPUT,730,6,258534
SWAY_OUTPUT,731,-5,258535
SWAY_OUTPUT,732,-14,258536
SWAY_OUTPUT,733,-33,258537
SWAY_OUTPUT,734,-56,258538
SWAY_OUTPUT,735,-58,258539
SWAY_OUTPUT,736,-14,258540
SWAY_OUTPUT,737,-32,258541
SWAY_OUTPUT,738,-54,258542
SWAY_OUTPUT,739,-58,258543
SWAY_OUTPUT,740,20,258544
SWAY_FRAME,12,258488,258544
SWAY_INPUT_FRAME,16,254741,273332
SWAY_OUTPUT,741,13,277080
SWAY_OUTPUT,742,13,277081
SWAY_OUTPUT,743,13,277082
SWAY_OUTPUT,744,13,277083
SWAY_OUTPUT,745,25,277084
SWAY_OUTPUT,746,36,277085
SWAY_OUTPUT,747,45,277086
SWAY_OUTPUT,748,2,277087
SWAY_OUTPUT,749,-6,277088
SWAY_OUTPUT,750,-12,277089
SWAY_OUTPUT,751,18,277090
SWAY_OUTPUT,752,21,277091
SWAY_OUTPUT,753,22,277092
SWAY_OUTPUT,754,23,277093
SWAY_OUTPUT,755,8,277094
SWAY_OUTPUT,756,2,277095
SWAY_OUTPUT,757,-2,277096
SWAY_OUTPUT,758,-4,277097
SWAY_OUTPUT,759,13,277098
SWAY_OUTPUT,760,126,277099
SWAY_OUTPUT,761,127,277100
SWAY_OUTPUT,762,125,277101
SWAY_OUTPUT,763,126,277102
SWAY_OUTPUT,764,126,277103
SWAY_OUTPUT,765,127,277104
SWAY_OUTPUT,766,126,277105
SWAY_OUTPUT,767,124,277106
SWAY_OUTPUT,768,124,277107
SWAY_OUTPUT,769,121,277108
SWAY_OUTPUT,770,125,277109
SWAY_OUTPUT,771,124,277110
SWAY_OUTPUT,772,127,277111
SWAY_OUTPUT,773,120,277112
SWAY_OUTPUT,774,124,277113
SWAY_OUTPUT,775,125,277114
SWAY_OUTPUT,776,127,277115
SWAY_OUTPUT,777,123,277116
SWAY_OUTPUT,778,127,277117
SWAY_OUTPUT,779,-15,277118
SWAY_OUTPUT,780,6,277119
SWAY_OUTPUT,781,25,277120
SWAY_OUTPUT,782,34,277121
SWAY_OUTPUT,783,18,277122
SWAY_OUTPUT,784,12,277123
SWAY_OUTPUT,785,7,277124
SWAY_OUTPUT,786,17,277125
SWAY_OUTPUT,787,6,277126
SWAY_OUTPUT,788,-5,277127
SWAY_OUTPUT,789,-14,277128
SWAY_OUTPUT,790,-33,277129
SWAY_OUTPUT,791,-56,277130
SWAY_OUTPUT,792,-58,277131
SWAY_OUTPUT,793,-14,277132
SWAY_OUTPUT,794,-32,277133
SWAY_OUTPUT,795,-54,277134
SWAY_OUTPUT,796,-58,277135
SWAY_OUTPUT,797,20,277136
SWAY_FRAME,13,277080,277136
SWAY_INPUT_FRAME,17,273333,291924
SWAY_OUTPUT,798,13,295672
SWAY_OUTPUT,799,13,295673
SWAY_OUTPUT,800,13,295674
SWAY_OUTPUT,801,13,295675
SWAY_OUTPUT,802,25,295676
SWAY_OUTPUT,803,36,295677
SWAY_OUTPUT,804,45,295678
SWAY_OUTPUT,805,2,295679
SWAY_OUTPUT,806,-6,295680
SWAY_OUTPUT,807,-12,295681
SWAY_OUTPUT,808,18,295682
SWAY_OUTPUT,809,21,295683
SWAY_OUTPUT,810,22,295684
SWAY_OUTPUT,811,23,295685
SWAY_OUTPUT,812,8,295686
SWAY_OUTPUT,813,2,295687
SWAY_OUTPUT,814,-2,295688
SWAY_OUTPUT,815,-4,295689
SWAY_OUTPUT,816,13,295690
SWAY_OUTPUT,817,126,295691
SWAY_OUTPUT,818,127,295692
SWAY_OUTPUT,819,125,295693
SWAY_OUTPUT,820,126,295694
SWAY_OUTPUT,821,126,295695
SWAY_OUTPUT,822,127,295696
SWAY_OUTPUT,823,126,295697
SWAY_OUTPUT,824,124,295698
SWAY_OUTPUT,825,124,295699
SWAY_OUTPUT,826,121,295700
SWAY_OUTPUT,827,125,295701
SWAY_OUTPUT,828,124,295702
SWAY_OUTPUT,829,127,295703
SWAY_OUTPUT,830,120,295704
SWAY_OUTPUT,831,124,295705
SWAY_OUTPUT,832,125,295706
SWAY_OUTPUT,833,127,295707
SWAY_OUTPUT,834,123,295708
SWAY_OUTPUT,835,127,295709
SWAY_OUTPUT,836,-15,295710
SWAY_OUTPUT,837,6,295711
SWAY_OUTPUT,838,25,295712
SWAY_OUTPUT,839,34,295713
SWAY_OUTPUT,840,18,295714
SWAY_OUTPUT,841,12,295715
SWAY_OUTPUT,842,7,295716
SWAY_OUTPUT,843,17,295717
SWAY_OUTPUT,844,6,295718
SWAY_OUTPUT,845,-5,295719
SWAY_OUTPUT,846,-14,295720
SWAY_OUTPUT,847,-33,295721
SWAY_OUTPUT,848,-56,295722
SWAY_OUTPUT,849,-58,295723
SWAY_OUTPUT,850,-14,295724
SWAY_OUTPUT,851,-32,295725
SWAY_OUTPUT,852,-54,295726
SWAY_OUTPUT,853,-58,295727
SWAY_OUTPUT,854,20,295728
SWAY_FRAME,14,295672,295728
SWAY_INPUT_FRAME,18,291925,310516
SWAY_OUTPUT,855,11,314264
SWAY_OUTPUT,856,11,314265
SWAY_OUTPUT,857,11,314266
SWAY_OUTPUT,858,11,314267
SWAY_OUTPUT,859,23,314268
SWAY_OUTPUT,860,32,314269
SWAY_OUTPUT,861,40,314270
SWAY_OUTPUT,862,-1,314271
SWAY_OUTPUT,863,-9,314272
SWAY_OUTPUT,864,-16,314273
SWAY_OUTPUT,865,16,314274
SWAY_OUTPUT,866,20,314275
SWAY_OUTPUT,867,22,314276
SWAY_OUTPUT,868,24,314277
SWAY_OUTPUT,869,6,314278
SWAY_OUTPUT,870,1,314279
SWAY_OUTPUT,871,-3,314280
SWAY_OUTPUT,872,-5,314281
SWAY_OUTPUT,873,11,314282
SWAY_OUTPUT,874,126,314283
SWAY_OUTPUT,875,127,314284
SWAY_OUTPUT,876,126,314285
SWAY_OUTPUT,877,126,314286
SWAY_OUTPUT,878,126,314287
SWAY_OUTPUT,879,127,314288
SWAY_OUTPUT,880,125,314289
SWAY_OUTPUT,881,124,314290
SWAY_OUTPUT,882,125,314291
SWAY_OUTPUT,883,123,314292
SWAY_OUTPUT,884,124,314293
SWAY_OUTPUT,885,125,314294
SWAY_OUTPUT,886,126,314295
SWAY_OUTPUT,887,119,314296
SWAY_OUTPUT,888,124,314297
SWAY_OUTPUT,889,126,314298
SWAY_OUTPUT,890,127,314299
SWAY_OUTPUT,891,124,314300
SWAY_OUTPUT,892,127,314301
SWAY_OUTPUT,893,-10,314302
SWAY_OUTPUT,894,12,314303
SWAY_OUTPUT,895,32,314304
SWAY_OUTPUT,896,41,314305
SWAY_OUTPUT,897,24,314306
SWAY_OUTPUT,898,15,314307
SWAY_OUTPUT,899,7,314308
SWAY_OUTPUT,900,23,314309
SWAY_OUTPUT,901,13,314310
SWAY_OUTPUT,902,3,314311
SWAY_OUTPUT,903,-9,314312
SWAY_OUTPUT,904,-31,314313
SWAY_OUTPUT,905,-54,314314
SWAY_OUTPUT,906,-58,314315
SWAY_OUTPUT,907,-9,314316
SWAY_OUTPUT,908,-30,314317
SWAY_OUTPUT,909,-53,314318
SWAY_OUTPUT,910,-57,314319
SWAY_OUTPUT,911,27,314320
SWAY_FRAME,15,314264,314320
SWAY_INPUT_FRAME,19,310517,329108
SWAY_OUTPUT,912,10,332856
SWAY_OUTPUT,913,10,332857
SWAY_OUTPUT,914,10,332858
SWAY_OUTPUT,915,10,332859
SWAY_OUTPUT,916,21,332860
SWAY_OUTPUT,917,29,332861
SWAY_OUTPUT,918,38,332862
SWAY_OUTPUT,919,-1,332863
SWAY_OUTPUT,920,-8,332864
SWAY_OUTPUT,921,-15,332865
SWAY_OUTPUT,922,16,332866
SWAY_OUTPUT,923,18,332867
SWAY_OUTPUT,924,19,332868
SWAY_OUTPUT,925,20,332869
SWAY_OUTPUT,926,6,332870
SWAY_OUTPUT,927,3,332871
SWAY_OUTPUT,928,2,332872
SWAY_OUTPUT,929,1,332873
SWAY_OUTPUT,930,10,332874
SWAY_OUTPUT,931,127,332875
SWAY_OUTPUT,932,127,332876
SWAY_OUTPUT,933,127,332877
SWAY_OUTPUT,934,127,332878
SWAY_OUTPUT,935,127,332879
SWAY_OUTPUT,936,127,332880
SWAY_OUTPUT,937,127,332881
SWAY_OUTPUT,938,127,332882
SWAY_OUTPUT,939,127,332883
SWAY_OUTPUT,940,125,332884
SWAY_OUTPUT,941,127,332885
SWAY_OUTPUT,942,127,332886
SWAY_OUTPUT,943,127,332887
SWAY_OUTPUT,944,124,332888
SWAY_OUTPUT,945,127,332889
SWAY_OUTPUT,946,127,332890
SWAY_OUTPUT,947,127,332891
SWAY_OUTPUT,948,125,332892
SWAY_OUTPUT,949,127,332893
SWAY_OUTPUT,950,-18,332894
SWAY_OUTPUT,951,2,332895
SWAY_OUTPUT,952,22,332896
SWAY_OUTPUT,953,30,332897
SWAY_OUTPUT,954,14,332898
SWAY_OUTPUT,955,5,332899
SWAY_OUTPUT,956,-5,332900
SWAY_OUTPUT,957,14,332901
SWAY_OUTPUT,958,2,332902
SWAY_OUTPUT,959,-10,332903
SWAY_OUTPUT,960,-17,332904
SWAY_OUTPUT,961,-34,332905
SWAY_OUTPUT,962,-57,332906
SWAY_OUTPUT,963,-60,332907
SWAY_OUTPUT,964,-17,332908
SWAY_OUTPUT,965,-34,332909
SWAY_OUTPUT,966,-56,332910
SWAY_OUTPUT,967,-60,332911
SWAY_OUTPUT,968,17,332912
SWAY_FRAME,16,332856,332912
SWAY_INPUT_FRAME,20,329109,347700
SWAY_OUTPUT,969,11,351448
SWAY_OUTPUT,970,10,351449
SWAY_OUTPUT,971,10,351450
SWAY_OUTPUT,972,10,351451
SWAY_OUTPUT,973,22,351452
SWAY_OUTPUT,974,32,351453
SWAY_OUTPUT,975,39,351454
SWAY_OUTPUT,976,-2,351455
SWAY_OUTPUT,977,-11,351456
SWAY_OUTPUT,978,-15,351457
SWAY_OUTPUT,979,16,351458
SWAY_OUTPUT,980,20,351459
SWAY_OUTPUT,981,22,351460
SWAY_OUTPUT,982,24,351461
SWAY_OUTPUT,983,6,351462
SWAY_OUTPUT,984,3,351463
SWAY_OUTPUT,985,2,351464
SWAY_OUTPUT,986,0,351465
SWAY_OUTPUT,987,10,351466
SWAY_OUTPUT,988,125,351467
SWAY_OUTPUT,989,126,351468
SWAY_OUTPUT,990,126,351469
SWAY_OUTPUT,991,127,351470
SWAY_OUTPUT,992,127,351471
SWAY_OUTPUT,993,127,351472
SWAY_OUTPUT,994,125,351473
SWAY_OUTPUT,995,125,351474
SWAY_OUTPUT,996,125,351475
SWAY_OUTPUT,997,122,351476
SWAY_OUTPUT,998,123,351477
SWAY_OUTPUT,999,126,351478
SWAY_OUTPUT,1000,126,351479
SWAY_OUTPUT,1001,119,351480
SWAY_OUTPUT,1002,123,351481
SWAY_OUTPUT,1003,126,351482
SWAY_OUTPUT,1004,127,351483
SWAY_OUTPUT,1005,123,351484
SWAY_OUTPUT,1006,127,351485
SWAY_OUTPUT,1007,-7,351486
SWAY_OUTPUT,1008,15,351487
SWAY_OUTPUT,1009,36,351488
SWAY_OUTPUT,1010,45,351489
SWAY_OUTPUT,1011,28,351490
SWAY_OUTPUT,1012,21,351491
SWAY_OUTPUT,1013,16,351492
SWAY_OUTPUT,1014,27,351493
SWAY_OUTPUT,1015,18,351494
SWAY_OUTPUT,1016,10,351495
SWAY_OUTPUT,1017,-6,351496
SWAY_OUTPUT,1018,-31,351497
SWAY_OUTPUT,1019,-54,351498
SWAY_OUTPUT,1020,-58,351499
SWAY_OUTPUT,1021,-6,351500
SWAY_OUTPUT,1022,-31,351501
SWAY_OUTPUT,1023,-55,351502
SWAY_OUTPUT,1024,-60,351503
SWAY_OUTPUT,1025,31,351504
SWAY_FRAME,17,351448,351504
SWAY_INPUT_FRAME,21,347701,366292
SWAY_OUTPUT,1026,12,370040
SWAY_OUTPUT,1027,14,370041
SWAY_OUTPUT,1028,16,370042
SWAY_OUTPUT,1029,14,370043
SWAY_OUTPUT,1030,26,370044
SWAY_OUTPUT,1031,38,370045
SWAY_OUTPUT,1032,48,370046
SWAY_OUTPUT,1033,3,370047
SWAY_OUTPUT,1034,-12,370048
SWAY_OUTPUT,1035,-28,370049
SWAY_OUTPUT,1036,18,370050
SWAY_OUTPUT,1037,21,370051
SWAY_OUTPUT,1038,23,370052
SWAY_OUTPUT,1039,24,370053
SWAY_OUTPUT,1040,8,370054
SWAY_OUTPUT,1041,-5,370055
SWAY_OUTPUT,1042,-15,370056
SWAY_OUTPUT,1043,-18,370057
SWAY_OUTPUT,1044,15,370058
SWAY_OUTPUT,1045,127,370059
SWAY_OUTPUT,1046,127,370060
SWAY_OUTPUT,1047,126,370061
SWAY_OUTPUT,1048,127,370062
SWAY_OUTPUT,1049,124,370063
SWAY_OUTPUT,1050,123,370064
SWAY_OUTPUT,1051,120,370065
SWAY_OUTPUT,1052,127,370066
SWAY_OUTPUT,1053,127,370067
SWAY_OUTPUT,1054,127,370068
SWAY_OUTPUT,1055,127,370069
SWAY_OUTPUT,1056,127,370070
SWAY_OUTPUT,1057,127,370071
SWAY_OUTPUT,1058,127,370072
SWAY_OUTPUT,1059,127,370073
SWAY_OUTPUT,1060,124,370074
SWAY_OUTPUT,1061,124,370075
SWAY_OUTPUT,1062,118,370076
SWAY_OUTPUT,1063,127,370077
SWAY_OUTPUT,1064,-12,370078
SWAY_OUTPUT,1065,9,370079
SWAY_OUTPUT,1066,29,370080
SWAY_OUTPUT,1067,38,370081
SWAY_OUTPUT,1068,20,370082
SWAY_OUTPUT,1069,14,370083
SWAY_OUTPUT,1070,9,370084
SWAY_OUTPUT,1071,22,370085
SWAY_OUTPUT,1072,20,370086
SWAY_OUTPUT,1073,19,370087
SWAY_OUTPUT,1074,-12,370088
SWAY_OUTPUT,1075,-32,370089
SWAY_OUTPUT,1076,-57,370090
SWAY_OUTPUT,1077,-60,370091
SWAY_OUTPUT,1078,-10,370092
SWAY_OUTPUT,1079,-27,370093
SWAY_OUTPUT,1080,-50,370094
SWAY_OUTPUT,1081,-53,370095
SWAY_OUTPUT,1082,24,370096
SWAY_FRAME,18,370040,370096
SWAY_INPUT_FRAME,22,366293,384884
SWAY_OUTPUT,1083,8,388632
SWAY_OUTPUT,1084,7,388633
SWAY_OUTPUT,1085,7,388634
SWAY_OUTPUT,1086,7,388635
SWAY_OUTPUT,1087,19,388636
SWAY_OUTPUT,1088,33,388637
SWAY_OUTPUT,1089,40,388638
SWAY_OUTPUT,1090,-5,388639
SWAY_OUTPUT,1091,-16,388640
SWAY_OUTPUT,1092,-21,388641
SWAY_OUTPUT,1093,13,388642
SWAY_OUTPUT,1094,19,388643
SWAY_OUTPUT,1095,24,388644
SWAY_OUTPUT,1096,26,388645
SWAY_OUTPUT,1097,3,388646
SWAY_OUTPUT,1098,-2,388647
SWAY_OUTPUT,1099,-4,388648
SWAY_OUTPUT,1100,-6,388649
SWAY_OUTPUT,1101,8,388650
SWAY_OUTPUT,1102,124,388651
SWAY_OUTPUT,1103,125,388652
SWAY_OUTPUT,1104,124,388653
SWAY_OUTPUT,1105,125,388654
SWAY_OUTPUT,1106,124,388655
SWAY_OUTPUT,1107,126,388656
SWAY_OUTPUT,1108,122,388657
SWAY_OUTPUT,1109,123,388658
SWAY_OUTPUT,1110,124,388659
SWAY_OUTPUT,1111,121,388660
SWAY_OUTPUT,1112,122,388661
SWAY_OUTPUT,1113,123,388662
SWAY_OUTPUT,1114,125,388663
SWAY_OUTPUT,1115,117,388664
SWAY_OUTPUT,1116,122,388665
SWAY_OUTPUT,1117,122,388666
SWAY_OUTPUT,1118,126,388667
SWAY_OUTPUT,1119,121,388668
SWAY_OUTPUT,1120,125,388669
SWAY_OUTPUT,1121,-10,388670
SWAY_OUTPUT,1122,12,388671
SWAY_OUTPUT,1123,32,388672
SWAY_OUTPUT,1124,41,388673
SWAY_OUTPUT,1125,24,388674
SWAY_OUTPUT,1126,22,388675
SWAY_OUTPUT,1127,26,388676
SWAY_OUTPUT,1128,23,388677
SWAY_OUTPUT,1129,18,388678
SWAY_OUTPUT,1130,17,388679
SWAY_OUTPUT,1131,-9,388680
SWAY_OUTPUT,1132,-31,388681
SWAY_OUTPUT,1133,-54,388682
SWAY_OUTPUT,1134,-57,388683
SWAY_OUTPUT,1135,-9,388684
SWAY_OUTPUT,1136,-30,388685
SWAY_OUTPUT,1137,-54,388686
SWAY_OUTPUT,1138,-58,388687
SWAY_OUTPUT,1139,27,388688
SWAY_FRAME,19,388632,388688
SWAY_INPUT_FRAME,23,384885,403476
SWAY_OUTPUT,1140,7,407224
SWAY_OUTPUT,1141,6,407225
SWAY_OUTPUT,1142,5,407226
SWAY_OUTPUT,1143,4,407227
SWAY_OUTPUT,1144,17,407228
SWAY_OUTPUT,1145,32,407229
SWAY_OUTPUT,1146,42,407230
SWAY_OUTPUT,1147,-7,407231
SWAY_OUTPUT,1148,-20,407232
SWAY_OUTPUT,1149,-29,407233
SWAY_OUTPUT,1150,12,407234
SWAY_OUTPUT,1151,21,407235
SWAY_OUTPUT,1152,29,407236
SWAY_OUTPUT,1153,32,407237
SWAY_OUTPUT,1154,2,407238
SWAY_OUTPUT,1155,-5,407239
SWAY_OUTPUT,1156,-7,407240
SWAY_OUTPUT,1157,-9,407241
SWAY_OUTPUT,1158,5,407242
SWAY_OUTPUT,1159,127,407243
SWAY_OUTPUT,1160,127,407244
SWAY_OUTPUT,1161,127,407245
SWAY_OUTPUT,1162,127,407246
SWAY_OUTPUT,1163,127,407247
SWAY_OUTPUT,1164,127,407248
SWAY_OUTPUT,1165,124,407249
SWAY_OUTPUT,1166,127,407250
SWAY_OUTPUT,1167,127,407251
SWAY_OUTPUT,1168,126,407252
SWAY_OUTPUT,1169,127,407253
SWAY_OUTPUT,1170,127,407254
SWAY_OUTPUT,1171,127,407255
SWAY_OUTPUT,1172,123,407256
SWAY_OUTPUT,1173,127,407257
SWAY_OUTPUT,1174,126,407258
SWAY_OUTPUT,1175,127,407259
SWAY_OUTPUT,1176,123,407260
SWAY_OUTPUT,1177,127,407261
SWAY_OUTPUT,1178,-11,407262
SWAY_OUTPUT,1179,10,407263
SWAY_OUTPUT,1180,30,407264
SWAY_OUTPUT,1181,39,407265
SWAY_OUTPUT,1182,23,407266
SWAY_OUTPUT,1183,21,407267
SWAY_OUTPUT,1184,23,407268
SWAY_OUTPUT,1185,22,407269
SWAY_OUTPUT,1186,18,407270
SWAY_OUTPUT,1187,16,407271
SWAY_OUTPUT,1188,-10,407272
SWAY_OUTPUT,1189,-29,407273
SWAY_OUTPUT,1190,-53,407274
SWAY_OUTPUT,1191,-57,407275
SWAY_OUTPUT,1192,-10,407276
SWAY_OUTPUT,1193,-30,407277
SWAY_OUTPUT,1194,-55,407278
SWAY_OUTPUT,1195,-59,407279
SWAY_OUTPUT,1196,25,407280
SWAY_FRAME,20,407224,407280
SWAY_INPUT_FRAME,24,403477,422068
SWAY_OUTPUT,1197,18,425816
SWAY_OUTPUT,1198,19,425817
SWAY_OUTPUT,1199,20,425818
SWAY_OUTPUT,1200,21,425819
SWAY_OUTPUT,1201,31,425820
SWAY_OUTPUT,1202,41,425821
SWAY_OUTPUT,1203,50,425822
SWAY_OUTPUT,1204,9,425823
SWAY_OUTPUT,1205,-4,425824
SWAY_OUTPUT,1206,-16,425825
SWAY_OUTPUT,1207,24,425826
SWAY_OUTPUT,1208,27,425827
SWAY_OUTPUT,1209,25,425828
SWAY_OUTPUT,1210,27,425829
SWAY_OUTPUT,1211,13,425830
SWAY_OUTPUT,1212,5,425831
SWAY_OUTPUT,1213,-4,425832
SWAY_OUTPUT,1214,-7,425833
SWAY_OUTPUT,1215,20,425834
SWAY_OUTPUT,1216,125,425835
SWAY_OUTPUT,1217,126,425836
SWAY_OUTPUT,1218,124,425837
SWAY_OUTPUT,1219,125,425838
SWAY_OUTPUT,1220,124,425839
SWAY_OUTPUT,1221,127,425840
SWAY_OUTPUT,1222,124,425841
SWAY_OUTPUT,1223,123,425842
SWAY_OUTPUT,1224,124,425843
SWAY_OUTPUT,1225,122,425844
SWAY_OUTPUT,1226,124,425845
SWAY_OUTPUT,1227,122,425846
SWAY_OUTPUT,1228,126,425847
SWAY_OUTPUT,1229,119,425848
SWAY_OUTPUT,1230,124,425849
SWAY_OUTPUT,1231,125,425850
SWAY_OUTPUT,1232,127,425851
SWAY_OUTPUT,1233,123,425852
SWAY_OUTPUT,1234,125,425853
SWAY_OUTPUT,1235,-15,425854
SWAY_OUTPUT,1236,6,425855
SWAY_OUTPUT,1237,26,425856
SWAY_OUTPUT,1238,34,425857
SWAY_OUTPUT,1239,17,425858
SWAY_OUTPUT,1240,9,425859
SWAY_OUTPUT,1241,0,425860
SWAY_OUTPUT,1242,18,425861
SWAY_OUTPUT,1243,12,425862
SWAY_OUTPUT,1244,5,425863
SWAY_OUTPUT,1245,-14,425864
SWAY_OUTPUT,1246,-33,425865
SWAY_OUTPUT,1247,-56,425866
SWAY_OUTPUT,1248,-59,425867
SWAY_OUTPUT,1249,-13,425868
SWAY_OUTPUT,1250,-31,425869
SWAY_OUTPUT,1251,-52,425870
SWAY_OUTPUT,1252,-55,425871
SWAY_OUTPUT,1253,21,425872
SWAY_FRAME,21,425816,425872
SWAY_INPUT_FRAME,25,422069,440660
SWAY_OUTPUT,1254,10,444408
SWAY_OUTPUT,1255,10,444409
SWAY_OUTPUT,1256,10,444410
SWAY_OUTPUT,1257,10,444411
SWAY_OUTPUT,1258,22,444412
SWAY_OUTPUT,1259,32,444413
SWAY_OUTPUT,1260,36,444414
SWAY_OUTPUT,1261,-2,444415
SWAY_OUTPUT,1262,-16,444416
SWAY_OUTPUT,1263,-23,444417
SWAY_OUTPUT,1264,15,444418
SWAY_OUTPUT,1265,19,444419
SWAY_OUTPUT,1266,22,444420
SWAY_OUTPUT,1267,24,444421
SWAY_OUTPUT,1268,5,444422
SWAY_OUTPUT,1269,-1,444423
SWAY_OUTPUT,1270,-3,444424
SWAY_OUTPUT,1271,-5,444425
SWAY_OUTPUT,1272,10,444426
SWAY_OUTPUT,1273,124,444427
SWAY_OUTPUT,1274,124,444428
SWAY_OUTPUT,1275,123,444429
SWAY_OUTPUT,1276,124,444430
SWAY_OUTPUT,1277,123,444431
SWAY_OUTPUT,1278,125,444432
SWAY_OUTPUT,1279,120,444433
SWAY_OUTPUT,1280,123,444434
SWAY_OUTPUT,1281,123,444435
SWAY_OUTPUT,1282,121,444436
SWAY_OUTPUT,1283,122,444437
SWAY_OUTPUT,1284,122,444438
SWAY_OUTPUT,1285,125,444439
SWAY_OUTPUT,1286,117,444440
SWAY_OUTPUT,1287,122,444441
SWAY_OUTPUT,1288,122,444442
SWAY_OUTPUT,1289,125,444443
SWAY_OUTPUT,1290,120,444444
SWAY_OUTPUT,1291,124,444445
SWAY_OUTPUT,1292,-10,444446
SWAY_OUTPUT,1293,12,444447
SWAY_OUTPUT,1294,32,444448
SWAY_OUTPUT,1295,41,444449
SWAY_OUTPUT,1296,24,444450
SWAY_OUTPUT,1297,17,444451
SWAY_OUTPUT,1298,17,444452
SWAY_OUTPUT,1299,24,444453
SWAY_OUTPUT,1300,22,444454
SWAY_OUTPUT,1301,25,444455
SWAY_OUTPUT,1302,-9,444456
SWAY_OUTPUT,1303,-32,444457
SWAY_OUTPUT,1304,-55,444458
SWAY_OUTPUT,1305,-59,444459
SWAY_OUTPUT,1306,-9,444460
SWAY_OUTPUT,1307,-31,444461
SWAY_OUTPUT,1308,-54,444462
SWAY_OUTPUT,1309,-59,444463
SWAY_OUTPUT,1310,27,444464
SWAY_FRAME,22,444408,444464
SWAY_INPUT_FRAME,26,440661,459252
SWAY_OUTPUT,1311,47,463000
SWAY_OUTPUT,1312,49,463001
SWAY_OUTPUT,1313,52,463002
SWAY_OUTPUT,1314,51,463003
SWAY_OUTPUT,1315,57,463004
SWAY_OUTPUT,1316,52,463005
SWAY_OUTPUT,1317,71,463006
SWAY_OUTPUT,1318,42,463007
SWAY_OUTPUT,1319,49,463008
SWAY_OUTPUT,1320,7,463009
SWAY_OUTPUT,1321,52,463010
SWAY_OUTPUT,1322,46,463011
SWAY_OUTPUT,1323,34,463012
SWAY_OUTPUT,1324,36,463013
SWAY_OUTPUT,1325,43,463014
SWAY_OUTPUT,1326,49,463015
SWAY_OUTPUT,1327,40,463016
SWAY_OUTPUT,1328,40,463017
SWAY_OUTPUT,1329,51,463018
SWAY_OUTPUT,1330,127,463019
SWAY_OUTPUT,1331,127,463020
SWAY_OUTPUT,1332,127,463021
SWAY_OUTPUT,1333,127,463022
SWAY_OUTPUT,1334,127,463023
SWAY_OUTPUT,1335,127,463024
SWAY_OUTPUT,1336,127,463025
SWAY_OUTPUT,1337,127,463026
SWAY_OUTPUT,1338,127,463027
SWAY_OUTPUT,1339,127,463028
SWAY_OUTPUT,1340,127,463029
SWAY_OUTPUT,1341,127,463030
SWAY_OUTPUT,1342,127,463031
SWAY_OUTPUT,1343,127,463032
SWAY_OUTPUT,1344,127,463033
SWAY_OUTPUT,1345,127,463034
SWAY_OUTPUT,1346,127,463035
SWAY_OUTPUT,1347,127,463036
SWAY_OUTPUT,1348,127,463037
SWAY_OUTPUT,1349,23,463038
SWAY_OUTPUT,1350,58,463039
SWAY_OUTPUT,1351,90,463040
SWAY_OUTPUT,1352,104,463041
SWAY_OUTPUT,1353,64,463042
SWAY_OUTPUT,1354,27,463043
SWAY_OUTPUT,1355,3,463044
SWAY_OUTPUT,1356,69,463045
SWAY_OUTPUT,1357,1,463046
SWAY_OUTPUT,1358,-45,463047
SWAY_OUTPUT,1359,23,463048
SWAY_OUTPUT,1360,-36,463049
SWAY_OUTPUT,1361,-94,463050
SWAY_OUTPUT,1362,-111,463051
SWAY_OUTPUT,1363,25,463052
SWAY_OUTPUT,1364,-40,463053
SWAY_OUTPUT,1365,-84,463054
SWAY_OUTPUT,1366,-90,463055
SWAY_OUTPUT,1367,81,463056
SWAY_FRAME,23,463000,463056
SWAY_INPUT_FRAME,27,459253,477844
SWAY_OUTPUT,1368,0,481592
SWAY_OUTPUT,1369,3,481593
SWAY_OUTPUT,1370,6,481594
SWAY_OUTPUT,1371,8,481595
SWAY_OUTPUT,1372,20,481596
SWAY_OUTPUT,1373,18,481597
SWAY_OUTPUT,1374,-24,481598
SWAY_OUTPUT,1375,-6,481599
SWAY_OUTPUT,1376,-17,481600
SWAY_OUTPUT,1377,14,481601
SWAY_OUTPUT,1378,5,481602
SWAY_OUTPUT,1379,-2,481603
SWAY_OUTPUT,1380,-2,481604
SWAY_OUTPUT,1381,-8,481605
SWAY_OUTPUT,1382,-4,481606
SWAY_OUTPUT,1383,-26,481607
SWAY_OUTPUT,1384,-29,481608
SWAY_OUTPUT,1385,-35,481609
SWAY_OUTPUT,1386,5,481610
SWAY_OUTPUT,1387,20,481611
SWAY_OUTPUT,1388,19,481612
SWAY_OUTPUT,1389,18,481613
SWAY_OUTPUT,1390,17,481614
SWAY_OUTPUT,1391,30,481615
SWAY_OUTPUT,1392,43,481616
SWAY_OUTPUT,1393,46,481617
SWAY_OUTPUT,1394,17,481618
SWAY_OUTPUT,1395,21,481619
SWAY_OUTPUT,1396,34,481620
SWAY_OUTPUT,1397,20,481621
SWAY_OUTPUT,1398,21,481622
SWAY_OUTPUT,1399,20,481623
SWAY_OUTPUT,1400,0,481624
SWAY_OUTPUT,1401,16,481625
SWAY_OUTPUT,1402,4,481626
SWAY_OUTPUT,1403,27,481627
SWAY_OUTPUT,1404,37,481628
SWAY_OUTPUT,1405,19,481629
SWAY_OUTPUT,1406,-13,481630
SWAY_OUTPUT,1407,5,481631
SWAY_OUTPUT,1408,23,481632
SWAY_OUTPUT,1409,30,481633
SWAY_OUTPUT,1410,18,481634
SWAY_OUTPUT,1411,13,481635
SWAY_OUTPUT,1412,-7,481636
SWAY_OUTPUT,1413,12,481637
SWAY_OUTPUT,1414,15,481638
SWAY_OUTPUT,1415,3,481639
SWAY_OUTPUT,1416,-13,481640
SWAY_OUTPUT,1417,-36,481641
SWAY_OUTPUT,1418,-27,481642
SWAY_OUTPUT,1419,-18,481643
SWAY_OUTPUT,1420,-12,481644
SWAY_OUTPUT,1421,-20,481645
SWAY_OUTPUT,1422,-20,481646
SWAY_OUTPUT,1423,-28,481647
SWAY_OUTPUT,1424,19,481648
SWAY_FRAME,24,481592,481648
SWAY_INPUT_FRAME,28,477845,496436
SWAY_OUTPUT,1425,13,500184
SWAY_OUTPUT,1426,10,500185
SWAY_OUTPUT,1427,10,500186
SWAY_OUTPUT,1428,11,500187
SWAY_OUTPUT,1429,15,500188
SWAY_OUTPUT,1430,30,500189
SWAY_OUTPUT,1431,69,500190
SWAY_OUTPUT,1432,6,500191
SWAY_OUTPUT,1433,4,500192
SWAY_OUTPUT,1434,-10,500193
SWAY_OUTPUT,1435,18,500194
SWAY_OUTPUT,1436,7,500195
SWAY_OUTPUT,1437,21,500196
SWAY_OUTPUT,1438,29,500197
SWAY_OUTPUT,1439,9,500198
SWAY_OUTPUT,1440,31,500199
SWAY_OUTPUT,1441,35,500200
SWAY_OUTPUT,1442,36,500201
SWAY_OUTPUT,1443,11,500202
SWAY_OUTPUT,1444,127,500203
SWAY_OUTPUT,1445,127,500204
SWAY_OUTPUT,1446,127,500205
SWAY_OUTPUT,1447,127,500206
SWAY_OUTPUT,1448,127,500207
SWAY_OUTPUT,1449,127,500208
SWAY_OUTPUT,1450,127,500209
SWAY_OUTPUT,1451,127,500210
SWAY_OUTPUT,1452,127,500211
SWAY_OUTPUT,1453,127,500212
SWAY_OUTPUT,1454,127,500213
SWAY_OUTPUT,1455,127,500214
SWAY_OUTPUT,1456,127,500215
SWAY_OUTPUT,1457,127,500216
SWAY_OUTPUT,1458,127,500217
SWAY_OUTPUT,1459,127,500218
SWAY_OUTPUT,1460,127,500219
SWAY_OUTPUT,1461,127,500220
SWAY_OUTPUT,1462,127,500221
SWAY_OUTPUT,1463,-30,500222
SWAY_OUTPUT,1464,-12,500223
SWAY_OUTPUT,1465,5,500224
SWAY_OUTPUT,1466,10,500225
SWAY_OUTPUT,1467,1,500226
SWAY_OUTPUT,1468,6,500227
SWAY_OUTPUT,1469,2,500228
SWAY_OUTPUT,1470,-2,500229
SWAY_OUTPUT,1471,-20,500230
SWAY_OUTPUT,1472,-51,500231
SWAY_OUTPUT,1473,-29,500232
SWAY_OUTPUT,1474,-40,500233
SWAY_OUTPUT,1475,-68,500234
SWAY_OUTPUT,1476,-73,500235
SWAY_OUTPUT,1477,-29,500236
SWAY_OUTPUT,1478,-37,500237
SWAY_OUTPUT,1479,-61,500238
SWAY_OUTPUT,1480,-70,500239
SWAY_OUTPUT,1481,0,500240
SWAY_FRAME,25,500184,500240
SWAY_INPUT_FRAME,29,496437,515028
SWAY_OUTPUT,1482,13,518776
SWAY_OUTPUT,1483,13,518777
SWAY_OUTPUT,1484,13,518778
SWAY_OUTPUT,1485,13,518779
SWAY_OUTPUT,1486,25,518780
SWAY_OUTPUT,1487,36,518781
SWAY_OUTPUT,1488,45,518782
SWAY_OUTPUT,1489,2,518783
SWAY_OUTPUT,1490,-6,518784
SWAY_OUTPUT,1491,-12,518785
SWAY_OUTPUT,1492,18,518786
SWAY_OUTPUT,1493,21,518787
SWAY_OUTPUT,1494,22,518788
SWAY_OUTPUT,1495,23,518789
SWAY_OUTPUT,1496,8,518790
SWAY_OUTPUT,1497,2,518791
SWAY_OUTPUT,1498,-2,518792
SWAY_OUTPUT,1499,-4,518793
SWAY_OUTPUT,1500,13,518794
SWAY_OUTPUT,1501,126,518795
SWAY_OUTPUT,1502,127,518796
SWAY_OUTPUT,1503,125,518797
SWAY_OUTPUT,1504,126,518798
SWAY_OUTPUT,1505,126,518799
SWAY_OUTPUT,1506,127,518800
SWAY_OUTPUT,1507,126,518801
SWAY_OUTPUT,1508,124,518802
SWAY_OUTPUT,1509,124,518803
SWAY_OUTPUT,1510,121,518804
SWAY_OUTPUT,1511,125,518805
SWAY_OUTPUT,1512,124,518806
SWAY_OUTPUT,1513,127,518807
SWAY_OUTPUT,1514,120,518808
SWAY_OUTPUT,1515,124,518809
SWAY_OUTPUT,1516,125,518810
SWAY_OUTPUT,1517,127,518811
SWAY_OUTPUT,1518,123,518812
SWAY_OUTPUT,1519,127,518813
SWAY_OUTPUT,1520,-15,518814
SWAY_OUTPUT,1521,6,518815
SWAY_OUTPUT,1522,25,518816
SWAY_OUTPUT,1523,34,518817
SWAY_OUTPUT,1524,18,518818
SWAY_OUTPUT,1525,12,518819
SWAY_OUTPUT,1526,7,518820
SWAY_OUTPUT,1527,17,518821
SWAY_OUTPUT,1528,6,518822
SWAY_OUTPUT,1529,-5,518823
SWAY_OUTPUT,1530,-14,518824
SWAY_OUTPUT,1531,-33,518825
SWAY_OUTPUT,1532,-56,518826
SWAY_OUTPUT,1533,-58,518827
SWAY_OUTPUT,1534,-14,518828
SWAY_OUTPUT,1535,-32,518829
SWAY_OUTPUT,1536,-54,518830
SWAY_OUTPUT,1537,-58,518831
SWAY_OUTPUT,1538,20,518832
SWAY_FRAME,26,518776,518832
SWAY_INPUT_FRAME,30,515029,533620
SWAY_OUTPUT,1539,13,537368
SWAY_OUTPUT,1540,13,537369
SWAY_OUTPUT,1541,13,537370
SWAY_OUTPUT,1542,13,537371
SWAY_OUTPUT,1543,25,537372
SWAY_OUTPUT,1544,36,537373
SWAY_OUTPUT,1545,45,537374
SWAY_OUTPUT,1546,2,537375
SWAY_OUTPUT,1547,-6,537376
SWAY_OUTPUT,1548,-12,537377
SWAY_OUTPUT,1549,18,537378
SWAY_OUTPUT,1550,21,537379
SWAY_OUTPUT,1551,22,537380
SWAY_OUTPUT,1552,23,537381
SWAY_OUTPUT,1553,8,537382
SWAY_OUTPUT,1554,2,537383
SWAY_OUTPUT,1555,-2,537384
SWAY_OUTPUT,1556,-4,537385
SWAY_OUTPUT,1557,13,537386
SWAY_OUTPUT,1558,126,537387
SWAY_OUTPUT,1559,127,537388
SWAY_OUTPUT,1560,125,537389
SWAY_OUTPUT,1561,126,537390
SWAY_OUTPUT,1562,126,537391
SWAY_OUTPUT,1563,127,537392
SWAY_OUTPUT,1564,126,537393
SWAY_OUTPUT,1565,124,537394
SWAY_OUTPUT,1566,124,537395
SWAY_OUTPUT,1567,121,537396
SWAY_OUTPUT,1568,125,537397
SWAY_OUTPUT,1569,124,537398
SWAY_OUTPUT,1570,127,537399
SWAY_OUTPUT,1571,120,537400
SWAY_OUTPUT,1572,124,537401
SWAY_OUTPUT,1573,125,537402
SWAY_OUTPUT,1574,127,537403
SWAY_OUTPUT,1575,123,537404
SWAY_OUTPUT,1576,127,537405
SWAY_OUTPUT,1577,-15,537406
SWAY_OUTPUT,1578,6,537407
SWAY_OUTPUT,1579,25,537408
SWAY_OUTPUT,1580,34,537409
SWAY_OUTPUT,1581,18,537410
SWAY_OUTPUT,1582,12,537411
SWAY_OUTPUT,1583,7,537412
SWAY_OUTPUT,1584,17,537413
SWAY_OUTPUT,1585,6,537414
SWAY_OUTPUT,1586,-5,537415
SWAY_OUTPUT,1587,-14,537416
SWAY_OUTPUT,1588,-33,537417
SWAY_OUTPUT,1589,-56,537418
SWAY_OUTPUT,1590,-58,537419
SWAY_OUTPUT,1591,-14,537420
SWAY_OUTPUT,1592,-32,537421
SWAY_OUTPUT,1593,-54,537422
SWAY_OUTPUT,1594,-58,537423
SWAY_OUTPUT,1595,20,537424
SWAY_FRAME,27,537368,537424
SWAY_INPUT_FRAME,31,533621,552212
SWAY_OUTPUT,1596,13,555960
SWAY_OUTPUT,1597,13,555961
SWAY_OUTPUT,1598,13,555962
SWAY_OUTPUT,1599,13,555963
SWAY_OUTPUT,1600,25,555964
SWAY_OUTPUT,1601,36,555965
SWAY_OUTPUT,1602,45,555966
SWAY_OUTPUT,1603,2,555967
SWAY_OUTPUT,1604,-6,555968
SWAY_OUTPUT,1605,-12,555969
SWAY_OUTPUT,1606,18,555970
SWAY_OUTPUT,1607,21,555971
SWAY_OUTPUT,1608,22,555972
SWAY_OUTPUT,1609,23,555973
SWAY_OUTPUT,1610,8,555974
SWAY_OUTPUT,1611,2,555975
SWAY_OUTPUT,1612,-2,555976
SWAY_OUTPUT,1613,-4,555977
SWAY_OUTPUT,1614,13,555978
SWAY_OUTPUT,1615,126,555979
SWAY_OUTPUT,1616,127,555980
SWAY_OUTPUT,1617,125,555981
SWAY_OUTPUT,1618,126,555982
SWAY_OUTPUT,1619,126,555983
SWAY_OUTPUT,1620,127,555984
SWAY_OUTPUT,1621,126,555985
SWAY_OUTPUT,1622,124,555986
SWAY_OUTPUT,1623,124,555987
SWAY_OUTPUT,1624,121,555988
SWAY_OUTPUT,1625,125,555989
SWAY_OUTPUT,1626,124,555990
SWAY_OUTPUT,1627,127,555991
SWAY_OUTPUT,1628,120,555992
SWAY_OUTPUT,1629,124,555993
SWAY_OUTPUT,1630,125,555994
SWAY_OUTPUT,1631,127,555995
SWAY_OUTPUT,1632,123,555996
SWAY_OUTPUT,1633,127,555997
SWAY_OUTPUT,1634,-15,555998
SWAY_OUTPUT,1635,6,555999
SWAY_OUTPUT,1636,25,556000
SWAY_OUTPUT,1637,34,556001
SWAY_OUTPUT,1638,18,556002
SWAY_OUTPUT,1639,12,556003
SWAY_OUTPUT,1640,7,556004
SWAY_OUTPUT,1641,17,556005
SWAY_OUTPUT,1642,6,556006
SWAY_OUTPUT,1643,-5,556007
SWAY_OUTPUT,1644,-14,556008
SWAY_OUTPUT,1645,-33,556009
SWAY_OUTPUT,1646,-56,556010
SWAY_OUTPUT,1647,-58,556011
SWAY_OUTPUT,1648,-14,556012
SWAY_OUTPUT,1649,-32,556013
SWAY_OUTPUT,1650,-54,556014
SWAY_OUTPUT,1651,-58,556015
SWAY_OUTPUT,1652,20,556016
SWAY_FRAME,28,555960,556016
SWAY_INPUT_FRAME,32,552213,570804
SWAY_OUTPUT,1653,11,574552
SWAY_OUTPUT,1654,11,574553
SWAY_OUTPUT,1655,11,574554
SWAY_OUTPUT,1656,11,574555
SWAY_OUTPUT,1657,23,574556
SWAY_OUTPUT,1658,32,574557
SWAY_OUTPUT,1659,40,574558
SWAY_OUTPUT,1660,-1,574559
SWAY_OUTPUT,1661,-9,574560
SWAY_OUTPUT,1662,-16,574561
SWAY_OUTPUT,1663,16,574562
SWAY_OUTPUT,1664,20,574563
SWAY_OUTPUT,1665,22,574564
SWAY_OUTPUT,1666,24,574565
SWAY_OUTPUT,1667,6,574566
SWAY_OUTPUT,1668,1,574567
SWAY_OUTPUT,1669,-3,574568
SWAY_OUTPUT,1670,-5,574569
SWAY_OUTPUT,1671,11,574570
SWAY_OUTPUT,1672,126,574571
SWAY_OUTPUT,1673,127,574572
SWAY_OUTPUT,1674,126,574573
SWAY_OUTPUT,1675,126,574574
SWAY_OUTPUT,1676,126,574575
SWAY_OUTPUT,1677,127,574576
SWAY_OUTPUT,1678,125,574577
SWAY_OUTPUT,1679,124,574578
SWAY_OUTPUT,1680,125,574579
SWAY_OUTPUT,1681,123,574580
SWAY_OUTPUT,1682,124,574581
SWAY_OUTPUT,1683,125,574582
SWAY_OUTPUT,1684,126,574583
SWAY_OUTPUT,1685,119,574584
SWAY_OUTPUT,1686,124,574585
SWAY_OUTPUT,1687,126,574586
SWAY_OUTPUT,1688,127,574587
SWAY_OUTPUT,1689,124,574588
SWAY_OUTPUT,1690,127,574589
SWAY_OUTPUT,1691,-10,574590
SWAY_OUTPUT,1692,12,574591
SWAY_OUTPUT,1693,32,574592
SWAY_OUTPUT,1694,41,574593
SWAY_OUTPUT,1695,24,574594
SWAY_OUTPUT,1696,15,574595
SWAY_OUTPUT,1697,7,574596
SWAY_OUTPUT,1698,23,574597
SWAY_OUTPUT,1699,13,574598
SWAY_OUTPUT,1700,3,574599
SWAY_OUTPUT,1701,-9,574600
SWAY_OUTPUT,1702,-31,574601
SWAY_OUTPUT,1703,-54,574602
SWAY_OUTPUT,1704,-58,574603
SWAY_OUTPUT,1705,-9,574604
SWAY_OUTPUT,1706,-30,574605
SWAY_OUTPUT,1707,-53,574606
SWAY_OUTPUT,1708,-57,574607
SWAY_OUTPUT,1709,27,574608
SWAY_FRAME,29,574552,574608
SWAY_INPUT_FRAME,33,570805,589396
SWAY_OUTPUT,1710,10,593144
SWAY_OUTPUT,1711,10,593145
SWAY_OUTPUT,1712,10,593146
SWAY_OUTPUT,1713,10,593147
SWAY_OUTPUT,1714,21,593148
SWAY_OUTPUT,1715,29,593149
SWAY_OUTPUT,1716,38,593150
SWAY_OUTPUT,1717,-1,593151
SWAY_OUTPUT,1718,-8,593152
SWAY_OUTPUT,1719,-15,593153
SWAY_OUTPUT,1720,16,593154
SWAY_OUTPUT,1721,18,593155
SWAY_OUTPUT,1722,19,593156
SWAY_OUTPUT,1723,20,593157
SWAY_OUTPUT,1724,6,593158
SWAY_OUTPUT,1725,3,593159
SWAY_OUTPUT,1726,2,593160
SWAY_OUTPUT,1727,1,593161
SWAY_OUTPUT,1728,10,593162
SWAY_OUTPUT,1729,127,593163
SWAY_OUTPUT,1730,127,593164
SWAY_OUTPUT,1731,127,593165
SWAY_OUTPUT,1732,127,593166
SWAY_OUTPUT,1733,127,593167
SWAY_OUTPUT,1734,127,593168
SWAY_OUTPUT,1735,127,593169
SWAY_OUTPUT,1736,127,593170
SWAY_OUTPUT,1737,127,593171
SWAY_OUTPUT,1738,125,593172
SWAY_OUTPUT,1739,127,593173
SWAY_OUTPUT,1740,127,593174
SWAY_OUTPUT,1741,127,593175
SWAY_OUTPUT,1742,124,593176
SWAY_OUTPUT,1743,127,593177
SWAY_OUTPUT,1744,127,593178
SWAY_OUTPUT,1745,127,593179
SWAY_OUTPUT,1746,125,593180
SWAY_OUTPUT,1747,127,593181
SWAY_OUTPUT,1748,-18,593182
SWAY_OUTPUT,1749,2,593183
SWAY_OUTPUT,1750,22,593184
SWAY_OUTPUT,1751,30,593185
SWAY_OUTPUT,1752,14,593186
SWAY_OUTPUT,1753,5,593187
SWAY_OUTPUT,1754,-5,593188
SWAY_OUTPUT,1755,14,593189
SWAY_OUTPUT,1756,2,593190
SWAY_OUTPUT,1757,-10,593191
SWAY_OUTPUT,1758,-17,593192
SWAY_OUTPUT,1759,-34,593193
SWAY_OUTPUT,1760,-57,593194
SWAY_OUTPUT,1761,-60,593195
SWAY_OUTPUT,1762,-17,593196
SWAY_OUTPUT,1763,-34,593197
SWAY_OUTPUT,1764,-56,593198
SWAY_OUTPUT,1765,-60,593199
SWAY_OUTPUT,1766,17,593200
SWAY_FRAME,30,593144,593200
SWAY_INPUT_FRAME,34,589397,607988
SWAY_OUTPUT,1767,11,611736
SWAY_OUTPUT,1768,10,611737
SWAY_OUTPUT,1769,10,611738
SWAY_OUTPUT,1770,10,611739
SWAY_OUTPUT,1771,22,611740
SWAY_OUTPUT,1772,32,611741
SWAY_OUTPUT,1773,39,611742
SWAY_OUTPUT,1774,-2,611743
SWAY_OUTPUT,1775,-11,611744
SWAY_OUTPUT,1776,-15,611745
SWAY_OUTPUT,1777,16,611746
SWAY_OUTPUT,1778,20,611747
SWAY_OUTPUT,1779,22,611748
SWAY_OUTPUT,1780,24,611749
SWAY_OUTPUT,1781,6,611750
SWAY_OUTPUT,1782,3,611751
SWAY_OUTPUT,1783,2,611752
SWAY_OUTPUT,1784,0,611753
SWAY_OUTPUT,1785,10,611754
SWAY_OUTPUT,1786,125,611755
SWAY_OUTPUT,1787,126,611756
SWAY_OUTPUT,1788,126,611757
SWAY_OUTPUT,1789,127,611758
SWAY_OUTPUT,1790,127,611759
SWAY_OUTPUT,1791,127,611760
SWAY_OUTPUT,1792,125,611761
SWAY_OUTPUT,1793,125,611762
SWAY_OUTPUT,1794,125,611763
SWAY_OUTPUT,1795,122,611764
SWAY_OUTPUT,1796,123,611765
SWAY_OUTPUT,1797,126,611766
SWAY_OUTPUT,1798,126,611767
SWAY_OUTPUT,1799,119,611768
SWAY_OUTPUT,1800,123,611769
SWAY_OUTPUT,1801,126,611770
SWAY_OUTPUT,1802,127,611771
SWAY_OUTPUT,1803,123,611772
SWAY_OUTPUT,1804,127,611773
SWAY_OUTPUT,1805,-7,611774
SWAY_OUTPUT,1806,15,611775
SWAY_OUTPUT,1807,36,611776
SWAY_OUTPUT,1808,45,611777
SWAY_OUTPUT,1809,28,611778
SWAY_OUTPUT,1810,21,611779
SWAY_OUTPUT,1811,16,611780
SWAY_OUTPUT,1812,27,611781
SWAY_OUTPUT,1813,18,611782
SWAY_OUTPUT,1814,10,611783
SWAY_OUTPUT,1815,-6,611784
SWAY_OUTPUT,1816,-31,611785
SWAY_OUTPUT,1817,-54,611786
SWAY_OUTPUT,1818,-58,611787
SWAY_OUTPUT,1819,-6,611788
SWAY_OUTPUT,1820,-31,611789
SWAY_OUTPUT,1821,-55,611790
SWAY_OUTPUT,1822,-60,611791
SWAY_OUTPUT,1823,31,611792
SWAY_FRAME,31,611736,611792
SWAY_INPUT_FRAME,35,607989,626580
SWAY_OUTPUT,1824,12,630328
SWAY_OUTPUT,1825,14,630329
SWAY_OUTPUT,1826,16,630330
SWAY_OUTPUT,1827,14,630331
SWAY_OUTPUT,1828,26,630332
SWAY_OUTPUT,1829,38,630333
SWAY_OUTPUT,1830,48,630334
SWAY_OUTPUT,1831,3,630335
SWAY_OUTPUT,1832,-12,630336
SWAY_OUTPUT,1833,-28,630337
SWAY_OUTPUT,1834,18,630338
SWAY_OUTPUT,1835,21,630339
SWAY_OUTPUT,1836,23,630340
SWAY_OUTPUT,1837,24,630341
SWAY_OUTPUT,1838,8,630342
SWAY_OUTPUT,1839,-5,630343
SWAY_OUTPUT,1840,-15,630344
SWAY_OUTPUT,1841,-18,630345
SWAY_OUTPUT,1842,15,630346
SWAY_OUTPUT,1843,127,630347
SWAY_OUTPUT,1844,127,630348
SWAY_OUTPUT,1845,126,630349
SWAY_OUTPUT,1846,127,630350
SWAY_OUTPUT,1847,124,630351
SWAY_OUTPUT,1848,123,630352
SWAY_OUTPUT,1849,120,630353
SWAY_OUTPUT,1850,127,630354
SWAY_OUTPUT,1851,127,630355
SWAY_OUTPUT,1852,127,630356
SWAY_OUTPUT,1853,127,630357
SWAY_OUTPUT,1854,127,630358
SWAY_OUTPUT,1855,127,630359
SWAY_OUTPUT,1856,127,630360
SWAY_OUTPUT,1857,127,630361
SWAY_OUTPUT,1858,124,630362
SWAY_OUTPUT,1859,124,630363
SWAY_OUTPUT,1860,118,630364
SWAY_OUTPUT,1861,127,630365
SWAY_OUTPUT,1862,-12,630366
SWAY_OUTPUT,1863,9,630367
SWAY_OUTPUT,1864,29,630368
SWAY_OUTPUT,1865,38,630369
SWAY_OUTPUT,1866,20,630370
SWAY_OUTPUT,1867,14,630371
SWAY_OUTPUT,1868,9,630372
SWAY_OUTPUT,1869,22,630373
SWAY_OUTPUT,1870,20,630374
SWAY_OUTPUT,1871,19,630375
SWAY_OUTPUT,1872,-12,630376
SWAY_OUTPUT,1873,-32,630377
SWAY_OUTPUT,1874,-57,630378
SWAY_OUTPUT,1875,-60,630379
SWAY_OUTPUT,1876,-10,630380
SWAY_OUTPUT,1877,-27,630381
SWAY_OUTPUT,1878,-50,630382
SWAY_OUTPUT,1879,-53,630383
SWAY_OUTPUT,1880,24,630384
SWAY_FRAME,32,630328,630384
SWAY_INPUT_FRAME,36,626581,645172
SWAY_OUTPUT,1881,8,648920
SWAY_OUTPUT,1882,7,648921
SWAY_OUTPUT,1883,7,648922
SWAY_OUTPUT,1884,7,648923
SWAY_OUTPUT,1885,19,648924
SWAY_OUTPUT,1886,33,648925
SWAY_OUTPUT,1887,40,648926
SWAY_OUTPUT,1888,-5,648927
SWAY_OUTPUT,1889,-16,648928
SWAY_OUTPUT,1890,-21,648929
SWAY_OUTPUT,1891,13,648930
SWAY_OUTPUT,1892,19,648931
SWAY_OUTPUT,1893,24,648932
SWAY_OUTPUT,1894,26,648933
SWAY_OUTPUT,1895,3,648934
SWAY_OUTPUT,1896,-2,648935
SWAY_OUTPUT,1897,-4,648936
SWAY_OUTPUT,1898,-6,648937
SWAY_OUTPUT,1899,8,648938
SWAY_OUTPUT,1900,124,648939
SWAY_OUTPUT,1901,125,648940
SWAY_OUTPUT,1902,124,648941
SWAY_OUTPUT,1903,125,648942
SWAY_OUTPUT,1904,124,648943
SWAY_OUTPUT,1905,126,648944
SWAY_OUTPUT,1906,122,648945
SWAY_OUTPUT,1907,123,648946
SWAY_OUTPUT,1908,124,648947
SWAY_OUTPUT,1909,121,648948
SWAY_OUTPUT,1910,122,648949
SWAY_OUTPUT,1911,123,648950
SWAY_OUTPUT,1912,125,648951
SWAY_OUTPUT,1913,117,648952
SWAY_OUTPUT,1914,122,648953
SWAY_OUTPUT,1915,122,648954
SWAY_OUTPUT,1916,126,648955
SWAY_OUTPUT,1917,121,648956
SWAY_OUTPUT,1918,125,648957
SWAY_OUTPUT,1919,-10,648958
SWAY_OUTPUT,1920,12,648959
SWAY_OUTPUT,1921,32,648960
SWAY_OUTPUT,1922,41,648961
SWAY_OUTPUT,1923,24,648962
SWAY_OUTPUT,1924,22,648963
SWAY_OUTPUT,1925,26,648964
SWAY_OUTPUT,1926,23,648965
SWAY_OUTPUT,1927,18,648966
SWAY_OUTPUT,1928,17,648967
SWAY_OUTPUT,1929,-9,648968
SWAY_OUTPUT,1930,-31,648969
SWAY_OUTPUT,1931,-54,648970
SWAY_OUTPUT,1932,-57,648971
SWAY_OUTPUT,1933,-9,648972
SWAY_OUTPUT,1934,-30,648973
SWAY_OUTPUT,1935,-54,648974
SWAY_OUTPUT,1936,-58,648975
SWAY_OUTPUT,1937,27,648976
SWAY_FRAME,33,648920,648976
SWAY_INPUT_FRAME,37,645173,663764
SWAY_OUTPUT,1938,7,667512
SWAY_OUTPUT,1939,6,667513
SWAY_OUTPUT,1940,5,667514
SWAY_OUTPUT,1941,4,667515
SWAY_OUTPUT,1942,17,667516
SWAY_OUTPUT,1943,32,667517
SWAY_OUTPUT,1944,42,667518
SWAY_OUTPUT,1945,-7,667519
SWAY_OUTPUT,1946,-20,667520
SWAY_OUTPUT,1947,-29,667521
SWAY_OUTPUT,1948,12,667522
SWAY_OUTPUT,1949,21,667523
SWAY_OUTPUT,1950,29,667524
SWAY_OUTPUT,1951,32,667525
SWAY_OUTPUT,1952,2,667526
SWAY_OUTPUT,1953,-5,667527
SWAY_OUTPUT,1954,-7,667528
SWAY_OUTPUT,1955,-9,667529
SWAY_OUTPUT,1956,5,667530
SWAY_OUTPUT,1957,127,667531
SWAY_OUTPUT,1958,127,667532
SWAY_OUTPUT,1959,127,667533
SWAY_OUTPUT,1960,127,667534
SWAY_OUTPUT,1961,127,667535
SWAY_OUTPUT,1962,127,667536
SWAY_OUTPUT,1963,124,667537
SWAY_OUTPUT,1964,127,667538
SWAY_OUTPUT,1965,127,667539
SWAY_OUTPUT,1966,126,667540
SWAY_OUTPUT,1967,127,667541
SWAY_OUTPUT,1968,127,667542
SWAY_OUTPUT,1969,127,667543
SWAY_OUTPUT,1970,123,667544
SWAY_OUTPUT,1971,127,667545
SWAY_OUTPUT,1972,126,667546
SWAY_OUTPUT,1973,127,667547
SWAY_OUTPUT,1974,123,667548
SWAY_OUTPUT,1975,127,667549
SWAY_OUTPUT,1976,-11,667550
SWAY_OUTPUT,1977,10,667551
SWAY_OUTPUT,1978,30,667552
SWAY_OUTPUT,1979,39,667553
SWAY_OUTPUT,1980,23,667554
SWAY_OUTPUT,1981,21,667555
SWAY_OUTPUT,1982,23,667556
SWAY_OUTPUT,1983,22,667557
SWAY_OUTPUT,1984,18,667558
SWAY_OUTPUT,1985,16,667559
SWAY_OUTPUT,1986,-10,667560
SWAY_OUTPUT,1987,-29,667561
SWAY_OUTPUT,1988,-53,667562
SWAY_OUTPUT,1989,-57,667563
SWAY_OUTPUT,1990,-10,667564
SWAY_OUTPUT,1991,-30,667565
SWAY_OUTPUT,1992,-55,667566
SWAY_OUTPUT,1993,-59,667567
SWAY_OUTPUT,1994,25,667568
SWAY_FRAME,34,667512,667568
SWAY_INPUT_FRAME,38,663765,682356
SWAY_OUTPUT,1995,18,686104
SWAY_OUTPUT,1996,19,686105
SWAY_OUTPUT,1997,20,686106
SWAY_OUTPUT,1998,21,686107
SWAY_OUTPUT,1999,31,686108
SWAY_OUTPUT,2000,41,686109
SWAY_OUTPUT,2001,50,686110
SWAY_OUTPUT,2002,9,686111
SWAY_OUTPUT,2003,-4,686112
SWAY_OUTPUT,2004,-16,686113
SWAY_OUTPUT,2005,24,686114
SWAY_OUTPUT,2006,27,686115
SWAY_OUTPUT,2007,25,686116
SWAY_OUTPUT,2008,27,686117
SWAY_OUTPUT,2009,13,686118
SWAY_OUTPUT,2010,5,686119
SWAY_OUTPUT,2011,-4,686120
SWAY_OUTPUT,2012,-7,686121
SWAY_OUTPUT,2013,20,686122
SWAY_OUTPUT,2014,125,686123
SWAY_OUTPUT,2015,126,686124
SWAY_OUTPUT,2016,124,686125
SWAY_OUTPUT,2017,125,686126
SWAY_OUTPUT,2018,124,686127
SWAY_OUTPUT,2019,127,686128
SWAY_OUTPUT,2020,124,686129
SWAY_OUTPUT,2021,123,686130
SWAY_OUTPUT,2022,124,686131
SWAY_OUTPUT,2023,122,686132
SWAY_OUTPUT,2024,124,686133
SWAY_OUTPUT,2025,122,686134
SWAY_OUTPUT,2026,126,686135
SWAY_OUTPUT,2027,119,686136
SWAY_OUTPUT,2028,124,686137
SWAY_OUTPUT,2029,125,686138
SWAY_OUTPUT,2030,127,686139
SWAY_OUTPUT,2031,123,686140
SWAY_OUTPUT,2032,125,686141
SWAY_OUTPUT,2033,-15,686142
SWAY_OUTPUT,2034,6,686143
SWAY_OUTPUT,2035,26,686144
SWAY_OUTPUT,2036,34,686145
SWAY_OUTPUT,2037,17,686146
SWAY_OUTPUT,2038,9,686147
SWAY_OUTPUT,2039,0,686148
SWAY_OUTPUT,2040,18,686149
SWAY_OUTPUT,2041,12,686150
SWAY_OUTPUT,2042,5,686151
SWAY_OUTPUT,2043,-14,686152
SWAY_OUTPUT,2044,-33,686153
SWAY_OUTPUT,2045,-56,686154
SWAY_OUTPUT,2046,-59,686155
SWAY_OUTPUT,2047,-13,686156
SWAY_OUTPUT,2048,-31,686157
SWAY_OUTPUT,2049,-52,686158
SWAY_OUTPUT,2050,-55,686159
SWAY_OUTPUT,2051,21,686160
SWAY_FRAME,35,686104,686160
SWAY_INPUT_FRAME,39,682357,700948
SWAY_OUTPUT,2052,10,704696
SWAY_OUTPUT,2053,10,704697
SWAY_OUTPUT,2054,10,704698
SWAY_OUTPUT,2055,10,704699
SWAY_OUTPUT,2056,22,704700
SWAY_OUTPUT,2057,32,704701
SWAY_OUTPUT,2058,36,704702
SWAY_OUTPUT,2059,-2,704703
SWAY_OUTPUT,2060,-16,704704
SWAY_OUTPUT,2061,-23,704705
SWAY_OUTPUT,2062,15,704706
SWAY_OUTPUT,2063,19,704707
SWAY_OUTPUT,2064,22,704708
SWAY_OUTPUT,2065,24,704709
SWAY_OUTPUT,2066,5,704710
SWAY_OUTPUT,2067,-1,704711
SWAY_OUTPUT,2068,-3,704712
SWAY_OUTPUT,2069,-5,704713
SWAY_OUTPUT,2070,10,704714
SWAY_OUTPUT,2071,124,704715
SWAY_OUTPUT,2072,124,704716
SWAY_OUTPUT,2073,123,704717
SWAY_OUTPUT,2074,124,704718
SWAY_OUTPUT,2075,123,704719
SWAY_OUTPUT,2076,125,704720
SWAY_OUTPUT,2077,120,704721
SWAY_OUTPUT,2078,123,704722
SWAY_OUTPUT,2079,123,704723
SWAY_OUTPUT,2080,121,704724
SWAY_OUTPUT,2081,122,704725
SWAY_OUTPUT,2082,122,704726
SWAY_OUTPUT,2083,125,704727
SWAY_OUTPUT,2084,117,704728
SWAY_OUTPUT,2085,122,704729
SWAY_OUTPUT,2086,122,704730
SWAY_OUTPUT,2087,125,704731
SWAY_OUTPUT,2088,120,704732
SWAY_OUTPUT,2089,124,704733
SWAY_OUTPUT,2090,-10,704734
SWAY_OUTPUT,2091,12,704735
SWAY_OUTPUT,2092,32,704736
SWAY_OUTPUT,2093,41,704737
SWAY_OUTPUT,2094,24,704738
SWAY_OUTPUT,2095,17,704739
SWAY_OUTPUT,2096,17,704740
SWAY_OUTPUT,2097,24,704741
SWAY_OUTPUT,2098,22,704742
SWAY_OUTPUT,2099,25,704743
SWAY_OUTPUT,2100,-9,704744
SWAY_OUTPUT,2101,-32,704745
SWAY_OUTPUT,2102,-55,704746
SWAY_OUTPUT,2103,-59,704747
SWAY_OUTPUT,2104,-9,704748
SWAY_OUTPUT,2105,-31,704749
SWAY_OUTPUT,2106,-54,704750
SWAY_OUTPUT,2107,-59,704751
SWAY_OUTPUT,2108,27,704752
SWAY_FRAME,36,704696,704752
SWAY_INPUT_FRAME,40,700949,719540
SWAY_OUTPUT,2109,47,723288
SWAY_OUTPUT,2110,49,723289
SWAY_OUTPUT,2111,52,723290
SWAY_OUTPUT,2112,51,723291
SWAY_OUTPUT,2113,57,723292
SWAY_OUTPUT,2114,52,723293
SWAY_OUTPUT,2115,71,723294
SWAY_OUTPUT,2116,42,723295
SWAY_OUTPUT,2117,49,723296
SWAY_OUTPUT,2118,7,723297
SWAY_OUTPUT,2119,52,723298
SWAY_OUTPUT,2120,46,723299
SWAY_OUTPUT,2121,34,723300
SWAY_OUTPUT,2122,36,723301
SWAY_OUTPUT,2123,43,723302
SWAY_OUTPUT,2124,49,723303
SWAY_OUTPUT,2125,40,723304
SWAY_OUTPUT,2126,40,723305
SWAY_OUTPUT,2127,51,723306
SWAY_OUTPUT,2128,127,723307
SWAY_OUTPUT,2129,127,723308
SWAY_OUTPUT,2130,127,723309
SWAY_OUTPUT,2131,127,723310
SWAY_OUTPUT,2132,127,723311
SWAY_OUTPUT,2133,127,723312
SWAY_OUTPUT,2134,127,723313
SWAY_OUTPUT,2135,127,723314
SWAY_OUTPUT,2136,127,723315
SWAY_OUTPUT,2137,127,723316
SWAY_OUTPUT,2138,127,723317
SWAY_OUTPUT,2139,127,723318
SWAY_OUTPUT,2140,127,723319
SWAY_OUTPUT,2141,127,723320
SWAY_OUTPUT,2142,127,723321
SWAY_OUTPUT,2143,127,723322
SWAY_OUTPUT,2144,127,723323
SWAY_OUTPUT,2145,127,723324
SWAY_OUTPUT,2146,127,723325
SWAY_OUTPUT,2147,23,723326
SWAY_OUTPUT,2148,58,723327
SWAY_OUTPUT,2149,90,723328
SWAY_OUTPUT,2150,104,723329
SWAY_OUTPUT,2151,64,723330
SWAY_OUTPUT,2152,27,723331
SWAY_OUTPUT,2153,3,723332
SWAY_OUTPUT,2154,69,723333
SWAY_OUTPUT,2155,1,723334
SWAY_OUTPUT,2156,-45,723335
SWAY_OUTPUT,2157,23,723336
SWAY_OUTPUT,2158,-36,723337
SWAY_OUTPUT,2159,-94,723338
SWAY_OUTPUT,2160,-111,723339
SWAY_OUTPUT,2161,25,723340
SWAY_OUTPUT,2162,-40,723341
SWAY_OUTPUT,2163,-84,723342
SWAY_OUTPUT,2164,-90,723343
SWAY_OUTPUT,2165,81,723344
SWAY_FRAME,37,723288,723344
SWAY_INPUT_FRAME,41,719541,738132
SWAY_OUTPUT,2166,0,741880
SWAY_OUTPUT,2167,3,741881
SWAY_OUTPUT,2168,6,741882
SWAY_OUTPUT,2169,8,741883
SWAY_OUTPUT,2170,20,741884
SWAY_OUTPUT,2171,18,741885
SWAY_OUTPUT,2172,-24,741886
SWAY_OUTPUT,2173,-6,741887
SWAY_OUTPUT,2174,-17,741888
SWAY_OUTPUT,2175,14,741889
SWAY_OUTPUT,2176,5,741890
SWAY_OUTPUT,2177,-2,741891
SWAY_OUTPUT,2178,-2,741892
SWAY_OUTPUT,2179,-8,741893
SWAY_OUTPUT,2180,-4,741894
SWAY_OUTPUT,2181,-26,741895
SWAY_OUTPUT,2182,-29,741896
SWAY_OUTPUT,2183,-35,741897
SWAY_OUTPUT,2184,5,741898
SWAY_OUTPUT,2185,20,741899
SWAY_OUTPUT,2186,19,741900
SWAY_OUTPUT,2187,18,741901
SWAY_OUTPUT,2188,17,741902
SWAY_OUTPUT,2189,30,741903
SWAY_OUTPUT,2190,43,741904
SWAY_OUTPUT,2191,46,741905
SWAY_OUTPUT,2192,17,741906
SWAY_OUTPUT,2193,21,741907
SWAY_OUTPUT,2194,34,741908
SWAY_OUTPUT,2195,20,741909
SWAY_OUTPUT,2196,21,741910
SWAY_OUTPUT,2197,20,741911
SWAY_OUTPUT,2198,0,741912
SWAY_OUTPUT,2199,16,741913
SWAY_OUTPUT,2200,4,741914
SWAY_OUTPUT,2201,27,741915
SWAY_OUTPUT,2202,37,741916
SWAY_OUTPUT,2203,19,741917
SWAY_OUTPUT,2204,-13,741918
SWAY_OUTPUT,2205,5,741919
SWAY_OUTPUT,2206,23,741920
SWAY_OUTPUT,2207,30,741921
SWAY_OUTPUT,2208,18,741922
SWAY_OUTPUT,2209,13,741923
SWAY_OUTPUT,2210,-7,741924
SWAY_OUTPUT,2211,12,741925
SWAY_OUTPUT,2212,15,741926
SWAY_OUTPUT,2213,3,741927
SWAY_OUTPUT,2214,-13,741928
SWAY_OUTPUT,2215,-36,741929
SWAY_OUTPUT,2216,-27,741930
SWAY_OUTPUT,2217,-18,741931
SWAY_OUTPUT,2218,-12,741932
SWAY_OUTPUT,2219,-20,741933
SWAY_OUTPUT,2220,-20,741934
SWAY_OUTPUT,2221,-28,741935
SWAY_OUTPUT,2222,19,741936
SWAY_FRAME,38,741880,741936
SWAY_INPUT_FRAME,42,738133,756724
SWAY_OUTPUT,2223,13,760472
SWAY_OUTPUT,2224,10,760473
SWAY_OUTPUT,2225,10,760474
SWAY_OUTPUT,2226,11,760475
SWAY_OUTPUT,2227,15,760476
SWAY_OUTPUT,2228,30,760477
SWAY_OUTPUT,2229,69,760478
SWAY_OUTPUT,2230,6,760479
SWAY_OUTPUT,2231,4,760480
SWAY_OUTPUT,2232,-10,760481
SWAY_OUTPUT,2233,18,760482
SWAY_OUTPUT,2234,7,760483
SWAY_OUTPUT,2235,21,760484
SWAY_OUTPUT,2236,29,760485
SWAY_OUTPUT,2237,9,760486
SWAY_OUTPUT,2238,31,760487
SWAY_OUTPUT,2239,35,760488
SWAY_OUTPUT,2240,36,760489
SWAY_OUTPUT,2241,11,760490
SWAY_OUTPUT,2242,127,760491
SWAY_OUTPUT,2243,127,760492
SWAY_OUTPUT,2244,127,760493
SWAY_OUTPUT,2245,127,760494
SWAY_OUTPUT,2246,127,760495
SWAY_OUTPUT,2247,127,760496
SWAY_OUTPUT,2248,127,760497
SWAY_OUTPUT,2249,127,760498
SWAY_OUTPUT,2250,127,760499
SWAY_OUTPUT,2251,127,760500
SWAY_OUTPUT,2252,127,760501
SWAY_OUTPUT,2253,127,760502
SWAY_OUTPUT,2254,127,760503
SWAY_OUTPUT,2255,127,760504
SWAY_OUTPUT,2256,127,760505
SWAY_OUTPUT,2257,127,760506
SWAY_OUTPUT,2258,127,760507
SWAY_OUTPUT,2259,127,760508
SWAY_OUTPUT,2260,127,760509
SWAY_OUTPUT,2261,-30,760510
SWAY_OUTPUT,2262,-12,760511
SWAY_OUTPUT,2263,5,760512
SWAY_OUTPUT,2264,10,760513
SWAY_OUTPUT,2265,1,760514
SWAY_OUTPUT,2266,6,760515
SWAY_OUTPUT,2267,2,760516
SWAY_OUTPUT,2268,-2,760517
SWAY_OUTPUT,2269,-20,760518
SWAY_OUTPUT,2270,-51,760519
SWAY_OUTPUT,2271,-29,760520
SWAY_OUTPUT,2272,-40,760521
SWAY_OUTPUT,2273,-68,760522
SWAY_OUTPUT,2274,-73,760523
SWAY_OUTPUT,2275,-29,760524
SWAY_OUTPUT,2276,-37,760525
SWAY_OUTPUT,2277,-61,760526
SWAY_OUTPUT,2278,-70,760527
SWAY_OUTPUT,2279,0,760528
SWAY_FRAME,39,760472,760528
SWAY_INPUT_FRAME,43,756725,775316
SWAY_OUTPUT,2280,13,779064
SWAY_OUTPUT,2281,13,779065
SWAY_OUTPUT,2282,13,779066
SWAY_OUTPUT,2283,13,779067
SWAY_OUTPUT,2284,25,779068
SWAY_OUTPUT,2285,36,779069
SWAY_OUTPUT,2286,45,779070
SWAY_OUTPUT,2287,2,779071
SWAY_OUTPUT,2288,-6,779072
SWAY_OUTPUT,2289,-12,779073
SWAY_OUTPUT,2290,18,779074
SWAY_OUTPUT,2291,21,779075
SWAY_OUTPUT,2292,22,779076
SWAY_OUTPUT,2293,23,779077
SWAY_OUTPUT,2294,8,779078
SWAY_OUTPUT,2295,2,779079
SWAY_OUTPUT,2296,-2,779080
SWAY_OUTPUT,2297,-4,779081
SWAY_OUTPUT,2298,13,779082
SWAY_OUTPUT,2299,126,779083
SWAY_OUTPUT,2300,127,779084
SWAY_OUTPUT,2301,125,779085
SWAY_OUTPUT,2302,126,779086
SWAY_OUTPUT,2303,126,779087
SWAY_OUTPUT,2304,127,779088
SWAY_OUTPUT,2305,126,779089
SWAY_OUTPUT,2306,124,779090
SWAY_OUTPUT,2307,124,779091
SWAY_OUTPUT,2308,121,779092
SWAY_OUTPUT,2309,125,779093
SWAY_OUTPUT,2310,124,779094
SWAY_OUTPUT,2311,127,779095
SWAY_OUTPUT,2312,120,779096
SWAY_OUTPUT,2313,124,779097
SWAY_OUTPUT,2314,125,779098
SWAY_OUTPUT,2315,127,779099
SWAY_OUTPUT,2316,123,779100
SWAY_OUTPUT,2317,127,779101
SWAY_OUTPUT,2318,-15,779102
SWAY_OUTPUT,2319,6,779103
SWAY_OUTPUT,2320,25,779104
SWAY_OUTPUT,2321,34,779105
SWAY_OUTPUT,2322,18,779106
SWAY_OUTPUT,2323,12,779107
SWAY_OUTPUT,2324,7,779108
SWAY_OUTPUT,2325,17,779109
SWAY_OUTPUT,2326,6,779110
SWAY_OUTPUT,2327,-5,779111
SWAY_OUTPUT,2328,-14,779112
SWAY_OUTPUT,2329,-33,779113
SWAY_OUTPUT,2330,-56,779114
SWAY_OUTPUT,2331,-58,779115
SWAY_OUTPUT,2332,-14,779116
SWAY_OUTPUT,2333,-32,779117
SWAY_OUTPUT,2334,-54,779118
SWAY_OUTPUT,2335,-58,779119
SWAY_OUTPUT,2336,20,779120
SWAY_FRAME,40,779064,779120
SWAY_INPUT_FRAME,44,775317,793908
SWAY_OUTPUT,2337,13,797656
SWAY_OUTPUT,2338,13,797657
SWAY_OUTPUT,2339,13,797658
SWAY_OUTPUT,2340,13,797659
SWAY_OUTPUT,2341,25,797660
SWAY_OUTPUT,2342,36,797661
SWAY_OUTPUT,2343,45,797662
SWAY_OUTPUT,2344,2,797663
SWAY_OUTPUT,2345,-6,797664
SWAY_OUTPUT,2346,-12,797665
SWAY_OUTPUT,2347,18,797666
SWAY_OUTPUT,2348,21,797667
SWAY_OUTPUT,2349,22,797668
SWAY_OUTPUT,2350,23,797669
SWAY_OUTPUT,2351,8,797670
SWAY_OUTPUT,2352,2,797671
SWAY_OUTPUT,2353,-2,797672
SWAY_OUTPUT,2354,-4,797673
SWAY_OUTPUT,2355,13,797674
SWAY_OUTPUT,2356,126,797675
SWAY_OUTPUT,2357,127,797676
SWAY_OUTPUT,2358,125,797677
SWAY_OUTPUT,2359,126,797678
SWAY_OUTPUT,2360,126,797679
SWAY_OUTPUT,2361,127,797680
SWAY_OUTPUT,2362,126,797681
SWAY_OUTPUT,2363,124,797682
SWAY_OUTPUT,2364,124,797683
SWAY_OUTPUT,2365,121,797684
SWAY_OUTPUT,2366,125,797685
SWAY_OUTPUT,2367,124,797686
SWAY_OUTPUT,2368,127,797687
SWAY_OUTPUT,2369,120,797688
SWAY_OUTPUT,2370,124,797689
SWAY_OUTPUT,2371,125,797690
SWAY_OUTPUT,2372,127,797691
SWAY_OUTPUT,2373,123,797692
SWAY_OUTPUT,2374,127,797693
SWAY_OUTPUT,2375,-15,797694
SWAY_OUTPUT,2376,6,797695
SWAY_OUTPUT,2377,25,797696
SWAY_OUTPUT,2378,34,797697
SWAY_OUTPUT,2379,18,797698
SWAY_OUTPUT,2380,12,797699
SWAY_OUTPUT,2381,7,797700
SWAY_OUTPUT,2382,17,797701
SWAY_OUTPUT,2383,6,797702
SWAY_OUTPUT,2384,-5,797703
SWAY_OUTPUT,2385,-14,797704
SWAY_OUTPUT,2386,-33,797705
SWAY_OUTPUT,2387,-56,797706
SWAY_OUTPUT,2388,-58,797707
SWAY_OUTPUT,2389,-14,797708
SWAY_OUTPUT,2390,-32,797709
SWAY_OUTPUT,2391,-54,797710
SWAY_OUTPUT,2392,-58,797711
SWAY_OUTPUT,2393,20,797712
SWAY_FRAME,41,797656,797712
SWAY_INPUT_FRAME,45,793909,812500
SWAY_OUTPUT,2394,13,816248
SWAY_OUTPUT,2395,13,816249
SWAY_OUTPUT,2396,13,816250
SWAY_OUTPUT,2397,13,816251
SWAY_OUTPUT,2398,25,816252
SWAY_OUTPUT,2399,36,816253
SWAY_OUTPUT,2400,45,816254
SWAY_OUTPUT,2401,2,816255
SWAY_OUTPUT,2402,-6,816256
SWAY_OUTPUT,2403,-12,816257
SWAY_OUTPUT,2404,18,816258
SWAY_OUTPUT,2405,21,816259
SWAY_OUTPUT,2406,22,816260
SWAY_OUTPUT,2407,23,816261
SWAY_OUTPUT,2408,8,816262
SWAY_OUTPUT,2409,2,816263
SWAY_OUTPUT,2410,-2,816264
SWAY_OUTPUT,2411,-4,816265
SWAY_OUTPUT,2412,13,816266
SWAY_OUTPUT,2413,126,816267
SWAY_OUTPUT,2414,127,816268
SWAY_OUTPUT,2415,125,816269
SWAY_OUTPUT,2416,126,816270
SWAY_OUTPUT,2417,126,816271
SWAY_OUTPUT,2418,127,816272
SWAY_OUTPUT,2419,126,816273
SWAY_OUTPUT,2420,124,816274
SWAY_OUTPUT,2421,124,816275
SWAY_OUTPUT,2422,121,816276
SWAY_OUTPUT,2423,125,816277
SWAY_OUTPUT,2424,124,816278
SWAY_OUTPUT,2425,127,816279
SWAY_OUTPUT,2426,120,816280
SWAY_OUTPUT,2427,124,816281
SWAY_OUTPUT,2428,125,816282
SWAY_OUTPUT,2429,127,816283
SWAY_OUTPUT,2430,123,816284
SWAY_OUTPUT,2431,127,816285
SWAY_OUTPUT,2432,-15,816286
SWAY_OUTPUT,2433,6,816287
SWAY_OUTPUT,2434,25,816288
SWAY_OUTPUT,2435,34,816289
SWAY_OUTPUT,2436,18,816290
SWAY_OUTPUT,2437,12,816291
SWAY_OUTPUT,2438,7,816292
SWAY_OUTPUT,2439,17,816293
SWAY_OUTPUT,2440,6,816294
SWAY_OUTPUT,2441,-5,816295
SWAY_OUTPUT,2442,-14,816296
SWAY_OUTPUT,2443,-33,816297
SWAY_OUTPUT,2444,-56,816298
SWAY_OUTPUT,2445,-58,816299
SWAY_OUTPUT,2446,-14,816300
SWAY_OUTPUT,2447,-32,816301
SWAY_OUTPUT,2448,-54,816302
SWAY_OUTPUT,2449,-58,816303
SWAY_OUTPUT,2450,20,816304
SWAY_FRAME,42,816248,816304
SWAY_INPUT_FRAME,46,812501,831092
SWAY_OUTPUT,2451,11,834840
SWAY_OUTPUT,2452,11,834841
SWAY_OUTPUT,2453,11,834842
SWAY_OUTPUT,2454,11,834843
SWAY_OUTPUT,2455,23,834844
SWAY_OUTPUT,2456,32,834845
SWAY_OUTPUT,2457,40,834846
SWAY_OUTPUT,2458,-1,834847
SWAY_OUTPUT,2459,-9,834848
SWAY_OUTPUT,2460,-16,834849
SWAY_OUTPUT,2461,16,834850
SWAY_OUTPUT,2462,20,834851
SWAY_OUTPUT,2463,22,834852
SWAY_OUTPUT,2464,24,834853
SWAY_OUTPUT,2465,6,834854
SWAY_OUTPUT,2466,1,834855
SWAY_OUTPUT,2467,-3,834856
SWAY_OUTPUT,2468,-5,834857
SWAY_OUTPUT,2469,11,834858
SWAY_OUTPUT,2470,126,834859
SWAY_OUTPUT,2471,127,834860
SWAY_OUTPUT,2472,126,834861
SWAY_OUTPUT,2473,126,834862
SWAY_OUTPUT,2474,126,834863
SWAY_OUTPUT,2475,127,834864
SWAY_OUTPUT,2476,125,834865
SWAY_OUTPUT,2477,124,834866
SWAY_OUTPUT,2478,125,834867
SWAY_OUTPUT,2479,123,834868
SWAY_OUTPUT,2480,124,834869
SWAY_OUTPUT,2481,125,834870
SWAY_OUTPUT,2482,126,834871
SWAY_OUTPUT,2483,119,834872
SWAY_OUTPUT,2484,124,834873
SWAY_OUTPUT,2485,126,834874
SWAY_OUTPUT,2486,127,834875
SWAY_OUTPUT,2487,124,834876
SWAY_OUTPUT,2488,127,834877
SWAY_OUTPUT,2489,-10,834878
SWAY_OUTPUT,2490,12,834879
SWAY_OUTPUT,2491,32,834880
SWAY_OUTPUT,2492,41,834881
SWAY_OUTPUT,2493,24,834882
SWAY_OUTPUT,2494,15,834883
SWAY_OUTPUT,2495,7,834884
SWAY_OUTPUT,2496,23,834885
SWAY_OUTPUT,2497,13,834886
SWAY_OUTPUT,2498,3,834887
SWAY_OUTPUT,2499,-9,834888
SWAY_OUTPUT,2500,-31,834889
SWAY_OUTPUT,2501,-54,834890
SWAY_OUTPUT,2502,-58,834891
SWAY_OUTPUT,2503,-9,834892
SWAY_OUTPUT,2504,-30,834893
SWAY_OUTPUT,2505,-53,834894
SWAY_OUTPUT,2506,-57,834895
SWAY_OUTPUT,2507,27,834896
SWAY_FRAME,43,834840,834896
SWAY_INPUT_FRAME,47,831093,849684
SWAY_OUTPUT,2508,10,853432
SWAY_OUTPUT,2509,10,853433
SWAY_OUTPUT,2510,10,853434
SWAY_OUTPUT,2511,10,853435
SWAY_OUTPUT,2512,21,853436
SWAY_OUTPUT,2513,29,853437
SWAY_OUTPUT,2514,38,853438
SWAY_OUTPUT,2515,-1,853439
SWAY_OUTPUT,2516,-8,853440
SWAY_OUTPUT,2517,-15,853441
SWAY_OUTPUT,2518,16,853442
SWAY_OUTPUT,2519,18,853443
SWAY_OUTPUT,2520,19,853444
SWAY_OUTPUT,2521,20,853445
SWAY_OUTPUT,2522,6,853446
SWAY_OUTPUT,2523,3,853447
SWAY_OUTPUT,2524,2,853448
SWAY_OUTPUT,2525,1,853449
SWAY_OUTPUT,2526,10,853450
SWAY_OUTPUT,2527,127,853451
SWAY_OUTPUT,2528,127,853452
SWAY_OUTPUT,2529,127,853453
SWAY_OUTPUT,2530,127,853454
SWAY_OUTPUT,2531,127,853455
SWAY_OUTPUT,2532,127,853456
SWAY_OUTPUT,2533,127,853457
SWAY_OUTPUT,2534,127,853458
SWAY_OUTPUT,2535,127,853459
SWAY_OUTPUT,2536,125,853460
SWAY_OUTPUT,2537,127,853461
SWAY_OUTPUT,2538,127,853462
SWAY_OUTPUT,2539,127,853463
SWAY_OUTPUT,2540,124,853464
SWAY_OUTPUT,2541,127,853465
SWAY_OUTPUT,2542,127,853466
SWAY_OUTPUT,2543,127,853467
SWAY_OUTPUT,2544,125,853468
SWAY_OUTPUT,2545,127,853469
SWAY_OUTPUT,2546,-18,853470
SWAY_OUTPUT,2547,2,853471
SWAY_OUTPUT,2548,22,853472
SWAY_OUTPUT,2549,30,853473
SWAY_OUTPUT,2550,14,853474
SWAY_OUTPUT,2551,5,853475
SWAY_OUTPUT,2552,-5,853476
SWAY_OUTPUT,2553,14,853477
SWAY_OUTPUT,2554,2,853478
SWAY_OUTPUT,2555,-10,853479
SWAY_OUTPUT,2556,-17,853480
SWAY_OUTPUT,2557,-34,853481
SWAY_OUTPUT,2558,-57,853482
SWAY_OUTPUT,2559,-60,853483
SWAY_OUTPUT,2560,-17,853484
SWAY_OUTPUT,2561,-34,853485
SWAY_OUTPUT,2562,-56,853486
SWAY_OUTPUT,2563,-60,853487
SWAY_OUTPUT,2564,17,853488
SWAY_FRAME,44,853432,853488
SWAY_INPUT_FRAME,48,849685,868276
SWAY_OUTPUT,2565,11,872024
SWAY_OUTPUT,2566,10,872025
SWAY_OUTPUT,2567,10,872026
SWAY_OUTPUT,2568,10,872027
SWAY_OUTPUT,2569,22,872028
SWAY_OUTPUT,2570,32,872029
SWAY_OUTPUT,2571,39,872030
SWAY_OUTPUT,2572,-2,872031
SWAY_OUTPUT,2573,-11,872032
SWAY_OUTPUT,2574,-15,872033
SWAY_OUTPUT,2575,16,872034
SWAY_OUTPUT,2576,20,872035
SWAY_OUTPUT,2577,22,872036
SWAY_OUTPUT,2578,24,872037
SWAY_OUTPUT,2579,6,872038
SWAY_OUTPUT,2580,3,872039
SWAY_OUTPUT,2581,2,872040
SWAY_OUTPUT,2582,0,872041
SWAY_OUTPUT,2583,10,872042
SWAY_OUTPUT,2584,125,872043
SWAY_OUTPUT,2585,126,872044
SWAY_OUTPUT,2586,126,872045
SWAY_OUTPUT,2587,127,872046
SWAY_OUTPUT,2588,127,872047
SWAY_OUTPUT,2589,127,872048
SWAY_OUTPUT,2590,125,872049
SWAY_OUTPUT,2591,125,872050
SWAY_OUTPUT,2592,125,872051
SWAY_OUTPUT,2593,122,872052
SWAY_OUTPUT,2594,123,872053
SWAY_OUTPUT,2595,126,872054
SWAY_OUTPUT,2596,126,872055
SWAY_OUTPUT,2597,119,872056
SWAY_OUTPUT,2598,123,872057
SWAY_OUTPUT,2599,126,872058
SWAY_OUTPUT,2600,127,872059
SWAY_OUTPUT,2601,123,872060
SWAY_OUTPUT,2602,127,872061
SWAY_OUTPUT,2603,-7,872062
SWAY_OUTPUT,2604,15,872063
SWAY_OUTPUT,2605,36,872064
SWAY_OUTPUT,2606,45,872065
SWAY_OUTPUT,2607,28,872066
SWAY_OUTPUT,2608,21,872067
SWAY_OUTPUT,2609,16,872068
SWAY_OUTPUT,2610,27,872069
SWAY_OUTPUT,2611,18,872070
SWAY_OUTPUT,2612,10,872071
SWAY_OUTPUT,2613,-6,872072
SWAY_OUTPUT,2614,-31,872073
SWAY_OUTPUT,2615,-54,872074
SWAY_OUTPUT,2616,-58,872075
SWAY_OUTPUT,2617,-6,872076
SWAY_OUTPUT,2618,-31,872077
SWAY_OUTPUT,2619,-55,872078
SWAY_OUTPUT,2620,-60,872079
SWAY_OUTPUT,2621,31,872080
SWAY_FRAME,45,872024,872080
SWAY_INPUT_FRAME,49,868277,886868
SWAY_OUTPUT,2622,12,890616
SWAY_OUTPUT,2623,14,890617
SWAY_OUTPUT,2624,16,890618
SWAY_OUTPUT,2625,14,890619
SWAY_OUTPUT,2626,26,890620
SWAY_OUTPUT,2627,38,890621
SWAY_OUTPUT,2628,48,890622
SWAY_OUTPUT,2629,3,890623
SWAY_OUTPUT,2630,-12,890624
SWAY_OUTPUT,2631,-28,890625
SWAY_OUTPUT,2632,18,890626
SWAY_OUTPUT,2633,21,890627
SWAY_OUTPUT,2634,23,890628
SWAY_OUTPUT,2635,24,890629
SWAY_OUTPUT,2636,8,890630
SWAY_OUTPUT,2637,-5,890631
SWAY_OUTPUT,2638,-15,890632
SWAY_OUTPUT,2639,-18,890633
SWAY_OUTPUT,2640,15,890634
SWAY_OUTPUT,2641,127,890635
SWAY_OUTPUT,2642,127,890636
SWAY_OUTPUT,2643,126,890637
SWAY_OUTPUT,2644,127,890638
SWAY_OUTPUT,2645,124,890639
SWAY_OUTPUT,2646,123,890640
SWAY_OUTPUT,2647,120,890641
SWAY_OUTPUT,2648,127,890642
SWAY_OUTPUT,2649,127,890643
SWAY_OUTPUT,2650,127,890644
SWAY_OUTPUT,2651,127,890645
SWAY_OUTPUT,2652,127,890646
SWAY_OUTPUT,2653,127,890647
SWAY_OUTPUT,2654,127,890648
SWAY_OUTPUT,2655,127,890649
SWAY_OUTPUT,2656,124,890650
SWAY_OUTPUT,2657,124,890651
SWAY_OUTPUT,2658,118,890652
SWAY_OUTPUT,2659,127,890653
SWAY_OUTPUT,2660,-12,890654
SWAY_OUTPUT,2661,9,890655
SWAY_OUTPUT,2662,29,890656
SWAY_OUTPUT,2663,38,890657
SWAY_OUTPUT,2664,20,890658
SWAY_OUTPUT,2665,14,890659
SWAY_OUTPUT,2666,9,890660
SWAY_OUTPUT,2667,22,890661
SWAY_OUTPUT,2668,20,890662
SWAY_OUTPUT,2669,19,890663
SWAY_OUTPUT,2670,-12,890664
SWAY_OUTPUT,2671,-32,890665
SWAY_OUTPUT,2672,-57,890666
SWAY_OUTPUT,2673,-60,890667
SWAY_OUTPUT,2674,-10,890668
SWAY_OUTPUT,2675,-27,890669
SWAY_OUTPUT,2676,-50,890670
SWAY_OUTPUT,2677,-53,890671
SWAY_OUTPUT,2678,24,890672
SWAY_FRAME,46,890616,890672
SWAY_INPUT_FRAME,50,886869,905460
SWAY_OUTPUT,2679,8,909208
SWAY_OUTPUT,2680,7,909209
SWAY_OUTPUT,2681,7,909210
SWAY_OUTPUT,2682,7,909211
SWAY_OUTPUT,2683,19,909212
SWAY_OUTPUT,2684,33,909213
SWAY_OUTPUT,2685,40,909214
SWAY_OUTPUT,2686,-5,909215
SWAY_OUTPUT,2687,-16,909216
SWAY_OUTPUT,2688,-21,909217
SWAY_OUTPUT,2689,13,909218
SWAY_OUTPUT,2690,19,909219
SWAY_OUTPUT,2691,24,909220
SWAY_OUTPUT,2692,26,909221
SWAY_OUTPUT,2693,3,909222
SWAY_OUTPUT,2694,-2,909223
SWAY_OUTPUT,2695,-4,909224
SWAY_OUTPUT,2696,-6,909225
SWAY_OUTPUT,2697,8,909226
SWAY_OUTPUT,2698,124,909227
SWAY_OUTPUT,2699,125,909228
SWAY_OUTPUT,2700,124,909229
SWAY_OUTPUT,2701,125,909230
SWAY_OUTPUT,2702,124,909231
SWAY_OUTPUT,2703,126,909232
SWAY_OUTPUT,2704,122,909233
SWAY_OUTPUT,2705,123,909234
SWAY_OUTPUT,2706,124,909235
SWAY_OUTPUT,2707,121,909236
SWAY_OUTPUT,2708,122,909237
SWAY_OUTPUT,2709,123,909238
SWAY_OUTPUT,2710,125,909239
SWAY_OUTPUT,2711,117,909240
SWAY_OUTPUT,2712,122,909241
SWAY_OUTPUT,2713,122,909242
SWAY_OUTPUT,2714,126,909243
SWAY_OUTPUT,2715,121,909244
SWAY_OUTPUT,2716,125,909245
SWAY_OUTPUT,2717,-10,909246
SWAY_OUTPUT,2718,12,909247
SWAY_OUTPUT,2719,32,909248
SWAY_OUTPUT,2720,41,909249
SWAY_OUTPUT,2721,24,909250
SWAY_OUTPUT,2722,22,909251
SWAY_OUTPUT,2723,26,909252
SWAY_OUTPUT,2724,23,909253
SWAY_OUTPUT,2725,18,909254
SWAY_OUTPUT,2726,17,909255
SWAY_OUTPUT,2727,-9,909256
SWAY_OUTPUT,2728,-31,909257
SWAY_OUTPUT,2729,-54,909258
SWAY_OUTPUT,2730,-57,909259
SWAY_OUTPUT,2731,-9,909260
SWAY_OUTPUT,2732,-30,909261
SWAY_OUTPUT,2733,-54,909262
SWAY_OUTPUT,2734,-58,909263
SWAY_OUTPUT,2735,27,909264
SWAY_FRAME,47,909208,909264
SWAY_INPUT_FRAME,51,905461,924052
SWAY_OUTPUT,2736,7,927800
SWAY_OUTPUT,2737,6,927801
SWAY_OUTPUT,2738,5,927802
SWAY_OUTPUT,2739,4,927803
SWAY_OUTPUT,2740,17,927804
SWAY_OUTPUT,2741,32,927805
SWAY_OUTPUT,2742,42,927806
SWAY_OUTPUT,2743,-7,927807
SWAY_OUTPUT,2744,-20,927808
SWAY_OUTPUT,2745,-29,927809
SWAY_OUTPUT,2746,12,927810
SWAY_OUTPUT,2747,21,927811
SWAY_OUTPUT,2748,29,927812
SWAY_OUTPUT,2749,32,927813
SWAY_OUTPUT,2750,2,927814
SWAY_OUTPUT,2751,-5,927815
SWAY_OUTPUT,2752,-7,927816
SWAY_OUTPUT,2753,-9,927817
SWAY_OUTPUT,2754,5,927818
SWAY_OUTPUT,2755,127,927819
SWAY_OUTPUT,2756,127,927820
SWAY_OUTPUT,2757,127,927821
SWAY_OUTPUT,2758,127,927822
SWAY_OUTPUT,2759,127,927823
SWAY_OUTPUT,2760,127,927824
SWAY_OUTPUT,2761,124,927825
SWAY_OUTPUT,2762,127,927826
SWAY_OUTPUT,2763,127,927827
SWAY_OUTPUT,2764,126,927828
SWAY_OUTPUT,2765,127,927829
SWAY_OUTPUT,2766,127,927830
SWAY_OUTPUT,2767,127,927831
SWAY_OUTPUT,2768,123,927832
SWAY_OUTPUT,2769,127,927833
SWAY_OUTPUT,2770,126,927834
SWAY_OUTPUT,2771,127,927835
SWAY_OUTPUT,2772,123,927836
SWAY_OUTPUT,2773,127,927837
SWAY_OUTPUT,2774,-11,927838
SWAY_OUTPUT,2775,10,927839
SWAY_OUTPUT,2776,30,927840
SWAY_OUTPUT,2777,39,927841
SWAY_OUTPUT,2778,23,927842
SWAY_OUTPUT,2779,21,927843
SWAY_OUTPUT,2780,23,927844
SWAY_OUTPUT,2781,22,927845
SWAY_OUTPUT,2782,18,927846
SWAY_OUTPUT,2783,16,927847
SWAY_OUTPUT,2784,-10,927848
SWAY_OUTPUT,2785,-29,927849
SWAY_OUTPUT,2786,-53,927850
SWAY_OUTPUT,2787,-57,927851
SWAY_OUTPUT,2788,-10,927852
SWAY_OUTPUT,2789,-30,927853
SWAY_OUTPUT,2790,-55,927854
SWAY_OUTPUT,2791,-59,927855
SWAY_OUTPUT,2792,25,927856
SWAY_FRAME,48,927800,927856
SWAY_INPUT_FRAME,52,924053,942644
SWAY_OUTPUT,2793,18,946392
SWAY_OUTPUT,2794,19,946393
SWAY_OUTPUT,2795,20,946394
SWAY_OUTPUT,2796,21,946395
SWAY_OUTPUT,2797,31,946396
SWAY_OUTPUT,2798,41,946397
SWAY_OUTPUT,2799,50,946398
SWAY_OUTPUT,2800,9,946399
SWAY_OUTPUT,2801,-4,946400
SWAY_OUTPUT,2802,-16,946401
SWAY_OUTPUT,2803,24,946402
SWAY_OUTPUT,2804,27,946403
SWAY_OUTPUT,2805,25,946404
SWAY_OUTPUT,2806,27,946405
SWAY_OUTPUT,2807,13,946406
SWAY_OUTPUT,2808,5,946407
SWAY_OUTPUT,2809,-4,946408
SWAY_OUTPUT,2810,-7,946409
SWAY_OUTPUT,2811,20,946410
SWAY_OUTPUT,2812,125,946411
SWAY_OUTPUT,2813,126,946412
SWAY_OUTPUT,2814,124,946413
SWAY_OUTPUT,2815,125,946414
SWAY_OUTPUT,2816,124,946415
SWAY_OUTPUT,2817,127,946416
SWAY_OUTPUT,2818,124,946417
SWAY_OUTPUT,2819,123,946418
SWAY_OUTPUT,2820,124,946419
SWAY_OUTPUT,2821,122,946420
SWAY_OUTPUT,2822,124,946421
SWAY_OUTPUT,2823,122,946422
SWAY_OUTPUT,2824,126,946423
SWAY_OUTPUT,2825,119,946424
SWAY_OUTPUT,2826,124,946425
SWAY_OUTPUT,2827,125,946426
SWAY_OUTPUT,2828,127,946427
SWAY_OUTPUT,2829,123,946428
SWAY_OUTPUT,2830,125,946429
SWAY_OUTPUT,2831,-15,946430
SWAY_OUTPUT,2832,6,946431
SWAY_OUTPUT,2833,26,946432
SWAY_OUTPUT,2834,34,946433
SWAY_OUTPUT,2835,17,946434
SWAY_OUTPUT,2836,9,946435
SWAY_OUTPUT,2837,0,946436
SWAY_OUTPUT,2838,18,946437
SWAY_OUTPUT,2839,12,946438
SWAY_OUTPUT,2840,5,946439
SWAY_OUTPUT,2841,-14,946440
SWAY_OUTPUT,2842,-33,946441
SWAY_OUTPUT,2843,-56,946442
SWAY_OUTPUT,2844,-59,946443
SWAY_OUTPUT,2845,-13,946444
SWAY_OUTPUT,2846,-31,946445
SWAY_OUTPUT,2847,-52,946446
SWAY_OUTPUT,2848,-55,946447
SWAY_OUTPUT,2849,21,946448
SWAY_FRAME,49,946392,946448
SWAY_INPUT_FRAME,53,942645,961236
SWAY_OUTPUT,2850,10,964984
SWAY_OUTPUT,2851,10,964985
SWAY_OUTPUT,2852,10,964986
SWAY_OUTPUT,2853,10,964987
SWAY_OUTPUT,2854,22,964988
SWAY_OUTPUT,2855,32,964989
SWAY_OUTPUT,2856,36,964990
SWAY_OUTPUT,2857,-2,964991
SWAY_OUTPUT,2858,-16,964992
SWAY_OUTPUT,2859,-23,964993
SWAY_OUTPUT,2860,15,964994
SWAY_OUTPUT,2861,19,964995
SWAY_OUTPUT,2862,22,964996
SWAY_OUTPUT,2863,24,964997
SWAY_OUTPUT,2864,5,964998
SWAY_OUTPUT,2865,-1,964999
SWAY_OUTPUT,2866,-3,965000
SWAY_OUTPUT,2867,-5,965001
SWAY_OUTPUT,2868,10,965002
SWAY_OUTPUT,2869,124,965003
SWAY_OUTPUT,2870,124,965004
SWAY_OUTPUT,2871,123,965005
SWAY_OUTPUT,2872,124,965006
SWAY_OUTPUT,2873,123,965007
SWAY_OUTPUT,2874,125,965008
SWAY_OUTPUT,2875,120,965009
SWAY_OUTPUT,2876,123,965010
SWAY_OUTPUT,2877,123,965011
SWAY_OUTPUT,2878,121,965012
SWAY_OUTPUT,2879,122,965013
SWAY_OUTPUT,2880,122,965014
SWAY_OUTPUT,2881,125,965015
SWAY_OUTPUT,2882,117,965016
SWAY_OUTPUT,2883,122,965017
SWAY_OUTPUT,2884,122,965018
SWAY_OUTPUT,2885,125,965019
SWAY_OUTPUT,2886,120,965020
SWAY_OUTPUT,2887,124,965021
SWAY_OUTPUT,2888,-10,965022
SWAY_OUTPUT,2889,12,965023
SWAY_OUTPUT,2890,32,965024
SWAY_OUTPUT,2891,41,965025
SWAY_OUTPUT,2892,24,965026
SWAY_OUTPUT,2893,17,965027
SWAY_OUTPUT,2894,17,965028
SWAY_OUTPUT,2895,24,965029
SWAY_OUTPUT,2896,22,965030
SWAY_OUTPUT,2897,25,965031
SWAY_OUTPUT,2898,-9,965032
SWAY_OUTPUT,2899,-32,965033
SWAY_OUTPUT,2900,-55,965034
SWAY_OUTPUT,2901,-59,965035
SWAY_OUTPUT,2902,-9,965036
SWAY_OUTPUT,2903,-31,965037
SWAY_OUTPUT,2904,-54,965038
SWAY_OUTPUT,2905,-59,965039
SWAY_OUTPUT,2906,27,965040
SWAY_FRAME,50,964984,965040
SWAY_INPUT_FRAME,54,961237,979828
SWAY_OUTPUT,2907,47,983576
SWAY_OUTPUT,2908,49,983577
SWAY_OUTPUT,2909,52,983578
SWAY_OUTPUT,2910,51,983579
SWAY_OUTPUT,2911,57,983580
SWAY_OUTPUT,2912,52,983581
SWAY_OUTPUT,2913,71,983582
SWAY_OUTPUT,2914,42,983583
SWAY_OUTPUT,2915,49,983584
SWAY_OUTPUT,2916,7,983585
SWAY_OUTPUT,2917,52,983586
SWAY_OUTPUT,2918,46,983587
SWAY_OUTPUT,2919,34,983588
SWAY_OUTPUT,2920,36,983589
SWAY_OUTPUT,2921,43,983590
SWAY_OUTPUT,2922,49,983591
SWAY_OUTPUT,2923,40,983592
SWAY_OUTPUT,2924,40,983593
SWAY_OUTPUT,2925,51,983594
SWAY_OUTPUT,2926,127,983595
SWAY_OUTPUT,2927,127,983596
SWAY_OUTPUT,2928,127,983597
SWAY_OUTPUT,2929,127,983598
SWAY_OUTPUT,2930,127,983599
SWAY_OUTPUT,2931,127,983600
SWAY_OUTPUT,2932,127,983601
SWAY_OUTPUT,2933,127,983602
SWAY_OUTPUT,2934,127,983603
SWAY_OUTPUT,2935,127,983604
SWAY_OUTPUT,2936,127,983605
SWAY_OUTPUT,2937,127,983606
SWAY_OUTPUT,2938,127,983607
SWAY_OUTPUT,2939,127,983608
SWAY_OUTPUT,2940,127,983609
SWAY_OUTPUT,2941,127,983610
SWAY_OUTPUT,2942,127,983611
SWAY_OUTPUT,2943,127,983612
SWAY_OUTPUT,2944,127,983613
SWAY_OUTPUT,2945,23,983614
SWAY_OUTPUT,2946,58,983615
SWAY_OUTPUT,2947,90,983616
SWAY_OUTPUT,2948,104,983617
SWAY_OUTPUT,2949,64,983618
SWAY_OUTPUT,2950,27,983619
SWAY_OUTPUT,2951,3,983620
SWAY_OUTPUT,2952,69,983621
SWAY_OUTPUT,2953,1,983622
SWAY_OUTPUT,2954,-45,983623
SWAY_OUTPUT,2955,23,983624
SWAY_OUTPUT,2956,-36,983625
SWAY_OUTPUT,2957,-94,983626
SWAY_OUTPUT,2958,-111,983627
SWAY_OUTPUT,2959,25,983628
SWAY_OUTPUT,2960,-40,983629
SWAY_OUTPUT,2961,-84,983630
SWAY_OUTPUT,2962,-90,983631
SWAY_OUTPUT,2963,81,983632
SWAY_FRAME,51,983576,983632
SWAY_INPUT_FRAME,55,979829,998420
SWAY_OUTPUT,2964,0,1002168
SWAY_OUTPUT,2965,3,1002169
SWAY_OUTPUT,2966,6,1002170
SWAY_OUTPUT,2967,8,1002171
SWAY_OUTPUT,2968,20,1002172
SWAY_OUTPUT,2969,18,1002173
SWAY_OUTPUT,2970,-24,1002174
SWAY_OUTPUT,2971,-6,1002175
SWAY_OUTPUT,2972,-17,1002176
SWAY_OUTPUT,2973,14,1002177
SWAY_OUTPUT,2974,5,1002178
SWAY_OUTPUT,2975,-2,1002179
SWAY_OUTPUT,2976,-2,1002180
SWAY_OUTPUT,2977,-8,1002181
SWAY_OUTPUT,2978,-4,1002182
SWAY_OUTPUT,2979,-26,1002183
SWAY_OUTPUT,2980,-29,1002184
SWAY_OUTPUT,2981,-35,1002185
SWAY_OUTPUT,2982,5,1002186
SWAY_OUTPUT,2983,20,1002187
SWAY_OUTPUT,2984,19,1002188
SWAY_OUTPUT,2985,18,1002189
SWAY_OUTPUT,2986,17,1002190
SWAY_OUTPUT,2987,30,1002191
SWAY_OUTPUT,2988,43,1002192
SWAY_OUTPUT,2989,46,1002193
SWAY_OUTPUT,2990,17,1002194
SWAY_OUTPUT,2991,21,1002195
SWAY_OUTPUT,2992,34,1002196
SWAY_OUTPUT,2993,20,1002197
SWAY_OUTPUT,2994,21,1002198
SWAY_OUTPUT,2995,20,1002199
SWAY_OUTPUT,2996,0,1002200
SWAY_OUTPUT,2997,16,1002201
SWAY_OUTPUT,2998,4,1002202
SWAY_OUTPUT,2999,27,1002203
SWAY_OUTPUT,3000,37,1002204
SWAY_OUTPUT,3001,19,1002205
SWAY_OUTPUT,3002,-13,1002206
SWAY_OUTPUT,3003,5,1002207
SWAY_OUTPUT,3004,23,1002208
SWAY_OUTPUT,3005,30,1002209
SWAY_OUTPUT,3006,18,1002210
SWAY_OUTPUT,3007,13,1002211
SWAY_OUTPUT,3008,-7,1002212
SWAY_OUTPUT,3009,12,1002213
SWAY_OUTPUT,3010,15,1002214
SWAY_OUTPUT,3011,3,1002215
SWAY_OUTPUT,3012,-13,1002216
SWAY_OUTPUT,3013,-36,1002217
SWAY_OUTPUT,3014,-27,1002218
SWAY_OUTPUT,3015,-18,1002219
SWAY_OUTPUT,3016,-12,1002220
SWAY_OUTPUT,3017,-20,1002221
SWAY_OUTPUT,3018,-20,1002222
SWAY_OUTPUT,3019,-28,1002223
SWAY_OUTPUT,3020,19,1002224
SWAY_FRAME,52,1002168,1002224
SWAY_OUTPUT,3021,13,1020760
SWAY_OUTPUT,3022,10,1020761
SWAY_OUTPUT,3023,10,1020762
SWAY_OUTPUT,3024,11,1020763
SWAY_OUTPUT,3025,15,1020764
SWAY_OUTPUT,3026,30,1020765
SWAY_OUTPUT,3027,69,1020766
SWAY_OUTPUT,3028,6,1020767
SWAY_OUTPUT,3029,4,1020768
SWAY_OUTPUT,3030,-10,1020769
SWAY_OUTPUT,3031,18,1020770
SWAY_OUTPUT,3032,7,1020771
SWAY_OUTPUT,3033,21,1020772
SWAY_OUTPUT,3034,29,1020773
SWAY_OUTPUT,3035,9,1020774
SWAY_OUTPUT,3036,31,1020775
SWAY_OUTPUT,3037,35,1020776
SWAY_OUTPUT,3038,36,1020777
SWAY_OUTPUT,3039,11,1020778
SWAY_OUTPUT,3040,127,1020779
SWAY_OUTPUT,3041,127,1020780
SWAY_OUTPUT,3042,127,1020781
SWAY_OUTPUT,3043,127,1020782
SWAY_OUTPUT,3044,127,1020783
SWAY_OUTPUT,3045,127,1020784
SWAY_OUTPUT,3046,127,1020785
SWAY_OUTPUT,3047,127,1020786
SWAY_OUTPUT,3048,127,1020787
SWAY_OUTPUT,3049,127,1020788
SWAY_OUTPUT,3050,127,1020789
SWAY_OUTPUT,3051,127,1020790
SWAY_OUTPUT,3052,127,1020791
SWAY_OUTPUT,3053,127,1020792
SWAY_OUTPUT,3054,127,1020793
SWAY_OUTPUT,3055,127,1020794
SWAY_OUTPUT,3056,127,1020795
SWAY_OUTPUT,3057,127,1020796
SWAY_OUTPUT,3058,127,1020797
SWAY_OUTPUT,3059,-30,1020798
SWAY_OUTPUT,3060,-12,1020799
SWAY_OUTPUT,3061,5,1020800
SWAY_OUTPUT,3062,10,1020801
SWAY_OUTPUT,3063,1,1020802
SWAY_OUTPUT,3064,6,1020803
SWAY_OUTPUT,3065,2,1020804
SWAY_OUTPUT,3066,-2,1020805
SWAY_OUTPUT,3067,-20,1020806
SWAY_OUTPUT,3068,-51,1020807
SWAY_OUTPUT,3069,-29,1020808
SWAY_OUTPUT,3070,-40,1020809
SWAY_OUTPUT,3071,-68,1020810
SWAY_OUTPUT,3072,-73,1020811
SWAY_OUTPUT,3073,-29,1020812
SWAY_OUTPUT,3074,-37,1020813
SWAY_OUTPUT,3075,-61,1020814
SWAY_OUTPUT,3076,-70,1020815
SWAY_OUTPUT,3077,0,1020816
SWAY_FRAME,53,1020760,1020816
SWAY_OUTPUT,3078,13,1039352
SWAY_OUTPUT,3079,13,1039353
SWAY_OUTPUT,3080,13,1039354
SWAY_OUTPUT,3081,13,1039355
SWAY_OUTPUT,3082,25,1039356
SWAY_OUTPUT,3083,36,1039357
SWAY_OUTPUT,3084,45,1039358
SWAY_OUTPUT,3085,2,1039359
SWAY_OUTPUT,3086,-6,1039360
SWAY_OUTPUT,3087,-12,1039361
SWAY_OUTPUT,3088,18,1039362
SWAY_OUTPUT,3089,21,1039363
SWAY_OUTPUT,3090,22,1039364
SWAY_OUTPUT,3091,23,1039365
SWAY_OUTPUT,3092,8,1039366
SWAY_OUTPUT,3093,2,1039367
SWAY_OUTPUT,3094,-2,1039368
SWAY_OUTPUT,3095,-4,1039369
SWAY_OUTPUT,3096,13,1039370
SWAY_OUTPUT,3097,126,1039371
SWAY_OUTPUT,3098,127,1039372
SWAY_OUTPUT,3099,125,1039373
SWAY_OUTPUT,3100,126,1039374
SWAY_OUTPUT,3101,126,1039375
SWAY_OUTPUT,3102,127,1039376
SWAY_OUTPUT,3103,126,1039377
SWAY_OUTPUT,3104,124,1039378
SWAY_OUTPUT,3105,124,1039379
SWAY_OUTPUT,3106,121,1039380
SWAY_OUTPUT,3107,125,1039381
SWAY_OUTPUT,3108,124,1039382
SWAY_OUTPUT,3109,127,1039383
SWAY_OUTPUT,3110,120,1039384
SWAY_OUTPUT,3111,124,1039385
SWAY_OUTPUT,3112,125,1039386
SWAY_OUTPUT,3113,127,1039387
SWAY_OUTPUT,3114,123,1039388
SWAY_OUTPUT,3115,127,1039389
SWAY_OUTPUT,3116,-15,1039390
SWAY_OUTPUT,3117,6,1039391
SWAY_OUTPUT,3118,25,1039392
SWAY_OUTPUT,3119,34,1039393
SWAY_OUTPUT,3120,18,1039394
SWAY_OUTPUT,3121,12,1039395
SWAY_OUTPUT,3122,7,1039396
SWAY_OUTPUT,3123,17,1039397
SWAY_OUTPUT,3124,6,1039398
SWAY_OUTPUT,3125,-5,1039399
SWAY_OUTPUT,3126,-14,1039400
SWAY_OUTPUT,3127,-33,1039401
SWAY_OUTPUT,3128,-56,1039402
SWAY_OUTPUT,3129,-58,1039403
SWAY_OUTPUT,3130,-14,1039404
SWAY_OUTPUT,3131,-32,1039405
SWAY_OUTPUT,3132,-54,1039406
SWAY_OUTPUT,3133,-58,1039407
SWAY_OUTPUT,3134,20,1039408
SWAY_FRAME,54,1039352,1039408
SWAY_OUTPUT,3135,13,1057944
SWAY_OUTPUT,3136,13,1057945
SWAY_OUTPUT,3137,13,1057946
SWAY_OUTPUT,3138,13,1057947
SWAY_OUTPUT,3139,25,1057948
SWAY_OUTPUT,3140,36,1057949
SWAY_OUTPUT,3141,45,1057950
SWAY_OUTPUT,3142,2,1057951
SWAY_OUTPUT,3143,-6,1057952
SWAY_OUTPUT,3144,-12,1057953
SWAY_OUTPUT,3145,18,1057954
SWAY_OUTPUT,3146,21,1057955
SWAY_OUTPUT,3147,22,1057956
SWAY_OUTPUT,3148,23,1057957
SWAY_OUTPUT,3149,8,1057958
SWAY_OUTPUT,3150,2,1057959
SWAY_OUTPUT,3151,-2,1057960
SWAY_OUTPUT,3152,-4,1057961
SWAY_OUTPUT,3153,13,1057962
SWAY_OUTPUT,3154,126,1057963
SWAY_OUTPUT,3155,127,1057964
SWAY_OUTPUT,3156,125,1057965
SWAY_OUTPUT,3157,126,1057966
SWAY_OUTPUT,3158,126,1057967
SWAY_OUTPUT,3159,127,1057968
SWAY_OUTPUT,3160,126,1057969
SWAY_OUTPUT,3161,124,1057970
SWAY_OUTPUT,3162,124,1057971
SWAY_OUTPUT,3163,121,1057972
SWAY_OUTPUT,3164,125,1057973
SWAY_OUTPUT,3165,124,1057974
SWAY_OUTPUT,3166,127,1057975
SWAY_OUTPUT,3167,120,1057976
SWAY_OUTPUT,3168,124,1057977
SWAY_OUTPUT,3169,125,1057978
SWAY_OUTPUT,3170,127,1057979
SWAY_OUTPUT,3171,123,1057980
SWAY_OUTPUT,3172,127,1057981
SWAY_OUTPUT,3173,-15,1057982
SWAY_OUTPUT,3174,6,1057983
SWAY_OUTPUT,3175,25,1057984
SWAY_OUTPUT,3176,34,1057985
SWAY_OUTPUT,3177,18,1057986
SWAY_OUTPUT,3178,12,1057987
SWAY_OUTPUT,3179,7,1057988
SWAY_OUTPUT,3180,17,1057989
SWAY_OUTPUT,3181,6,1057990
SWAY_OUTPUT,3182,-5,1057991
SWAY_OUTPUT,3183,-14,1057992
SWAY_OUTPUT,3184,-33,1057993
SWAY_OUTPUT,3185,-56,1057994
SWAY_OUTPUT,3186,-58,1057995
SWAY_OUTPUT,3187,-14,1057996
SWAY_OUTPUT,3188,-32,1057997
SWAY_OUTPUT,3189,-54,1057998
SWAY_OUTPUT,3190,-58,1057999
SWAY_OUTPUT,3191,20,1058000
SWAY_FRAME,55,1057944,1058000
SWAY_PASS frames=56 outputs=3192 cycles=1060049 drain_cycles=2048
- /workspace/scratch/aec1ffc44acd/observation-complete-pinned/snapshot/build/mkTbSwayKernel.v:63387: Verilog $finish
