{
  "schemaVersion": 3,
  "architecture": "MARS dedicated-engine baseline, combinational coefficient lookup",
  "activationPlacement": {
    "convolutionOutput": "Direct requantization from conv to x, no SiLU",
    "delta": "xProjection -> ReLU -> deltaInput -> deltaProjection -> signed delta",
    "gate": "Separate SiLU stage retained"
  },
  "affineWeightROM": {
    "encoding": "256-bit fixed truth tables per output bit and upper-page selection",
    "readLatencyCycles": 0,
    "addressWidth": 13,
    "pageAddressBits": 8,
    "parameterMapping": "unchanged independent projection slices and 1/2/4-lane banks",
    "invalidAddressValue": 0
  },
  "exportManifestSHA256": "ee8eb5147b61577c0877b4baaef0dcd37a34d5f80761cd18e01abd280591a0f6",
  "quantizationSHA256": "8c0de688b90fb3ab74245bc2bc3c81487c3e00c0b8eb41cb09d03f1a8000cf70",
  "checkpointSHA256": "4fad39cc272077901ef86e24fd9fd3a51c2572417f0c4593c5edacf5c4e27428",
  "modelProvenanceSHA256": "d47e69d494d2086707107a532f405e2713a5123f45a975fe3514c1f45fddaca2",
  "parameterCount": 15717,
  "parameterVerification": "Every binary SHA256, size, shape, hex value and INT8 checkpoint tensor matched",
  "nonlinearROM": {
    "backend": "torch 2.14.0+cpu",
    "dtype": "float32",
    "definition": "reference/generate.py:piecewise (frozen checkpoint operation order)",
    "pwlKnots": {
      "silu_knots": [
        -7.0,
        -1.35,
        -1.1,
        -0.85,
        -0.65,
        -0.5,
        -0.35,
        -0.2,
        -0.1,
        0.0,
        0.15,
        0.3,
        0.4,
        0.55,
        0.7,
        0.9,
        1.2,
        7.0
      ],
      "exp_knots": [
        -4.0,
        -2.34,
        -1.62,
        -1.12,
        -0.74,
        -0.44,
        -0.2,
        0.0,
        0.18,
        0.38,
        0.62,
        1.0
      ]
    },
    "addressOrder": "signed inputs -128 through 127",
    "tables": [
      {
        "block": 0,
        "input": "blocks.0.gateInput",
        "output": "blocks.0.gate",
        "operation": "silu",
        "inputExponent": -4,
        "outputExponent": -5
      },
      {
        "block": 0,
        "input": "blocks.0.expInput",
        "output": "blocks.0.Abar",
        "operation": "exp",
        "inputExponent": -6,
        "outputExponent": -7
      },
      {
        "block": 1,
        "input": "blocks.1.gateInput",
        "output": "blocks.1.gate",
        "operation": "silu",
        "inputExponent": -5,
        "outputExponent": -6
      },
      {
        "block": 1,
        "input": "blocks.1.expInput",
        "output": "blocks.1.Abar",
        "operation": "exp",
        "inputExponent": -6,
        "outputExponent": -7
      }
    ]
  },
  "hardwareWidthChecks": [
    {
      "operation": "linear0 accumulation",
      "maximumAbsoluteValue": 47616,
      "bits": 24,
      "signed": true
    },
    {
      "operation": "linear0 aligned bias",
      "maximumAbsoluteValue": 49376,
      "bits": 24,
      "signed": true
    },
    {
      "operation": "linear1 accumulation",
      "maximumAbsoluteValue": 89344,
      "bits": 24,
      "signed": true
    },
    {
      "operation": "linear1 aligned bias",
      "maximumAbsoluteValue": 89344,
      "bits": 24,
      "signed": true
    },
    {
      "operation": "linear2 accumulation",
      "maximumAbsoluteValue": 160128,
      "bits": 24,
      "signed": true
    },
    {
      "operation": "linear2 aligned bias",
      "maximumAbsoluteValue": 160128,
      "bits": 24,
      "signed": true
    },
    {
      "operation": "linear3 accumulation",
      "maximumAbsoluteValue": 30720,
      "bits": 24,
      "signed": true
    },
    {
      "operation": "linear3 aligned bias",
      "maximumAbsoluteValue": 83968,
      "bits": 24,
      "signed": true
    },
    {
      "operation": "linear4 accumulation",
      "maximumAbsoluteValue": 32384,
      "bits": 24,
      "signed": true
    },
    {
      "operation": "linear4 aligned bias",
      "maximumAbsoluteValue": 32384,
      "bits": 24,
      "signed": true
    },
    {
      "operation": "linear5 accumulation",
      "maximumAbsoluteValue": 25600,
      "bits": 24,
      "signed": true
    },
    {
      "operation": "linear5 aligned bias",
      "maximumAbsoluteValue": 25600,
      "bits": 24,
      "signed": true
    },
    {
      "operation": "linear6 accumulation",
      "maximumAbsoluteValue": 92032,
      "bits": 24,
      "signed": true
    },
    {
      "operation": "linear6 aligned bias",
      "maximumAbsoluteValue": 92032,
      "bits": 24,
      "signed": true
    },
    {
      "operation": "linear7 accumulation",
      "maximumAbsoluteValue": 10752,
      "bits": 24,
      "signed": true
    },
    {
      "operation": "linear7 aligned bias",
      "maximumAbsoluteValue": 14912,
      "bits": 24,
      "signed": true
    },
    {
      "operation": "linear8 accumulation",
      "maximumAbsoluteValue": 187776,
      "bits": 24,
      "signed": true
    },
    {
      "operation": "linear8 aligned bias",
      "maximumAbsoluteValue": 187776,
      "bits": 24,
      "signed": true
    },
    {
      "operation": "linear9 accumulation",
      "maximumAbsoluteValue": 1148160,
      "bits": 24,
      "signed": true
    },
    {
      "operation": "linear9 aligned bias",
      "maximumAbsoluteValue": 1153088,
      "bits": 24,
      "signed": true
    },
    {
      "operation": "linear10 accumulation",
      "maximumAbsoluteValue": 73600,
      "bits": 24,
      "signed": true
    },
    {
      "operation": "linear10 aligned bias",
      "maximumAbsoluteValue": 78016,
      "bits": 24,
      "signed": true
    },
    {
      "operation": "blocks.0.norm numerator",
      "maximumAbsoluteValue": 20497920,
      "bits": 32,
      "signed": true
    },
    {
      "operation": "blocks.0.norm denominator",
      "maximumAbsoluteValue": 81600,
      "bits": 32,
      "signed": false
    },
    {
      "operation": "blocks.0.convolution sum",
      "maximumAbsoluteValue": 14080,
      "bits": 18,
      "signed": true
    },
    {
      "operation": "blocks.0.convolution aligned bias",
      "maximumAbsoluteValue": 14816,
      "bits": 18,
      "signed": true
    },
    {
      "operation": "blocks.0.recurrent and drive",
      "maximumAbsoluteValue": 10485760,
      "bits": 26,
      "signed": true
    },
    {
      "operation": "blocks.0.state reduction",
      "maximumAbsoluteValue": 8589934592,
      "bits": 35,
      "signed": true
    },
    {
      "operation": "blocks.0.SSM aligned output",
      "maximumAbsoluteValue": 8657043456,
      "bits": 35,
      "signed": true
    },
    {
      "operation": "blocks.0.in to convInput",
      "maximumAbsoluteValue": 128,
      "bits": 32,
      "signed": true
    },
    {
      "operation": "blocks.0.in to gateInput",
      "maximumAbsoluteValue": 32,
      "bits": 32,
      "signed": true
    },
    {
      "operation": "blocks.0.conv to x",
      "maximumAbsoluteValue": 128,
      "bits": 32,
      "signed": true
    },
    {
      "operation": "blocks.0.xProjection to deltaInput",
      "maximumAbsoluteValue": 2048,
      "bits": 32,
      "signed": true
    },
    {
      "operation": "blocks.0.xProjection to B",
      "maximumAbsoluteValue": 128,
      "bits": 32,
      "signed": true
    },
    {
      "operation": "blocks.0.xProjection to C",
      "maximumAbsoluteValue": 128,
      "bits": 32,
      "signed": true
    },
    {
      "operation": "blocks.0.deltaProjection to delta",
      "maximumAbsoluteValue": 128,
      "bits": 32,
      "signed": true
    },
    {
      "operation": "blocks.0.expInput product rescale",
      "maximumAbsoluteValue": 2048,
      "bits": 32,
      "signed": true
    },
    {
      "operation": "blocks.0.Bbar product rescale",
      "maximumAbsoluteValue": 512,
      "bits": 32,
      "signed": true
    },
    {
      "operation": "blocks.0.gated product rescale",
      "maximumAbsoluteValue": 2048,
      "bits": 32,
      "signed": true
    },
    {
      "operation": "blocks.0.residual aligned sum",
      "maximumAbsoluteValue": 256,
      "bits": 10,
      "signed": true
    },
    {
      "operation": "blocks.1.norm numerator",
      "maximumAbsoluteValue": 20497920,
      "bits": 32,
      "signed": true
    },
    {
      "operation": "blocks.1.norm denominator",
      "maximumAbsoluteValue": 40800,
      "bits": 32,
      "signed": false
    },
    {
      "operation": "blocks.1.convolution sum",
      "maximumAbsoluteValue": 13440,
      "bits": 18,
      "signed": true
    },
    {
      "operation": "blocks.1.convolution aligned bias",
      "maximumAbsoluteValue": 14440,
      "bits": 18,
      "signed": true
    },
    {
      "operation": "blocks.1.recurrent and drive",
      "maximumAbsoluteValue": 10485760,
      "bits": 26,
      "signed": true
    },
    {
      "operation": "blocks.1.state reduction",
      "maximumAbsoluteValue": 8589934592,
      "bits": 35,
      "signed": true
    },
    {
      "operation": "blocks.1.SSM aligned output",
      "maximumAbsoluteValue": 8606711808,
      "bits": 35,
      "signed": true
    },
    {
      "operation": "blocks.1.in to convInput",
      "maximumAbsoluteValue": 128,
      "bits": 32,
      "signed": true
    },
    {
      "operation": "blocks.1.in to gateInput",
      "maximumAbsoluteValue": 64,
      "bits": 32,
      "signed": true
    },
    {
      "operation": "blocks.1.conv to x",
      "maximumAbsoluteValue": 128,
      "bits": 32,
      "signed": true
    },
    {
      "operation": "blocks.1.xProjection to deltaInput",
      "maximumAbsoluteValue": 1024,
      "bits": 32,
      "signed": true
    },
    {
      "operation": "blocks.1.xProjection to B",
      "maximumAbsoluteValue": 64,
      "bits": 32,
      "signed": true
    },
    {
      "operation": "blocks.1.xProjection to C",
      "maximumAbsoluteValue": 32,
      "bits": 32,
      "signed": true
    },
    {
      "operation": "blocks.1.deltaProjection to delta",
      "maximumAbsoluteValue": 128,
      "bits": 32,
      "signed": true
    },
    {
      "operation": "blocks.1.expInput product rescale",
      "maximumAbsoluteValue": 8192,
      "bits": 32,
      "signed": true
    },
    {
      "operation": "blocks.1.Bbar product rescale",
      "maximumAbsoluteValue": 1024,
      "bits": 32,
      "signed": true
    },
    {
      "operation": "blocks.1.gated product rescale",
      "maximumAbsoluteValue": 1024,
      "bits": 32,
      "signed": true
    },
    {
      "operation": "blocks.1.residual aligned sum",
      "maximumAbsoluteValue": 384,
      "bits": 10,
      "signed": true
    },
    {
      "operation": "input to patches",
      "maximumAbsoluteValue": 128,
      "bits": 32,
      "signed": true
    },
    {
      "operation": "blocks.1.residual to headInput",
      "maximumAbsoluteValue": 128,
      "bits": 32,
      "signed": true
    },
    {
      "operation": "headHidden to headActivation",
      "maximumAbsoluteValue": 128,
      "bits": 32,
      "signed": true
    }
  ],
  "arithmeticChecks": {
    "signedDivision": "1179657 numerator/divisor cases passed",
    "signedRescale": "4325409 value/shift cases passed",
    "constantNormalization": "10 cases passed"
  },
  "normalization": "Exact rational (20*x-sum)*gamma/(20*(max-min))+beta, then one ties-even INT8 requantization; constant input returns requantized beta",
  "state": "INT24 current state; output before arithmetic right shift by 7 into INT17 retained state; reset per frame",
  "testTuning": false,
  "rtlScope": "This report evaluates the integer software reference. RTL verification is reported separately.",
  "fixtures": {
    "count": 14,
    "realTestIndices": [
      0,
      1,
      49,
      249,
      1023,
      2047,
      4095,
      7983
    ],
    "synthetic": [
      "zero",
      "all -128",
      "all +127",
      "alternating -128/+127",
      "repeat real index 0",
      "repeat real index 0"
    ],
    "inputOrder": "320 signed INT8 HWC bytes/frame after model input preprocessing",
    "outputOrder": "57 signed INT8 x19,y19,z19 coordinates/frame",
    "inputExponent": -4,
    "outputExponent": -6
  },
  "generatedSHA256": {
    "SwayParameters.bsv": "5b83691aa93fa5664af805407c4d66b92468b11bc4d7e58e4d8e2fcccdbefc1e",
    "nonlinear_tables.npy": "fbe6d0347c64501572c491f32247cf67eeee4bbb05db7d9a814643e2b72d4e69",
    "GeneratedTestConfig.bsv": "74aee8f80bda41ec1aef155a909cc21a1810e581b330e0dcd43f251e2c06ffa6",
    "test_input.hex": "0d4c15face2920f62ebfd43363ed027e36943abd3377d2fd234eacbebc7fe59a",
    "test_expected.hex": "f47029ab9b036f15f2eda3ee53451d524d54b4c35df49d6737513d8362e15158",
    "test_trace.npz": "d65686362a20b5e2103af1b89fff5b0faeaa419e62ae7662c14ca0ab8be887c6"
  },
  "referenceSHA256": {
    "integer_model.py": "523bb8c5b25e8d3bcefe4f07d6dbf1e51caf63a169b367f36cf6a98f396bc863",
    "generate.py": "0bd8c5e35fbdee9719b78a6cfb53de4c981e377200e19db8bf306c00e39a46b8"
  }
}
