checking package dependencies
compiling bsv/SwayTypes.bsv
compiling generated/GeneratedTestConfig.bsv
compiling generated/SwayParameters.bsv
compiling bsv/SwayLinear.bsv
compiling bsv/SwayNorm.bsv
compiling bsv/SwayScan.bsv
compiling bsv/SwayBlock.bsv
compiling bsv/SwayBaseline.bsv
compiling sim/TbSway.bsv
code generation for mkTbSway starts
Warning: "Prelude.bs", line 2862, column 0: (G0024)
  The function unfolding steps interval has been exceeded when unfolding
  `isStaticValue'. The current number of steps is 100000. Next warning at
  200000 steps. Elaboration terminates at 1000000 steps.
  During elaboration of the body of rule `process8' at "bsv/SwayBlock.bsv",
  line 256, column 14.
  During elaboration of `block0' at "bsv/SwayBaseline.bsv", line 21, column
  18.
  During elaboration of `dut' at "sim/TbSway.bsv", line 16, column 17.
  During elaboration of `mkTbSway' at "sim/TbSway.bsv", line 9, column 8.
Warning: "Prelude.bs", line 423, column 6: (G0024)
  The function unfolding steps interval has been exceeded when unfolding
  `Prelude.Ord~Prelude.Integer'. The current number of steps is 200000. Next
  warning at 300000 steps. Elaboration terminates at 1000000 steps.
  During elaboration of the body of rule `process8' at "bsv/SwayBlock.bsv",
  line 256, column 14.
  During elaboration of `block1' at "bsv/SwayBaseline.bsv", line 22, column
  18.
  During elaboration of `dut' at "sim/TbSway.bsv", line 16, column 17.
  During elaboration of `mkTbSway' at "sim/TbSway.bsv", line 9, column 8.
Warning: "Prelude.bs", line 586, column 27: (G0024)
  The function unfolding steps interval has been exceeded when unfolding
  `Prelude.PrimIndex~Prelude.Integer~32'. The current number of steps is
  300000. Next warning at 400000 steps. Elaboration terminates at 1000000
  steps.
  During elaboration of the body of rule `process3' at "bsv/SwayBaseline.bsv",
  line 58, column 14.
  During elaboration of `dut' at "sim/TbSway.bsv", line 16, column 17.
  During elaboration of `mkTbSway' at "sim/TbSway.bsv", line 9, column 8.
Schedule dump file created: /tmp/sway-refactor-wjxkc7ks/divisor2/build/mkTbSway.sched
Verilog file created: /tmp/sway-refactor-wjxkc7ks/divisor2/build/mkTbSway.v
All packages are up to date.
