SWAY_INPUT_FRAME,0,2,363
SWAY_INPUT_FRAME,1,364,725
SWAY_INPUT_FRAME,2,726,12337
SWAY_OUTPUT,0,13,24144
SWAY_STALL,0,24145,32337
SWAY_INPUT_FRAME,3,12338,29259
SWAY_OUTPUT,1,13,32337
SWAY_OUTPUT,2,13,32338
SWAY_OUTPUT,3,13,32339
SWAY_OUTPUT,4,25,32341
SWAY_OUTPUT,5,36,32342
SWAY_OUTPUT,6,45,32343
SWAY_OUTPUT,7,2,32344
SWAY_OUTPUT,8,-6,32345
SWAY_OUTPUT,9,-12,32346
SWAY_OUTPUT,10,18,32347
SWAY_OUTPUT,11,21,32348
SWAY_OUTPUT,12,22,32349
SWAY_OUTPUT,13,23,32350
SWAY_OUTPUT,14,8,32352
SWAY_OUTPUT,15,2,32353
SWAY_OUTPUT,16,-2,32354
SWAY_OUTPUT,17,-4,32355
SWAY_OUTPUT,18,13,32356
SWAY_OUTPUT,19,126,32357
SWAY_OUTPUT,20,127,32358
SWAY_OUTPUT,21,125,32359
SWAY_OUTPUT,22,126,32360
SWAY_OUTPUT,23,126,32361
SWAY_OUTPUT,24,127,32363
SWAY_OUTPUT,25,126,32364
SWAY_OUTPUT,26,124,32365
SWAY_OUTPUT,27,124,32366
SWAY_OUTPUT,28,121,32367
SWAY_OUTPUT,29,125,32368
SWAY_OUTPUT,30,124,32369
SWAY_OUTPUT,31,127,32370
SWAY_OUTPUT,32,120,32371
SWAY_OUTPUT,33,124,32372
SWAY_OUTPUT,34,125,32374
SWAY_OUTPUT,35,127,32375
SWAY_OUTPUT,36,123,32376
SWAY_OUTPUT,37,127,32377
SWAY_OUTPUT,38,-15,32378
SWAY_OUTPUT,39,6,32379
SWAY_OUTPUT,40,25,32380
SWAY_OUTPUT,41,34,32381
SWAY_OUTPUT,42,18,32382
SWAY_OUTPUT,43,12,32383
SWAY_OUTPUT,44,7,32385
SWAY_OUTPUT,45,17,32386
SWAY_OUTPUT,46,6,32387
SWAY_OUTPUT,47,-5,32388
SWAY_OUTPUT,48,-14,32389
SWAY_OUTPUT,49,-33,32390
SWAY_OUTPUT,50,-56,32391
SWAY_OUTPUT,51,-58,32392
SWAY_OUTPUT,52,-14,32393
SWAY_OUTPUT,53,-32,32394
SWAY_OUTPUT,54,-54,32396
SWAY_OUTPUT,55,-58,32397
SWAY_OUTPUT,56,20,32398
SWAY_FRAME,0,24144,32398
SWAY_OUTPUT,57,11,41064
SWAY_STALL,1,41065,49257
SWAY_INPUT_FRAME,4,29260,46177
SWAY_OUTPUT,58,11,49257
SWAY_OUTPUT,59,11,49259
SWAY_OUTPUT,60,11,49260
SWAY_OUTPUT,61,23,49261
SWAY_OUTPUT,62,32,49262
SWAY_OUTPUT,63,40,49263
SWAY_OUTPUT,64,-1,49264
SWAY_OUTPUT,65,-9,49265
SWAY_OUTPUT,66,-16,49266
SWAY_OUTPUT,67,16,49267
SWAY_OUTPUT,68,20,49268
SWAY_OUTPUT,69,22,49270
SWAY_OUTPUT,70,24,49271
SWAY_OUTPUT,71,6,49272
SWAY_OUTPUT,72,1,49273
SWAY_OUTPUT,73,-3,49274
SWAY_OUTPUT,74,-5,49275
SWAY_OUTPUT,75,11,49276
SWAY_OUTPUT,76,126,49277
SWAY_OUTPUT,77,127,49278
SWAY_OUTPUT,78,126,49279
SWAY_OUTPUT,79,126,49281
SWAY_OUTPUT,80,126,49282
SWAY_OUTPUT,81,127,49283
SWAY_OUTPUT,82,125,49284
SWAY_OUTPUT,83,124,49285
SWAY_OUTPUT,84,125,49286
SWAY_OUTPUT,85,123,49287
SWAY_OUTPUT,86,124,49288
SWAY_OUTPUT,87,125,49289
SWAY_OUTPUT,88,126,49290
SWAY_OUTPUT,89,119,49292
SWAY_OUTPUT,90,124,49293
SWAY_OUTPUT,91,126,49294
SWAY_OUTPUT,92,127,49295
SWAY_OUTPUT,93,124,49296
SWAY_OUTPUT,94,127,49297
SWAY_OUTPUT,95,-10,49298
SWAY_OUTPUT,96,12,49299
SWAY_OUTPUT,97,32,49300
SWAY_OUTPUT,98,41,49301
SWAY_OUTPUT,99,24,49303
SWAY_OUTPUT,100,15,49304
SWAY_OUTPUT,101,7,49305
SWAY_OUTPUT,102,23,49306
SWAY_OUTPUT,103,13,49307
SWAY_OUTPUT,104,3,49308
SWAY_OUTPUT,105,-9,49309
SWAY_OUTPUT,106,-31,49310
SWAY_OUTPUT,107,-54,49311
SWAY_OUTPUT,108,-58,49312
SWAY_OUTPUT,109,-9,49314
SWAY_OUTPUT,110,-30,49315
SWAY_OUTPUT,111,-53,49316
SWAY_OUTPUT,112,-57,49317
SWAY_OUTPUT,113,27,49318
SWAY_FRAME,1,41064,49318
SWAY_OUTPUT,114,10,57984
SWAY_STALL,2,57985,66177
SWAY_INPUT_FRAME,5,46178,63097
SWAY_OUTPUT,115,10,66177
SWAY_OUTPUT,116,10,66178
SWAY_OUTPUT,117,10,66179
SWAY_OUTPUT,118,21,66180
SWAY_OUTPUT,119,29,66181
SWAY_OUTPUT,120,38,66182
SWAY_OUTPUT,121,-1,66183
SWAY_OUTPUT,122,-8,66184
SWAY_OUTPUT,123,-15,66185
SWAY_OUTPUT,124,16,66186
SWAY_OUTPUT,125,18,66188
SWAY_OUTPUT,126,19,66189
SWAY_OUTPUT,127,20,66190
SWAY_OUTPUT,128,6,66191
SWAY_OUTPUT,129,3,66192
SWAY_OUTPUT,130,2,66193
SWAY_OUTPUT,131,1,66194
SWAY_OUTPUT,132,10,66195
SWAY_OUTPUT,133,127,66196
SWAY_OUTPUT,134,127,66197
SWAY_OUTPUT,135,127,66199
SWAY_OUTPUT,136,127,66200
SWAY_OUTPUT,137,127,66201
SWAY_OUTPUT,138,127,66202
SWAY_OUTPUT,139,127,66203
SWAY_OUTPUT,140,127,66204
SWAY_OUTPUT,141,127,66205
SWAY_OUTPUT,142,125,66206
SWAY_OUTPUT,143,127,66207
SWAY_OUTPUT,144,127,66208
SWAY_OUTPUT,145,127,66210
SWAY_OUTPUT,146,124,66211
SWAY_OUTPUT,147,127,66212
SWAY_OUTPUT,148,127,66213
SWAY_OUTPUT,149,127,66214
SWAY_OUTPUT,150,125,66215
SWAY_OUTPUT,151,127,66216
SWAY_OUTPUT,152,-18,66217
SWAY_OUTPUT,153,2,66218
SWAY_OUTPUT,154,22,66219
SWAY_OUTPUT,155,30,66221
SWAY_OUTPUT,156,14,66222
SWAY_OUTPUT,157,5,66223
SWAY_OUTPUT,158,-5,66224
SWAY_OUTPUT,159,14,66225
SWAY_OUTPUT,160,2,66226
SWAY_OUTPUT,161,-10,66227
SWAY_OUTPUT,162,-17,66228
SWAY_OUTPUT,163,-34,66229
SWAY_OUTPUT,164,-57,66230
SWAY_OUTPUT,165,-60,66232
SWAY_OUTPUT,166,-17,66233
SWAY_OUTPUT,167,-34,66234
SWAY_OUTPUT,168,-56,66235
SWAY_OUTPUT,169,-60,66236
SWAY_OUTPUT,170,17,66237
SWAY_FRAME,2,57984,66237
SWAY_OUTPUT,171,11,74904
SWAY_STALL,3,74905,83097
SWAY_INPUT_FRAME,6,63098,80017
SWAY_OUTPUT,172,10,83097
SWAY_OUTPUT,173,10,83098
SWAY_OUTPUT,174,10,83099
SWAY_OUTPUT,175,22,83100
SWAY_OUTPUT,176,32,83101
SWAY_OUTPUT,177,39,83102
SWAY_OUTPUT,178,-2,83103
SWAY_OUTPUT,179,-11,83104
SWAY_OUTPUT,180,-15,83106
SWAY_OUTPUT,181,16,83107
SWAY_OUTPUT,182,20,83108
SWAY_OUTPUT,183,22,83109
SWAY_OUTPUT,184,24,83110
SWAY_OUTPUT,185,6,83111
SWAY_OUTPUT,186,3,83112
SWAY_OUTPUT,187,2,83113
SWAY_OUTPUT,188,0,83114
SWAY_OUTPUT,189,10,83115
SWAY_OUTPUT,190,125,83117
SWAY_OUTPUT,191,126,83118
SWAY_OUTPUT,192,126,83119
SWAY_OUTPUT,193,127,83120
SWAY_OUTPUT,194,127,83121
SWAY_OUTPUT,195,127,83122
SWAY_OUTPUT,196,125,83123
SWAY_OUTPUT,197,125,83124
SWAY_OUTPUT,198,125,83125
SWAY_OUTPUT,199,122,83126
SWAY_OUTPUT,200,123,83128
SWAY_OUTPUT,201,126,83129
SWAY_OUTPUT,202,126,83130
SWAY_OUTPUT,203,119,83131
SWAY_OUTPUT,204,123,83132
SWAY_OUTPUT,205,126,83133
SWAY_OUTPUT,206,127,83134
SWAY_OUTPUT,207,123,83135
SWAY_OUTPUT,208,127,83136
SWAY_OUTPUT,209,-7,83137
SWAY_OUTPUT,210,15,83139
SWAY_OUTPUT,211,36,83140
SWAY_OUTPUT,212,45,83141
SWAY_OUTPUT,213,28,83142
SWAY_OUTPUT,214,21,83143
SWAY_OUTPUT,215,16,83144
SWAY_OUTPUT,216,27,83145
SWAY_OUTPUT,217,18,83146
SWAY_OUTPUT,218,10,83147
SWAY_OUTPUT,219,-6,83148
SWAY_OUTPUT,220,-31,83150
SWAY_OUTPUT,221,-54,83151
SWAY_OUTPUT,222,-58,83152
SWAY_OUTPUT,223,-6,83153
SWAY_OUTPUT,224,-31,83154
SWAY_OUTPUT,225,-55,83155
SWAY_OUTPUT,226,-60,83156
SWAY_OUTPUT,227,31,83157
SWAY_FRAME,3,74904,83157
SWAY_OUTPUT,228,12,91824
SWAY_STALL,4,91825,100017
SWAY_INPUT_FRAME,7,80018,96938
SWAY_OUTPUT,229,14,100017
SWAY_OUTPUT,230,16,100018
SWAY_OUTPUT,231,14,100019
SWAY_OUTPUT,232,26,100020
SWAY_OUTPUT,233,38,100021
SWAY_OUTPUT,234,48,100022
SWAY_OUTPUT,235,3,100024
SWAY_OUTPUT,236,-12,100025
SWAY_OUTPUT,237,-28,100026
SWAY_OUTPUT,238,18,100027
SWAY_OUTPUT,239,21,100028
SWAY_OUTPUT,240,23,100029
SWAY_OUTPUT,241,24,100030
SWAY_OUTPUT,242,8,100031
SWAY_OUTPUT,243,-5,100032
SWAY_OUTPUT,244,-15,100033
SWAY_OUTPUT,245,-18,100035
SWAY_OUTPUT,246,15,100036
SWAY_OUTPUT,247,127,100037
SWAY_OUTPUT,248,127,100038
SWAY_OUTPUT,249,126,100039
SWAY_OUTPUT,250,127,100040
SWAY_OUTPUT,251,124,100041
SWAY_OUTPUT,252,123,100042
SWAY_OUTPUT,253,120,100043
SWAY_OUTPUT,254,127,100044
SWAY_OUTPUT,255,127,100046
SWAY_OUTPUT,256,127,100047
SWAY_OUTPUT,257,127,100048
SWAY_OUTPUT,258,127,100049
SWAY_OUTPUT,259,127,100050
SWAY_OUTPUT,260,127,100051
SWAY_OUTPUT,261,127,100052
SWAY_OUTPUT,262,124,100053
SWAY_OUTPUT,263,124,100054
SWAY_OUTPUT,264,118,100055
SWAY_OUTPUT,265,127,100057
SWAY_OUTPUT,266,-12,100058
SWAY_OUTPUT,267,9,100059
SWAY_OUTPUT,268,29,100060
SWAY_OUTPUT,269,38,100061
SWAY_OUTPUT,270,20,100062
SWAY_OUTPUT,271,14,100063
SWAY_OUTPUT,272,9,100064
SWAY_OUTPUT,273,22,100065
SWAY_OUTPUT,274,20,100066
SWAY_OUTPUT,275,19,100068
SWAY_OUTPUT,276,-12,100069
SWAY_OUTPUT,277,-32,100070
SWAY_OUTPUT,278,-57,100071
SWAY_OUTPUT,279,-60,100072
SWAY_OUTPUT,280,-10,100073
SWAY_OUTPUT,281,-27,100074
SWAY_OUTPUT,282,-50,100075
SWAY_OUTPUT,283,-53,100076
SWAY_OUTPUT,284,24,100077
SWAY_FRAME,4,91824,100077
SWAY_OUTPUT,285,8,108744
SWAY_STALL,5,108745,116937
SWAY_INPUT_FRAME,8,96939,113857
SWAY_OUTPUT,286,7,116937
SWAY_OUTPUT,287,7,116938
SWAY_OUTPUT,288,7,116939
SWAY_OUTPUT,289,19,116940
SWAY_OUTPUT,290,33,116942
SWAY_OUTPUT,291,40,116943
SWAY_OUTPUT,292,-5,116944
SWAY_OUTPUT,293,-16,116945
SWAY_OUTPUT,294,-21,116946
SWAY_OUTPUT,295,13,116947
SWAY_OUTPUT,296,19,116948
SWAY_OUTPUT,297,24,116949
SWAY_OUTPUT,298,26,116950
SWAY_OUTPUT,299,3,116951
SWAY_OUTPUT,300,-2,116953
SWAY_OUTPUT,301,-4,116954
SWAY_OUTPUT,302,-6,116955
SWAY_OUTPUT,303,8,116956
SWAY_OUTPUT,304,124,116957
SWAY_OUTPUT,305,125,116958
SWAY_OUTPUT,306,124,116959
SWAY_OUTPUT,307,125,116960
SWAY_OUTPUT,308,124,116961
SWAY_OUTPUT,309,126,116962
SWAY_OUTPUT,310,122,116964
SWAY_OUTPUT,311,123,116965
SWAY_OUTPUT,312,124,116966
SWAY_OUTPUT,313,121,116967
SWAY_OUTPUT,314,122,116968
SWAY_OUTPUT,315,123,116969
SWAY_OUTPUT,316,125,116970
SWAY_OUTPUT,317,117,116971
SWAY_OUTPUT,318,122,116972
SWAY_OUTPUT,319,122,116973
SWAY_OUTPUT,320,126,116975
SWAY_OUTPUT,321,121,116976
SWAY_OUTPUT,322,125,116977
SWAY_OUTPUT,323,-10,116978
SWAY_OUTPUT,324,12,116979
SWAY_OUTPUT,325,32,116980
SWAY_OUTPUT,326,41,116981
SWAY_OUTPUT,327,24,116982
SWAY_OUTPUT,328,22,116983
SWAY_OUTPUT,329,26,116984
SWAY_OUTPUT,330,23,116986
SWAY_OUTPUT,331,18,116987
SWAY_OUTPUT,332,17,116988
SWAY_OUTPUT,333,-9,116989
SWAY_OUTPUT,334,-31,116990
SWAY_OUTPUT,335,-54,116991
SWAY_OUTPUT,336,-57,116992
SWAY_OUTPUT,337,-9,116993
SWAY_OUTPUT,338,-30,116994
SWAY_OUTPUT,339,-54,116995
SWAY_OUTPUT,340,-58,116997
SWAY_OUTPUT,341,27,116998
SWAY_FRAME,5,108744,116998
SWAY_OUTPUT,342,7,125665
SWAY_STALL,6,125666,133858
SWAY_INPUT_FRAME,9,113858,130777
SWAY_OUTPUT,343,6,133858
SWAY_OUTPUT,344,5,133860
SWAY_OUTPUT,345,4,133861
SWAY_OUTPUT,346,17,133862
SWAY_OUTPUT,347,32,133863
SWAY_OUTPUT,348,42,133864
SWAY_OUTPUT,349,-7,133865
SWAY_OUTPUT,350,-20,133866
SWAY_OUTPUT,351,-29,133867
SWAY_OUTPUT,352,12,133868
SWAY_OUTPUT,353,21,133869
SWAY_OUTPUT,354,29,133871
SWAY_OUTPUT,355,32,133872
SWAY_OUTPUT,356,2,133873
SWAY_OUTPUT,357,-5,133874
SWAY_OUTPUT,358,-7,133875
SWAY_OUTPUT,359,-9,133876
SWAY_OUTPUT,360,5,133877
SWAY_OUTPUT,361,127,133878
SWAY_OUTPUT,362,127,133879
SWAY_OUTPUT,363,127,133880
SWAY_OUTPUT,364,127,133882
SWAY_OUTPUT,365,127,133883
SWAY_OUTPUT,366,127,133884
SWAY_OUTPUT,367,124,133885
SWAY_OUTPUT,368,127,133886
SWAY_OUTPUT,369,127,133887
SWAY_OUTPUT,370,126,133888
SWAY_OUTPUT,371,127,133889
SWAY_OUTPUT,372,127,133890
SWAY_OUTPUT,373,127,133891
SWAY_OUTPUT,374,123,133893
SWAY_OUTPUT,375,127,133894
SWAY_OUTPUT,376,126,133895
SWAY_OUTPUT,377,127,133896
SWAY_OUTPUT,378,123,133897
SWAY_OUTPUT,379,127,133898
SWAY_OUTPUT,380,-11,133899
SWAY_OUTPUT,381,10,133900
SWAY_OUTPUT,382,30,133901
SWAY_OUTPUT,383,39,133902
SWAY_OUTPUT,384,23,133904
SWAY_OUTPUT,385,21,133905
SWAY_OUTPUT,386,23,133906
SWAY_OUTPUT,387,22,133907
SWAY_OUTPUT,388,18,133908
SWAY_OUTPUT,389,16,133909
SWAY_OUTPUT,390,-10,133910
SWAY_OUTPUT,391,-29,133911
SWAY_OUTPUT,392,-53,133912
SWAY_OUTPUT,393,-57,133913
SWAY_OUTPUT,394,-10,133915
SWAY_OUTPUT,395,-30,133916
SWAY_OUTPUT,396,-55,133917
SWAY_OUTPUT,397,-59,133918
SWAY_OUTPUT,398,25,133919
SWAY_FRAME,6,125665,133919
SWAY_OUTPUT,399,18,142584
SWAY_STALL,7,142585,150777
SWAY_INPUT_FRAME,10,130778,147699
SWAY_OUTPUT,400,19,150778
SWAY_OUTPUT,401,20,150779
SWAY_OUTPUT,402,21,150780
SWAY_OUTPUT,403,31,150781
SWAY_OUTPUT,404,41,150782
SWAY_OUTPUT,405,50,150783
SWAY_OUTPUT,406,9,150784
SWAY_OUTPUT,407,-4,150785
SWAY_OUTPUT,408,-16,150786
SWAY_OUTPUT,409,24,150787
SWAY_OUTPUT,410,27,150789
SWAY_OUTPUT,411,25,150790
SWAY_OUTPUT,412,27,150791
SWAY_OUTPUT,413,13,150792
SWAY_OUTPUT,414,5,150793
SWAY_OUTPUT,415,-4,150794
SWAY_OUTPUT,416,-7,150795
SWAY_OUTPUT,417,20,150796
SWAY_OUTPUT,418,125,150797
SWAY_OUTPUT,419,126,150798
SWAY_OUTPUT,420,124,150800
SWAY_OUTPUT,421,125,150801
SWAY_OUTPUT,422,124,150802
SWAY_OUTPUT,423,127,150803
SWAY_OUTPUT,424,124,150804
SWAY_OUTPUT,425,123,150805
SWAY_OUTPUT,426,124,150806
SWAY_OUTPUT,427,122,150807
SWAY_OUTPUT,428,124,150808
SWAY_OUTPUT,429,122,150809
SWAY_OUTPUT,430,126,150811
SWAY_OUTPUT,431,119,150812
SWAY_OUTPUT,432,124,150813
SWAY_OUTPUT,433,125,150814
SWAY_OUTPUT,434,127,150815
SWAY_OUTPUT,435,123,150816
SWAY_OUTPUT,436,125,150817
SWAY_OUTPUT,437,-15,150818
SWAY_OUTPUT,438,6,150819
SWAY_OUTPUT,439,26,150820
SWAY_OUTPUT,440,34,150822
SWAY_OUTPUT,441,17,150823
SWAY_OUTPUT,442,9,150824
SWAY_OUTPUT,443,0,150825
SWAY_OUTPUT,444,18,150826
SWAY_OUTPUT,445,12,150827
SWAY_OUTPUT,446,5,150828
SWAY_OUTPUT,447,-14,150829
SWAY_OUTPUT,448,-33,150830
SWAY_OUTPUT,449,-56,150831
SWAY_OUTPUT,450,-59,150833
SWAY_OUTPUT,451,-13,150834
SWAY_OUTPUT,452,-31,150835
SWAY_OUTPUT,453,-52,150836
SWAY_OUTPUT,454,-55,150837
SWAY_OUTPUT,455,21,150838
SWAY_FRAME,7,142584,150838
SWAY_OUTPUT,456,10,159504
SWAY_STALL,8,159505,167697
SWAY_INPUT_FRAME,11,147700,164617
SWAY_OUTPUT,457,10,167697
SWAY_OUTPUT,458,10,167698
SWAY_OUTPUT,459,10,167699
SWAY_OUTPUT,460,22,167700
SWAY_OUTPUT,461,32,167701
SWAY_OUTPUT,462,36,167702
SWAY_OUTPUT,463,-2,167703
SWAY_OUTPUT,464,-16,167704
SWAY_OUTPUT,465,-23,167705
SWAY_OUTPUT,466,15,167707
SWAY_OUTPUT,467,19,167708
SWAY_OUTPUT,468,22,167709
SWAY_OUTPUT,469,24,167710
SWAY_OUTPUT,470,5,167711
SWAY_OUTPUT,471,-1,167712
SWAY_OUTPUT,472,-3,167713
SWAY_OUTPUT,473,-5,167714
SWAY_OUTPUT,474,10,167715
SWAY_OUTPUT,475,124,167716
SWAY_OUTPUT,476,124,167718
SWAY_OUTPUT,477,123,167719
SWAY_OUTPUT,478,124,167720
SWAY_OUTPUT,479,123,167721
SWAY_OUTPUT,480,125,167722
SWAY_OUTPUT,481,120,167723
SWAY_OUTPUT,482,123,167724
SWAY_OUTPUT,483,123,167725
SWAY_OUTPUT,484,121,167726
SWAY_OUTPUT,485,122,167727
SWAY_OUTPUT,486,122,167729
SWAY_OUTPUT,487,125,167730
SWAY_OUTPUT,488,117,167731
SWAY_OUTPUT,489,122,167732
SWAY_OUTPUT,490,122,167733
SWAY_OUTPUT,491,125,167734
SWAY_OUTPUT,492,120,167735
SWAY_OUTPUT,493,124,167736
SWAY_OUTPUT,494,-10,167737
SWAY_OUTPUT,495,12,167738
SWAY_OUTPUT,496,32,167740
SWAY_OUTPUT,497,41,167741
SWAY_OUTPUT,498,24,167742
SWAY_OUTPUT,499,17,167743
SWAY_OUTPUT,500,17,167744
SWAY_OUTPUT,501,24,167745
SWAY_OUTPUT,502,22,167746
SWAY_OUTPUT,503,25,167747
SWAY_OUTPUT,504,-9,167748
SWAY_OUTPUT,505,-32,167749
SWAY_OUTPUT,506,-55,167751
SWAY_OUTPUT,507,-59,167752
SWAY_OUTPUT,508,-9,167753
SWAY_OUTPUT,509,-31,167754
SWAY_OUTPUT,510,-54,167755
SWAY_OUTPUT,511,-59,167756
SWAY_OUTPUT,512,27,167757
SWAY_FRAME,8,159504,167757
SWAY_OUTPUT,513,47,176424
SWAY_STALL,9,176425,184617
SWAY_INPUT_FRAME,12,164618,181537
SWAY_OUTPUT,514,49,184617
SWAY_OUTPUT,515,52,184618
SWAY_OUTPUT,516,51,184619
SWAY_OUTPUT,517,57,184620
SWAY_OUTPUT,518,52,184621
SWAY_OUTPUT,519,71,184622
SWAY_OUTPUT,520,42,184623
SWAY_OUTPUT,521,49,184625
SWAY_OUTPUT,522,7,184626
SWAY_OUTPUT,523,52,184627
SWAY_OUTPUT,524,46,184628
SWAY_OUTPUT,525,34,184629
SWAY_OUTPUT,526,36,184630
SWAY_OUTPUT,527,43,184631
SWAY_OUTPUT,528,49,184632
SWAY_OUTPUT,529,40,184633
SWAY_OUTPUT,530,40,184634
SWAY_OUTPUT,531,51,184636
SWAY_OUTPUT,532,127,184637
SWAY_OUTPUT,533,127,184638
SWAY_OUTPUT,534,127,184639
SWAY_OUTPUT,535,127,184640
SWAY_OUTPUT,536,127,184641
SWAY_OUTPUT,537,127,184642
SWAY_OUTPUT,538,127,184643
SWAY_OUTPUT,539,127,184644
SWAY_OUTPUT,540,127,184645
SWAY_OUTPUT,541,127,184647
SWAY_OUTPUT,542,127,184648
SWAY_OUTPUT,543,127,184649
SWAY_OUTPUT,544,127,184650
SWAY_OUTPUT,545,127,184651
SWAY_OUTPUT,546,127,184652
SWAY_OUTPUT,547,127,184653
SWAY_OUTPUT,548,127,184654
SWAY_OUTPUT,549,127,184655
SWAY_OUTPUT,550,127,184656
SWAY_OUTPUT,551,23,184658
SWAY_OUTPUT,552,58,184659
SWAY_OUTPUT,553,90,184660
SWAY_OUTPUT,554,104,184661
SWAY_OUTPUT,555,64,184662
SWAY_OUTPUT,556,27,184663
SWAY_OUTPUT,557,3,184664
SWAY_OUTPUT,558,69,184665
SWAY_OUTPUT,559,1,184666
SWAY_OUTPUT,560,-45,184667
SWAY_OUTPUT,561,23,184669
SWAY_OUTPUT,562,-36,184670
SWAY_OUTPUT,563,-94,184671
SWAY_OUTPUT,564,-111,184672
SWAY_OUTPUT,565,25,184673
SWAY_OUTPUT,566,-40,184674
SWAY_OUTPUT,567,-84,184675
SWAY_OUTPUT,568,-90,184676
SWAY_OUTPUT,569,81,184677
SWAY_FRAME,9,176424,184677
SWAY_OUTPUT,570,0,193344
SWAY_STALL,10,193345,201537
SWAY_INPUT_FRAME,13,181538,198457
SWAY_OUTPUT,571,3,201537
SWAY_OUTPUT,572,6,201538
SWAY_OUTPUT,573,8,201539
SWAY_OUTPUT,574,20,201540
SWAY_OUTPUT,575,18,201541
SWAY_OUTPUT,576,-24,201543
SWAY_OUTPUT,577,-6,201544
SWAY_OUTPUT,578,-17,201545
SWAY_OUTPUT,579,14,201546
SWAY_OUTPUT,580,5,201547
SWAY_OUTPUT,581,-2,201548
SWAY_OUTPUT,582,-2,201549
SWAY_OUTPUT,583,-8,201550
SWAY_OUTPUT,584,-4,201551
SWAY_OUTPUT,585,-26,201552
SWAY_OUTPUT,586,-29,201554
SWAY_OUTPUT,587,-35,201555
SWAY_OUTPUT,588,5,201556
SWAY_OUTPUT,589,20,201557
SWAY_OUTPUT,590,19,201558
SWAY_OUTPUT,591,18,201559
SWAY_OUTPUT,592,17,201560
SWAY_OUTPUT,593,30,201561
SWAY_OUTPUT,594,43,201562
SWAY_OUTPUT,595,46,201563
SWAY_OUTPUT,596,17,201565
SWAY_OUTPUT,597,21,201566
SWAY_OUTPUT,598,34,201567
SWAY_OUTPUT,599,20,201568
SWAY_OUTPUT,600,21,201569
SWAY_OUTPUT,601,20,201570
SWAY_OUTPUT,602,0,201571
SWAY_OUTPUT,603,16,201572
SWAY_OUTPUT,604,4,201573
SWAY_OUTPUT,605,27,201574
SWAY_OUTPUT,606,37,201576
SWAY_OUTPUT,607,19,201577
SWAY_OUTPUT,608,-13,201578
SWAY_OUTPUT,609,5,201579
SWAY_OUTPUT,610,23,201580
SWAY_OUTPUT,611,30,201581
SWAY_OUTPUT,612,18,201582
SWAY_OUTPUT,613,13,201583
SWAY_OUTPUT,614,-7,201584
SWAY_OUTPUT,615,12,201585
SWAY_OUTPUT,616,15,201587
SWAY_OUTPUT,617,3,201588
SWAY_OUTPUT,618,-13,201589
SWAY_OUTPUT,619,-36,201590
SWAY_OUTPUT,620,-27,201591
SWAY_OUTPUT,621,-18,201592
SWAY_OUTPUT,622,-12,201593
SWAY_OUTPUT,623,-20,201594
SWAY_OUTPUT,624,-20,201595
SWAY_OUTPUT,625,-28,201596
SWAY_OUTPUT,626,19,201598
SWAY_FRAME,10,193344,201598
SWAY_OUTPUT,627,13,210264
SWAY_STALL,11,210265,218457
SWAY_OUTPUT,628,10,218457
SWAY_OUTPUT,629,10,218458
SWAY_OUTPUT,630,11,218459
SWAY_OUTPUT,631,15,218461
SWAY_OUTPUT,632,30,218462
SWAY_OUTPUT,633,69,218463
SWAY_OUTPUT,634,6,218464
SWAY_OUTPUT,635,4,218465
SWAY_OUTPUT,636,-10,218466
SWAY_OUTPUT,637,18,218467
SWAY_OUTPUT,638,7,218468
SWAY_OUTPUT,639,21,218469
SWAY_OUTPUT,640,29,218470
SWAY_OUTPUT,641,9,218472
SWAY_OUTPUT,642,31,218473
SWAY_OUTPUT,643,35,218474
SWAY_OUTPUT,644,36,218475
SWAY_OUTPUT,645,11,218476
SWAY_OUTPUT,646,127,218477
SWAY_OUTPUT,647,127,218478
SWAY_OUTPUT,648,127,218479
SWAY_OUTPUT,649,127,218480
SWAY_OUTPUT,650,127,218481
SWAY_OUTPUT,651,127,218483
SWAY_OUTPUT,652,127,218484
SWAY_OUTPUT,653,127,218485
SWAY_OUTPUT,654,127,218486
SWAY_OUTPUT,655,127,218487
SWAY_OUTPUT,656,127,218488
SWAY_OUTPUT,657,127,218489
SWAY_OUTPUT,658,127,218490
SWAY_OUTPUT,659,127,218491
SWAY_OUTPUT,660,127,218492
SWAY_OUTPUT,661,127,218494
SWAY_OUTPUT,662,127,218495
SWAY_OUTPUT,663,127,218496
SWAY_OUTPUT,664,127,218497
SWAY_OUTPUT,665,-30,218498
SWAY_OUTPUT,666,-12,218499
SWAY_OUTPUT,667,5,218500
SWAY_OUTPUT,668,10,218501
SWAY_OUTPUT,669,1,218502
SWAY_OUTPUT,670,6,218503
SWAY_OUTPUT,671,2,218505
SWAY_OUTPUT,672,-2,218506
SWAY_OUTPUT,673,-20,218507
SWAY_OUTPUT,674,-51,218508
SWAY_OUTPUT,675,-29,218509
SWAY_OUTPUT,676,-40,218510
SWAY_OUTPUT,677,-68,218511
SWAY_OUTPUT,678,-73,218512
SWAY_OUTPUT,679,-29,218513
SWAY_OUTPUT,680,-37,218514
SWAY_OUTPUT,681,-61,218516
SWAY_OUTPUT,682,-70,218517
SWAY_OUTPUT,683,0,218518
SWAY_FRAME,11,210264,218518
SWAY_OUTPUT,684,13,227184
SWAY_STALL,12,227185,235377
SWAY_OUTPUT,685,13,235377
SWAY_OUTPUT,686,13,235379
SWAY_OUTPUT,687,13,235380
SWAY_OUTPUT,688,25,235381
SWAY_OUTPUT,689,36,235382
SWAY_OUTPUT,690,45,235383
SWAY_OUTPUT,691,2,235384
SWAY_OUTPUT,692,-6,235385
SWAY_OUTPUT,693,-12,235386
SWAY_OUTPUT,694,18,235387
SWAY_OUTPUT,695,21,235388
SWAY_OUTPUT,696,22,235390
SWAY_OUTPUT,697,23,235391
SWAY_OUTPUT,698,8,235392
SWAY_OUTPUT,699,2,235393
SWAY_OUTPUT,700,-2,235394
SWAY_OUTPUT,701,-4,235395
SWAY_OUTPUT,702,13,235396
SWAY_OUTPUT,703,126,235397
SWAY_OUTPUT,704,127,235398
SWAY_OUTPUT,705,125,235399
SWAY_OUTPUT,706,126,235401
SWAY_OUTPUT,707,126,235402
SWAY_OUTPUT,708,127,235403
SWAY_OUTPUT,709,126,235404
SWAY_OUTPUT,710,124,235405
SWAY_OUTPUT,711,124,235406
SWAY_OUTPUT,712,121,235407
SWAY_OUTPUT,713,125,235408
SWAY_OUTPUT,714,124,235409
SWAY_OUTPUT,715,127,235410
SWAY_OUTPUT,716,120,235412
SWAY_OUTPUT,717,124,235413
SWAY_OUTPUT,718,125,235414
SWAY_OUTPUT,719,127,235415
SWAY_OUTPUT,720,123,235416
SWAY_OUTPUT,721,127,235417
SWAY_OUTPUT,722,-15,235418
SWAY_OUTPUT,723,6,235419
SWAY_OUTPUT,724,25,235420
SWAY_OUTPUT,725,34,235421
SWAY_OUTPUT,726,18,235423
SWAY_OUTPUT,727,12,235424
SWAY_OUTPUT,728,7,235425
SWAY_OUTPUT,729,17,235426
SWAY_OUTPUT,730,6,235427
SWAY_OUTPUT,731,-5,235428
SWAY_OUTPUT,732,-14,235429
SWAY_OUTPUT,733,-33,235430
SWAY_OUTPUT,734,-56,235431
SWAY_OUTPUT,735,-58,235432
SWAY_OUTPUT,736,-14,235434
SWAY_OUTPUT,737,-32,235435
SWAY_OUTPUT,738,-54,235436
SWAY_OUTPUT,739,-58,235437
SWAY_OUTPUT,740,20,235438
SWAY_FRAME,12,227184,235438
SWAY_OUTPUT,741,13,244104
SWAY_STALL,13,244105,252297
SWAY_OUTPUT,742,13,252297
SWAY_OUTPUT,743,13,252298
SWAY_OUTPUT,744,13,252299
SWAY_OUTPUT,745,25,252300
SWAY_OUTPUT,746,36,252301
SWAY_OUTPUT,747,45,252302
SWAY_OUTPUT,748,2,252303
SWAY_OUTPUT,749,-6,252304
SWAY_OUTPUT,750,-12,252305
SWAY_OUTPUT,751,18,252306
SWAY_OUTPUT,752,21,252308
SWAY_OUTPUT,753,22,252309
SWAY_OUTPUT,754,23,252310
SWAY_OUTPUT,755,8,252311
SWAY_OUTPUT,756,2,252312
SWAY_OUTPUT,757,-2,252313
SWAY_OUTPUT,758,-4,252314
SWAY_OUTPUT,759,13,252315
SWAY_OUTPUT,760,126,252316
SWAY_OUTPUT,761,127,252317
SWAY_OUTPUT,762,125,252319
SWAY_OUTPUT,763,126,252320
SWAY_OUTPUT,764,126,252321
SWAY_OUTPUT,765,127,252322
SWAY_OUTPUT,766,126,252323
SWAY_OUTPUT,767,124,252324
SWAY_OUTPUT,768,124,252325
SWAY_OUTPUT,769,121,252326
SWAY_OUTPUT,770,125,252327
SWAY_OUTPUT,771,124,252328
SWAY_OUTPUT,772,127,252330
SWAY_OUTPUT,773,120,252331
SWAY_OUTPUT,774,124,252332
SWAY_OUTPUT,775,125,252333
SWAY_OUTPUT,776,127,252334
SWAY_OUTPUT,777,123,252335
SWAY_OUTPUT,778,127,252336
SWAY_OUTPUT,779,-15,252337
SWAY_OUTPUT,780,6,252338
SWAY_OUTPUT,781,25,252339
SWAY_OUTPUT,782,34,252341
SWAY_OUTPUT,783,18,252342
SWAY_OUTPUT,784,12,252343
SWAY_OUTPUT,785,7,252344
SWAY_OUTPUT,786,17,252345
SWAY_OUTPUT,787,6,252346
SWAY_OUTPUT,788,-5,252347
SWAY_OUTPUT,789,-14,252348
SWAY_OUTPUT,790,-33,252349
SWAY_OUTPUT,791,-56,252350
SWAY_OUTPUT,792,-58,252352
SWAY_OUTPUT,793,-14,252353
SWAY_OUTPUT,794,-32,252354
SWAY_OUTPUT,795,-54,252355
SWAY_OUTPUT,796,-58,252356
SWAY_OUTPUT,797,20,252357
SWAY_FRAME,13,244104,252357
SWAY_PASS frames=14 outputs=798 cycles=254406 drain_cycles=2048
