checking package dependencies
compiling bsv/SwayDelta.bsv
compiling sim/TbSwayDelta.bsv
code generation for mkTbSwayDelta starts
Warning: "bsv/SwayLinear.bsv", line 141, column 14: (G0043)
  Multiple reset signals influence rule `reference0_engine_process1Capture'.
  This can lead to inconsistent, non-atomic results when not all of these
  signals are asserted.
  Method calls by reset:
    Reset 1 (reference0_localReset_leafReset.gen_rst):
      reference0_inputQ.first reference0_inputQ.i_notEmpty
    Reset 2 (reference0_engine_localReset_leafReset.gen_rst):
      reference0_engine_activeOn.read
      reference0_engine_startQ.enq
      reference0_engine_startQ.i_notFull
  During elaboration of rule `process1Capture' at "bsv/SwayLinear.bsv", line
  141, column 14.
  During elaboration of `engine' at "bsv/SwayLinear.bsv", line 616, column 29.
  During elaboration of `reference0' at "sim/TbSwayDelta.bsv", line 14, column
  27.
  During elaboration of `mkTbSwayDelta' at "sim/TbSwayDelta.bsv", line 13,
  column 8.
Warning: "bsv/SwayLinear.bsv", line 200, column 14: (G0043)
  Multiple reset signals influence rule `reference0_engine_process2Chunk'.
  This can lead to inconsistent, non-atomic results when not all of these
  signals are asserted.
  Method calls by reset:
    Reset 1 (reference0_localReset_leafReset.gen_rst):
      reference0_inputQ.first reference0_inputQ.i_notEmpty
    Reset 2 (reference0_engine_localReset_leafReset.gen_rst):
      reference0_engine_chunkLoadOn.read
      reference0_engine_chunkLoadOn.write
      reference0_engine_issueOn.write
  During elaboration of rule `process2Chunk' at "bsv/SwayLinear.bsv", line
  200, column 14.
  During elaboration of `engine' at "bsv/SwayLinear.bsv", line 616, column 29.
  During elaboration of `reference0' at "sim/TbSwayDelta.bsv", line 14, column
  27.
  During elaboration of `mkTbSwayDelta' at "sim/TbSwayDelta.bsv", line 13,
  column 8.
Warning: "bsv/SwayLinear.bsv", line 543, column 14: (G0043)
  Multiple reset signals influence rule `reference0_engine_process8Emit'.
  This can lead to inconsistent, non-atomic results when not all of these
  signals are asserted.
  Method calls by reset:
    Reset 1 (reference0_localReset_leafReset.gen_rst):
      reference0_inputQ.deq reference0_inputQ.i_notEmpty
    Reset 2 (reference0_engine_localReset_leafReset.gen_rst):
      reference0_engine_activeOn.read
      reference0_engine_activeOn.write
      reference0_engine_emitOn.read
      reference0_engine_emitOn.write
      reference0_engine_outputQ.enq
      reference0_engine_outputQ.i_notFull
  During elaboration of rule `process8Emit' at "bsv/SwayLinear.bsv", line 543,
  column 14.
  During elaboration of `engine' at "bsv/SwayLinear.bsv", line 616, column 29.
  During elaboration of `reference0' at "sim/TbSwayDelta.bsv", line 14, column
  27.
  During elaboration of `mkTbSwayDelta' at "sim/TbSwayDelta.bsv", line 13,
  column 8.
Warning: "bsv/SwayLinear.bsv", line 141, column 14: (G0043)
  Multiple reset signals influence rule `reference1_engine_process1Capture'.
  This can lead to inconsistent, non-atomic results when not all of these
  signals are asserted.
  Method calls by reset:
    Reset 1 (reference1_localReset_leafReset.gen_rst):
      reference1_inputQ.first reference1_inputQ.i_notEmpty
    Reset 2 (reference1_engine_localReset_leafReset.gen_rst):
      reference1_engine_activeOn.read
      reference1_engine_startQ.enq
      reference1_engine_startQ.i_notFull
  During elaboration of rule `process1Capture' at "bsv/SwayLinear.bsv", line
  141, column 14.
  During elaboration of `engine' at "bsv/SwayLinear.bsv", line 616, column 29.
  During elaboration of `reference1' at "sim/TbSwayDelta.bsv", line 15, column
  27.
  During elaboration of `mkTbSwayDelta' at "sim/TbSwayDelta.bsv", line 13,
  column 8.
Warning: "bsv/SwayLinear.bsv", line 200, column 14: (G0043)
  Multiple reset signals influence rule `reference1_engine_process2Chunk'.
  This can lead to inconsistent, non-atomic results when not all of these
  signals are asserted.
  Method calls by reset:
    Reset 1 (reference1_localReset_leafReset.gen_rst):
      reference1_inputQ.first reference1_inputQ.i_notEmpty
    Reset 2 (reference1_engine_localReset_leafReset.gen_rst):
      reference1_engine_chunkLoadOn.read
      reference1_engine_chunkLoadOn.write
      reference1_engine_issueOn.write
  During elaboration of rule `process2Chunk' at "bsv/SwayLinear.bsv", line
  200, column 14.
  During elaboration of `engine' at "bsv/SwayLinear.bsv", line 616, column 29.
  During elaboration of `reference1' at "sim/TbSwayDelta.bsv", line 15, column
  27.
  During elaboration of `mkTbSwayDelta' at "sim/TbSwayDelta.bsv", line 13,
  column 8.
Warning: "bsv/SwayLinear.bsv", line 543, column 14: (G0043)
  Multiple reset signals influence rule `reference1_engine_process8Emit'.
  This can lead to inconsistent, non-atomic results when not all of these
  signals are asserted.
  Method calls by reset:
    Reset 1 (reference1_localReset_leafReset.gen_rst):
      reference1_inputQ.deq reference1_inputQ.i_notEmpty
    Reset 2 (reference1_engine_localReset_leafReset.gen_rst):
      reference1_engine_activeOn.read
      reference1_engine_activeOn.write
      reference1_engine_emitOn.read
      reference1_engine_emitOn.write
      reference1_engine_outputQ.enq
      reference1_engine_outputQ.i_notFull
  During elaboration of rule `process8Emit' at "bsv/SwayLinear.bsv", line 543,
  column 14.
  During elaboration of `engine' at "bsv/SwayLinear.bsv", line 616, column 29.
  During elaboration of `reference1' at "sim/TbSwayDelta.bsv", line 15, column
  27.
  During elaboration of `mkTbSwayDelta' at "sim/TbSwayDelta.bsv", line 13,
  column 8.
Warning: "sim/TbSwayDelta.bsv", line 41, column 14: (G0043)
  Multiple reset signals influence rule `send0'.
  This can lead to inconsistent, non-atomic results when not all of these
  signals are asserted.
  Method calls by reset:
    Reset 1 (default_reset):
      cycleCnt.read sent0Cnt.read sent0Cnt.write
    Reset 2 (reference0_localReset_leafReset.gen_rst):
      reference0_inputQ.enq reference0_inputQ.i_notFull
    Reset 3 (dedicated0_localReset_leafReset.gen_rst):
      dedicated0_input0Q.enq dedicated0_input0Q.i_notFull
    Reset 4 (shared_localReset_leafReset.gen_rst):
      shared_input0Q.enq shared_input0Q.i_notFull
  During elaboration of rule `send0' at "sim/TbSwayDelta.bsv", line 41, column
  14.
  During elaboration of `mkTbSwayDelta' at "sim/TbSwayDelta.bsv", line 13,
  column 8.
Warning: "sim/TbSwayDelta.bsv", line 53, column 14: (G0043)
  Multiple reset signals influence rule `send1'.
  This can lead to inconsistent, non-atomic results when not all of these
  signals are asserted.
  Method calls by reset:
    Reset 1 (default_reset):
      cycleCnt.read sent1Cnt.read sent1Cnt.write
    Reset 2 (reference1_localReset_leafReset.gen_rst):
      reference1_inputQ.enq reference1_inputQ.i_notFull
    Reset 3 (dedicated1_localReset_leafReset.gen_rst):
      dedicated1_input1Q.enq dedicated1_input1Q.i_notFull
    Reset 4 (shared_localReset_leafReset.gen_rst):
      shared_input1Q.enq shared_input1Q.i_notFull
  During elaboration of rule `send1' at "sim/TbSwayDelta.bsv", line 53, column
  14.
  During elaboration of `mkTbSwayDelta' at "sim/TbSwayDelta.bsv", line 13,
  column 8.
Warning: "sim/TbSwayDelta.bsv", line 65, column 14: (G0043)
  Multiple reset signals influence rule `receive0'.
  This can lead to inconsistent, non-atomic results when not all of these
  signals are asserted.
  Method calls by reset:
    Reset 1 (default_reset):
      cycleCnt.read received0Cnt.read received0Cnt.write
    Reset 2 (reference0_engine_localReset_leafReset.gen_rst):
      reference0_engine_outputQ.deq
      reference0_engine_outputQ.first
      reference0_engine_outputQ.i_notEmpty
    Reset 3 (dedicated0_localReset_leafReset.gen_rst):
      dedicated0_output0Q.deq
      dedicated0_output0Q.first
      dedicated0_output0Q.i_notEmpty
    Reset 4 (shared_localReset_leafReset.gen_rst):
      shared_output0Q.deq shared_output0Q.first shared_output0Q.i_notEmpty
  During elaboration of rule `receive0' at "sim/TbSwayDelta.bsv", line 65,
  column 14.
  During elaboration of `mkTbSwayDelta' at "sim/TbSwayDelta.bsv", line 13,
  column 8.
Warning: "sim/TbSwayDelta.bsv", line 76, column 14: (G0043)
  Multiple reset signals influence rule `receive1'.
  This can lead to inconsistent, non-atomic results when not all of these
  signals are asserted.
  Method calls by reset:
    Reset 1 (default_reset):
      cycleCnt.read received1Cnt.read received1Cnt.write
    Reset 2 (reference1_engine_localReset_leafReset.gen_rst):
      reference1_engine_outputQ.deq
      reference1_engine_outputQ.first
      reference1_engine_outputQ.i_notEmpty
    Reset 3 (dedicated1_localReset_leafReset.gen_rst):
      dedicated1_output1Q.deq
      dedicated1_output1Q.first
      dedicated1_output1Q.i_notEmpty
    Reset 4 (shared_localReset_leafReset.gen_rst):
      shared_output1Q.deq shared_output1Q.first shared_output1Q.i_notEmpty
  During elaboration of rule `receive1' at "sim/TbSwayDelta.bsv", line 76,
  column 14.
  During elaboration of `mkTbSwayDelta' at "sim/TbSwayDelta.bsv", line 13,
  column 8.
Warning: "sim/TbSwayDelta.bsv", line 13, column 8: (G0010)
  Rule "reference0_engine_process2Chunk" was treated as more urgent than
  "reference0_engine_process2Read". Conflicts:
    "reference0_engine_process2Chunk" cannot fire before "reference0_engine_process2Read":
      calls to
	reference0_engine_chunkR.write vs. reference0_engine_chunkR.read
	reference0_engine_issueOn.write vs. reference0_engine_issueOn.read
    "reference0_engine_process2Read" cannot fire before "reference0_engine_process2Chunk":
      calls to
	reference0_engine_chunkCnt.write vs. reference0_engine_chunkCnt.read
	reference0_engine_chunkLoadOn.write vs. reference0_engine_chunkLoadOn.read
Warning: "sim/TbSwayDelta.bsv", line 13, column 8: (G0010)
  Rule "reference0_engine_process1" was treated as more urgent than
  "reference0_engine_process3Restart". Conflicts:
    "reference0_engine_process1" cannot fire before "reference0_engine_process3Restart":
      calls to
	reference0_engine_groupStartQ.enq vs. reference0_engine_groupStartQ.enq
    "reference0_engine_process3Restart" cannot fire before "reference0_engine_process1":
      calls to
	reference0_engine_groupStartQ.enq vs. reference0_engine_groupStartQ.enq
Warning: "sim/TbSwayDelta.bsv", line 13, column 8: (G0010)
  Rule "reference1_engine_process2Chunk" was treated as more urgent than
  "reference1_engine_process2Read". Conflicts:
    "reference1_engine_process2Chunk" cannot fire before "reference1_engine_process2Read":
      calls to
	reference1_engine_chunkR.write vs. reference1_engine_chunkR.read
	reference1_engine_issueOn.write vs. reference1_engine_issueOn.read
    "reference1_engine_process2Read" cannot fire before "reference1_engine_process2Chunk":
      calls to
	reference1_engine_chunkCnt.write vs. reference1_engine_chunkCnt.read
	reference1_engine_chunkLoadOn.write vs. reference1_engine_chunkLoadOn.read
Warning: "sim/TbSwayDelta.bsv", line 13, column 8: (G0010)
  Rule "reference1_engine_process1" was treated as more urgent than
  "reference1_engine_process3Restart". Conflicts:
    "reference1_engine_process1" cannot fire before "reference1_engine_process3Restart":
      calls to
	reference1_engine_groupStartQ.enq vs. reference1_engine_groupStartQ.enq
    "reference1_engine_process3Restart" cannot fire before "reference1_engine_process1":
      calls to
	reference1_engine_groupStartQ.enq vs. reference1_engine_groupStartQ.enq
Warning: "sim/TbSwayDelta.bsv", line 13, column 8: (G0117)
  Rule `reference1_engine_process1' shadows the effects of
  `reference1_engine_process8Emit' when they execute in the same clock cycle.
  Affected method calls:
    reference1_engine_activeOn.write
  To silence this warning, use the `-no-warn-action-shadowing' flag.
Warning: "sim/TbSwayDelta.bsv", line 13, column 8: (G0117)
  Rule `reference1_engine_process1' shadows the effects of
  `reference1_engine_process3' when they execute in the same clock cycle.
  Affected method calls:
    reference1_engine_sumR.write
  To silence this warning, use the `-no-warn-action-shadowing' flag.
Warning: "sim/TbSwayDelta.bsv", line 13, column 8: (G0117)
  Rule `reference1_engine_process1' shadows the effects of
  `reference1_engine_process2Read' when they execute in the same clock cycle.
  Affected method calls:
    reference1_engine_addressCnt.write
  To silence this warning, use the `-no-warn-action-shadowing' flag.
Warning: "sim/TbSwayDelta.bsv", line 13, column 8: (G0117)
  Rule `reference1_engine_process1Group' shadows the effects of
  `reference1_engine_process2Read' when they execute in the same clock cycle.
  Affected method calls:
    reference1_engine_inputCnt.write, reference1_engine_chunkCnt.write
  To silence this warning, use the `-no-warn-action-shadowing' flag.
Warning: "sim/TbSwayDelta.bsv", line 13, column 8: (G0117)
  Rule `reference1_engine_process1Group' shadows the effects of
  `reference1_engine_process2Chunk' when they execute in the same clock cycle.
  Affected method calls:
    reference1_engine_chunkLoadOn.write
  To silence this warning, use the `-no-warn-action-shadowing' flag.
Warning: "sim/TbSwayDelta.bsv", line 13, column 8: (G0117)
  Rule `reference0_engine_process1' shadows the effects of
  `reference0_engine_process8Emit' when they execute in the same clock cycle.
  Affected method calls:
    reference0_engine_activeOn.write
  To silence this warning, use the `-no-warn-action-shadowing' flag.
Warning: "sim/TbSwayDelta.bsv", line 13, column 8: (G0117)
  Rule `reference0_engine_process1' shadows the effects of
  `reference0_engine_process3' when they execute in the same clock cycle.
  Affected method calls:
    reference0_engine_sumR.write
  To silence this warning, use the `-no-warn-action-shadowing' flag.
Warning: "sim/TbSwayDelta.bsv", line 13, column 8: (G0117)
  Rule `reference0_engine_process1' shadows the effects of
  `reference0_engine_process2Read' when they execute in the same clock cycle.
  Affected method calls:
    reference0_engine_addressCnt.write
  To silence this warning, use the `-no-warn-action-shadowing' flag.
Warning: "sim/TbSwayDelta.bsv", line 13, column 8: (G0117)
  Rule `reference0_engine_process1Group' shadows the effects of
  `reference0_engine_process2Read' when they execute in the same clock cycle.
  Affected method calls:
    reference0_engine_inputCnt.write, reference0_engine_chunkCnt.write
  To silence this warning, use the `-no-warn-action-shadowing' flag.
Warning: "sim/TbSwayDelta.bsv", line 13, column 8: (G0117)
  Rule `reference0_engine_process1Group' shadows the effects of
  `reference0_engine_process2Chunk' when they execute in the same clock cycle.
  Affected method calls:
    reference0_engine_chunkLoadOn.write
  To silence this warning, use the `-no-warn-action-shadowing' flag.
Schedule dump file created: sim/mkTbSwayDelta.sched
Elaborated module file created: /workspace/scratch/e6420b0fda2a/delta_check/mkTbSwayDelta.ba
All packages are up to date.
