Info: constraining clock net 'CLK_clk_25mhz' to 25.00 MHz
Warning: net 'pll_clk_100mhz' does not exist in design, ignoring clock constraint
Warning: net 'pll_clk_125mhz' does not exist in design, ignoring clock constraint

Info: Logic utilisation before packing:
Info:     Total LUT4s:     43067/83640    51%
Info:         logic LUTs:  30981/83640    37%
Info:         carry LUTs:   9080/83640    10%
Info:           RAM LUTs:   2004/10455    19%
Info:          RAMW LUTs:   1002/20910     4%

Info:      Total DFFs:     46909/83640    56%

Info: Packing IOs..
Info: pin 'led[7]$tr_io' constrained to Bel 'X0/Y41/PIOD'.
Info: pin 'led[6]$tr_io' constrained to Bel 'X0/Y38/PIOD'.
Info: pin 'led[5]$tr_io' constrained to Bel 'X0/Y44/PIOD'.
Info: pin 'led[4]$tr_io' constrained to Bel 'X0/Y38/PIOB'.
Info: pin 'led[3]$tr_io' constrained to Bel 'X0/Y38/PIOC'.
Info: pin 'led[2]$tr_io' constrained to Bel 'X0/Y38/PIOA'.
Info: pin 'led[1]$tr_io' constrained to Bel 'X0/Y35/PIOD'.
Info: pin 'led[0]$tr_io' constrained to Bel 'X0/Y35/PIOC'.
Info: pin 'ftdi_txd$tr_io' constrained to Bel 'X0/Y89/PIOB'.
Info: pin 'ftdi_rxd$tr_io' constrained to Bel 'X0/Y56/PIOC'.
Info: pin 'CLK_clk_25mhz$tr_io' constrained to Bel 'X0/Y47/PIOA'.
Info: placed PLL 'clocks_pll.pll_i' at bel 'X1/Y4/EHXPLL_UL'
Info: Packing constants..
Info: Packing carries...
Info: Packing LUTs...
Info: Packing LUT5-7s...
Info: Packing FFs...
Info:     14084 FFs paired with LUTs.
Info: Generating derived timing constraints...
Info:     Input frequency of PLL 'clocks_pll.pll_i' is constrained to 25.0 MHz
Info:     Derived frequency constraint of 125.0 MHz for net clocks_pll.clk_125mhz
Info:     Derived frequency constraint of 100.0 MHz for net clocks_coreReset.CLK
Info:     Derived frequency constraint of 25.0 MHz for net clocks_pll.clk_25mhz
Info: Promoting globals...
Info:     promoting clock net clocks_coreReset.CLK to global network
Info:     promoting clock net CLK_clk_25mhz$TRELLIS_IO_IN to global network
Info: Checksum: 0x41dfc3e2

Info: Device utilisation:
Info: 	          TRELLIS_IO:      11/    365     3%
Info: 	                DCCA:       2/     56     3%
Info: 	              DP16KD:      49/    208    23%
Info: 	          MULT18X18D:       0/    156     0%
Info: 	              ALU54B:       0/     78     0%
Info: 	             EHXPLLL:       1/      4    25%
Info: 	             EXTREFB:       0/      2     0%
Info: 	                DCUA:       0/      2     0%
Info: 	           PCSCLKDIV:       0/      2     0%
Info: 	             IOLOGIC:       0/    224     0%
Info: 	            SIOLOGIC:       0/    141     0%
Info: 	                 GSR:       0/      1     0%
Info: 	               JTAGG:       0/      1     0%
Info: 	                OSCG:       0/      1     0%
Info: 	               SEDGA:       0/      1     0%
Info: 	                 DTR:       0/      1     0%
Info: 	             USRMCLK:       0/      1     0%
Info: 	             CLKDIVF:       0/      4     0%
Info: 	           ECLKSYNCB:       0/     10     0%
Info: 	             DLLDELD:       0/      8     0%
Info: 	              DDRDLL:       0/      4     0%
Info: 	             DQSBUFM:       0/     14     0%
Info: 	     TRELLIS_ECLKBUF:       0/      8     0%
Info: 	        ECLKBRIDGECS:       0/      2     0%
Info: 	                DCSC:       0/      2     0%
Info: 	          TRELLIS_FF:   46909/  83640    56%
Info: 	        TRELLIS_COMB:   45993/  83640    54%
Info: 	        TRELLIS_RAMW:     501/  10455     4%

Info: Placed 12 cells based on constraints.
Info: Creating initial analytic placement for 62964 cells, random placement wirelen = 6408230.
Info:     at initial placer iter 0, wirelen = 10223
Info:     at initial placer iter 1, wirelen = 10323
Info:     at initial placer iter 2, wirelen = 10111
Info:     at initial placer iter 3, wirelen = 10257
Info: Running main analytical placer.
Info:     at iteration #1, type ALL: wirelen solved = 10292, spread = 1027198, legal = 1408382; time = 69.39s
Info:     at iteration #2, type ALL: wirelen solved = 83516, spread = 333377, legal = 663335; time = 29.36s
Info:     at iteration #3, type ALL: wirelen solved = 118212, spread = 268595, legal = 581529; time = 27.98s
Info:     at iteration #4, type ALL: wirelen solved = 130196, spread = 244588, legal = 530849; time = 21.22s
Info:     at iteration #5, type ALL: wirelen solved = 140753, spread = 235079, legal = 502248; time = 18.85s
Info:     at iteration #6, type ALL: wirelen solved = 150751, spread = 231887, legal = 501286; time = 21.03s
Info:     at iteration #7, type ALL: wirelen solved = 160537, spread = 234828, legal = 514685; time = 26.10s
Info:     at iteration #8, type ALL: wirelen solved = 170931, spread = 238262, legal = 486655; time = 23.74s
Info:     at iteration #9, type ALL: wirelen solved = 179562, spread = 240401, legal = 501269; time = 21.76s
Info:     at iteration #10, type ALL: wirelen solved = 188871, spread = 249186, legal = 482662; time = 19.60s
Info:     at iteration #11, type ALL: wirelen solved = 203676, spread = 256729, legal = 471926; time = 19.95s
Info:     at iteration #12, type ALL: wirelen solved = 210609, spread = 262559, legal = 459445; time = 13.62s
Info:     at iteration #13, type ALL: wirelen solved = 218702, spread = 266543, legal = 447609; time = 15.59s
Info:     at iteration #14, type ALL: wirelen solved = 227044, spread = 274674, legal = 434511; time = 11.63s
Info:     at iteration #15, type ALL: wirelen solved = 232500, spread = 277141, legal = 435332; time = 10.16s
Info:     at iteration #16, type ALL: wirelen solved = 242284, spread = 283468, legal = 422816; time = 9.11s
Info:     at iteration #17, type ALL: wirelen solved = 248876, spread = 289459, legal = 408535; time = 7.82s
Info:     at iteration #18, type ALL: wirelen solved = 254939, spread = 294228, legal = 408598; time = 8.66s
Info:     at iteration #19, type ALL: wirelen solved = 262218, spread = 298851, legal = 399601; time = 6.99s
Info:     at iteration #20, type ALL: wirelen solved = 267054, spread = 301381, legal = 396214; time = 5.58s
Info:     at iteration #21, type ALL: wirelen solved = 270387, spread = 306364, legal = 391547; time = 5.21s
Info:     at iteration #22, type ALL: wirelen solved = 273239, spread = 305907, legal = 384909; time = 5.10s
Info:     at iteration #23, type ALL: wirelen solved = 275516, spread = 308095, legal = 383962; time = 4.56s
Info:     at iteration #24, type ALL: wirelen solved = 278136, spread = 315292, legal = 386390; time = 4.07s
Info:     at iteration #25, type ALL: wirelen solved = 280457, spread = 311505, legal = 381291; time = 4.09s
Info:     at iteration #26, type ALL: wirelen solved = 282443, spread = 313108, legal = 379136; time = 4.36s
Info:     at iteration #27, type ALL: wirelen solved = 284388, spread = 316478, legal = 378312; time = 4.05s
Info:     at iteration #28, type ALL: wirelen solved = 286273, spread = 317796, legal = 377945; time = 4.72s
Info:     at iteration #29, type ALL: wirelen solved = 289325, spread = 319158, legal = 377244; time = 3.98s
Info:     at iteration #30, type ALL: wirelen solved = 290788, spread = 320588, legal = 375939; time = 4.11s
Info:     at iteration #31, type ALL: wirelen solved = 292116, spread = 324724, legal = 375610; time = 3.77s
Info:     at iteration #32, type ALL: wirelen solved = 294368, spread = 324418, legal = 371369; time = 3.46s
Info:     at iteration #33, type ALL: wirelen solved = 294548, spread = 325879, legal = 371386; time = 3.75s
Info:     at iteration #34, type ALL: wirelen solved = 295842, spread = 328132, legal = 371212; time = 3.82s
Info:     at iteration #35, type ALL: wirelen solved = 297955, spread = 326548, legal = 367784; time = 3.68s
Info: HeAP Placer Time: 509.06s
Info:   of which solving equations: 101.41s
Info:   of which spreading cells: 31.32s
Info:   of which strict legalisation: 339.00s

Info: Running simulated annealing placer for refinement.
Info:   at iteration #1: temp = 0.000000, timing cost = 2763, wirelen = 367784
Info:   at iteration #5: temp = 0.000000, timing cost = 1435, wirelen = 329288
Info:   at iteration #10: temp = 0.000000, timing cost = 1202, wirelen = 313888
Info:   at iteration #15: temp = 0.000000, timing cost = 1032, wirelen = 304555
Info:   at iteration #20: temp = 0.000000, timing cost = 1005, wirelen = 300646
Info:   at iteration #25: temp = 0.000000, timing cost = 1027, wirelen = 298582
Info:   at iteration #30: temp = 0.000000, timing cost = 1038, wirelen = 297544
Info:   at iteration #35: temp = 0.000000, timing cost = 1062, wirelen = 297061
Info:   at iteration #40: temp = 0.000000, timing cost = 913, wirelen = 296720
Info:   at iteration #45: temp = 0.000000, timing cost = 1004, wirelen = 296506
Info:   at iteration #48: temp = 0.000000, timing cost = 991, wirelen = 296397 
Info: SA placement time 380.35s

Info: Max frequency for clock '$glbnet$CLK_clk_25mhz$TRELLIS_IO_IN': 118.55 MHz (PASS at 25.00 MHz)
Info: Max frequency for clock        '$glbnet$clocks_coreReset.CLK': 64.81 MHz (FAIL at 100.00 MHz)

Info: Max delay <async>                                     -> posedge $glbnet$CLK_clk_25mhz$TRELLIS_IO_IN: 5.04 ns
Info: Max delay posedge $glbnet$CLK_clk_25mhz$TRELLIS_IO_IN -> <async>                                    : 12.44 ns
Info: Max delay posedge $glbnet$CLK_clk_25mhz$TRELLIS_IO_IN -> posedge $glbnet$clocks_coreReset.CLK       : 2.62 ns
Info: Max delay posedge $glbnet$clocks_coreReset.CLK        -> posedge $glbnet$CLK_clk_25mhz$TRELLIS_IO_IN: 2.62 ns

Info: Slack histogram:
Info:  legend: * represents 501 endpoint(s)
Info:          + represents [1,501) endpoint(s)
Info: [ -5429,  -3195) |+
Info: [ -3195,   -961) |*+
Info: [  -961,   1273) |************+
Info: [  1273,   3507) |************************************+
Info: [  3507,   5741) |************************************************************ 
Info: [  5741,   7975) |*********************************************************+
Info: [  7975,  10209) |**********************************************+
Info: [ 10209,  12443) | 
Info: [ 12443,  14677) | 
Info: [ 14677,  16911) | 
Info: [ 16911,  19145) | 
Info: [ 19145,  21379) | 
Info: [ 21379,  23613) | 
Info: [ 23613,  25847) | 
Info: [ 25847,  28081) | 
Info: [ 28081,  30315) | 
Info: [ 30315,  32549) |+
Info: [ 32549,  34783) |+
Info: [ 34783,  37017) |+
Info: [ 37017,  39251) |+
Info: Checksum: 0x545d51c9
Info: Routing globals...
Info:     routing clock net $glbnet$CLK_clk_25mhz$TRELLIS_IO_IN using global 0
Info:     routing clock net $glbnet$clocks_coreReset.CLK using global 1

Info: Routing..
Info: Setting up routing queue.
Info: Routing 236107 arcs.
Info:            |   (re-)routed arcs  |   delta    | remaining|       time spent     |
Info:    IterCnt |  w/ripup   wo/ripup |  w/r  wo/r |      arcs| batch(sec) total(sec)|
Info:       1000 |       44        955 |   44   955 |    235177|       6.21       6.21|
Info:       2000 |      117       1882 |   73   927 |    234331|       0.53       6.75|
Info:       3000 |      191       2808 |   74   926 |    233508|       0.48       7.23|
Info:       4000 |      263       3736 |   72   928 |    232641|       0.50       7.73|
Info:       5000 |      334       4665 |   71   929 |    231820|       0.56       8.29|
Info:       6000 |      415       5584 |   81   919 |    230983|       0.55       8.84|
Info:       7000 |      497       6502 |   82   918 |    230181|       0.50       9.34|
Info:       8000 |      544       7455 |   47   953 |    229242|       0.51       9.85|
Info:       9000 |      616       8383 |   72   928 |    228410|       0.52      10.37|
Info:      10000 |      686       9313 |   70   930 |    227551|       0.53      10.90|
Info:      11000 |      743      10256 |   57   943 |    226667|       0.46      11.36|
Info:      12000 |      794      11205 |   51   949 |    225740|       0.46      11.82|
Info:      13000 |      836      12163 |   42   958 |    224818|       0.45      12.27|
Info:      14000 |      887      13112 |   51   949 |    223919|       0.47      12.74|
Info:      15000 |      931      14068 |   44   956 |    223001|       0.49      13.23|
Info:      16000 |      976      15023 |   45   955 |    222094|       0.43      13.66|
Info:      17000 |     1034      15965 |   58   942 |    221189|       0.49      14.15|
Info:      18000 |     1101      16898 |   67   933 |    220382|       0.41      14.56|
Info:      19000 |     1150      17849 |   49   951 |    219467|       0.47      15.03|
Info:      20000 |     1211      18788 |   61   939 |    218554|       0.46      15.49|
Info:      21000 |     1262      19737 |   51   949 |    217658|       0.44      15.93|
Info:      22000 |     1333      20666 |   71   929 |    216763|       0.49      16.42|
Info:      23000 |     1398      21601 |   65   935 |    215883|       0.44      16.86|
Info:      24000 |     1448      22551 |   50   950 |    214952|       0.49      17.35|
Info:      25000 |     1522      23477 |   74   926 |    214090|       0.45      17.80|
Info:      26000 |     1581      24418 |   59   941 |    213203|       0.54      18.34|
Info:      27000 |     1656      25343 |   75   925 |    212335|       0.49      18.83|
Info:      28000 |     1715      26284 |   59   941 |    211415|       0.46      19.29|
Info:      29000 |     1789      27210 |   74   926 |    210697|       0.53      19.82|
Info:      30000 |     1860      28139 |   71   929 |    209781|       0.55      20.37|
Info:      31000 |     1930      29069 |   70   930 |    208903|       0.50      20.87|
Info:      32000 |     1996      30003 |   66   934 |    207997|       0.52      21.39|
Info:      33000 |     2073      30926 |   77   923 |    207112|       0.60      21.99|
Info:      34000 |     2142      31857 |   69   931 |    206228|       0.53      22.53|
Info:      35000 |     2216      32783 |   74   926 |    205324|       0.58      23.11|
Info:      36000 |     2271      33728 |   55   945 |    204387|       0.51      23.62|
Info:      37000 |     2361      34638 |   90   910 |    203606|       0.52      24.14|
Info:      38000 |     2434      35565 |   73   927 |    202789|       0.52      24.66|
Info:      39000 |     2514      36485 |   80   920 |    201970|       0.56      25.22|
Info:      40000 |     2609      37390 |   95   905 |    201086|       0.53      25.75|
Info:      41000 |     2685      38314 |   76   924 |    200189|       0.54      26.28|
Info:      42000 |     2739      39260 |   54   946 |    199310|       0.60      26.89|
Info:      43000 |     2821      40178 |   82   918 |    198403|       0.51      27.39|
Info:      44000 |     2896      41103 |   75   925 |    197497|       0.50      27.89|
Info:      45000 |     2972      42027 |   76   924 |    196585|       0.61      28.50|
Info:      46000 |     3042      42957 |   70   930 |    195754|       0.51      29.01|
Info:      47000 |     3121      43878 |   79   921 |    194905|       0.54      29.55|
Info:      48000 |     3228      44771 |  107   893 |    194125|       0.56      30.11|
Info:      49000 |     3307      45692 |   79   921 |    193244|       0.64      30.76|
Info:      50000 |     3387      46612 |   80   920 |    192350|       0.53      31.29|
Info:      51000 |     3462      47537 |   75   925 |    191448|       0.58      31.86|
Info:      52000 |     3555      48444 |   93   907 |    190648|       0.58      32.45|
Info:      53000 |     3616      49383 |   61   939 |    189738|       0.72      33.17|
Info:      54000 |     3692      50307 |   76   924 |    188863|       0.54      33.70|
Info:      55000 |     3771      51228 |   79   921 |    188046|       0.52      34.22|
Info:      56000 |     3867      52132 |   96   904 |    187170|       0.52      34.74|
Info:      57000 |     3948      53051 |   81   919 |    186278|       0.68      35.42|
Info:      58000 |     4046      53953 |   98   902 |    185482|       0.53      35.95|
Info:      59000 |     4123      54876 |   77   923 |    184591|       0.61      36.56|
Info:      60000 |     4199      55800 |   76   924 |    183676|       0.67      37.23|
Info:      61000 |     4284      56715 |   85   915 |    182811|       0.71      37.94|
Info:      62000 |     4367      57632 |   83   917 |    181911|       0.59      38.53|
Info:      63000 |     4463      58536 |   96   904 |    181015|       0.60      39.13|
Info:      64000 |     4549      59450 |   86   914 |    180128|       0.60      39.73|
Info:      65000 |     4655      60344 |  106   894 |    179408|       0.71      40.45|
Info:      66000 |     4734      61265 |   79   921 |    178533|       0.66      41.10|
Info:      67000 |     4808      62191 |   74   926 |    177616|       0.64      41.75|
Info:      68000 |     4897      63102 |   89   911 |    176727|       0.63      42.37|
Info:      69000 |     4972      64027 |   75   925 |    175936|       0.69      43.06|
Info:      70000 |     5054      64945 |   82   918 |    175037|       0.76      43.82|
Info:      71000 |     5128      65871 |   74   926 |    174121|       0.69      44.51|
Info:      72000 |     5204      66795 |   76   924 |    173200|       0.62      45.13|
Info:      73000 |     5303      67696 |   99   901 |    172308|       0.59      45.73|
Info:      74000 |     5404      68595 |  101   899 |    171422|       0.73      46.46|
Info:      75000 |     5498      69501 |   94   906 |    170527|       0.65      47.10|
Info:      76000 |     5594      70405 |   96   904 |    169640|       0.64      47.74|
Info:      77000 |     5680      71319 |   86   914 |    168796|       0.63      48.37|
Info:      78000 |     5786      72213 |  106   894 |    167960|       0.67      49.05|
Info:      79000 |     5872      73127 |   86   914 |    167060|       0.82      49.86|
Info:      80000 |     5948      74051 |   76   924 |    166144|       0.77      50.63|
Info:      81000 |     6032      74967 |   84   916 |    165292|       0.67      51.30|
Info:      82000 |     6111      75888 |   79   921 |    164401|       0.68      51.98|
Info:      83000 |     6222      76777 |  111   889 |    163556|       0.75      52.73|
Info:      84000 |     6334      77652 |  112   875 |    162674|       0.61      53.35|
Info:      85000 |     6401      78585 |   67   933 |    161744|       0.62      53.96|
Info:      86000 |     6504      79482 |  103   897 |    160892|       0.64      54.60|
Info:      87000 |     6604      80382 |  100   900 |    160005|       0.74      55.34|
Info:      88000 |     6678      81306 |   74   924 |    159082|       0.77      56.11|
Info:      89000 |     6774      82210 |   96   904 |    158183|       0.62      56.73|
Info:      90000 |     6872      83112 |   98   902 |    157294|       0.68      57.41|
Info:      91000 |     6986      83997 |  114   885 |    156417|       0.83      58.24|
Info:      92000 |     7103      84880 |  117   883 |    155543|       0.79      59.03|
Info:      93000 |     7201      85782 |   98   902 |    154660|       0.87      59.89|
Info:      94000 |     7307      86675 |  106   893 |    153801|       0.70      60.60|
Info:      95000 |     7407      87575 |  100   900 |    152906|       0.66      61.25|
Info:      96000 |     7543      88439 |  136   864 |    152072|       0.61      61.86|
Info:      97000 |     7658      89323 |  115   884 |    151221|       0.64      62.50|
Info:      98000 |     7756      90225 |   98   902 |    150449|       0.86      63.36|
Info:      99000 |     7874      91107 |  118   882 |    149577|       0.63      63.99|
Info:     100000 |     7990      91991 |  116   884 |    148703|       0.66      64.65|
Info:     101000 |     8101      92879 |  111   888 |    147891|       0.73      65.38|
Info:     102000 |     8220      93759 |  119   880 |    147025|       0.78      66.16|
Info:     103000 |     8337      94641 |  117   882 |    146184|       0.78      66.94|
Info:     104000 |     8450      95528 |  113   887 |    145384|       1.04      67.98|
Info:     105000 |     8582      96396 |  132   868 |    144567|       0.83      68.81|
Info:     106000 |     8705      97267 |  123   871 |    143742|       0.72      69.53|
Info:     107000 |     8818      98154 |  113   887 |    142973|       0.81      70.35|
Info:     108000 |     8967      99002 |  149   848 |    142156|       0.80      71.14|
Info:     109000 |     9087      99876 |  120   874 |    141319|       0.97      72.11|
Info:     110000 |     9182     100781 |   95   905 |    140442|       0.89      73.00|
Info:     111000 |     9342     101621 |  160   840 |    139718|       0.85      73.86|
Info:     112000 |     9478     102484 |  136   863 |    138875|       0.93      74.79|
Info:     113000 |     9621     103338 |  143   854 |    138079|       0.82      75.60|
Info:     114000 |     9724     104233 |  103   895 |    137203|       0.78      76.39|
Info:     115000 |     9898     105047 |  174   814 |    136444|       0.76      77.15|
Info:     116000 |    10029     105914 |  131   867 |    135665|       0.93      78.08|
Info:     117000 |    10161     106765 |  132   851 |    134835|       0.79      78.87|
Info:     118000 |    10290     107629 |  129   864 |    133995|       0.79      79.66|
Info:     119000 |    10440     108477 |  150   848 |    133184|       0.87      80.53|
Info:     120000 |    10574     109331 |  134   854 |    132334|       0.87      81.40|
Info:     121000 |    10704     110199 |  130   868 |    131490|       0.84      82.25|
Info:     122000 |    10845     111038 |  141   839 |    130652|       0.88      83.12|
Info:     123000 |    10962     111916 |  117   878 |    129815|       1.35      84.48|
Info:     124000 |    11143     112731 |  181   815 |    129499|       0.92      85.40|
Info:     125000 |    11304     113564 |  161   833 |    128754|       0.88      86.27|
Info:     126000 |    11458     114404 |  154   840 |    127934|       0.83      87.11|
Info:     127000 |    11566     115293 |  108   889 |    127054|       0.75      87.86|
Info:     128000 |    11706     116131 |  140   838 |    126240|       0.86      88.71|
Info:     129000 |    11826     117006 |  120   875 |    125402|       0.85      89.56|
Info:     130000 |    11986     117826 |  160   820 |    124581|       0.80      90.36|
Info:     131000 |    12101     118703 |  115   877 |    123717|       1.13      91.49|
Info:     132000 |    12261     119526 |  160   823 |    122899|       0.78      92.27|
Info:     133000 |    12426     120350 |  165   824 |    122148|       0.91      93.18|
Info:     134000 |    12591     121155 |  165   805 |    121348|       0.91      94.09|
Info:     135000 |    12748     121989 |  157   834 |    120564|       0.97      95.06|
Info:     136000 |    12882     122824 |  134   835 |    119715|       0.86      95.92|
Info:     137000 |    13043     123649 |  161   825 |    118983|       0.87      96.79|
Info:     138000 |    13186     124483 |  143   834 |    118134|       0.84      97.63|
Info:     139000 |    13321     125337 |  135   854 |    117368|       1.29      98.93|
Info:     140000 |    13472     126170 |  151   833 |    116582|       1.13     100.06|
Info:     141000 |    13662     126934 |  190   764 |    115797|       0.85     100.91|
Info:     142000 |    13831     127727 |  169   793 |    114982|       0.80     101.71|
Info:     143000 |    14003     128506 |  172   779 |    114188|       0.82     102.52|
Info:     144000 |    14192     129288 |  189   782 |    113423|       0.93     103.45|
Info:     145000 |    14374     130089 |  182   801 |    112639|       1.33     104.78|
Info:     146000 |    14512     130895 |  138   806 |    111799|       0.88     105.67|
Info:     147000 |    14710     131650 |  198   755 |    111215|       0.94     106.61|
Info:     148000 |    14872     132450 |  162   800 |    110405|       0.85     107.46|
Info:     149000 |    15098     133216 |  226   766 |    109939|       1.37     108.83|
Info:     150000 |    15269     133987 |  171   771 |    109120|       0.80     109.63|
Info:     151000 |    15457     134752 |  188   765 |    108316|       0.90     110.54|
Info:     152000 |    15661     135486 |  204   734 |    107541|       0.89     111.43|
Info:     153000 |    15861     136224 |  200   738 |    106817|       0.84     112.27|
Info:     154000 |    16046     136989 |  185   765 |    106026|       0.90     113.17|
Info:     155000 |    16201     137769 |  155   780 |    105231|       0.93     114.10|
Info:     156000 |    16397     138498 |  196   729 |    104482|       0.89     114.99|
Info:     157000 |    16620     139248 |  223   750 |    103853|       0.96     115.94|
Info:     158000 |    16776     140015 |  156   767 |    103024|       0.80     116.75|
Info:     159000 |    16953     140802 |  177   787 |    102313|       1.36     118.11|
Info:     160000 |    17124     141613 |  171   811 |    101665|       1.54     119.65|
Info:     161000 |    17316     142362 |  192   749 |    100906|       1.00     120.65|
Info:     162000 |    17508     143105 |  192   743 |    100117|       0.93     121.58|
Info:     163000 |    17719     143814 |  211   709 |     99357|       0.75     122.34|
Info:     164000 |    17937     144535 |  218   721 |     98602|       0.80     123.14|
Info:     165000 |    18141     145280 |  204   745 |     97847|       0.91     124.05|
Info:     166000 |    18359     146039 |  218   759 |     97094|       0.94     124.99|
Info:     167000 |    18544     146774 |  185   735 |     96306|       0.80     125.79|
Info:     168000 |    18739     147535 |  195   761 |     95604|       0.94     126.72|
Info:     169000 |    18922     148307 |  183   772 |     94850|       1.03     127.76|
Info:     170000 |    19149     149015 |  227   708 |     94092|       0.89     128.64|
Info:     171000 |    19374     149766 |  225   751 |     93537|       1.32     129.97|
Info:     172000 |    19583     150500 |  209   734 |     92828|       0.93     130.90|
Info:     173000 |    19755     151277 |  172   777 |     92034|       0.79     131.69|
Info:     174000 |    19975     152006 |  220   729 |     91421|       0.99     132.68|
Info:     175000 |    20211     152744 |  236   738 |     90705|       0.96     133.64|
Info:     176000 |    20444     153452 |  233   708 |     90207|       0.87     134.52|
Info:     177000 |    20684     154160 |  240   708 |     89523|       0.89     135.40|
Info:     178000 |    20869     154916 |  185   756 |     88729|       0.88     136.28|
Info:     179000 |    21054     155650 |  185   734 |     88006|       0.76     137.04|
Info:     180000 |    21234     156435 |  180   785 |     87251|       0.83     137.87|
Info:     181000 |    21411     157224 |  177   789 |     86439|       0.82     138.69|
Info:     182000 |    21614     157959 |  203   735 |     85679|       0.79     139.48|
Info:     183000 |    21838     158712 |  224   753 |     85118|       1.11     140.59|
Info:     184000 |    22089     159456 |  251   744 |     84767|       1.99     142.58|
Info:     185000 |    22343     160200 |  254   744 |     84414|       1.48     144.06|
Info:     186000 |    22493     160993 |  150   793 |     83682|       1.15     145.21|
Info:     187000 |    22693     161719 |  200   726 |     82931|       0.86     146.07|
Info:     188000 |    22892     162457 |  199   738 |     82158|       0.85     146.92|
Info:     189000 |    23103     163179 |  211   722 |     81435|       0.83     147.74|
Info:     190000 |    23294     163887 |  191   708 |     80646|       0.96     148.71|
Info:     191000 |    23474     164609 |  180   722 |     79837|       0.86     149.57|
Info:     192000 |    23665     165371 |  191   762 |     79052|       0.98     150.55|
Info:     193000 |    23854     166119 |  189   748 |     78275|       1.02     151.57|
Info:     194000 |    24023     166847 |  169   728 |     77463|       0.88     152.45|
Info:     195000 |    24207     167636 |  184   789 |     76686|       1.30     153.76|
Info:     196000 |    24392     168372 |  185   736 |     76012|       0.99     154.75|
Info:     197000 |    24546     169114 |  154   742 |     75203|       0.91     155.65|
Info:     198000 |    24723     169840 |  177   726 |     74396|       0.93     156.58|
Info:     199000 |    24869     170595 |  146   755 |     73569|       0.88     157.47|
Info:     200000 |    25054     171344 |  185   749 |     72854|       0.99     158.45|
Info:     201000 |    25229     172085 |  175   741 |     72129|       1.06     159.51|
Info:     202000 |    25416     172825 |  187   740 |     71338|       1.03     160.54|
Info:     203000 |    25643     173549 |  227   724 |     70703|       0.96     161.50|
Info:     204000 |    25888     174294 |  245   745 |     70135|       1.89     163.39|
Info:     205000 |    26092     175090 |  204   796 |     69521|       2.07     165.46|
Info:     206000 |    26287     175862 |  195   772 |     68836|       1.96     167.42|
Info:     207000 |    26472     176623 |  185   761 |     68069|       1.09     168.51|
Info:     208000 |    26682     177344 |  210   721 |     67410|       1.18     169.69|
Info:     209000 |    26875     178078 |  193   734 |     66714|       1.13     170.82|
Info:     210000 |    27084     178798 |  209   720 |     65970|       1.03     171.85|
Info:     211000 |    27295     179546 |  211   748 |     65290|       1.09     172.93|
Info:     212000 |    27476     180316 |  181   770 |     64542|       1.15     174.08|
Info:     213000 |    27638     181092 |  162   776 |     63747|       1.08     175.16|
Info:     214000 |    27773     181877 |  135   785 |     62923|       0.96     176.12|
Info:     215000 |    27947     182601 |  174   724 |     62117|       0.96     177.07|
Info:     216000 |    28085     183370 |  138   769 |     61299|       1.06     178.14|
Info:     217000 |    28225     184191 |  140   821 |     60471|       1.01     179.15|
Info:     218000 |    28362     184991 |  137   800 |     59625|       1.16     180.31|
Info:     219000 |    28578     185759 |  216   768 |     58979|       1.36     181.67|
Info:     220000 |    28722     186565 |  144   806 |     58182|       1.28     182.96|
Info:     221000 |    28959     187328 |  237   763 |     57548|       1.94     184.90|
Info:     222000 |    29220     188067 |  261   739 |     57022|       1.79     186.68|
Info:     223000 |    29557     188730 |  337   663 |     56615|       1.86     188.54|
Info:     224000 |    29721     189506 |  164   776 |     55868|       1.13     189.68|
Info:     225000 |    29902     190282 |  181   776 |     55124|       1.02     190.70|
Info:     226000 |    30088     191052 |  186   770 |     54393|       1.06     191.76|
Info:     227000 |    30322     191793 |  234   741 |     53695|       1.18     192.94|
Info:     228000 |    30532     192540 |  210   747 |     53003|       1.11     194.05|
Info:     229000 |    30722     193342 |  190   802 |     52250|       1.11     195.17|
Info:     230000 |    30844     194142 |  122   800 |     51406|       1.08     196.25|
Info:     231000 |    31121     194839 |  277   697 |     50814|       1.31     197.56|
Info:     232000 |    31321     195597 |  200   758 |     50062|       0.90     198.45|
Info:     233000 |    31451     196392 |  130   795 |     49238|       0.88     199.34|
Info:     234000 |    31637     197162 |  186   770 |     48474|       1.05     200.39|
Info:     235000 |    31815     197945 |  178   783 |     47741|       1.05     201.44|
Info:     236000 |    31961     198720 |  146   775 |     46942|       1.12     202.56|
Info:     237000 |    32154     199461 |  193   741 |     46213|       1.09     203.65|
Info:     238000 |    32402     200213 |  248   752 |     45604|       1.88     205.53|
Info:     239000 |    32650     200965 |  248   752 |     44997|       2.02     207.56|
Info:     240000 |    32906     201709 |  256   744 |     44479|       1.78     209.34|
Info:     241000 |    33186     202429 |  280   720 |     43864|       2.41     211.75|
Info:     242000 |    33310     203247 |  124   818 |     43035|       1.02     212.77|
Info:     243000 |    33379     204051 |   69   804 |     42134|       0.95     213.71|
Info:     244000 |    33592     204743 |  213   692 |     41502|       1.37     215.09|
Info:     245000 |    33683     205568 |   91   825 |     40601|       0.92     216.01|
Info:     246000 |    33835     206269 |  152   701 |     39818|       1.23     217.24|
Info:     247000 |    33953     207070 |  118   801 |     38975|       1.35     218.59|
Info:     248000 |    34105     207918 |  152   848 |     38194|       1.20     219.79|
Info:     249000 |    34200     208722 |   95   804 |     37341|       1.16     220.95|
Info:     250000 |    34571     209323 |  371   601 |     36868|       1.32     222.27|
Info:     251000 |    34635     210193 |   64   870 |     35939|       0.99     223.26|
Info:     252000 |    34807     210972 |  172   779 |     35166|       1.15     224.41|
Info:     253000 |    35067     211678 |  260   706 |     34541|       1.43     225.83|
Info:     254000 |    35394     212351 |  327   673 |     33951|       2.02     227.86|
Info:     255000 |    35715     213030 |  321   679 |     33458|       2.14     230.00|
Info:     256000 |    36101     213644 |  386   614 |     33048|       2.33     232.33|
Info:     257000 |    36448     214297 |  347   653 |     32543|       2.30     234.63|
Info:     258000 |    36780     214965 |  332   668 |     32214|       1.88     236.51|
Info:     259000 |    37169     215576 |  389   611 |     31832|       1.95     238.47|
Info:     260000 |    37578     216167 |  409   591 |     31478|       2.21     240.68|
Info:     261000 |    37872     216873 |  294   706 |     30975|       1.60     242.28|
Info:     262000 |    38259     217486 |  387   613 |     30575|       1.51     243.79|
Info:     263000 |    38447     218263 |  188   777 |     29840|       1.17     244.96|
Info:     264000 |    38650     219060 |  203   797 |     29073|       1.00     245.96|
Info:     265000 |    38891     219819 |  241   759 |     28339|       1.17     247.13|
Info:     266000 |    39170     220540 |  279   721 |     27675|       1.17     248.30|
Info:     267000 |    39366     221344 |  196   804 |     26906|       1.14     249.44|
Info:     268000 |    39580     222130 |  214   786 |     26143|       1.02     250.46|
Info:     269000 |    39809     222901 |  229   771 |     25436|       1.13     251.59|
Info:     270000 |    40055     223655 |  246   754 |     24766|       1.79     253.38|
Info:     271000 |    40413     224297 |  358   642 |     24285|       2.09     255.47|
Info:     272000 |    40825     224885 |  412   588 |     24040|       2.20     257.67|
Info:     273000 |    41251     225459 |  426   574 |     23812|       2.45     260.11|
Info:     274000 |    41655     226055 |  404   596 |     23523|       2.37     262.48|
Info:     275000 |    42011     226699 |  356   644 |     23131|       2.54     265.02|
Info:     276000 |    42436     227274 |  425   575 |     22774|       2.20     267.23|
Info:     277000 |    42807     227903 |  371   629 |     22318|       2.28     269.50|
Info:     278000 |    43198     228512 |  391   609 |     21899|       2.24     271.74|
Info:     279000 |    43591     229119 |  393   607 |     21464|       2.40     274.14|
Info:     280000 |    43972     229738 |  381   619 |     21004|       2.43     276.58|
Info:     281000 |    44430     230280 |  458   542 |     20700|       2.56     279.14|
Info:     282000 |    44812     230898 |  382   618 |     20254|       2.09     281.22|
Info:     283000 |    44971     231739 |  159   841 |     19469|       1.26     282.48|
Info:     284000 |    45054     232656 |   83   917 |     18563|       0.93     283.41|
Info:     285000 |    45338     233372 |  284   716 |     17942|       1.34     284.75|
Info:     286000 |    45651     234059 |  313   687 |     17320|       1.42     286.17|
Info:     287000 |    45998     234712 |  347   653 |     16819|       1.67     287.84|
Info:     288000 |    46401     235309 |  403   597 |     16507|       1.69     289.54|
Info:     289000 |    46780     235930 |  379   621 |     16003|       1.79     291.33|
Info:     290000 |    47124     236586 |  344   656 |     15509|       1.65     292.98|
Info:     291000 |    47516     237194 |  392   608 |     15035|       1.80     294.78|
Info:     292000 |    47885     237825 |  369   631 |     14540|       1.70     296.48|
Info:     293000 |    48264     238446 |  379   621 |     14102|       1.83     298.31|
Info:     294000 |    48642     239068 |  378   622 |     13593|       1.80     300.11|
Info:     295000 |    48941     239769 |  299   701 |     12965|       1.33     301.44|
Info:     296000 |    49021     240641 |   80   872 |     12055|       0.95     302.39|
Info:     297000 |    49166     241376 |  145   735 |     11324|       1.61     304.00|
Info:     298000 |    49239     242172 |   73   796 |     10466|       1.25     305.25|
Info:     299000 |    49366     242935 |  127   763 |      9641|       1.69     306.95|
Info:     300000 |    49449     243733 |   83   798 |      8775|       1.41     308.36|
Info:     301000 |    49526     244531 |   77   798 |      7916|       1.40     309.76|
Info:     302000 |    49603     245314 |   77   783 |      7039|       1.49     311.24|
Info:     303000 |    49663     246122 |   60   808 |      6147|       1.53     312.78|
Info:     304000 |    49732     246917 |   69   795 |      5232|       1.49     314.27|
Info:     305000 |    49793     247729 |   61   812 |      4318|       1.48     315.75|
Info:     306000 |    49886     248522 |   93   793 |      3528|       1.59     317.34|
Info:     307000 |    49960     249311 |   74   789 |      2626|       1.47     318.81|
Info:     308000 |    50034     250120 |   74   809 |      1773|       1.41     320.22|
Info:     309000 |    50117     250907 |   83   787 |       916|       1.36     321.59|
Info:     46 arcs ripped up due to negative slack WNS=-0.35ns TNS=-9.91ns.
Info:       1000 |    50704     252155 |  587  1248 |       191|       4.07     325.66|
Info:     24 arcs ripped up due to negative slack WNS=-0.28ns TNS=-2.78ns.
Info:     31 arcs ripped up due to negative slack WNS=-0.28ns TNS=-3.61ns.
Info:     31 arcs ripped up due to negative slack WNS=-0.28ns TNS=-4.30ns.
Info:       1000 |    52347     253480 | 1643  1325 |       964|       7.66     333.32|
Info:       2000 |    52915     253912 |  568   432 |      1146|       1.66     334.98|
Info:       3000 |    53517     254310 |  602   398 |      1634|       1.53     336.50|
Info:       4000 |    54066     254761 |  549   451 |      2398|       1.63     338.14|
Info:       5000 |    54629     255198 |  563   437 |      2650|       1.81     339.95|
Info:       6000 |    55095     255732 |  466   534 |      2614|       1.57     341.51|
Info:       7000 |    55573     256254 |  478   522 |      2679|       1.52     343.03|
Info:       8000 |    56145     256682 |  572   428 |      2755|       1.69     344.72|
Info:       9000 |    56684     257143 |  539   461 |      2668|       1.61     346.33|
Info:      10000 |    57233     257593 |  549   450 |      2517|       1.82     348.15|
Info:      11000 |    57697     258129 |  464   536 |      2836|       1.55     349.71|
Info:      12000 |    58218     258608 |  521   479 |      2692|       1.72     351.42|
Info:      13000 |    58790     259036 |  572   428 |      2611|       1.74     353.17|
Info:      14000 |    59365     259461 |  575   425 |      2533|       1.76     354.93|
Info:      15000 |    59872     259954 |  507   493 |      2390|       1.80     356.73|
Info:      16000 |    60390     260436 |  518   482 |      2258|       1.84     358.58|
Info:      17000 |    60965     260861 |  575   425 |      2203|       1.76     360.34|
Info:      18000 |    61562     261264 |  597   403 |      2106|       1.74     362.08|
Info:      19000 |    62145     261681 |  583   417 |      2032|       2.15     364.23|
Info:      20000 |    62727     262099 |  582   418 |      2173|       1.82     366.05|
Info:      21000 |    63290     262536 |  563   437 |      2122|       1.83     367.88|
Info:      22000 |    63808     263018 |  518   482 |      2081|       1.70     369.58|
Info:      23000 |    64332     263494 |  524   476 |      2023|       2.00     371.58|
Info:      24000 |    64909     263917 |  577   423 |      1955|       1.89     373.48|
Info:      25000 |    65483     264343 |  574   426 |      1883|       2.18     375.65|
Info:      26000 |    66052     264774 |  569   431 |      1762|       2.29     377.95|
Info:      27000 |    66665     265161 |  613   387 |      1723|       2.24     380.19|
Info:      28000 |    67239     265587 |  574   426 |      1706|       2.21     382.39|
Info:      29000 |    67774     266052 |  535   465 |      1583|       2.66     385.05|
Info:      30000 |    68312     266514 |  538   462 |      1533|       2.53     387.58|
Info:      31000 |    68846     266980 |  534   466 |      1534|       1.71     389.29|
Info:      32000 |    69414     267412 |  568   432 |      1560|       1.56     390.86|
Info:      33000 |    70048     267778 |  634   366 |      1616|       1.72     392.58|
Info:      34000 |    70562     268264 |  514   486 |      1573|       2.00     394.58|
Info:      35000 |    71116     268710 |  554   446 |      1632|       2.38     396.96|
Info:      36000 |    71665     269161 |  549   451 |      1651|       2.25     399.22|
Info:      37000 |    72245     269581 |  580   420 |      1613|       3.19     402.41|
Info:      38000 |    72766     270060 |  521   479 |      1593|       2.13     404.53|
Info:      39000 |    73308     270518 |  542   458 |      1747|       2.15     406.68|
Info:      40000 |    73869     270957 |  561   439 |      1590|       1.89     408.57|
Info:      41000 |    74442     271384 |  573   427 |      1415|       2.60     411.17|
Info:      42000 |    74927     271899 |  485   515 |      1298|       2.32     413.49|
Info:      43000 |    75423     272403 |  496   504 |      1243|       1.98     415.47|
Info:      44000 |    75815     273011 |  392   608 |      1190|       1.91     417.38|
Info:      45000 |    76220     273606 |  405   595 |       836|       2.34     419.72|
Info:      46000 |    76633     274193 |  413   587 |       570|       2.54     422.26|
Info:      47000 |    76922     274904 |  289   711 |        48|       2.25     424.52|
Info:     31 arcs ripped up due to negative slack WNS=-0.28ns TNS=-4.12ns.
Info:     31 arcs ripped up due to negative slack WNS=-0.28ns TNS=-4.30ns.
Info:       1000 |    77590     275498 |  668   594 |      1246|       5.17     429.69|
Info:       2000 |    78093     275995 |  503   497 |      1533|       1.60     431.28|
Info:       3000 |    78581     276507 |  488   512 |      1880|       1.59     432.88|
Info:       4000 |    79025     277063 |  444   556 |      2512|       1.53     434.40|
Info:       5000 |    79586     277501 |  561   438 |      2831|       1.58     435.98|
Info:       6000 |    80135     277952 |  549   451 |      2770|       1.52     437.49|
Info:       7000 |    80653     278434 |  518   482 |      2724|       1.67     439.17|
Info:       8000 |    81213     278874 |  560   440 |      2886|       1.77     440.94|
Info:       9000 |    81821     279266 |  608   392 |      2749|       1.85     442.79|
Info:      10000 |    82382     279705 |  561   439 |      2716|       1.79     444.58|
Info:      11000 |    82937     280150 |  555   445 |      2939|       1.81     446.40|
Info:      12000 |    83387     280700 |  450   550 |      2891|       1.43     447.83|
Info:      13000 |    83833     281254 |  446   554 |      2959|       1.55     449.38|
Info:      14000 |    84344     281743 |  511   489 |      3058|       1.81     451.19|
Info:      15000 |    84849     282238 |  505   495 |      2965|       1.63     452.82|
Info:      16000 |    85394     282693 |  545   455 |      2784|       1.83     454.66|
Info:      17000 |    85932     283155 |  538   462 |      2576|       1.87     456.53|
Info:      18000 |    86493     283594 |  561   439 |      2444|       1.78     458.30|
Info:      19000 |    87043     284044 |  550   450 |      2365|       2.16     460.46|
Info:      20000 |    87599     284488 |  556   444 |      2152|       2.39     462.85|
Info:      21000 |    88119     284968 |  520   480 |      2212|       1.89     464.74|
Info:      22000 |    88668     285419 |  549   451 |      2132|       2.47     467.21|
Info:      23000 |    89220     285867 |  552   448 |      2160|       2.13     469.33|
Info:      24000 |    89782     286305 |  562   438 |      2228|       1.91     471.25|
Info:      25000 |    90338     286749 |  556   444 |      2137|       2.01     473.25|
Info:      26000 |    90915     287172 |  577   423 |      2116|       2.39     475.64|
Info:      27000 |    91480     287607 |  565   435 |      2063|       1.98     477.62|
Info:      28000 |    92003     288084 |  523   477 |      2100|       2.19     479.81|
Info:      29000 |    92508     288579 |  505   495 |      2206|       2.00     481.81|
Info:      30000 |    92998     289089 |  490   510 |      2005|       2.40     484.20|
Info:      31000 |    93518     289569 |  520   480 |      1835|       2.30     486.50|
Info:      32000 |    93907     290180 |  389   611 |      1417|       2.38     488.88|
Info:      33000 |    94252     290835 |  345   655 |       984|       2.44     491.32|
Info:      34000 |    94728     291359 |  476   524 |       825|       2.19     493.51|
Info:      35000 |    95144     291943 |  416   584 |       573|       2.51     496.01|
Info:      36000 |    95697     292390 |  553   447 |       476|       2.59     498.60|
Info:      37000 |    96214     292873 |  517   483 |       247|       2.53     501.13|
Info:     31 arcs ripped up due to negative slack WNS=-0.28ns TNS=-4.12ns.
Info:     31 arcs ripped up due to negative slack WNS=-0.28ns TNS=-4.30ns.
Info:     31 arcs ripped up due to negative slack WNS=-0.28ns TNS=-4.12ns.
Info:       1000 |    97082     293750 |  868   877 |      1140|       7.21     508.35|
Info:       2000 |    97606     294226 |  524   476 |      1292|       1.57     509.92|
Info:       3000 |    98117     294715 |  511   489 |      1289|       1.66     511.58|
Info:       4000 |    98603     295229 |  486   514 |      1389|       1.58     513.17|
Info:       5000 |    99132     295700 |  529   471 |      1469|       1.73     514.90|
Info:       6000 |    99631     296201 |  499   501 |      1535|       2.06     516.95|
Info:       7000 |   100079     296753 |  448   552 |      1531|       1.98     518.93|
Info:       8000 |   100583     297248 |  504   495 |      1432|       1.71     520.64|
Info:       9000 |   101167     297664 |  584   416 |      1544|       2.02     522.66|
Info:      10000 |   101744     298087 |  577   423 |      1582|       2.26     524.93|
Info:      11000 |   102234     298597 |  490   510 |      1743|       2.00     526.93|
Info:      12000 |   102752     299079 |  518   482 |      1596|       2.23     529.16|
Info:      13000 |   103290     299541 |  538   462 |      1394|       3.34     532.51|
Info:      14000 |   103858     299973 |  568   432 |      1252|       2.46     534.96|
Info:      15000 |   104435     300396 |  577   423 |      1101|       2.58     537.54|
Info:      16000 |   105006     300825 |  571   429 |      1055|       2.30     539.84|
Info:      17000 |   105585     301246 |  579   421 |       901|       2.70     542.54|
Info:      18000 |   106175     301656 |  590   410 |       829|       2.37     544.91|
Info:      19000 |   106590     302241 |  415   585 |       520|       2.71     547.63|
Info:      20000 |   107143     302688 |  553   447 |       488|       2.27     549.89|
Info:      21000 |   107725     303106 |  582   418 |       471|       2.57     552.46|
Info:      22000 |   108155     303676 |  430   570 |       113|       2.62     555.08|
Info:      23000 |   108660     304171 |  505   495 |       173|       1.74     556.82|
Info:     31 arcs ripped up due to negative slack WNS=-0.28ns TNS=-4.30ns.
Info:     31 arcs ripped up due to negative slack WNS=-0.28ns TNS=-4.12ns.
Info:       1000 |   109761     305199 | 1101  1028 |       725|       5.97     562.79|
Info:       2000 |   110230     305730 |  469   531 |       567|       1.65     564.44|
Info:       3000 |   110808     306151 |  578   421 |       461|       1.62     566.07|
Info:       4000 |   111375     306584 |  567   433 |       529|       2.06     568.12|
Info:       5000 |   111862     307097 |  487   513 |       615|       1.65     569.78|
Info:       6000 |   112295     307664 |  433   567 |       754|       1.71     571.49|
Info:       7000 |   112761     308198 |  466   534 |      1129|       1.68     573.16|
Info:       8000 |   113254     308705 |  493   507 |      1266|       1.72     574.88|
Info:       9000 |   113787     309172 |  533   467 |      1427|       1.68     576.56|
Info:      10000 |   114334     309625 |  547   453 |      1311|       1.79     578.35|
Info:      11000 |   114893     310066 |  559   441 |      1190|       2.03     580.38|
Info:      12000 |   115452     310507 |  559   441 |      1141|       2.29     582.67|
Info:      13000 |   116004     310955 |  552   448 |       959|       2.40     585.07|
Info:      14000 |   116618     311341 |  614   386 |       797|       2.51     587.58|
Info:      15000 |   117183     311776 |  565   435 |       671|       2.44     590.02|
Info:      16000 |   117726     312233 |  543   457 |       788|       2.49     592.51|
Info:      17000 |   118263     312696 |  537   463 |       806|       2.27     594.79|
Info:      18000 |   118797     313162 |  534   466 |       678|       2.76     597.54|
Info:      19000 |   119277     313682 |  480   520 |       599|       2.45     599.99|
Info:      20000 |   119838     314121 |  561   439 |       667|       2.01     601.99|
Info:      21000 |   120375     314584 |  537   463 |       511|       2.38     604.37|
Info:      22000 |   120791     315168 |  416   584 |       271|       2.45     606.82|
Info:      23000 |   121293     315666 |  502   498 |       253|       2.20     609.01|
Info:      24000 |   121794     316165 |  501   499 |       110|       2.70     611.72|
Info:     31 arcs ripped up due to negative slack WNS=-0.28ns TNS=-4.30ns.
Info:       1000 |   122333     316973 |  539   808 |       132|       4.62     616.33|
Info:     31 arcs ripped up due to negative slack WNS=-0.28ns TNS=-4.13ns.
Info:     31 arcs ripped up due to negative slack WNS=-0.28ns TNS=-4.30ns.
Info:     31 arcs ripped up due to negative slack WNS=-0.28ns TNS=-4.13ns.
Info:     31 arcs ripped up due to negative slack WNS=-0.28ns TNS=-4.30ns.
Info:     31 arcs ripped up due to negative slack WNS=-0.28ns TNS=-4.13ns.
Info:     31 arcs ripped up due to negative slack WNS=-0.28ns TNS=-4.30ns.
Info:     31 arcs ripped up due to negative slack WNS=-0.28ns TNS=-4.13ns.
Info:     31 arcs ripped up due to negative slack WNS=-0.28ns TNS=-4.30ns.
Info:       1000 |   123977     318494 | 1644  1521 |       746|      14.74     631.07|
Info:       2000 |   124473     318998 |  496   504 |       876|       1.72     632.79|
Info:       3000 |   124927     319544 |  454   546 |       825|       1.93     634.71|
Info:       4000 |   125457     320014 |  530   470 |      1021|       1.75     636.47|
Info:       5000 |   125916     320555 |  459   541 |      1283|       2.02     638.49|
Info:       6000 |   126418     321053 |  502   498 |      1304|       2.34     640.83|
Info:       7000 |   126888     321582 |  470   529 |      1262|       2.15     642.98|
Info:       8000 |   127396     322074 |  508   492 |      1347|       2.17     645.15|
Info:       9000 |   127942     322528 |  546   454 |      1116|       1.89     647.04|
Info:      10000 |   128358     323112 |  416   584 |      1110|       1.73     648.77|
Info:      11000 |   128921     323549 |  563   437 |      1003|       2.22     650.99|
Info:      12000 |   129491     323979 |  570   430 |       881|       2.33     653.32|
Info:      13000 |   130040     324430 |  549   451 |       690|       2.21     655.53|
Info:      14000 |   130661     324809 |  621   379 |       513|       2.63     658.17|
Info:      15000 |   131196     325274 |  535   465 |       467|       2.10     660.26|
Info:      16000 |   131743     325727 |  547   453 |       409|       2.09     662.35|
Info:      17000 |   132286     326184 |  543   457 |       468|       1.97     664.32|
Info:      18000 |   132836     326634 |  550   450 |       499|       2.37     666.69|
Info:      19000 |   133454     327016 |  618   382 |       458|       5.13     671.82|
Info:      20000 |   134019     327451 |  565   435 |       472|       1.96     673.78|
Info:      21000 |   134633     327837 |  614   386 |       382|       2.96     676.73|
Info:      22000 |   135115     328355 |  482   518 |       179|       3.39     680.12|
Info:     31 arcs ripped up due to negative slack WNS=-0.28ns TNS=-4.13ns.
Info:       1000 |   136043     329229 |  928   874 |       718|       5.30     685.42|
Info:       2000 |   136489     329783 |  446   554 |       576|       1.81     687.23|
Info:       3000 |   137007     330265 |  518   482 |       939|       1.74     688.98|
Info:       4000 |   137489     330783 |  482   518 |       943|       1.66     690.64|
Info:       5000 |   138049     331222 |  560   439 |       846|       2.12     692.77|
Info:       6000 |   138554     331717 |  505   495 |       844|       1.93     694.70|
Info:       7000 |   139107     332164 |  553   447 |       669|       2.05     696.75|
Info:       8000 |   139619     332652 |  512   488 |       587|       1.92     698.67|
Info:       9000 |   140165     333106 |  546   454 |       572|       2.27     700.94|
Info:      10000 |   140738     333533 |  573   427 |       435|       2.36     703.29|
Info:      11000 |   141305     333966 |  567   433 |       379|       2.52     705.81|
Info:      12000 |   141884     334387 |  579   421 |       301|       2.14     707.96|
Info:      13000 |   142413     334858 |  529   471 |       342|       2.37     710.33|
Info:      14000 |   142942     335329 |  529   471 |       162|       2.05     712.38|
Info:      15000 |   143500     335771 |  558   442 |       154|       2.05     714.43|
Info:     31 arcs ripped up due to negative slack WNS=-0.28ns TNS=-4.30ns.
Info:     31 arcs ripped up due to negative slack WNS=-0.28ns TNS=-4.13ns.
Info:     31 arcs ripped up due to negative slack WNS=-0.28ns TNS=-4.30ns.
Info:     31 arcs ripped up due to negative slack WNS=-0.28ns TNS=-4.12ns.
Info:     31 arcs ripped up due to negative slack WNS=-0.28ns TNS=-4.30ns.
Info:       1000 |   144598     336785 | 1098  1014 |       672|      10.31     724.74|
Info:       2000 |   145100     337283 |  502   498 |       872|       1.60     726.34|
Info:       3000 |   145590     337793 |  490   510 |      1026|       1.59     727.93|
Info:       4000 |   146079     338304 |  489   511 |      1106|       1.55     729.48|
Info:       5000 |   146580     338803 |  501   499 |      1090|       1.63     731.12|
Info:       6000 |   147067     339315 |  487   512 |      1185|       1.55     732.67|
Info:       7000 |   147603     339779 |  536   464 |      1229|       1.79     734.47|
Info:       8000 |   148142     340240 |  539   461 |      1168|       1.82     736.29|
Info:       9000 |   148716     340666 |  574   426 |      1016|       2.19     738.47|
Info:      10000 |   149338     341044 |  622   378 |       975|       2.29     740.77|
Info:      11000 |   149873     341509 |  535   465 |       969|       2.10     742.87|
Info:      12000 |   150411     341971 |  538   462 |       752|       2.14     745.01|
Info:      13000 |   150956     342426 |  545   455 |       588|       2.67     747.68|
Info:      14000 |   151546     342836 |  590   410 |       440|       2.78     750.46|
Info:      15000 |   152081     343301 |  535   465 |       716|       2.38     752.85|
Info:      16000 |   152494     343888 |  413   587 |       315|       2.45     755.30|
Info:      17000 |   153072     344310 |  578   422 |       380|       2.06     757.36|
Info:     31 arcs ripped up due to negative slack WNS=-0.28ns TNS=-4.13ns.
Info:     31 arcs ripped up due to negative slack WNS=-0.28ns TNS=-4.30ns.
Info:     31 arcs ripped up due to negative slack WNS=-0.28ns TNS=-4.12ns.
Info:     31 arcs ripped up due to negative slack WNS=-0.28ns TNS=-4.30ns.
Info:     31 arcs ripped up due to negative slack WNS=-0.28ns TNS=-4.12ns.
Info:     31 arcs ripped up due to negative slack WNS=-0.28ns TNS=-4.30ns.
Info:     31 arcs ripped up due to negative slack WNS=-0.28ns TNS=-4.12ns.
Info:     31 arcs ripped up due to negative slack WNS=-0.28ns TNS=-4.30ns.
Info:     31 arcs ripped up due to negative slack WNS=-0.28ns TNS=-4.12ns.
Info:       1000 |   154466     346024 | 1394  1714 |       870|      17.00     774.36|
Info:       2000 |   155014     346476 |  548   452 |      1233|       2.05     776.41|
Info:       3000 |   155400     347090 |  386   614 |      1187|       1.53     777.94|
Info:       4000 |   155908     347582 |  508   492 |      1164|       1.66     779.60|
Info:       5000 |   156379     348111 |  471   529 |      1161|       1.66     781.25|
Info:       6000 |   156881     348608 |  502   497 |      1241|       1.64     782.89|
Info:       7000 |   157463     349026 |  582   418 |      1071|       1.90     784.78|
Info:       8000 |   158037     349452 |  574   426 |      1051|       2.06     786.85|
Info:       9000 |   158542     349947 |  505   495 |      1146|       1.90     788.75|
Info:      10000 |   159122     350367 |  580   420 |       966|       2.18     790.93|
Info:      11000 |   159684     350805 |  562   438 |       823|       2.44     793.38|
Info:      12000 |   160217     351272 |  533   467 |       770|       2.07     795.45|
Info:      13000 |   160784     351705 |  567   433 |       643|       2.80     798.25|
Info:      14000 |   161367     352122 |  583   417 |       893|       2.05     800.29|
Info:      15000 |   161851     352638 |  484   516 |       879|       2.04     802.34|
Info:      16000 |   162379     353110 |  528   472 |       817|       2.44     804.78|
Info:      17000 |   162920     353569 |  541   459 |       817|       2.73     807.51|
Info:      18000 |   163454     354035 |  534   466 |       943|       1.87     809.38|
Info:      19000 |   163982     354507 |  528   472 |      1021|       1.84     811.22|
Info:      20000 |   164558     354931 |  576   424 |       904|       2.29     813.51|
Info:      21000 |   165098     355391 |  540   460 |       747|       2.48     815.99|
Info:      22000 |   165587     355902 |  489   511 |       545|       2.40     818.39|
Info:      23000 |   166058     356431 |  471   529 |       344|       2.02     820.40|
Info:     35 arcs ripped up due to negative slack WNS=-0.37ns TNS=-7.04ns.
Info:     31 arcs ripped up due to negative slack WNS=-0.28ns TNS=-3.73ns.
Info:     31 arcs ripped up due to negative slack WNS=-0.28ns TNS=-4.30ns.
Info:     31 arcs ripped up due to negative slack WNS=-0.28ns TNS=-4.12ns.
Info:     31 arcs ripped up due to negative slack WNS=-0.28ns TNS=-4.30ns.
Info:     31 arcs ripped up due to negative slack WNS=-0.28ns TNS=-4.12ns.
Info:     31 arcs ripped up due to negative slack WNS=-0.28ns TNS=-4.30ns.
Info:     31 arcs ripped up due to negative slack WNS=-0.28ns TNS=-4.12ns.
Info:     31 arcs ripped up due to negative slack WNS=-0.28ns TNS=-4.30ns.
Info:     31 arcs ripped up due to negative slack WNS=-0.28ns TNS=-4.12ns.
Info:     31 arcs ripped up due to negative slack WNS=-0.28ns TNS=-4.30ns.
Info:     31 arcs ripped up due to negative slack WNS=-0.28ns TNS=-4.12ns.
Info:     31 arcs ripped up due to negative slack WNS=-0.28ns TNS=-4.30ns.
Info:     31 arcs ripped up due to negative slack WNS=-0.28ns TNS=-4.12ns.
Info:     31 arcs ripped up due to negative slack WNS=-0.28ns TNS=-4.30ns.
Info:         65 |   167510     357706 | 1452  1275 |         0|      22.16     842.56|
Info: Routing complete.
Info: Router1 time 842.56s
Info: Checksum: 0x37d402ff

Info: Critical path report for clock '$glbnet$CLK_clk_25mhz$TRELLIS_IO_IN' (posedge -> posedge):
Info:       type curr  total name
Info:   clk-to-q  0.52  0.52 Source uart_clkcnt_TRELLIS_FF_Q.Q
Info:    routing  1.10  1.62 Net uart_clkcnt[0] (106,86) -> (106,87)
Info:                          Sink uart_clkcnt_TRELLIS_FF_Q_9_DI_LUT4_Z_C_CCU2C_S1_CIN_CCU2C_COUT_CIN_CCU2C_COUT_CIN_CCU2C_COUT$CCU2_COMB0.B
Info:                          Defined in:
Info:                               mkTop.v:7147.16-7147.27
Info:      logic  0.45  2.07 Source uart_clkcnt_TRELLIS_FF_Q_9_DI_LUT4_Z_C_CCU2C_S1_CIN_CCU2C_COUT_CIN_CCU2C_COUT_CIN_CCU2C_COUT$CCU2_COMB0.FCO
Info:    routing  0.00  2.07 Net uart_clkcnt_TRELLIS_FF_Q_9_DI_LUT4_Z_C_CCU2C_S1_CIN_CCU2C_COUT_CIN_CCU2C_COUT_CIN_CCU2C_COUT$CCU2_FCI_INT (106,87) -> (106,87)
Info:                          Sink uart_clkcnt_TRELLIS_FF_Q_9_DI_LUT4_Z_C_CCU2C_S1_CIN_CCU2C_COUT_CIN_CCU2C_COUT_CIN_CCU2C_COUT$CCU2_COMB1.FCI
Info:      logic  0.00  2.07 Source uart_clkcnt_TRELLIS_FF_Q_9_DI_LUT4_Z_C_CCU2C_S1_CIN_CCU2C_COUT_CIN_CCU2C_COUT_CIN_CCU2C_COUT$CCU2_COMB1.FCO
Info:    routing  0.00  2.07 Net uart_clkcnt_TRELLIS_FF_Q_9_DI_LUT4_Z_C_CCU2C_S1_CIN_CCU2C_COUT_CIN_CCU2C_COUT_CIN (106,87) -> (106,87)
Info:                          Sink uart_clkcnt_TRELLIS_FF_Q_9_DI_LUT4_Z_C_CCU2C_S1_CIN_CCU2C_COUT_CIN_CCU2C_COUT$CCU2_COMB0.FCI
Info:                          Defined in:
Info:                               mkTop.v:45506.20-45506.39
Info:                               /workspace/scratch/2dc194a6b0cd/physical_toolchains/oss-cad-suite/lib/../share/yosys/lattice/arith_map_ccu2c.v:74.7-80.4
Info:                               /workspace/scratch/2dc194a6b0cd/physical_toolchains/oss-cad-suite/lib/../share/yosys/lattice/ccu2c_sim.vh:9.9-9.13
Info:      logic  0.07  2.14 Source uart_clkcnt_TRELLIS_FF_Q_9_DI_LUT4_Z_C_CCU2C_S1_CIN_CCU2C_COUT_CIN_CCU2C_COUT$CCU2_COMB0.FCO
Info:    routing  0.00  2.14 Net uart_clkcnt_TRELLIS_FF_Q_9_DI_LUT4_Z_C_CCU2C_S1_CIN_CCU2C_COUT_CIN_CCU2C_COUT$CCU2_FCI_INT (106,87) -> (106,87)
Info:                          Sink uart_clkcnt_TRELLIS_FF_Q_9_DI_LUT4_Z_C_CCU2C_S1_CIN_CCU2C_COUT_CIN_CCU2C_COUT$CCU2_COMB1.FCI
Info:      logic  0.00  2.14 Source uart_clkcnt_TRELLIS_FF_Q_9_DI_LUT4_Z_C_CCU2C_S1_CIN_CCU2C_COUT_CIN_CCU2C_COUT$CCU2_COMB1.FCO
Info:    routing  0.00  2.14 Net uart_clkcnt_TRELLIS_FF_Q_9_DI_LUT4_Z_C_CCU2C_S1_CIN_CCU2C_COUT_CIN (106,87) -> (106,87)
Info:                          Sink uart_clkcnt_TRELLIS_FF_Q_9_DI_LUT4_Z_C_CCU2C_S1_CIN_CCU2C_COUT$CCU2_COMB0.FCI
Info:                          Defined in:
Info:                               mkTop.v:45506.20-45506.39
Info:                               /workspace/scratch/2dc194a6b0cd/physical_toolchains/oss-cad-suite/lib/../share/yosys/lattice/arith_map_ccu2c.v:74.7-80.4
Info:                               /workspace/scratch/2dc194a6b0cd/physical_toolchains/oss-cad-suite/lib/../share/yosys/lattice/ccu2c_sim.vh:9.9-9.13
Info:      logic  0.07  2.21 Source uart_clkcnt_TRELLIS_FF_Q_9_DI_LUT4_Z_C_CCU2C_S1_CIN_CCU2C_COUT$CCU2_COMB0.FCO
Info:    routing  0.00  2.21 Net uart_clkcnt_TRELLIS_FF_Q_9_DI_LUT4_Z_C_CCU2C_S1_CIN_CCU2C_COUT$CCU2_FCI_INT (106,87) -> (106,87)
Info:                          Sink uart_clkcnt_TRELLIS_FF_Q_9_DI_LUT4_Z_C_CCU2C_S1_CIN_CCU2C_COUT$CCU2_COMB1.FCI
Info:      logic  0.00  2.21 Source uart_clkcnt_TRELLIS_FF_Q_9_DI_LUT4_Z_C_CCU2C_S1_CIN_CCU2C_COUT$CCU2_COMB1.FCO
Info:    routing  0.00  2.21 Net uart_clkcnt_TRELLIS_FF_Q_9_DI_LUT4_Z_C_CCU2C_S1_CIN (106,87) -> (107,87)
Info:                          Sink uart_clkcnt_TRELLIS_FF_Q_9_DI_LUT4_Z_C_CCU2C_S1$CCU2_COMB0.FCI
Info:                          Defined in:
Info:                               mkTop.v:45506.20-45506.39
Info:                               /workspace/scratch/2dc194a6b0cd/physical_toolchains/oss-cad-suite/lib/../share/yosys/lattice/arith_map_ccu2c.v:74.7-80.4
Info:                               /workspace/scratch/2dc194a6b0cd/physical_toolchains/oss-cad-suite/lib/../share/yosys/lattice/ccu2c_sim.vh:9.9-9.13
Info:      logic  0.44  2.66 Source uart_clkcnt_TRELLIS_FF_Q_9_DI_LUT4_Z_C_CCU2C_S1$CCU2_COMB0.F
Info:    routing  1.07  3.73 Net uart_clkcnt_TRELLIS_FF_Q_9_DI_LUT4_Z_C_CCU2C_S1_S0[0] (107,87) -> (107,88)
Info:                          Sink uart_clkcnt_TRELLIS_FF_Q_9_DI_LUT4_Z_C_CCU2C_S1_COUT_CCU2C_CIN_S1_CCU2C_A1_CIN_CCU2C_COUT$CCU2_COMB0.A
Info:                          Defined in:
Info:                               /workspace/scratch/2dc194a6b0cd/physical_toolchains/oss-cad-suite/lib/../share/yosys/lattice/cells_map_trellis.v:108.23-108.24
Info:      logic  0.45  4.17 Source uart_clkcnt_TRELLIS_FF_Q_9_DI_LUT4_Z_C_CCU2C_S1_COUT_CCU2C_CIN_S1_CCU2C_A1_CIN_CCU2C_COUT$CCU2_COMB0.FCO
Info:    routing  0.00  4.17 Net uart_clkcnt_TRELLIS_FF_Q_9_DI_LUT4_Z_C_CCU2C_S1_COUT_CCU2C_CIN_S1_CCU2C_A1_CIN_CCU2C_COUT$CCU2_FCI_INT (107,88) -> (107,88)
Info:                          Sink uart_clkcnt_TRELLIS_FF_Q_9_DI_LUT4_Z_C_CCU2C_S1_COUT_CCU2C_CIN_S1_CCU2C_A1_CIN_CCU2C_COUT$CCU2_COMB1.FCI
Info:      logic  0.00  4.17 Source uart_clkcnt_TRELLIS_FF_Q_9_DI_LUT4_Z_C_CCU2C_S1_COUT_CCU2C_CIN_S1_CCU2C_A1_CIN_CCU2C_COUT$CCU2_COMB1.FCO
Info:    routing  0.00  4.17 Net uart_clkcnt_TRELLIS_FF_Q_9_DI_LUT4_Z_C_CCU2C_S1_COUT_CCU2C_CIN_S1_CCU2C_A1_CIN (107,88) -> (107,88)
Info:                          Sink uart_clkcnt_TRELLIS_FF_Q_9_DI_LUT4_Z_C_CCU2C_S1_COUT_CCU2C_CIN_S1_CCU2C_A1$CCU2_COMB0.FCI
Info:                          Defined in:
Info:                               mkTop.v:44953.44-44953.61
Info:                               /workspace/scratch/2dc194a6b0cd/physical_toolchains/oss-cad-suite/lib/../share/yosys/lattice/arith_map_ccu2c.v:74.7-80.4
Info:                               /workspace/scratch/2dc194a6b0cd/physical_toolchains/oss-cad-suite/lib/../share/yosys/lattice/ccu2c_sim.vh:9.9-9.13
Info:      logic  0.07  4.24 Source uart_clkcnt_TRELLIS_FF_Q_9_DI_LUT4_Z_C_CCU2C_S1_COUT_CCU2C_CIN_S1_CCU2C_A1$CCU2_COMB0.FCO
Info:    routing  0.00  4.24 Net uart_clkcnt_TRELLIS_FF_Q_9_DI_LUT4_Z_C_CCU2C_S1_COUT_CCU2C_CIN_S1_CCU2C_A1$CCU2_FCI_INT (107,88) -> (107,88)
Info:                          Sink uart_clkcnt_TRELLIS_FF_Q_9_DI_LUT4_Z_C_CCU2C_S1_COUT_CCU2C_CIN_S1_CCU2C_A1$CCU2_COMB1.FCI
Info:      logic  0.00  4.24 Source uart_clkcnt_TRELLIS_FF_Q_9_DI_LUT4_Z_C_CCU2C_S1_COUT_CCU2C_CIN_S1_CCU2C_A1$CCU2_COMB1.FCO
Info:    routing  0.00  4.24 Net uart_clkcnt_TRELLIS_FF_Q_9_DI_LUT4_Z_C_CCU2C_S1_COUT_CCU2C_CIN_S1_CCU2C_A1_COUT (107,88) -> (107,88)
Info:                          Sink uart_clkcnt_TRELLIS_FF_Q_9_DI_LUT4_Z_C_CCU2C_S1_COUT_CCU2C_CIN_COUT_CCU2C_CIN_S1_CCU2C_A1$CCU2_COMB0.FCI
Info:                          Defined in:
Info:                               mkTop.v:44953.44-44953.61
Info:                               /workspace/scratch/2dc194a6b0cd/physical_toolchains/oss-cad-suite/lib/../share/yosys/lattice/arith_map_ccu2c.v:74.7-80.4
Info:                               /workspace/scratch/2dc194a6b0cd/physical_toolchains/oss-cad-suite/lib/../share/yosys/lattice/ccu2c_sim.vh:9.9-9.13
Info:      logic  0.07  4.32 Source uart_clkcnt_TRELLIS_FF_Q_9_DI_LUT4_Z_C_CCU2C_S1_COUT_CCU2C_CIN_COUT_CCU2C_CIN_S1_CCU2C_A1$CCU2_COMB0.FCO
Info:    routing  0.00  4.32 Net uart_clkcnt_TRELLIS_FF_Q_9_DI_LUT4_Z_C_CCU2C_S1_COUT_CCU2C_CIN_COUT_CCU2C_CIN_S1_CCU2C_A1$CCU2_FCI_INT (107,88) -> (107,88)
Info:                          Sink uart_clkcnt_TRELLIS_FF_Q_9_DI_LUT4_Z_C_CCU2C_S1_COUT_CCU2C_CIN_COUT_CCU2C_CIN_S1_CCU2C_A1$CCU2_COMB1.FCI
Info:      logic  0.00  4.32 Source uart_clkcnt_TRELLIS_FF_Q_9_DI_LUT4_Z_C_CCU2C_S1_COUT_CCU2C_CIN_COUT_CCU2C_CIN_S1_CCU2C_A1$CCU2_COMB1.FCO
Info:    routing  0.00  4.32 Net uart_clkcnt_TRELLIS_FF_Q_9_DI_LUT4_Z_C_CCU2C_S1_COUT_CCU2C_CIN_COUT_CCU2C_CIN_S1_CCU2C_A1_COUT (107,88) -> (107,88)
Info:                          Sink uart_clkcnt_TRELLIS_FF_Q_9_DI_LUT4_Z_C_CCU2C_S1_COUT_CCU2C_CIN_COUT_CCU2C_CIN_COUT_CCU2C_CIN_S1_CCU2C_A1$CCU2_COMB0.FCI
Info:                          Defined in:
Info:                               mkTop.v:44953.44-44953.61
Info:                               /workspace/scratch/2dc194a6b0cd/physical_toolchains/oss-cad-suite/lib/../share/yosys/lattice/arith_map_ccu2c.v:74.7-80.4
Info:                               /workspace/scratch/2dc194a6b0cd/physical_toolchains/oss-cad-suite/lib/../share/yosys/lattice/ccu2c_sim.vh:9.9-9.13
Info:      logic  0.07  4.39 Source uart_clkcnt_TRELLIS_FF_Q_9_DI_LUT4_Z_C_CCU2C_S1_COUT_CCU2C_CIN_COUT_CCU2C_CIN_COUT_CCU2C_CIN_S1_CCU2C_A1$CCU2_COMB0.FCO
Info:    routing  0.00  4.39 Net uart_clkcnt_TRELLIS_FF_Q_9_DI_LUT4_Z_C_CCU2C_S1_COUT_CCU2C_CIN_COUT_CCU2C_CIN_COUT_CCU2C_CIN_S1_CCU2C_A1$CCU2_FCI_INT (107,88) -> (107,88)
Info:                          Sink uart_clkcnt_TRELLIS_FF_Q_9_DI_LUT4_Z_C_CCU2C_S1_COUT_CCU2C_CIN_COUT_CCU2C_CIN_COUT_CCU2C_CIN_S1_CCU2C_A1$CCU2_COMB1.FCI
Info:      logic  0.00  4.39 Source uart_clkcnt_TRELLIS_FF_Q_9_DI_LUT4_Z_C_CCU2C_S1_COUT_CCU2C_CIN_COUT_CCU2C_CIN_COUT_CCU2C_CIN_S1_CCU2C_A1$CCU2_COMB1.FCO
Info:    routing  0.00  4.39 Net uart_clkcnt_TRELLIS_FF_Q_9_DI_LUT4_Z_C_CCU2C_S1_COUT_CCU2C_CIN_COUT_CCU2C_CIN_COUT_CCU2C_CIN_S1_CCU2C_A1_COUT (107,88) -> (108,88)
Info:                          Sink uart_clkcnt_TRELLIS_FF_Q_9_DI_LUT4_Z_C_CCU2C_S1_COUT_CCU2C_CIN_COUT_CCU2C_CIN_COUT_CCU2C_CIN_COUT_CCU2C_CIN_S1_CCU2C_A1$CCU2_COMB0.FCI
Info:                          Defined in:
Info:                               mkTop.v:44953.44-44953.61
Info:                               /workspace/scratch/2dc194a6b0cd/physical_toolchains/oss-cad-suite/lib/../share/yosys/lattice/arith_map_ccu2c.v:74.7-80.4
Info:                               /workspace/scratch/2dc194a6b0cd/physical_toolchains/oss-cad-suite/lib/../share/yosys/lattice/ccu2c_sim.vh:9.9-9.13
Info:      logic  0.07  4.46 Source uart_clkcnt_TRELLIS_FF_Q_9_DI_LUT4_Z_C_CCU2C_S1_COUT_CCU2C_CIN_COUT_CCU2C_CIN_COUT_CCU2C_CIN_COUT_CCU2C_CIN_S1_CCU2C_A1$CCU2_COMB0.FCO
Info:    routing  0.00  4.46 Net uart_clkcnt_TRELLIS_FF_Q_9_DI_LUT4_Z_C_CCU2C_S1_COUT_CCU2C_CIN_COUT_CCU2C_CIN_COUT_CCU2C_CIN_COUT_CCU2C_CIN_S1_CCU2C_A1$CCU2_FCI_INT (108,88) -> (108,88)
Info:                          Sink uart_clkcnt_TRELLIS_FF_Q_9_DI_LUT4_Z_C_CCU2C_S1_COUT_CCU2C_CIN_COUT_CCU2C_CIN_COUT_CCU2C_CIN_COUT_CCU2C_CIN_S1_CCU2C_A1$CCU2_COMB1.FCI
Info:      logic  0.00  4.46 Source uart_clkcnt_TRELLIS_FF_Q_9_DI_LUT4_Z_C_CCU2C_S1_COUT_CCU2C_CIN_COUT_CCU2C_CIN_COUT_CCU2C_CIN_COUT_CCU2C_CIN_S1_CCU2C_A1$CCU2_COMB1.FCO
Info:    routing  0.00  4.46 Net $nextpnr_CCU2C_43$CIN (108,88) -> (108,88)
Info:                          Sink $nextpnr_CCU2C_43$CCU2_COMB0.FCI
Info:      logic  0.44  4.90 Source $nextpnr_CCU2C_43$CCU2_COMB0.F
Info:    routing  0.51  5.41 Net uart_clkcnt_TRELLIS_FF_Q_9_DI_LUT4_Z_C[1] (108,88) -> (108,86)
Info:                          Sink uart_inQ.empty_reg_LUT4_B_2.D
Info:                          Defined in:
Info:                               /workspace/scratch/2dc194a6b0cd/physical_toolchains/oss-cad-suite/lib/../share/yosys/lattice/cells_map_trellis.v:108.23-108.24
Info:      logic  0.24  5.65 Source uart_inQ.empty_reg_LUT4_B_2.F
Info:    routing  0.74  6.39 Net uart_inQ.empty_reg_LUT4_B_2_Z[2] (108,86) -> (109,87)
Info:                          Sink uart_inQ.empty_reg_LUT4_B_1_Z_LUT4_Z.D
Info:                          Defined in:
Info:                               /workspace/scratch/2dc194a6b0cd/physical_toolchains/oss-cad-suite/lib/../share/yosys/lattice/cells_map_trellis.v:108.23-108.24
Info:      logic  0.24  6.62 Source uart_inQ.empty_reg_LUT4_B_1_Z_LUT4_Z.F
Info:    routing  0.99  7.61 Net uart_inQ.empty_reg_LUT4_B_1_Z[3] (109,87) -> (108,86)
Info:                          Sink uart_inQ.data0_reg_TRELLIS_FF_Q_1_DI_LUT4_Z_D_LUT4_Z.D
Info:                          Defined in:
Info:                               /workspace/scratch/2dc194a6b0cd/physical_toolchains/oss-cad-suite/lib/../share/yosys/lattice/cells_map_trellis.v:108.23-108.24
Info:      logic  0.24  7.84 Source uart_inQ.data0_reg_TRELLIS_FF_Q_1_DI_LUT4_Z_D_LUT4_Z.F
Info:    routing  0.42  8.26 Net uart_inQ.data0_reg_TRELLIS_FF_Q_1_DI_LUT4_Z_D[2] (108,86) -> (108,86)
Info:                          Sink uart_inQ.data0_reg_TRELLIS_FF_Q_1_DI_LUT4_Z.D
Info:                          Defined in:
Info:                               /workspace/scratch/2dc194a6b0cd/physical_toolchains/oss-cad-suite/lib/../share/yosys/lattice/cells_map_trellis.v:108.23-108.24
Info:      logic  0.24  8.50 Source uart_inQ.data0_reg_TRELLIS_FF_Q_1_DI_LUT4_Z.F
Info:    routing  0.13  8.63 Net uart_inQ.data0_reg_TRELLIS_FF_Q_1_DI (108,86) -> (108,86)
Info:                          Sink uart_inQ.data0_reg_TRELLIS_FF_Q_1.DI
Info:      setup  0.00  8.63 Source uart_inQ.data0_reg_TRELLIS_FF_Q_1.DI
Info: 3.67 ns logic, 4.95 ns routing

Info: Critical path report for clock '$glbnet$clocks_coreReset.CLK' (posedge -> posedge):
Info:       type curr  total name
Info:   clk-to-q  0.52  0.52 Source clocks_pll.locked_LUT4_D_Z_TRELLIS_FF_LSR_1_Q_TRELLIS_FF_DI.Q
Info:    routing  9.33  9.86 Net clocks_pll.locked_LUT4_D_Z_TRELLIS_FF_LSR_1_Q_TRELLIS_FF_DI_Q (21,6) -> (108,84)
Info:                          Sink txReset_leaf.secondReset.LSR
Info:      setup  0.42  10.28 Source txReset_leaf.secondReset.LSR
Info: 0.95 ns logic, 9.33 ns routing

Info: Critical path report for cross-domain path '<async>' -> 'posedge $glbnet$CLK_clk_25mhz$TRELLIS_IO_IN':
Info:       type curr  total name
Info:     source  0.00  0.00 Source ftdi_txd$tr_io.O
Info:    routing  3.25  3.25 Net ftdi_txd$TRELLIS_IO_IN (0,89) -> (48,87)
Info:                          Sink uart_rxin_TRELLIS_FF_Q_1.M
Info:                          Defined in:
Info:                               mkTop.v:7168.16-7168.30
Info:      setup  0.00  3.25 Source uart_rxin_TRELLIS_FF_Q_1.M
Info: 0.00 ns logic, 3.25 ns routing

Info: Critical path report for cross-domain path 'posedge $glbnet$CLK_clk_25mhz$TRELLIS_IO_IN' -> '<async>':
Info:       type curr  total name
Info:   clk-to-q  0.52  0.52 Source uart_txdr_TRELLIS_FF_Q.Q
Info:    routing  7.55  8.07 Net ftdi_rxd$TRELLIS_IO_OUT (102,87) -> (0,56)
Info:                          Sink ftdi_rxd$tr_io.I
Info:                          Defined in:
Info:                               mkTop.v:7177.7-7177.16
Info: 0.52 ns logic, 7.55 ns routing

Info: Critical path report for cross-domain path 'posedge $glbnet$CLK_clk_25mhz$TRELLIS_IO_IN' -> 'posedge $glbnet$clocks_coreReset.CLK':
Info:       type curr  total name
Info:   clk-to-q  0.52  0.52 Source clocks_pll.locked_LUT4_D_Z_TRELLIS_FF_LSR.Q
Info:    routing  0.74  1.26 Net clocks_pll.locked_LUT4_D_Z_TRELLIS_FF_LSR_Q (53,86) -> (54,87)
Info:                          Sink clocks_pll.locked_LUT4_D_Z_TRELLIS_FF_LSR_Q_LUT4_D.D
Info:                          Defined in:
Info:                               /workspace/scratch/2dc194a6b0cd/physical_toolchains/oss-cad-suite/lib/../share/yosys/lattice/cells_map_trellis.v:108.23-108.24
Info:      logic  0.24  1.50 Source clocks_pll.locked_LUT4_D_Z_TRELLIS_FF_LSR_Q_LUT4_D.F
Info:    routing  0.65  2.15 Net clocks_pll.locked_LUT4_D_Z_TRELLIS_FF_LSR_Q_LUT4_D_Z (54,87) -> (54,86)
Info:                          Sink rxQ.fifoMem.0.0_WAD_1_LUT4_D_Z_TRELLIS_FF_DI_Q_TRELLIS_FF_DI_Q_TRELLIS_FF_Q_DI_TRELLIS_FF_Q.LSR
Info:      setup  0.42  2.58 Source rxQ.fifoMem.0.0_WAD_1_LUT4_D_Z_TRELLIS_FF_DI_Q_TRELLIS_FF_DI_Q_TRELLIS_FF_Q_DI_TRELLIS_FF_Q.LSR
Info: 1.18 ns logic, 1.39 ns routing

Info: Critical path report for cross-domain path 'posedge $glbnet$clocks_coreReset.CLK' -> 'posedge $glbnet$CLK_clk_25mhz$TRELLIS_IO_IN':
Info:       type curr  total name
Info:   clk-to-q  0.52  0.52 Source txReset_leaf.secondReset.Q
Info:    routing  0.68  1.20 Net txReset_leaf.secondReset_Q (108,84) -> (110,84)
Info:                          Sink txReset_leaf.secondReset_Q_LUT4_D.D
Info:                          Defined in:
Info:                               /workspace/scratch/2dc194a6b0cd/physical_toolchains/oss-cad-suite/lib/../share/yosys/lattice/cells_map_trellis.v:108.23-108.24
Info:      logic  0.24  1.44 Source txReset_leaf.secondReset_Q_LUT4_D.F
Info:    routing  0.62  2.06 Net txReset_leaf.secondReset_Q_LUT4_D_Z (110,84) -> (110,85)
Info:                          Sink txReset_leaf.secondReset_Q_LUT4_B_A_TRELLIS_FF_Q_DI_LUT4_Z_D_LUT4_Z_A_LUT4_C_Z_LUT4_D_Z_LUT4_Z_A_LUT4_B_Z_TRELLIS_FF_DI_Q_TRELLIS_FF_DI_Q_TRELLIS_FF_Q_DI_TRELLIS_FF_Q.LSR
Info:      setup  0.42  2.48 Source txReset_leaf.secondReset_Q_LUT4_B_A_TRELLIS_FF_Q_DI_LUT4_Z_D_LUT4_Z_A_LUT4_C_Z_LUT4_D_Z_LUT4_Z_A_LUT4_B_Z_TRELLIS_FF_DI_Q_TRELLIS_FF_DI_Q_TRELLIS_FF_Q_DI_TRELLIS_FF_Q.LSR
Info: 1.18 ns logic, 1.30 ns routing

Info: Max frequency for clock '$glbnet$CLK_clk_25mhz$TRELLIS_IO_IN': 115.93 MHz (PASS at 25.00 MHz)
ERROR: Max frequency for clock        '$glbnet$clocks_coreReset.CLK': 97.25 MHz (FAIL at 100.00 MHz)

Info: Max delay <async>                                     -> posedge $glbnet$CLK_clk_25mhz$TRELLIS_IO_IN: 3.25 ns
Info: Max delay posedge $glbnet$CLK_clk_25mhz$TRELLIS_IO_IN -> <async>                                    : 8.07 ns
Info: Max delay posedge $glbnet$CLK_clk_25mhz$TRELLIS_IO_IN -> posedge $glbnet$clocks_coreReset.CLK       : 2.58 ns
Info: Max delay posedge $glbnet$clocks_coreReset.CLK        -> posedge $glbnet$CLK_clk_25mhz$TRELLIS_IO_IN: 2.48 ns

Info: Slack histogram:
Info:  legend: * represents 587 endpoint(s)
Info:          + represents [1,587) endpoint(s)
Info: [  -283,   1684) |*+
Info: [  1684,   3651) |*****************+
Info: [  3651,   5618) |************************************************+
Info: [  5618,   7585) |************************************************************ 
Info: [  7585,   9552) |*******************************************************+
Info: [  9552,  11519) | 
Info: [ 11519,  13486) | 
Info: [ 13486,  15453) | 
Info: [ 15453,  17420) | 
Info: [ 17420,  19387) | 
Info: [ 19387,  21354) | 
Info: [ 21354,  23321) | 
Info: [ 23321,  25288) | 
Info: [ 25288,  27255) | 
Info: [ 27255,  29222) | 
Info: [ 29222,  31189) | 
Info: [ 31189,  33156) |+
Info: [ 33156,  35123) |+
Info: [ 35123,  37090) |+
Info: [ 37090,  39057) |+
2 warnings, 1 error

Info: Program finished normally.
