[STEP 1] Verifying source and train/validation arrays
[STEP 2] FP32 RMSE refinement | source epoch 344 | epoch-0 validation RMSE 8.5469 cm
Epoch   1 | train minibatch RMSE 0.082877 m | val MAE 6.2892 cm | val RMSE 8.5655 cm | 12.34 s
Epoch   2 | train minibatch RMSE 0.082790 m | val MAE 6.3292 cm | val RMSE 8.5894 cm | 11.73 s
Epoch   3 | train minibatch RMSE 0.082738 m | val MAE 6.2816 cm | val RMSE 8.5498 cm | 11.22 s
Epoch   4 | train minibatch RMSE 0.082730 m | val MAE 6.2699 cm | val RMSE 8.5675 cm | 12.14 s
Epoch   5 | train minibatch RMSE 0.082750 m | val MAE 6.2764 cm | val RMSE 8.5564 cm | 11.27 s
Epoch   6 | train minibatch RMSE 0.082714 m | val MAE 6.3031 cm | val RMSE 8.5751 cm | 11.38 s
Epoch   7 | train minibatch RMSE 0.082622 m | val MAE 6.2588 cm | val RMSE 8.5273 cm | 11.51 s *
Epoch   8 | train minibatch RMSE 0.082569 m | val MAE 6.3008 cm | val RMSE 8.5709 cm | 11.61 s
Epoch   9 | train minibatch RMSE 0.082592 m | val MAE 6.2833 cm | val RMSE 8.5533 cm | 11.89 s
Epoch  10 | train minibatch RMSE 0.082540 m | val MAE 6.2736 cm | val RMSE 8.5559 cm | 12.27 s
Epoch  11 | train minibatch RMSE 0.082465 m | val MAE 6.2736 cm | val RMSE 8.5319 cm | 12.53 s
Epoch  12 | train minibatch RMSE 0.082436 m | val MAE 6.2237 cm | val RMSE 8.5220 cm | 11.96 s *
Epoch  13 | train minibatch RMSE 0.082400 m | val MAE 6.2779 cm | val RMSE 8.5654 cm | 12.27 s
Epoch  14 | train minibatch RMSE 0.082381 m | val MAE 6.3072 cm | val RMSE 8.5718 cm | 11.99 s
Epoch  15 | train minibatch RMSE 0.082357 m | val MAE 6.2722 cm | val RMSE 8.5267 cm | 12.63 s
Epoch  16 | train minibatch RMSE 0.082322 m | val MAE 6.2479 cm | val RMSE 8.5330 cm | 12.08 s
Epoch  17 | train minibatch RMSE 0.082329 m | val MAE 6.2569 cm | val RMSE 8.5430 cm | 11.65 s
Epoch  18 | train minibatch RMSE 0.082302 m | val MAE 6.2349 cm | val RMSE 8.5086 cm | 12.48 s *
Epoch  19 | train minibatch RMSE 0.082226 m | val MAE 6.2566 cm | val RMSE 8.5197 cm | 12.92 s
Epoch  20 | train minibatch RMSE 0.082183 m | val MAE 6.2896 cm | val RMSE 8.5651 cm | 12.51 s
Epoch  21 | train minibatch RMSE 0.082145 m | val MAE 6.2341 cm | val RMSE 8.5115 cm | 13.14 s
Epoch  22 | train minibatch RMSE 0.082182 m | val MAE 6.2414 cm | val RMSE 8.5049 cm | 11.95 s *
Epoch  23 | train minibatch RMSE 0.082124 m | val MAE 6.2439 cm | val RMSE 8.5159 cm | 14.05 s
Epoch  24 | train minibatch RMSE 0.082141 m | val MAE 6.2237 cm | val RMSE 8.4938 cm | 12.58 s *
Epoch  25 | train minibatch RMSE 0.082088 m | val MAE 6.2155 cm | val RMSE 8.4831 cm | 13.84 s *
Epoch  26 | train minibatch RMSE 0.082018 m | val MAE 6.2604 cm | val RMSE 8.5206 cm | 12.93 s
Epoch  27 | train minibatch RMSE 0.081992 m | val MAE 6.2186 cm | val RMSE 8.4785 cm | 12.28 s *
Epoch  28 | train minibatch RMSE 0.081931 m | val MAE 6.2214 cm | val RMSE 8.5009 cm | 11.72 s
Epoch  29 | train minibatch RMSE 0.081977 m | val MAE 6.2226 cm | val RMSE 8.4968 cm | 12.15 s
Epoch  30 | train minibatch RMSE 0.081968 m | val MAE 6.2041 cm | val RMSE 8.4719 cm | 12.20 s *
Epoch  31 | train minibatch RMSE 0.081896 m | val MAE 6.2293 cm | val RMSE 8.4881 cm | 12.77 s
Epoch  32 | train minibatch RMSE 0.081868 m | val MAE 6.2363 cm | val RMSE 8.4866 cm | 13.46 s
Epoch  33 | train minibatch RMSE 0.081860 m | val MAE 6.2084 cm | val RMSE 8.4797 cm | 13.81 s
Epoch  34 | train minibatch RMSE 0.081825 m | val MAE 6.2262 cm | val RMSE 8.4883 cm | 13.26 s
Epoch  35 | train minibatch RMSE 0.081766 m | val MAE 6.2001 cm | val RMSE 8.4710 cm | 14.12 s *
Epoch  36 | train minibatch RMSE 0.081723 m | val MAE 6.2072 cm | val RMSE 8.4744 cm | 11.43 s
Epoch  37 | train minibatch RMSE 0.081760 m | val MAE 6.1962 cm | val RMSE 8.4764 cm | 12.74 s
Epoch  38 | train minibatch RMSE 0.081770 m | val MAE 6.2155 cm | val RMSE 8.4761 cm | 12.30 s
Epoch  39 | train minibatch RMSE 0.081703 m | val MAE 6.2524 cm | val RMSE 8.5061 cm | 14.31 s
Epoch  40 | train minibatch RMSE 0.081725 m | val MAE 6.1975 cm | val RMSE 8.4525 cm | 13.27 s *
Epoch  41 | train minibatch RMSE 0.081614 m | val MAE 6.2138 cm | val RMSE 8.4672 cm | 13.18 s
Epoch  42 | train minibatch RMSE 0.081624 m | val MAE 6.2660 cm | val RMSE 8.4987 cm | 13.11 s
Epoch  43 | train minibatch RMSE 0.081551 m | val MAE 6.2498 cm | val RMSE 8.5413 cm | 12.38 s
Epoch  44 | train minibatch RMSE 0.081571 m | val MAE 6.2269 cm | val RMSE 8.4882 cm | 12.41 s
Epoch  45 | train minibatch RMSE 0.081519 m | val MAE 6.2115 cm | val RMSE 8.4598 cm | 12.09 s
Epoch  46 | train minibatch RMSE 0.081469 m | val MAE 6.1841 cm | val RMSE 8.4624 cm | 13.18 s
Epoch  47 | train minibatch RMSE 0.081322 m | val MAE 6.1996 cm | val RMSE 8.4483 cm | 12.25 s *
Epoch  48 | train minibatch RMSE 0.081301 m | val MAE 6.1842 cm | val RMSE 8.4381 cm | 12.98 s *
Epoch  49 | train minibatch RMSE 0.081296 m | val MAE 6.1728 cm | val RMSE 8.4481 cm | 12.92 s
Epoch  50 | train minibatch RMSE 0.081238 m | val MAE 6.1894 cm | val RMSE 8.4443 cm | 11.60 s
Epoch  51 | train minibatch RMSE 0.081244 m | val MAE 6.1706 cm | val RMSE 8.4422 cm | 11.57 s
Epoch  52 | train minibatch RMSE 0.081233 m | val MAE 6.1691 cm | val RMSE 8.4293 cm | 10.60 s *
Epoch  53 | train minibatch RMSE 0.081235 m | val MAE 6.1719 cm | val RMSE 8.4374 cm | 10.34 s
Epoch  54 | train minibatch RMSE 0.081189 m | val MAE 6.1855 cm | val RMSE 8.4333 cm | 11.20 s
Epoch  55 | train minibatch RMSE 0.081210 m | val MAE 6.1750 cm | val RMSE 8.4260 cm | 11.10 s *
Epoch  56 | train minibatch RMSE 0.081196 m | val MAE 6.1908 cm | val RMSE 8.4313 cm | 11.65 s
Epoch  57 | train minibatch RMSE 0.081189 m | val MAE 6.1732 cm | val RMSE 8.4218 cm | 10.11 s *
Epoch  58 | train minibatch RMSE 0.081146 m | val MAE 6.1867 cm | val RMSE 8.4314 cm | 10.53 s
Epoch  59 | train minibatch RMSE 0.081152 m | val MAE 6.1550 cm | val RMSE 8.4221 cm | 11.39 s
Epoch  60 | train minibatch RMSE 0.081170 m | val MAE 6.1592 cm | val RMSE 8.4247 cm | 10.84 s
[STEP 3] Selected sw/results/mars_accuracy_20260922/fp32_rmse/best.pt, epoch 57, validation RMSE 8.4218 cm
