SWAY_INPUT_FRAME,0,0,319
SWAY_INPUT_FRAME,1,320,639
SWAY_INPUT_FRAME,2,640,17786
SWAY_OUTPUT,0,13,37195
SWAY_OUTPUT,1,13,37196
SWAY_OUTPUT,2,13,37197
SWAY_OUTPUT,3,13,37198
SWAY_OUTPUT,4,25,37199
SWAY_OUTPUT,5,36,37200
SWAY_OUTPUT,6,45,37201
SWAY_OUTPUT,7,2,37202
SWAY_OUTPUT,8,-6,37203
SWAY_OUTPUT,9,-12,37204
SWAY_OUTPUT,10,18,37205
SWAY_OUTPUT,11,21,37206
SWAY_OUTPUT,12,22,37207
SWAY_OUTPUT,13,23,37208
SWAY_OUTPUT,14,8,37209
SWAY_OUTPUT,15,2,37210
SWAY_OUTPUT,16,-2,37211
SWAY_OUTPUT,17,-4,37212
SWAY_OUTPUT,18,13,37213
SWAY_OUTPUT,19,126,37214
SWAY_OUTPUT,20,127,37215
SWAY_OUTPUT,21,125,37216
SWAY_OUTPUT,22,126,37217
SWAY_OUTPUT,23,126,37218
SWAY_OUTPUT,24,127,37219
SWAY_OUTPUT,25,126,37220
SWAY_OUTPUT,26,124,37221
SWAY_OUTPUT,27,124,37222
SWAY_OUTPUT,28,121,37223
SWAY_OUTPUT,29,125,37224
SWAY_OUTPUT,30,124,37225
SWAY_OUTPUT,31,127,37226
SWAY_OUTPUT,32,120,37227
SWAY_OUTPUT,33,124,37228
SWAY_OUTPUT,34,125,37229
SWAY_OUTPUT,35,127,37230
SWAY_OUTPUT,36,123,37231
SWAY_OUTPUT,37,127,37232
SWAY_OUTPUT,38,-15,37233
SWAY_OUTPUT,39,6,37234
SWAY_OUTPUT,40,25,37235
SWAY_OUTPUT,41,34,37236
SWAY_OUTPUT,42,18,37237
SWAY_OUTPUT,43,12,37238
SWAY_OUTPUT,44,7,37239
SWAY_OUTPUT,45,17,37240
SWAY_OUTPUT,46,6,37241
SWAY_OUTPUT,47,-5,37242
SWAY_OUTPUT,48,-14,37243
SWAY_OUTPUT,49,-33,37244
SWAY_OUTPUT,50,-56,37245
SWAY_OUTPUT,51,-58,37246
SWAY_OUTPUT,52,-14,37247
SWAY_OUTPUT,53,-32,37248
SWAY_OUTPUT,54,-54,37249
SWAY_OUTPUT,55,-58,37250
SWAY_OUTPUT,56,20,37251
SWAY_FRAME,0,37195,37251
SWAY_INPUT_FRAME,3,17787,42658
SWAY_OUTPUT,57,11,62067
SWAY_OUTPUT,58,11,62068
SWAY_OUTPUT,59,11,62069
SWAY_OUTPUT,60,11,62070
SWAY_OUTPUT,61,23,62071
SWAY_OUTPUT,62,32,62072
SWAY_OUTPUT,63,40,62073
SWAY_OUTPUT,64,-1,62074
SWAY_OUTPUT,65,-9,62075
SWAY_OUTPUT,66,-16,62076
SWAY_OUTPUT,67,16,62077
SWAY_OUTPUT,68,20,62078
SWAY_OUTPUT,69,22,62079
SWAY_OUTPUT,70,24,62080
SWAY_OUTPUT,71,6,62081
SWAY_OUTPUT,72,1,62082
SWAY_OUTPUT,73,-3,62083
SWAY_OUTPUT,74,-5,62084
SWAY_OUTPUT,75,11,62085
SWAY_OUTPUT,76,126,62086
SWAY_OUTPUT,77,127,62087
SWAY_OUTPUT,78,126,62088
SWAY_OUTPUT,79,126,62089
SWAY_OUTPUT,80,126,62090
SWAY_OUTPUT,81,127,62091
SWAY_OUTPUT,82,125,62092
SWAY_OUTPUT,83,124,62093
SWAY_OUTPUT,84,125,62094
SWAY_OUTPUT,85,123,62095
SWAY_OUTPUT,86,124,62096
SWAY_OUTPUT,87,125,62097
SWAY_OUTPUT,88,126,62098
SWAY_OUTPUT,89,119,62099
SWAY_OUTPUT,90,124,62100
SWAY_OUTPUT,91,126,62101
SWAY_OUTPUT,92,127,62102
SWAY_OUTPUT,93,124,62103
SWAY_OUTPUT,94,127,62104
SWAY_OUTPUT,95,-10,62105
SWAY_OUTPUT,96,12,62106
SWAY_OUTPUT,97,32,62107
SWAY_OUTPUT,98,41,62108
SWAY_OUTPUT,99,24,62109
SWAY_OUTPUT,100,15,62110
SWAY_OUTPUT,101,7,62111
SWAY_OUTPUT,102,23,62112
SWAY_OUTPUT,103,13,62113
SWAY_OUTPUT,104,3,62114
SWAY_OUTPUT,105,-9,62115
SWAY_OUTPUT,106,-31,62116
SWAY_OUTPUT,107,-54,62117
SWAY_OUTPUT,108,-58,62118
SWAY_OUTPUT,109,-9,62119
SWAY_OUTPUT,110,-30,62120
SWAY_OUTPUT,111,-53,62121
SWAY_OUTPUT,112,-57,62122
SWAY_OUTPUT,113,27,62123
SWAY_FRAME,1,62067,62123
SWAY_INPUT_FRAME,4,42659,67530
SWAY_OUTPUT,114,10,86939
SWAY_OUTPUT,115,10,86940
SWAY_OUTPUT,116,10,86941
SWAY_OUTPUT,117,10,86942
SWAY_OUTPUT,118,21,86943
SWAY_OUTPUT,119,29,86944
SWAY_OUTPUT,120,38,86945
SWAY_OUTPUT,121,-1,86946
SWAY_OUTPUT,122,-8,86947
SWAY_OUTPUT,123,-15,86948
SWAY_OUTPUT,124,16,86949
SWAY_OUTPUT,125,18,86950
SWAY_OUTPUT,126,19,86951
SWAY_OUTPUT,127,20,86952
SWAY_OUTPUT,128,6,86953
SWAY_OUTPUT,129,3,86954
SWAY_OUTPUT,130,2,86955
SWAY_OUTPUT,131,1,86956
SWAY_OUTPUT,132,10,86957
SWAY_OUTPUT,133,127,86958
SWAY_OUTPUT,134,127,86959
SWAY_OUTPUT,135,127,86960
SWAY_OUTPUT,136,127,86961
SWAY_OUTPUT,137,127,86962
SWAY_OUTPUT,138,127,86963
SWAY_OUTPUT,139,127,86964
SWAY_OUTPUT,140,127,86965
SWAY_OUTPUT,141,127,86966
SWAY_OUTPUT,142,125,86967
SWAY_OUTPUT,143,127,86968
SWAY_OUTPUT,144,127,86969
SWAY_OUTPUT,145,127,86970
SWAY_OUTPUT,146,124,86971
SWAY_OUTPUT,147,127,86972
SWAY_OUTPUT,148,127,86973
SWAY_OUTPUT,149,127,86974
SWAY_OUTPUT,150,125,86975
SWAY_OUTPUT,151,127,86976
SWAY_OUTPUT,152,-18,86977
SWAY_OUTPUT,153,2,86978
SWAY_OUTPUT,154,22,86979
SWAY_OUTPUT,155,30,86980
SWAY_OUTPUT,156,14,86981
SWAY_OUTPUT,157,5,86982
SWAY_OUTPUT,158,-5,86983
SWAY_OUTPUT,159,14,86984
SWAY_OUTPUT,160,2,86985
SWAY_OUTPUT,161,-10,86986
SWAY_OUTPUT,162,-17,86987
SWAY_OUTPUT,163,-34,86988
SWAY_OUTPUT,164,-57,86989
SWAY_OUTPUT,165,-60,86990
SWAY_OUTPUT,166,-17,86991
SWAY_OUTPUT,167,-34,86992
SWAY_OUTPUT,168,-56,86993
SWAY_OUTPUT,169,-60,86994
SWAY_OUTPUT,170,17,86995
SWAY_FRAME,2,86939,86995
SWAY_INPUT_FRAME,5,67531,92402
SWAY_OUTPUT,171,11,111811
SWAY_OUTPUT,172,10,111812
SWAY_OUTPUT,173,10,111813
SWAY_OUTPUT,174,10,111814
SWAY_OUTPUT,175,22,111815
SWAY_OUTPUT,176,32,111816
SWAY_OUTPUT,177,39,111817
SWAY_OUTPUT,178,-2,111818
SWAY_OUTPUT,179,-11,111819
SWAY_OUTPUT,180,-15,111820
SWAY_OUTPUT,181,16,111821
SWAY_OUTPUT,182,20,111822
SWAY_OUTPUT,183,22,111823
SWAY_OUTPUT,184,24,111824
SWAY_OUTPUT,185,6,111825
SWAY_OUTPUT,186,3,111826
SWAY_OUTPUT,187,2,111827
SWAY_OUTPUT,188,0,111828
SWAY_OUTPUT,189,10,111829
SWAY_OUTPUT,190,125,111830
SWAY_OUTPUT,191,126,111831
SWAY_OUTPUT,192,126,111832
SWAY_OUTPUT,193,127,111833
SWAY_OUTPUT,194,127,111834
SWAY_OUTPUT,195,127,111835
SWAY_OUTPUT,196,125,111836
SWAY_OUTPUT,197,125,111837
SWAY_OUTPUT,198,125,111838
SWAY_OUTPUT,199,122,111839
SWAY_OUTPUT,200,123,111840
SWAY_OUTPUT,201,126,111841
SWAY_OUTPUT,202,126,111842
SWAY_OUTPUT,203,119,111843
SWAY_OUTPUT,204,123,111844
SWAY_OUTPUT,205,126,111845
SWAY_OUTPUT,206,127,111846
SWAY_OUTPUT,207,123,111847
SWAY_OUTPUT,208,127,111848
SWAY_OUTPUT,209,-7,111849
SWAY_OUTPUT,210,15,111850
SWAY_OUTPUT,211,36,111851
SWAY_OUTPUT,212,45,111852
SWAY_OUTPUT,213,28,111853
SWAY_OUTPUT,214,21,111854
SWAY_OUTPUT,215,16,111855
SWAY_OUTPUT,216,27,111856
SWAY_OUTPUT,217,18,111857
SWAY_OUTPUT,218,10,111858
SWAY_OUTPUT,219,-6,111859
SWAY_OUTPUT,220,-31,111860
SWAY_OUTPUT,221,-54,111861
SWAY_OUTPUT,222,-58,111862
SWAY_OUTPUT,223,-6,111863
SWAY_OUTPUT,224,-31,111864
SWAY_OUTPUT,225,-55,111865
SWAY_OUTPUT,226,-60,111866
SWAY_OUTPUT,227,31,111867
SWAY_FRAME,3,111811,111867
SWAY_INPUT_FRAME,6,92403,117274
SWAY_OUTPUT,228,12,136683
SWAY_OUTPUT,229,14,136684
SWAY_OUTPUT,230,16,136685
SWAY_OUTPUT,231,14,136686
SWAY_OUTPUT,232,26,136687
SWAY_OUTPUT,233,38,136688
SWAY_OUTPUT,234,48,136689
SWAY_OUTPUT,235,3,136690
SWAY_OUTPUT,236,-12,136691
SWAY_OUTPUT,237,-28,136692
SWAY_OUTPUT,238,18,136693
SWAY_OUTPUT,239,21,136694
SWAY_OUTPUT,240,23,136695
SWAY_OUTPUT,241,24,136696
SWAY_OUTPUT,242,8,136697
SWAY_OUTPUT,243,-5,136698
SWAY_OUTPUT,244,-15,136699
SWAY_OUTPUT,245,-18,136700
SWAY_OUTPUT,246,15,136701
SWAY_OUTPUT,247,127,136702
SWAY_OUTPUT,248,127,136703
SWAY_OUTPUT,249,126,136704
SWAY_OUTPUT,250,127,136705
SWAY_OUTPUT,251,124,136706
SWAY_OUTPUT,252,123,136707
SWAY_OUTPUT,253,120,136708
SWAY_OUTPUT,254,127,136709
SWAY_OUTPUT,255,127,136710
SWAY_OUTPUT,256,127,136711
SWAY_OUTPUT,257,127,136712
SWAY_OUTPUT,258,127,136713
SWAY_OUTPUT,259,127,136714
SWAY_OUTPUT,260,127,136715
SWAY_OUTPUT,261,127,136716
SWAY_OUTPUT,262,124,136717
SWAY_OUTPUT,263,124,136718
SWAY_OUTPUT,264,118,136719
SWAY_OUTPUT,265,127,136720
SWAY_OUTPUT,266,-12,136721
SWAY_OUTPUT,267,9,136722
SWAY_OUTPUT,268,29,136723
SWAY_OUTPUT,269,38,136724
SWAY_OUTPUT,270,20,136725
SWAY_OUTPUT,271,14,136726
SWAY_OUTPUT,272,9,136727
SWAY_OUTPUT,273,22,136728
SWAY_OUTPUT,274,20,136729
SWAY_OUTPUT,275,19,136730
SWAY_OUTPUT,276,-12,136731
SWAY_OUTPUT,277,-32,136732
SWAY_OUTPUT,278,-57,136733
SWAY_OUTPUT,279,-60,136734
SWAY_OUTPUT,280,-10,136735
SWAY_OUTPUT,281,-27,136736
SWAY_OUTPUT,282,-50,136737
SWAY_OUTPUT,283,-53,136738
SWAY_OUTPUT,284,24,136739
SWAY_FRAME,4,136683,136739
SWAY_INPUT_FRAME,7,117275,142146
SWAY_OUTPUT,285,8,161555
SWAY_OUTPUT,286,7,161556
SWAY_OUTPUT,287,7,161557
SWAY_OUTPUT,288,7,161558
SWAY_OUTPUT,289,19,161559
SWAY_OUTPUT,290,33,161560
SWAY_OUTPUT,291,40,161561
SWAY_OUTPUT,292,-5,161562
SWAY_OUTPUT,293,-16,161563
SWAY_OUTPUT,294,-21,161564
SWAY_OUTPUT,295,13,161565
SWAY_OUTPUT,296,19,161566
SWAY_OUTPUT,297,24,161567
SWAY_OUTPUT,298,26,161568
SWAY_OUTPUT,299,3,161569
SWAY_OUTPUT,300,-2,161570
SWAY_OUTPUT,301,-4,161571
SWAY_OUTPUT,302,-6,161572
SWAY_OUTPUT,303,8,161573
SWAY_OUTPUT,304,124,161574
SWAY_OUTPUT,305,125,161575
SWAY_OUTPUT,306,124,161576
SWAY_OUTPUT,307,125,161577
SWAY_OUTPUT,308,124,161578
SWAY_OUTPUT,309,126,161579
SWAY_OUTPUT,310,122,161580
SWAY_OUTPUT,311,123,161581
SWAY_OUTPUT,312,124,161582
SWAY_OUTPUT,313,121,161583
SWAY_OUTPUT,314,122,161584
SWAY_OUTPUT,315,123,161585
SWAY_OUTPUT,316,125,161586
SWAY_OUTPUT,317,117,161587
SWAY_OUTPUT,318,122,161588
SWAY_OUTPUT,319,122,161589
SWAY_OUTPUT,320,126,161590
SWAY_OUTPUT,321,121,161591
SWAY_OUTPUT,322,125,161592
SWAY_OUTPUT,323,-10,161593
SWAY_OUTPUT,324,12,161594
SWAY_OUTPUT,325,32,161595
SWAY_OUTPUT,326,41,161596
SWAY_OUTPUT,327,24,161597
SWAY_OUTPUT,328,22,161598
SWAY_OUTPUT,329,26,161599
SWAY_OUTPUT,330,23,161600
SWAY_OUTPUT,331,18,161601
SWAY_OUTPUT,332,17,161602
SWAY_OUTPUT,333,-9,161603
SWAY_OUTPUT,334,-31,161604
SWAY_OUTPUT,335,-54,161605
SWAY_OUTPUT,336,-57,161606
SWAY_OUTPUT,337,-9,161607
SWAY_OUTPUT,338,-30,161608
SWAY_OUTPUT,339,-54,161609
SWAY_OUTPUT,340,-58,161610
SWAY_OUTPUT,341,27,161611
SWAY_FRAME,5,161555,161611
SWAY_INPUT_FRAME,8,142147,167018
SWAY_OUTPUT,342,7,186427
SWAY_OUTPUT,343,6,186428
SWAY_OUTPUT,344,5,186429
SWAY_OUTPUT,345,4,186430
SWAY_OUTPUT,346,17,186431
SWAY_OUTPUT,347,32,186432
SWAY_OUTPUT,348,42,186433
SWAY_OUTPUT,349,-7,186434
SWAY_OUTPUT,350,-20,186435
SWAY_OUTPUT,351,-29,186436
SWAY_OUTPUT,352,12,186437
SWAY_OUTPUT,353,21,186438
SWAY_OUTPUT,354,29,186439
SWAY_OUTPUT,355,32,186440
SWAY_OUTPUT,356,2,186441
SWAY_OUTPUT,357,-5,186442
SWAY_OUTPUT,358,-7,186443
SWAY_OUTPUT,359,-9,186444
SWAY_OUTPUT,360,5,186445
SWAY_OUTPUT,361,127,186446
SWAY_OUTPUT,362,127,186447
SWAY_OUTPUT,363,127,186448
SWAY_OUTPUT,364,127,186449
SWAY_OUTPUT,365,127,186450
SWAY_OUTPUT,366,127,186451
SWAY_OUTPUT,367,124,186452
SWAY_OUTPUT,368,127,186453
SWAY_OUTPUT,369,127,186454
SWAY_OUTPUT,370,126,186455
SWAY_OUTPUT,371,127,186456
SWAY_OUTPUT,372,127,186457
SWAY_OUTPUT,373,127,186458
SWAY_OUTPUT,374,123,186459
SWAY_OUTPUT,375,127,186460
SWAY_OUTPUT,376,126,186461
SWAY_OUTPUT,377,127,186462
SWAY_OUTPUT,378,123,186463
SWAY_OUTPUT,379,127,186464
SWAY_OUTPUT,380,-11,186465
SWAY_OUTPUT,381,10,186466
SWAY_OUTPUT,382,30,186467
SWAY_OUTPUT,383,39,186468
SWAY_OUTPUT,384,23,186469
SWAY_OUTPUT,385,21,186470
SWAY_OUTPUT,386,23,186471
SWAY_OUTPUT,387,22,186472
SWAY_OUTPUT,388,18,186473
SWAY_OUTPUT,389,16,186474
SWAY_OUTPUT,390,-10,186475
SWAY_OUTPUT,391,-29,186476
SWAY_OUTPUT,392,-53,186477
SWAY_OUTPUT,393,-57,186478
SWAY_OUTPUT,394,-10,186479
SWAY_OUTPUT,395,-30,186480
SWAY_OUTPUT,396,-55,186481
SWAY_OUTPUT,397,-59,186482
SWAY_OUTPUT,398,25,186483
SWAY_FRAME,6,186427,186483
SWAY_INPUT_FRAME,9,167019,191890
SWAY_OUTPUT,399,18,211299
SWAY_OUTPUT,400,19,211300
SWAY_OUTPUT,401,20,211301
SWAY_OUTPUT,402,21,211302
SWAY_OUTPUT,403,31,211303
SWAY_OUTPUT,404,41,211304
SWAY_OUTPUT,405,50,211305
SWAY_OUTPUT,406,9,211306
SWAY_OUTPUT,407,-4,211307
SWAY_OUTPUT,408,-16,211308
SWAY_OUTPUT,409,24,211309
SWAY_OUTPUT,410,27,211310
SWAY_OUTPUT,411,25,211311
SWAY_OUTPUT,412,27,211312
SWAY_OUTPUT,413,13,211313
SWAY_OUTPUT,414,5,211314
SWAY_OUTPUT,415,-4,211315
SWAY_OUTPUT,416,-7,211316
SWAY_OUTPUT,417,20,211317
SWAY_OUTPUT,418,125,211318
SWAY_OUTPUT,419,126,211319
SWAY_OUTPUT,420,124,211320
SWAY_OUTPUT,421,125,211321
SWAY_OUTPUT,422,124,211322
SWAY_OUTPUT,423,127,211323
SWAY_OUTPUT,424,124,211324
SWAY_OUTPUT,425,123,211325
SWAY_OUTPUT,426,124,211326
SWAY_OUTPUT,427,122,211327
SWAY_OUTPUT,428,124,211328
SWAY_OUTPUT,429,122,211329
SWAY_OUTPUT,430,126,211330
SWAY_OUTPUT,431,119,211331
SWAY_OUTPUT,432,124,211332
SWAY_OUTPUT,433,125,211333
SWAY_OUTPUT,434,127,211334
SWAY_OUTPUT,435,123,211335
SWAY_OUTPUT,436,125,211336
SWAY_OUTPUT,437,-15,211337
SWAY_OUTPUT,438,6,211338
SWAY_OUTPUT,439,26,211339
SWAY_OUTPUT,440,34,211340
SWAY_OUTPUT,441,17,211341
SWAY_OUTPUT,442,9,211342
SWAY_OUTPUT,443,0,211343
SWAY_OUTPUT,444,18,211344
SWAY_OUTPUT,445,12,211345
SWAY_OUTPUT,446,5,211346
SWAY_OUTPUT,447,-14,211347
SWAY_OUTPUT,448,-33,211348
SWAY_OUTPUT,449,-56,211349
SWAY_OUTPUT,450,-59,211350
SWAY_OUTPUT,451,-13,211351
SWAY_OUTPUT,452,-31,211352
SWAY_OUTPUT,453,-52,211353
SWAY_OUTPUT,454,-55,211354
SWAY_OUTPUT,455,21,211355
SWAY_FRAME,7,211299,211355
SWAY_INPUT_FRAME,10,191891,216762
SWAY_OUTPUT,456,10,236171
SWAY_OUTPUT,457,10,236172
SWAY_OUTPUT,458,10,236173
SWAY_OUTPUT,459,10,236174
SWAY_OUTPUT,460,22,236175
SWAY_OUTPUT,461,32,236176
SWAY_OUTPUT,462,36,236177
SWAY_OUTPUT,463,-2,236178
SWAY_OUTPUT,464,-16,236179
SWAY_OUTPUT,465,-23,236180
SWAY_OUTPUT,466,15,236181
SWAY_OUTPUT,467,19,236182
SWAY_OUTPUT,468,22,236183
SWAY_OUTPUT,469,24,236184
SWAY_OUTPUT,470,5,236185
SWAY_OUTPUT,471,-1,236186
SWAY_OUTPUT,472,-3,236187
SWAY_OUTPUT,473,-5,236188
SWAY_OUTPUT,474,10,236189
SWAY_OUTPUT,475,124,236190
SWAY_OUTPUT,476,124,236191
SWAY_OUTPUT,477,123,236192
SWAY_OUTPUT,478,124,236193
SWAY_OUTPUT,479,123,236194
SWAY_OUTPUT,480,125,236195
SWAY_OUTPUT,481,120,236196
SWAY_OUTPUT,482,123,236197
SWAY_OUTPUT,483,123,236198
SWAY_OUTPUT,484,121,236199
SWAY_OUTPUT,485,122,236200
SWAY_OUTPUT,486,122,236201
SWAY_OUTPUT,487,125,236202
SWAY_OUTPUT,488,117,236203
SWAY_OUTPUT,489,122,236204
SWAY_OUTPUT,490,122,236205
SWAY_OUTPUT,491,125,236206
SWAY_OUTPUT,492,120,236207
SWAY_OUTPUT,493,124,236208
SWAY_OUTPUT,494,-10,236209
SWAY_OUTPUT,495,12,236210
SWAY_OUTPUT,496,32,236211
SWAY_OUTPUT,497,41,236212
SWAY_OUTPUT,498,24,236213
SWAY_OUTPUT,499,17,236214
SWAY_OUTPUT,500,17,236215
SWAY_OUTPUT,501,24,236216
SWAY_OUTPUT,502,22,236217
SWAY_OUTPUT,503,25,236218
SWAY_OUTPUT,504,-9,236219
SWAY_OUTPUT,505,-32,236220
SWAY_OUTPUT,506,-55,236221
SWAY_OUTPUT,507,-59,236222
SWAY_OUTPUT,508,-9,236223
SWAY_OUTPUT,509,-31,236224
SWAY_OUTPUT,510,-54,236225
SWAY_OUTPUT,511,-59,236226
SWAY_OUTPUT,512,27,236227
SWAY_FRAME,8,236171,236227
SWAY_INPUT_FRAME,11,216763,241634
SWAY_OUTPUT,513,47,261043
SWAY_OUTPUT,514,49,261044
SWAY_OUTPUT,515,52,261045
SWAY_OUTPUT,516,51,261046
SWAY_OUTPUT,517,57,261047
SWAY_OUTPUT,518,52,261048
SWAY_OUTPUT,519,71,261049
SWAY_OUTPUT,520,42,261050
SWAY_OUTPUT,521,49,261051
SWAY_OUTPUT,522,7,261052
SWAY_OUTPUT,523,52,261053
SWAY_OUTPUT,524,46,261054
SWAY_OUTPUT,525,34,261055
SWAY_OUTPUT,526,36,261056
SWAY_OUTPUT,527,43,261057
SWAY_OUTPUT,528,49,261058
SWAY_OUTPUT,529,40,261059
SWAY_OUTPUT,530,40,261060
SWAY_OUTPUT,531,51,261061
SWAY_OUTPUT,532,127,261062
SWAY_OUTPUT,533,127,261063
SWAY_OUTPUT,534,127,261064
SWAY_OUTPUT,535,127,261065
SWAY_OUTPUT,536,127,261066
SWAY_OUTPUT,537,127,261067
SWAY_OUTPUT,538,127,261068
SWAY_OUTPUT,539,127,261069
SWAY_OUTPUT,540,127,261070
SWAY_OUTPUT,541,127,261071
SWAY_OUTPUT,542,127,261072
SWAY_OUTPUT,543,127,261073
SWAY_OUTPUT,544,127,261074
SWAY_OUTPUT,545,127,261075
SWAY_OUTPUT,546,127,261076
SWAY_OUTPUT,547,127,261077
SWAY_OUTPUT,548,127,261078
SWAY_OUTPUT,549,127,261079
SWAY_OUTPUT,550,127,261080
SWAY_OUTPUT,551,23,261081
SWAY_OUTPUT,552,58,261082
SWAY_OUTPUT,553,90,261083
SWAY_OUTPUT,554,104,261084
SWAY_OUTPUT,555,64,261085
SWAY_OUTPUT,556,27,261086
SWAY_OUTPUT,557,3,261087
SWAY_OUTPUT,558,69,261088
SWAY_OUTPUT,559,1,261089
SWAY_OUTPUT,560,-45,261090
SWAY_OUTPUT,561,23,261091
SWAY_OUTPUT,562,-36,261092
SWAY_OUTPUT,563,-94,261093
SWAY_OUTPUT,564,-111,261094
SWAY_OUTPUT,565,25,261095
SWAY_OUTPUT,566,-40,261096
SWAY_OUTPUT,567,-84,261097
SWAY_OUTPUT,568,-90,261098
SWAY_OUTPUT,569,81,261099
SWAY_FRAME,9,261043,261099
SWAY_INPUT_FRAME,12,241635,266506
SWAY_OUTPUT,570,0,285915
SWAY_OUTPUT,571,3,285916
SWAY_OUTPUT,572,6,285917
SWAY_OUTPUT,573,8,285918
SWAY_OUTPUT,574,20,285919
SWAY_OUTPUT,575,18,285920
SWAY_OUTPUT,576,-24,285921
SWAY_OUTPUT,577,-6,285922
SWAY_OUTPUT,578,-17,285923
SWAY_OUTPUT,579,14,285924
SWAY_OUTPUT,580,5,285925
SWAY_OUTPUT,581,-2,285926
SWAY_OUTPUT,582,-2,285927
SWAY_OUTPUT,583,-8,285928
SWAY_OUTPUT,584,-4,285929
SWAY_OUTPUT,585,-26,285930
SWAY_OUTPUT,586,-29,285931
SWAY_OUTPUT,587,-35,285932
SWAY_OUTPUT,588,5,285933
SWAY_OUTPUT,589,20,285934
SWAY_OUTPUT,590,19,285935
SWAY_OUTPUT,591,18,285936
SWAY_OUTPUT,592,17,285937
SWAY_OUTPUT,593,30,285938
SWAY_OUTPUT,594,43,285939
SWAY_OUTPUT,595,46,285940
SWAY_OUTPUT,596,17,285941
SWAY_OUTPUT,597,21,285942
SWAY_OUTPUT,598,34,285943
SWAY_OUTPUT,599,20,285944
SWAY_OUTPUT,600,21,285945
SWAY_OUTPUT,601,20,285946
SWAY_OUTPUT,602,0,285947
SWAY_OUTPUT,603,16,285948
SWAY_OUTPUT,604,4,285949
SWAY_OUTPUT,605,27,285950
SWAY_OUTPUT,606,37,285951
SWAY_OUTPUT,607,19,285952
SWAY_OUTPUT,608,-13,285953
SWAY_OUTPUT,609,5,285954
SWAY_OUTPUT,610,23,285955
SWAY_OUTPUT,611,30,285956
SWAY_OUTPUT,612,18,285957
SWAY_OUTPUT,613,13,285958
SWAY_OUTPUT,614,-7,285959
SWAY_OUTPUT,615,12,285960
SWAY_OUTPUT,616,15,285961
SWAY_OUTPUT,617,3,285962
SWAY_OUTPUT,618,-13,285963
SWAY_OUTPUT,619,-36,285964
SWAY_OUTPUT,620,-27,285965
SWAY_OUTPUT,621,-18,285966
SWAY_OUTPUT,622,-12,285967
SWAY_OUTPUT,623,-20,285968
SWAY_OUTPUT,624,-20,285969
SWAY_OUTPUT,625,-28,285970
SWAY_OUTPUT,626,19,285971
SWAY_FRAME,10,285915,285971
SWAY_INPUT_FRAME,13,266507,291378
SWAY_OUTPUT,627,13,310787
SWAY_OUTPUT,628,10,310788
SWAY_OUTPUT,629,10,310789
SWAY_OUTPUT,630,11,310790
SWAY_OUTPUT,631,15,310791
SWAY_OUTPUT,632,30,310792
SWAY_OUTPUT,633,69,310793
SWAY_OUTPUT,634,6,310794
SWAY_OUTPUT,635,4,310795
SWAY_OUTPUT,636,-10,310796
SWAY_OUTPUT,637,18,310797
SWAY_OUTPUT,638,7,310798
SWAY_OUTPUT,639,21,310799
SWAY_OUTPUT,640,29,310800
SWAY_OUTPUT,641,9,310801
SWAY_OUTPUT,642,31,310802
SWAY_OUTPUT,643,35,310803
SWAY_OUTPUT,644,36,310804
SWAY_OUTPUT,645,11,310805
SWAY_OUTPUT,646,127,310806
SWAY_OUTPUT,647,127,310807
SWAY_OUTPUT,648,127,310808
SWAY_OUTPUT,649,127,310809
SWAY_OUTPUT,650,127,310810
SWAY_OUTPUT,651,127,310811
SWAY_OUTPUT,652,127,310812
SWAY_OUTPUT,653,127,310813
SWAY_OUTPUT,654,127,310814
SWAY_OUTPUT,655,127,310815
SWAY_OUTPUT,656,127,310816
SWAY_OUTPUT,657,127,310817
SWAY_OUTPUT,658,127,310818
SWAY_OUTPUT,659,127,310819
SWAY_OUTPUT,660,127,310820
SWAY_OUTPUT,661,127,310821
SWAY_OUTPUT,662,127,310822
SWAY_OUTPUT,663,127,310823
SWAY_OUTPUT,664,127,310824
SWAY_OUTPUT,665,-30,310825
SWAY_OUTPUT,666,-12,310826
SWAY_OUTPUT,667,5,310827
SWAY_OUTPUT,668,10,310828
SWAY_OUTPUT,669,1,310829
SWAY_OUTPUT,670,6,310830
SWAY_OUTPUT,671,2,310831
SWAY_OUTPUT,672,-2,310832
SWAY_OUTPUT,673,-20,310833
SWAY_OUTPUT,674,-51,310834
SWAY_OUTPUT,675,-29,310835
SWAY_OUTPUT,676,-40,310836
SWAY_OUTPUT,677,-68,310837
SWAY_OUTPUT,678,-73,310838
SWAY_OUTPUT,679,-29,310839
SWAY_OUTPUT,680,-37,310840
SWAY_OUTPUT,681,-61,310841
SWAY_OUTPUT,682,-70,310842
SWAY_OUTPUT,683,0,310843
SWAY_FRAME,11,310787,310843
SWAY_OUTPUT,684,13,335659
SWAY_OUTPUT,685,13,335660
SWAY_OUTPUT,686,13,335661
SWAY_OUTPUT,687,13,335662
SWAY_OUTPUT,688,25,335663
SWAY_OUTPUT,689,36,335664
SWAY_OUTPUT,690,45,335665
SWAY_OUTPUT,691,2,335666
SWAY_OUTPUT,692,-6,335667
SWAY_OUTPUT,693,-12,335668
SWAY_OUTPUT,694,18,335669
SWAY_OUTPUT,695,21,335670
SWAY_OUTPUT,696,22,335671
SWAY_OUTPUT,697,23,335672
SWAY_OUTPUT,698,8,335673
SWAY_OUTPUT,699,2,335674
SWAY_OUTPUT,700,-2,335675
SWAY_OUTPUT,701,-4,335676
SWAY_OUTPUT,702,13,335677
SWAY_OUTPUT,703,126,335678
SWAY_OUTPUT,704,127,335679
SWAY_OUTPUT,705,125,335680
SWAY_OUTPUT,706,126,335681
SWAY_OUTPUT,707,126,335682
SWAY_OUTPUT,708,127,335683
SWAY_OUTPUT,709,126,335684
SWAY_OUTPUT,710,124,335685
SWAY_OUTPUT,711,124,335686
SWAY_OUTPUT,712,121,335687
SWAY_OUTPUT,713,125,335688
SWAY_OUTPUT,714,124,335689
SWAY_OUTPUT,715,127,335690
SWAY_OUTPUT,716,120,335691
SWAY_OUTPUT,717,124,335692
SWAY_OUTPUT,718,125,335693
SWAY_OUTPUT,719,127,335694
SWAY_OUTPUT,720,123,335695
SWAY_OUTPUT,721,127,335696
SWAY_OUTPUT,722,-15,335697
SWAY_OUTPUT,723,6,335698
SWAY_OUTPUT,724,25,335699
SWAY_OUTPUT,725,34,335700
SWAY_OUTPUT,726,18,335701
SWAY_OUTPUT,727,12,335702
SWAY_OUTPUT,728,7,335703
SWAY_OUTPUT,729,17,335704
SWAY_OUTPUT,730,6,335705
SWAY_OUTPUT,731,-5,335706
SWAY_OUTPUT,732,-14,335707
SWAY_OUTPUT,733,-33,335708
SWAY_OUTPUT,734,-56,335709
SWAY_OUTPUT,735,-58,335710
SWAY_OUTPUT,736,-14,335711
SWAY_OUTPUT,737,-32,335712
SWAY_OUTPUT,738,-54,335713
SWAY_OUTPUT,739,-58,335714
SWAY_OUTPUT,740,20,335715
SWAY_FRAME,12,335659,335715
SWAY_OUTPUT,741,13,360531
SWAY_OUTPUT,742,13,360532
SWAY_OUTPUT,743,13,360533
SWAY_OUTPUT,744,13,360534
SWAY_OUTPUT,745,25,360535
SWAY_OUTPUT,746,36,360536
SWAY_OUTPUT,747,45,360537
SWAY_OUTPUT,748,2,360538
SWAY_OUTPUT,749,-6,360539
SWAY_OUTPUT,750,-12,360540
SWAY_OUTPUT,751,18,360541
SWAY_OUTPUT,752,21,360542
SWAY_OUTPUT,753,22,360543
SWAY_OUTPUT,754,23,360544
SWAY_OUTPUT,755,8,360545
SWAY_OUTPUT,756,2,360546
SWAY_OUTPUT,757,-2,360547
SWAY_OUTPUT,758,-4,360548
SWAY_OUTPUT,759,13,360549
SWAY_OUTPUT,760,126,360550
SWAY_OUTPUT,761,127,360551
SWAY_OUTPUT,762,125,360552
SWAY_OUTPUT,763,126,360553
SWAY_OUTPUT,764,126,360554
SWAY_OUTPUT,765,127,360555
SWAY_OUTPUT,766,126,360556
SWAY_OUTPUT,767,124,360557
SWAY_OUTPUT,768,124,360558
SWAY_OUTPUT,769,121,360559
SWAY_OUTPUT,770,125,360560
SWAY_OUTPUT,771,124,360561
SWAY_OUTPUT,772,127,360562
SWAY_OUTPUT,773,120,360563
SWAY_OUTPUT,774,124,360564
SWAY_OUTPUT,775,125,360565
SWAY_OUTPUT,776,127,360566
SWAY_OUTPUT,777,123,360567
SWAY_OUTPUT,778,127,360568
SWAY_OUTPUT,779,-15,360569
SWAY_OUTPUT,780,6,360570
SWAY_OUTPUT,781,25,360571
SWAY_OUTPUT,782,34,360572
SWAY_OUTPUT,783,18,360573
SWAY_OUTPUT,784,12,360574
SWAY_OUTPUT,785,7,360575
SWAY_OUTPUT,786,17,360576
SWAY_OUTPUT,787,6,360577
SWAY_OUTPUT,788,-5,360578
SWAY_OUTPUT,789,-14,360579
SWAY_OUTPUT,790,-33,360580
SWAY_OUTPUT,791,-56,360581
SWAY_OUTPUT,792,-58,360582
SWAY_OUTPUT,793,-14,360583
SWAY_OUTPUT,794,-32,360584
SWAY_OUTPUT,795,-54,360585
SWAY_OUTPUT,796,-58,360586
SWAY_OUTPUT,797,20,360587
SWAY_FRAME,13,360531,360587
SWAY_PASS frames=14 outputs=798 cycles=362636 drain_cycles=2048
