checking package dependencies
compiling bsv/SwayTypes.bsv
compiling generated/GeneratedTestConfig.bsv
compiling generated/SwayParameters.bsv
compiling bsv/SwayMultiply.bsv
compiling bsv/SwayLinear.bsv
compiling bsv/SwayNorm.bsv
compiling bsv/SwayScan.bsv
compiling bsv/SwayBlock.bsv
compiling bsv/SwayBaseline.bsv
compiling sim/TbSwayKernel.bsv
code generation for mkTbSwayKernel starts
Warning: "Prelude.bs", line 586, column 27: (G0024)
  The function unfolding steps interval has been exceeded when unfolding
  `Prelude.PrimIndex~Prelude.Integer~32'. The current number of steps is
  100000. Next warning at 200000 steps. Elaboration terminates at 1000000
  steps.
  During elaboration of the body of rule `process4_2' at "bsv/SwayBlock.bsv",
  line 200, column 14.
  During elaboration of `block0' at "bsv/SwayBaseline.bsv", line 25, column
  18.
  During elaboration of `dut' at "sim/TbSwayKernel.bsv", line 15, column 17.
  During elaboration of `mkTbSwayKernel' at "sim/TbSwayKernel.bsv", line 9,
  column 8.
Warning: "Prelude.bs", line 1335, column 9: (G0024)
  The function unfolding steps interval has been exceeded when unfolding
  `Prelude.Ord~Prelude.Integer'. The current number of steps is 200000. Next
  warning at 300000 steps. Elaboration terminates at 1000000 steps.
  During elaboration of the body of rule `process2' at "bsv/SwayScan.bsv",
  line 283, column 14.
  During elaboration of `scan' at "bsv/SwayBlock.bsv", line 107, column 17.
  During elaboration of `block1' at "bsv/SwayBaseline.bsv", line 26, column
  18.
  During elaboration of `dut' at "sim/TbSwayKernel.bsv", line 15, column 17.
  During elaboration of `mkTbSwayKernel' at "sim/TbSwayKernel.bsv", line 9,
  column 8.
Warning: "Array.bsv", line 208, column 23: (G0024)
  The function unfolding steps interval has been exceeded when unfolding
  `primExtract'. The current number of steps is 300000. Next warning at 400000
  steps. Elaboration terminates at 1000000 steps.
  During elaboration of the body of rule `process2' at "bsv/SwayLinear.bsv",
  line 83, column 14.
  During elaboration of `engine' at "bsv/SwayLinear.bsv", line 261, column 13.
  During elaboration of `headHidden' at "bsv/SwayBaseline.bsv", line 27,
  column 44.
  During elaboration of `dut' at "sim/TbSwayKernel.bsv", line 15, column 17.
  During elaboration of `mkTbSwayKernel' at "sim/TbSwayKernel.bsv", line 9,
  column 8.
Warning: "Prelude.bs", line 2862, column 0: (G0024)
  The function unfolding steps interval has been exceeded when unfolding
  `areStaticBits'. The current number of steps is 400000. Next warning at
  500000 steps. Elaboration terminates at 1000000 steps.
  During elaboration of the body of rule `process6' at "bsv/SwayBaseline.bsv",
  line 128, column 14.
  During elaboration of `dut' at "sim/TbSwayKernel.bsv", line 15, column 17.
  During elaboration of `mkTbSwayKernel' at "sim/TbSwayKernel.bsv", line 9,
  column 8.
Schedule dump file created: /workspace/scratch/58b69de06207/lut-warm-replicas/snapshot/build/mkTbSwayKernel.sched
Verilog file created: /workspace/scratch/58b69de06207/lut-warm-replicas/snapshot/build/mkTbSwayKernel.v
All packages are up to date.
