SWAY_INPUT_FRAME,0,0,319
SWAY_INPUT_FRAME,1,320,639
SWAY_INPUT_FRAME,2,640,13044
SWAY_INPUT_FRAME,3,13045,31636
SWAY_OUTPUT,0,13,35384
SWAY_OUTPUT,1,13,35385
SWAY_OUTPUT,2,13,35386
SWAY_OUTPUT,3,13,35387
SWAY_OUTPUT,4,25,35388
SWAY_OUTPUT,5,36,35389
SWAY_OUTPUT,6,45,35390
SWAY_OUTPUT,7,2,35391
SWAY_OUTPUT,8,-6,35392
SWAY_OUTPUT,9,-12,35393
SWAY_OUTPUT,10,18,35394
SWAY_OUTPUT,11,21,35395
SWAY_OUTPUT,12,22,35396
SWAY_OUTPUT,13,23,35397
SWAY_OUTPUT,14,8,35398
SWAY_OUTPUT,15,2,35399
SWAY_OUTPUT,16,-2,35400
SWAY_OUTPUT,17,-4,35401
SWAY_OUTPUT,18,13,35402
SWAY_OUTPUT,19,126,35403
SWAY_OUTPUT,20,127,35404
SWAY_OUTPUT,21,125,35405
SWAY_OUTPUT,22,126,35406
SWAY_OUTPUT,23,126,35407
SWAY_OUTPUT,24,127,35408
SWAY_OUTPUT,25,126,35409
SWAY_OUTPUT,26,124,35410
SWAY_OUTPUT,27,124,35411
SWAY_OUTPUT,28,121,35412
SWAY_OUTPUT,29,125,35413
SWAY_OUTPUT,30,124,35414
SWAY_OUTPUT,31,127,35415
SWAY_OUTPUT,32,120,35416
SWAY_OUTPUT,33,124,35417
SWAY_OUTPUT,34,125,35418
SWAY_OUTPUT,35,127,35419
SWAY_OUTPUT,36,123,35420
SWAY_OUTPUT,37,127,35421
SWAY_OUTPUT,38,-15,35422
SWAY_OUTPUT,39,6,35423
SWAY_OUTPUT,40,25,35424
SWAY_OUTPUT,41,34,35425
SWAY_OUTPUT,42,18,35426
SWAY_OUTPUT,43,12,35427
SWAY_OUTPUT,44,7,35428
SWAY_OUTPUT,45,17,35429
SWAY_OUTPUT,46,6,35430
SWAY_OUTPUT,47,-5,35431
SWAY_OUTPUT,48,-14,35432
SWAY_OUTPUT,49,-33,35433
SWAY_OUTPUT,50,-56,35434
SWAY_OUTPUT,51,-58,35435
SWAY_OUTPUT,52,-14,35436
SWAY_OUTPUT,53,-32,35437
SWAY_OUTPUT,54,-54,35438
SWAY_OUTPUT,55,-58,35439
SWAY_OUTPUT,56,20,35440
SWAY_FRAME,0,35384,35440
RESET_TEST_BEFORE sent=1312 received=57 cycles=40000
RESET_TEST_COUNTERS_CLEAR
RESET_TEST_RESTART
SWAY_INPUT_FRAME,0,0,319
SWAY_INPUT_FRAME,1,320,639
SWAY_INPUT_FRAME,2,640,13044
SWAY_INPUT_FRAME,3,13045,31636
SWAY_OUTPUT,0,13,35384
SWAY_OUTPUT,1,13,35385
SWAY_OUTPUT,2,13,35386
SWAY_OUTPUT,3,13,35387
SWAY_OUTPUT,4,25,35388
SWAY_OUTPUT,5,36,35389
SWAY_OUTPUT,6,45,35390
SWAY_OUTPUT,7,2,35391
SWAY_OUTPUT,8,-6,35392
SWAY_OUTPUT,9,-12,35393
SWAY_OUTPUT,10,18,35394
SWAY_OUTPUT,11,21,35395
SWAY_OUTPUT,12,22,35396
SWAY_OUTPUT,13,23,35397
SWAY_OUTPUT,14,8,35398
SWAY_OUTPUT,15,2,35399
SWAY_OUTPUT,16,-2,35400
SWAY_OUTPUT,17,-4,35401
SWAY_OUTPUT,18,13,35402
SWAY_OUTPUT,19,126,35403
SWAY_OUTPUT,20,127,35404
SWAY_OUTPUT,21,125,35405
SWAY_OUTPUT,22,126,35406
SWAY_OUTPUT,23,126,35407
SWAY_OUTPUT,24,127,35408
SWAY_OUTPUT,25,126,35409
SWAY_OUTPUT,26,124,35410
SWAY_OUTPUT,27,124,35411
SWAY_OUTPUT,28,121,35412
SWAY_OUTPUT,29,125,35413
SWAY_OUTPUT,30,124,35414
SWAY_OUTPUT,31,127,35415
SWAY_OUTPUT,32,120,35416
SWAY_OUTPUT,33,124,35417
SWAY_OUTPUT,34,125,35418
SWAY_OUTPUT,35,127,35419
SWAY_OUTPUT,36,123,35420
SWAY_OUTPUT,37,127,35421
SWAY_OUTPUT,38,-15,35422
SWAY_OUTPUT,39,6,35423
SWAY_OUTPUT,40,25,35424
SWAY_OUTPUT,41,34,35425
SWAY_OUTPUT,42,18,35426
SWAY_OUTPUT,43,12,35427
SWAY_OUTPUT,44,7,35428
SWAY_OUTPUT,45,17,35429
SWAY_OUTPUT,46,6,35430
SWAY_OUTPUT,47,-5,35431
SWAY_OUTPUT,48,-14,35432
SWAY_OUTPUT,49,-33,35433
SWAY_OUTPUT,50,-56,35434
SWAY_OUTPUT,51,-58,35435
SWAY_OUTPUT,52,-14,35436
SWAY_OUTPUT,53,-32,35437
SWAY_OUTPUT,54,-54,35438
SWAY_OUTPUT,55,-58,35439
SWAY_OUTPUT,56,20,35440
SWAY_FRAME,0,35384,35440
SWAY_INPUT_FRAME,4,31637,50228
SWAY_OUTPUT,57,11,53976
SWAY_OUTPUT,58,11,53977
SWAY_OUTPUT,59,11,53978
SWAY_OUTPUT,60,11,53979
SWAY_OUTPUT,61,23,53980
SWAY_OUTPUT,62,32,53981
SWAY_OUTPUT,63,40,53982
SWAY_OUTPUT,64,-1,53983
SWAY_OUTPUT,65,-9,53984
SWAY_OUTPUT,66,-16,53985
SWAY_OUTPUT,67,16,53986
SWAY_OUTPUT,68,20,53987
SWAY_OUTPUT,69,22,53988
SWAY_OUTPUT,70,24,53989
SWAY_OUTPUT,71,6,53990
SWAY_OUTPUT,72,1,53991
SWAY_OUTPUT,73,-3,53992
SWAY_OUTPUT,74,-5,53993
SWAY_OUTPUT,75,11,53994
SWAY_OUTPUT,76,126,53995
SWAY_OUTPUT,77,127,53996
SWAY_OUTPUT,78,126,53997
SWAY_OUTPUT,79,126,53998
SWAY_OUTPUT,80,126,53999
SWAY_OUTPUT,81,127,54000
SWAY_OUTPUT,82,125,54001
SWAY_OUTPUT,83,124,54002
SWAY_OUTPUT,84,125,54003
SWAY_OUTPUT,85,123,54004
SWAY_OUTPUT,86,124,54005
SWAY_OUTPUT,87,125,54006
SWAY_OUTPUT,88,126,54007
SWAY_OUTPUT,89,119,54008
SWAY_OUTPUT,90,124,54009
SWAY_OUTPUT,91,126,54010
SWAY_OUTPUT,92,127,54011
SWAY_OUTPUT,93,124,54012
SWAY_OUTPUT,94,127,54013
SWAY_OUTPUT,95,-10,54014
SWAY_OUTPUT,96,12,54015
SWAY_OUTPUT,97,32,54016
SWAY_OUTPUT,98,41,54017
SWAY_OUTPUT,99,24,54018
SWAY_OUTPUT,100,15,54019
SWAY_OUTPUT,101,7,54020
SWAY_OUTPUT,102,23,54021
SWAY_OUTPUT,103,13,54022
SWAY_OUTPUT,104,3,54023
SWAY_OUTPUT,105,-9,54024
SWAY_OUTPUT,106,-31,54025
SWAY_OUTPUT,107,-54,54026
SWAY_OUTPUT,108,-58,54027
SWAY_OUTPUT,109,-9,54028
SWAY_OUTPUT,110,-30,54029
SWAY_OUTPUT,111,-53,54030
SWAY_OUTPUT,112,-57,54031
SWAY_OUTPUT,113,27,54032
SWAY_FRAME,1,53976,54032
SWAY_INPUT_FRAME,5,50229,68820
SWAY_OUTPUT,114,10,72568
SWAY_OUTPUT,115,10,72569
SWAY_OUTPUT,116,10,72570
SWAY_OUTPUT,117,10,72571
SWAY_OUTPUT,118,21,72572
SWAY_OUTPUT,119,29,72573
SWAY_OUTPUT,120,38,72574
SWAY_OUTPUT,121,-1,72575
SWAY_OUTPUT,122,-8,72576
SWAY_OUTPUT,123,-15,72577
SWAY_OUTPUT,124,16,72578
SWAY_OUTPUT,125,18,72579
SWAY_OUTPUT,126,19,72580
SWAY_OUTPUT,127,20,72581
SWAY_OUTPUT,128,6,72582
SWAY_OUTPUT,129,3,72583
SWAY_OUTPUT,130,2,72584
SWAY_OUTPUT,131,1,72585
SWAY_OUTPUT,132,10,72586
SWAY_OUTPUT,133,127,72587
SWAY_OUTPUT,134,127,72588
SWAY_OUTPUT,135,127,72589
SWAY_OUTPUT,136,127,72590
SWAY_OUTPUT,137,127,72591
SWAY_OUTPUT,138,127,72592
SWAY_OUTPUT,139,127,72593
SWAY_OUTPUT,140,127,72594
SWAY_OUTPUT,141,127,72595
SWAY_OUTPUT,142,125,72596
SWAY_OUTPUT,143,127,72597
SWAY_OUTPUT,144,127,72598
SWAY_OUTPUT,145,127,72599
SWAY_OUTPUT,146,124,72600
SWAY_OUTPUT,147,127,72601
SWAY_OUTPUT,148,127,72602
SWAY_OUTPUT,149,127,72603
SWAY_OUTPUT,150,125,72604
SWAY_OUTPUT,151,127,72605
SWAY_OUTPUT,152,-18,72606
SWAY_OUTPUT,153,2,72607
SWAY_OUTPUT,154,22,72608
SWAY_OUTPUT,155,30,72609
SWAY_OUTPUT,156,14,72610
SWAY_OUTPUT,157,5,72611
SWAY_OUTPUT,158,-5,72612
SWAY_OUTPUT,159,14,72613
SWAY_OUTPUT,160,2,72614
SWAY_OUTPUT,161,-10,72615
SWAY_OUTPUT,162,-17,72616
SWAY_OUTPUT,163,-34,72617
SWAY_OUTPUT,164,-57,72618
SWAY_OUTPUT,165,-60,72619
SWAY_OUTPUT,166,-17,72620
SWAY_OUTPUT,167,-34,72621
SWAY_OUTPUT,168,-56,72622
SWAY_OUTPUT,169,-60,72623
SWAY_OUTPUT,170,17,72624
SWAY_FRAME,2,72568,72624
SWAY_INPUT_FRAME,6,68821,87412
SWAY_OUTPUT,171,11,91160
SWAY_OUTPUT,172,10,91161
SWAY_OUTPUT,173,10,91162
SWAY_OUTPUT,174,10,91163
SWAY_OUTPUT,175,22,91164
SWAY_OUTPUT,176,32,91165
SWAY_OUTPUT,177,39,91166
SWAY_OUTPUT,178,-2,91167
SWAY_OUTPUT,179,-11,91168
SWAY_OUTPUT,180,-15,91169
SWAY_OUTPUT,181,16,91170
SWAY_OUTPUT,182,20,91171
SWAY_OUTPUT,183,22,91172
SWAY_OUTPUT,184,24,91173
SWAY_OUTPUT,185,6,91174
SWAY_OUTPUT,186,3,91175
SWAY_OUTPUT,187,2,91176
SWAY_OUTPUT,188,0,91177
SWAY_OUTPUT,189,10,91178
SWAY_OUTPUT,190,125,91179
SWAY_OUTPUT,191,126,91180
SWAY_OUTPUT,192,126,91181
SWAY_OUTPUT,193,127,91182
SWAY_OUTPUT,194,127,91183
SWAY_OUTPUT,195,127,91184
SWAY_OUTPUT,196,125,91185
SWAY_OUTPUT,197,125,91186
SWAY_OUTPUT,198,125,91187
SWAY_OUTPUT,199,122,91188
SWAY_OUTPUT,200,123,91189
SWAY_OUTPUT,201,126,91190
SWAY_OUTPUT,202,126,91191
SWAY_OUTPUT,203,119,91192
SWAY_OUTPUT,204,123,91193
SWAY_OUTPUT,205,126,91194
SWAY_OUTPUT,206,127,91195
SWAY_OUTPUT,207,123,91196
SWAY_OUTPUT,208,127,91197
SWAY_OUTPUT,209,-7,91198
SWAY_OUTPUT,210,15,91199
SWAY_OUTPUT,211,36,91200
SWAY_OUTPUT,212,45,91201
SWAY_OUTPUT,213,28,91202
SWAY_OUTPUT,214,21,91203
SWAY_OUTPUT,215,16,91204
SWAY_OUTPUT,216,27,91205
SWAY_OUTPUT,217,18,91206
SWAY_OUTPUT,218,10,91207
SWAY_OUTPUT,219,-6,91208
SWAY_OUTPUT,220,-31,91209
SWAY_OUTPUT,221,-54,91210
SWAY_OUTPUT,222,-58,91211
SWAY_OUTPUT,223,-6,91212
SWAY_OUTPUT,224,-31,91213
SWAY_OUTPUT,225,-55,91214
SWAY_OUTPUT,226,-60,91215
SWAY_OUTPUT,227,31,91216
SWAY_FRAME,3,91160,91216
SWAY_INPUT_FRAME,7,87413,106004
SWAY_OUTPUT,228,12,109752
SWAY_OUTPUT,229,14,109753
SWAY_OUTPUT,230,16,109754
SWAY_OUTPUT,231,14,109755
SWAY_OUTPUT,232,26,109756
SWAY_OUTPUT,233,38,109757
SWAY_OUTPUT,234,48,109758
SWAY_OUTPUT,235,3,109759
SWAY_OUTPUT,236,-12,109760
SWAY_OUTPUT,237,-28,109761
SWAY_OUTPUT,238,18,109762
SWAY_OUTPUT,239,21,109763
SWAY_OUTPUT,240,23,109764
SWAY_OUTPUT,241,24,109765
SWAY_OUTPUT,242,8,109766
SWAY_OUTPUT,243,-5,109767
SWAY_OUTPUT,244,-15,109768
SWAY_OUTPUT,245,-18,109769
SWAY_OUTPUT,246,15,109770
SWAY_OUTPUT,247,127,109771
SWAY_OUTPUT,248,127,109772
SWAY_OUTPUT,249,126,109773
SWAY_OUTPUT,250,127,109774
SWAY_OUTPUT,251,124,109775
SWAY_OUTPUT,252,123,109776
SWAY_OUTPUT,253,120,109777
SWAY_OUTPUT,254,127,109778
SWAY_OUTPUT,255,127,109779
SWAY_OUTPUT,256,127,109780
SWAY_OUTPUT,257,127,109781
SWAY_OUTPUT,258,127,109782
SWAY_OUTPUT,259,127,109783
SWAY_OUTPUT,260,127,109784
SWAY_OUTPUT,261,127,109785
SWAY_OUTPUT,262,124,109786
SWAY_OUTPUT,263,124,109787
SWAY_OUTPUT,264,118,109788
SWAY_OUTPUT,265,127,109789
SWAY_OUTPUT,266,-12,109790
SWAY_OUTPUT,267,9,109791
SWAY_OUTPUT,268,29,109792
SWAY_OUTPUT,269,38,109793
SWAY_OUTPUT,270,20,109794
SWAY_OUTPUT,271,14,109795
SWAY_OUTPUT,272,9,109796
SWAY_OUTPUT,273,22,109797
SWAY_OUTPUT,274,20,109798
SWAY_OUTPUT,275,19,109799
SWAY_OUTPUT,276,-12,109800
SWAY_OUTPUT,277,-32,109801
SWAY_OUTPUT,278,-57,109802
SWAY_OUTPUT,279,-60,109803
SWAY_OUTPUT,280,-10,109804
SWAY_OUTPUT,281,-27,109805
SWAY_OUTPUT,282,-50,109806
SWAY_OUTPUT,283,-53,109807
SWAY_OUTPUT,284,24,109808
SWAY_FRAME,4,109752,109808
SWAY_INPUT_FRAME,8,106005,124596
SWAY_OUTPUT,285,8,128344
SWAY_OUTPUT,286,7,128345
SWAY_OUTPUT,287,7,128346
SWAY_OUTPUT,288,7,128347
SWAY_OUTPUT,289,19,128348
SWAY_OUTPUT,290,33,128349
SWAY_OUTPUT,291,40,128350
SWAY_OUTPUT,292,-5,128351
SWAY_OUTPUT,293,-16,128352
SWAY_OUTPUT,294,-21,128353
SWAY_OUTPUT,295,13,128354
SWAY_OUTPUT,296,19,128355
SWAY_OUTPUT,297,24,128356
SWAY_OUTPUT,298,26,128357
SWAY_OUTPUT,299,3,128358
SWAY_OUTPUT,300,-2,128359
SWAY_OUTPUT,301,-4,128360
SWAY_OUTPUT,302,-6,128361
SWAY_OUTPUT,303,8,128362
SWAY_OUTPUT,304,124,128363
SWAY_OUTPUT,305,125,128364
SWAY_OUTPUT,306,124,128365
SWAY_OUTPUT,307,125,128366
SWAY_OUTPUT,308,124,128367
SWAY_OUTPUT,309,126,128368
SWAY_OUTPUT,310,122,128369
SWAY_OUTPUT,311,123,128370
SWAY_OUTPUT,312,124,128371
SWAY_OUTPUT,313,121,128372
SWAY_OUTPUT,314,122,128373
SWAY_OUTPUT,315,123,128374
SWAY_OUTPUT,316,125,128375
SWAY_OUTPUT,317,117,128376
SWAY_OUTPUT,318,122,128377
SWAY_OUTPUT,319,122,128378
SWAY_OUTPUT,320,126,128379
SWAY_OUTPUT,321,121,128380
SWAY_OUTPUT,322,125,128381
SWAY_OUTPUT,323,-10,128382
SWAY_OUTPUT,324,12,128383
SWAY_OUTPUT,325,32,128384
SWAY_OUTPUT,326,41,128385
SWAY_OUTPUT,327,24,128386
SWAY_OUTPUT,328,22,128387
SWAY_OUTPUT,329,26,128388
SWAY_OUTPUT,330,23,128389
SWAY_OUTPUT,331,18,128390
SWAY_OUTPUT,332,17,128391
SWAY_OUTPUT,333,-9,128392
SWAY_OUTPUT,334,-31,128393
SWAY_OUTPUT,335,-54,128394
SWAY_OUTPUT,336,-57,128395
SWAY_OUTPUT,337,-9,128396
SWAY_OUTPUT,338,-30,128397
SWAY_OUTPUT,339,-54,128398
SWAY_OUTPUT,340,-58,128399
SWAY_OUTPUT,341,27,128400
SWAY_FRAME,5,128344,128400
SWAY_INPUT_FRAME,9,124597,143188
SWAY_OUTPUT,342,7,146936
SWAY_OUTPUT,343,6,146937
SWAY_OUTPUT,344,5,146938
SWAY_OUTPUT,345,4,146939
SWAY_OUTPUT,346,17,146940
SWAY_OUTPUT,347,32,146941
SWAY_OUTPUT,348,42,146942
SWAY_OUTPUT,349,-7,146943
SWAY_OUTPUT,350,-20,146944
SWAY_OUTPUT,351,-29,146945
SWAY_OUTPUT,352,12,146946
SWAY_OUTPUT,353,21,146947
SWAY_OUTPUT,354,29,146948
SWAY_OUTPUT,355,32,146949
SWAY_OUTPUT,356,2,146950
SWAY_OUTPUT,357,-5,146951
SWAY_OUTPUT,358,-7,146952
SWAY_OUTPUT,359,-9,146953
SWAY_OUTPUT,360,5,146954
SWAY_OUTPUT,361,127,146955
SWAY_OUTPUT,362,127,146956
SWAY_OUTPUT,363,127,146957
SWAY_OUTPUT,364,127,146958
SWAY_OUTPUT,365,127,146959
SWAY_OUTPUT,366,127,146960
SWAY_OUTPUT,367,124,146961
SWAY_OUTPUT,368,127,146962
SWAY_OUTPUT,369,127,146963
SWAY_OUTPUT,370,126,146964
SWAY_OUTPUT,371,127,146965
SWAY_OUTPUT,372,127,146966
SWAY_OUTPUT,373,127,146967
SWAY_OUTPUT,374,123,146968
SWAY_OUTPUT,375,127,146969
SWAY_OUTPUT,376,126,146970
SWAY_OUTPUT,377,127,146971
SWAY_OUTPUT,378,123,146972
SWAY_OUTPUT,379,127,146973
SWAY_OUTPUT,380,-11,146974
SWAY_OUTPUT,381,10,146975
SWAY_OUTPUT,382,30,146976
SWAY_OUTPUT,383,39,146977
SWAY_OUTPUT,384,23,146978
SWAY_OUTPUT,385,21,146979
SWAY_OUTPUT,386,23,146980
SWAY_OUTPUT,387,22,146981
SWAY_OUTPUT,388,18,146982
SWAY_OUTPUT,389,16,146983
SWAY_OUTPUT,390,-10,146984
SWAY_OUTPUT,391,-29,146985
SWAY_OUTPUT,392,-53,146986
SWAY_OUTPUT,393,-57,146987
SWAY_OUTPUT,394,-10,146988
SWAY_OUTPUT,395,-30,146989
SWAY_OUTPUT,396,-55,146990
SWAY_OUTPUT,397,-59,146991
SWAY_OUTPUT,398,25,146992
SWAY_FRAME,6,146936,146992
SWAY_INPUT_FRAME,10,143189,161780
SWAY_OUTPUT,399,18,165528
SWAY_OUTPUT,400,19,165529
SWAY_OUTPUT,401,20,165530
SWAY_OUTPUT,402,21,165531
SWAY_OUTPUT,403,31,165532
SWAY_OUTPUT,404,41,165533
SWAY_OUTPUT,405,50,165534
SWAY_OUTPUT,406,9,165535
SWAY_OUTPUT,407,-4,165536
SWAY_OUTPUT,408,-16,165537
SWAY_OUTPUT,409,24,165538
SWAY_OUTPUT,410,27,165539
SWAY_OUTPUT,411,25,165540
SWAY_OUTPUT,412,27,165541
SWAY_OUTPUT,413,13,165542
SWAY_OUTPUT,414,5,165543
SWAY_OUTPUT,415,-4,165544
SWAY_OUTPUT,416,-7,165545
SWAY_OUTPUT,417,20,165546
SWAY_OUTPUT,418,125,165547
SWAY_OUTPUT,419,126,165548
SWAY_OUTPUT,420,124,165549
SWAY_OUTPUT,421,125,165550
SWAY_OUTPUT,422,124,165551
SWAY_OUTPUT,423,127,165552
SWAY_OUTPUT,424,124,165553
SWAY_OUTPUT,425,123,165554
SWAY_OUTPUT,426,124,165555
SWAY_OUTPUT,427,122,165556
SWAY_OUTPUT,428,124,165557
SWAY_OUTPUT,429,122,165558
SWAY_OUTPUT,430,126,165559
SWAY_OUTPUT,431,119,165560
SWAY_OUTPUT,432,124,165561
SWAY_OUTPUT,433,125,165562
SWAY_OUTPUT,434,127,165563
SWAY_OUTPUT,435,123,165564
SWAY_OUTPUT,436,125,165565
SWAY_OUTPUT,437,-15,165566
SWAY_OUTPUT,438,6,165567
SWAY_OUTPUT,439,26,165568
SWAY_OUTPUT,440,34,165569
SWAY_OUTPUT,441,17,165570
SWAY_OUTPUT,442,9,165571
SWAY_OUTPUT,443,0,165572
SWAY_OUTPUT,444,18,165573
SWAY_OUTPUT,445,12,165574
SWAY_OUTPUT,446,5,165575
SWAY_OUTPUT,447,-14,165576
SWAY_OUTPUT,448,-33,165577
SWAY_OUTPUT,449,-56,165578
SWAY_OUTPUT,450,-59,165579
SWAY_OUTPUT,451,-13,165580
SWAY_OUTPUT,452,-31,165581
SWAY_OUTPUT,453,-52,165582
SWAY_OUTPUT,454,-55,165583
SWAY_OUTPUT,455,21,165584
SWAY_FRAME,7,165528,165584
SWAY_INPUT_FRAME,11,161781,180372
SWAY_OUTPUT,456,10,184120
SWAY_OUTPUT,457,10,184121
SWAY_OUTPUT,458,10,184122
SWAY_OUTPUT,459,10,184123
SWAY_OUTPUT,460,22,184124
SWAY_OUTPUT,461,32,184125
SWAY_OUTPUT,462,36,184126
SWAY_OUTPUT,463,-2,184127
SWAY_OUTPUT,464,-16,184128
SWAY_OUTPUT,465,-23,184129
SWAY_OUTPUT,466,15,184130
SWAY_OUTPUT,467,19,184131
SWAY_OUTPUT,468,22,184132
SWAY_OUTPUT,469,24,184133
SWAY_OUTPUT,470,5,184134
SWAY_OUTPUT,471,-1,184135
SWAY_OUTPUT,472,-3,184136
SWAY_OUTPUT,473,-5,184137
SWAY_OUTPUT,474,10,184138
SWAY_OUTPUT,475,124,184139
SWAY_OUTPUT,476,124,184140
SWAY_OUTPUT,477,123,184141
SWAY_OUTPUT,478,124,184142
SWAY_OUTPUT,479,123,184143
SWAY_OUTPUT,480,125,184144
SWAY_OUTPUT,481,120,184145
SWAY_OUTPUT,482,123,184146
SWAY_OUTPUT,483,123,184147
SWAY_OUTPUT,484,121,184148
SWAY_OUTPUT,485,122,184149
SWAY_OUTPUT,486,122,184150
SWAY_OUTPUT,487,125,184151
SWAY_OUTPUT,488,117,184152
SWAY_OUTPUT,489,122,184153
SWAY_OUTPUT,490,122,184154
SWAY_OUTPUT,491,125,184155
SWAY_OUTPUT,492,120,184156
SWAY_OUTPUT,493,124,184157
SWAY_OUTPUT,494,-10,184158
SWAY_OUTPUT,495,12,184159
SWAY_OUTPUT,496,32,184160
SWAY_OUTPUT,497,41,184161
SWAY_OUTPUT,498,24,184162
SWAY_OUTPUT,499,17,184163
SWAY_OUTPUT,500,17,184164
SWAY_OUTPUT,501,24,184165
SWAY_OUTPUT,502,22,184166
SWAY_OUTPUT,503,25,184167
SWAY_OUTPUT,504,-9,184168
SWAY_OUTPUT,505,-32,184169
SWAY_OUTPUT,506,-55,184170
SWAY_OUTPUT,507,-59,184171
SWAY_OUTPUT,508,-9,184172
SWAY_OUTPUT,509,-31,184173
SWAY_OUTPUT,510,-54,184174
SWAY_OUTPUT,511,-59,184175
SWAY_OUTPUT,512,27,184176
SWAY_FRAME,8,184120,184176
SWAY_INPUT_FRAME,12,180373,198964
SWAY_OUTPUT,513,47,202712
SWAY_OUTPUT,514,49,202713
SWAY_OUTPUT,515,52,202714
SWAY_OUTPUT,516,51,202715
SWAY_OUTPUT,517,57,202716
SWAY_OUTPUT,518,52,202717
SWAY_OUTPUT,519,71,202718
SWAY_OUTPUT,520,42,202719
SWAY_OUTPUT,521,49,202720
SWAY_OUTPUT,522,7,202721
SWAY_OUTPUT,523,52,202722
SWAY_OUTPUT,524,46,202723
SWAY_OUTPUT,525,34,202724
SWAY_OUTPUT,526,36,202725
SWAY_OUTPUT,527,43,202726
SWAY_OUTPUT,528,49,202727
SWAY_OUTPUT,529,40,202728
SWAY_OUTPUT,530,40,202729
SWAY_OUTPUT,531,51,202730
SWAY_OUTPUT,532,127,202731
SWAY_OUTPUT,533,127,202732
SWAY_OUTPUT,534,127,202733
SWAY_OUTPUT,535,127,202734
SWAY_OUTPUT,536,127,202735
SWAY_OUTPUT,537,127,202736
SWAY_OUTPUT,538,127,202737
SWAY_OUTPUT,539,127,202738
SWAY_OUTPUT,540,127,202739
SWAY_OUTPUT,541,127,202740
SWAY_OUTPUT,542,127,202741
SWAY_OUTPUT,543,127,202742
SWAY_OUTPUT,544,127,202743
SWAY_OUTPUT,545,127,202744
SWAY_OUTPUT,546,127,202745
SWAY_OUTPUT,547,127,202746
SWAY_OUTPUT,548,127,202747
SWAY_OUTPUT,549,127,202748
SWAY_OUTPUT,550,127,202749
SWAY_OUTPUT,551,23,202750
SWAY_OUTPUT,552,58,202751
SWAY_OUTPUT,553,90,202752
SWAY_OUTPUT,554,104,202753
SWAY_OUTPUT,555,64,202754
SWAY_OUTPUT,556,27,202755
SWAY_OUTPUT,557,3,202756
SWAY_OUTPUT,558,69,202757
SWAY_OUTPUT,559,1,202758
SWAY_OUTPUT,560,-45,202759
SWAY_OUTPUT,561,23,202760
SWAY_OUTPUT,562,-36,202761
SWAY_OUTPUT,563,-94,202762
SWAY_OUTPUT,564,-111,202763
SWAY_OUTPUT,565,25,202764
SWAY_OUTPUT,566,-40,202765
SWAY_OUTPUT,567,-84,202766
SWAY_OUTPUT,568,-90,202767
SWAY_OUTPUT,569,81,202768
SWAY_FRAME,9,202712,202768
SWAY_INPUT_FRAME,13,198965,217556
SWAY_OUTPUT,570,0,221304
SWAY_OUTPUT,571,3,221305
SWAY_OUTPUT,572,6,221306
SWAY_OUTPUT,573,8,221307
SWAY_OUTPUT,574,20,221308
SWAY_OUTPUT,575,18,221309
SWAY_OUTPUT,576,-24,221310
SWAY_OUTPUT,577,-6,221311
SWAY_OUTPUT,578,-17,221312
SWAY_OUTPUT,579,14,221313
SWAY_OUTPUT,580,5,221314
SWAY_OUTPUT,581,-2,221315
SWAY_OUTPUT,582,-2,221316
SWAY_OUTPUT,583,-8,221317
SWAY_OUTPUT,584,-4,221318
SWAY_OUTPUT,585,-26,221319
SWAY_OUTPUT,586,-29,221320
SWAY_OUTPUT,587,-35,221321
SWAY_OUTPUT,588,5,221322
SWAY_OUTPUT,589,20,221323
SWAY_OUTPUT,590,19,221324
SWAY_OUTPUT,591,18,221325
SWAY_OUTPUT,592,17,221326
SWAY_OUTPUT,593,30,221327
SWAY_OUTPUT,594,43,221328
SWAY_OUTPUT,595,46,221329
SWAY_OUTPUT,596,17,221330
SWAY_OUTPUT,597,21,221331
SWAY_OUTPUT,598,34,221332
SWAY_OUTPUT,599,20,221333
SWAY_OUTPUT,600,21,221334
SWAY_OUTPUT,601,20,221335
SWAY_OUTPUT,602,0,221336
SWAY_OUTPUT,603,16,221337
SWAY_OUTPUT,604,4,221338
SWAY_OUTPUT,605,27,221339
SWAY_OUTPUT,606,37,221340
SWAY_OUTPUT,607,19,221341
SWAY_OUTPUT,608,-13,221342
SWAY_OUTPUT,609,5,221343
SWAY_OUTPUT,610,23,221344
SWAY_OUTPUT,611,30,221345
SWAY_OUTPUT,612,18,221346
SWAY_OUTPUT,613,13,221347
SWAY_OUTPUT,614,-7,221348
SWAY_OUTPUT,615,12,221349
SWAY_OUTPUT,616,15,221350
SWAY_OUTPUT,617,3,221351
SWAY_OUTPUT,618,-13,221352
SWAY_OUTPUT,619,-36,221353
SWAY_OUTPUT,620,-27,221354
SWAY_OUTPUT,621,-18,221355
SWAY_OUTPUT,622,-12,221356
SWAY_OUTPUT,623,-20,221357
SWAY_OUTPUT,624,-20,221358
SWAY_OUTPUT,625,-28,221359
SWAY_OUTPUT,626,19,221360
SWAY_FRAME,10,221304,221360
SWAY_OUTPUT,627,13,239896
SWAY_OUTPUT,628,10,239897
SWAY_OUTPUT,629,10,239898
SWAY_OUTPUT,630,11,239899
SWAY_OUTPUT,631,15,239900
SWAY_OUTPUT,632,30,239901
SWAY_OUTPUT,633,69,239902
SWAY_OUTPUT,634,6,239903
SWAY_OUTPUT,635,4,239904
SWAY_OUTPUT,636,-10,239905
SWAY_OUTPUT,637,18,239906
SWAY_OUTPUT,638,7,239907
SWAY_OUTPUT,639,21,239908
SWAY_OUTPUT,640,29,239909
SWAY_OUTPUT,641,9,239910
SWAY_OUTPUT,642,31,239911
SWAY_OUTPUT,643,35,239912
SWAY_OUTPUT,644,36,239913
SWAY_OUTPUT,645,11,239914
SWAY_OUTPUT,646,127,239915
SWAY_OUTPUT,647,127,239916
SWAY_OUTPUT,648,127,239917
SWAY_OUTPUT,649,127,239918
SWAY_OUTPUT,650,127,239919
SWAY_OUTPUT,651,127,239920
SWAY_OUTPUT,652,127,239921
SWAY_OUTPUT,653,127,239922
SWAY_OUTPUT,654,127,239923
SWAY_OUTPUT,655,127,239924
SWAY_OUTPUT,656,127,239925
SWAY_OUTPUT,657,127,239926
SWAY_OUTPUT,658,127,239927
SWAY_OUTPUT,659,127,239928
SWAY_OUTPUT,660,127,239929
SWAY_OUTPUT,661,127,239930
SWAY_OUTPUT,662,127,239931
SWAY_OUTPUT,663,127,239932
SWAY_OUTPUT,664,127,239933
SWAY_OUTPUT,665,-30,239934
SWAY_OUTPUT,666,-12,239935
SWAY_OUTPUT,667,5,239936
SWAY_OUTPUT,668,10,239937
SWAY_OUTPUT,669,1,239938
SWAY_OUTPUT,670,6,239939
SWAY_OUTPUT,671,2,239940
SWAY_OUTPUT,672,-2,239941
SWAY_OUTPUT,673,-20,239942
SWAY_OUTPUT,674,-51,239943
SWAY_OUTPUT,675,-29,239944
SWAY_OUTPUT,676,-40,239945
SWAY_OUTPUT,677,-68,239946
SWAY_OUTPUT,678,-73,239947
SWAY_OUTPUT,679,-29,239948
SWAY_OUTPUT,680,-37,239949
SWAY_OUTPUT,681,-61,239950
SWAY_OUTPUT,682,-70,239951
SWAY_OUTPUT,683,0,239952
SWAY_FRAME,11,239896,239952
SWAY_OUTPUT,684,13,258488
SWAY_OUTPUT,685,13,258489
SWAY_OUTPUT,686,13,258490
SWAY_OUTPUT,687,13,258491
SWAY_OUTPUT,688,25,258492
SWAY_OUTPUT,689,36,258493
SWAY_OUTPUT,690,45,258494
SWAY_OUTPUT,691,2,258495
SWAY_OUTPUT,692,-6,258496
SWAY_OUTPUT,693,-12,258497
SWAY_OUTPUT,694,18,258498
SWAY_OUTPUT,695,21,258499
SWAY_OUTPUT,696,22,258500
SWAY_OUTPUT,697,23,258501
SWAY_OUTPUT,698,8,258502
SWAY_OUTPUT,699,2,258503
SWAY_OUTPUT,700,-2,258504
SWAY_OUTPUT,701,-4,258505
SWAY_OUTPUT,702,13,258506
SWAY_OUTPUT,703,126,258507
SWAY_OUTPUT,704,127,258508
SWAY_OUTPUT,705,125,258509
SWAY_OUTPUT,706,126,258510
SWAY_OUTPUT,707,126,258511
SWAY_OUTPUT,708,127,258512
SWAY_OUTPUT,709,126,258513
SWAY_OUTPUT,710,124,258514
SWAY_OUTPUT,711,124,258515
SWAY_OUTPUT,712,121,258516
SWAY_OUTPUT,713,125,258517
SWAY_OUTPUT,714,124,258518
SWAY_OUTPUT,715,127,258519
SWAY_OUTPUT,716,120,258520
SWAY_OUTPUT,717,124,258521
SWAY_OUTPUT,718,125,258522
SWAY_OUTPUT,719,127,258523
SWAY_OUTPUT,720,123,258524
SWAY_OUTPUT,721,127,258525
SWAY_OUTPUT,722,-15,258526
SWAY_OUTPUT,723,6,258527
SWAY_OUTPUT,724,25,258528
SWAY_OUTPUT,725,34,258529
SWAY_OUTPUT,726,18,258530
SWAY_OUTPUT,727,12,258531
SWAY_OUTPUT,728,7,258532
SWAY_OUTPUT,729,17,258533
SWAY_OUTPUT,730,6,258534
SWAY_OUTPUT,731,-5,258535
SWAY_OUTPUT,732,-14,258536
SWAY_OUTPUT,733,-33,258537
SWAY_OUTPUT,734,-56,258538
SWAY_OUTPUT,735,-58,258539
SWAY_OUTPUT,736,-14,258540
SWAY_OUTPUT,737,-32,258541
SWAY_OUTPUT,738,-54,258542
SWAY_OUTPUT,739,-58,258543
SWAY_OUTPUT,740,20,258544
SWAY_FRAME,12,258488,258544
SWAY_OUTPUT,741,13,277080
SWAY_OUTPUT,742,13,277081
SWAY_OUTPUT,743,13,277082
SWAY_OUTPUT,744,13,277083
SWAY_OUTPUT,745,25,277084
SWAY_OUTPUT,746,36,277085
SWAY_OUTPUT,747,45,277086
SWAY_OUTPUT,748,2,277087
SWAY_OUTPUT,749,-6,277088
SWAY_OUTPUT,750,-12,277089
SWAY_OUTPUT,751,18,277090
SWAY_OUTPUT,752,21,277091
SWAY_OUTPUT,753,22,277092
SWAY_OUTPUT,754,23,277093
SWAY_OUTPUT,755,8,277094
SWAY_OUTPUT,756,2,277095
SWAY_OUTPUT,757,-2,277096
SWAY_OUTPUT,758,-4,277097
SWAY_OUTPUT,759,13,277098
SWAY_OUTPUT,760,126,277099
SWAY_OUTPUT,761,127,277100
SWAY_OUTPUT,762,125,277101
SWAY_OUTPUT,763,126,277102
SWAY_OUTPUT,764,126,277103
SWAY_OUTPUT,765,127,277104
SWAY_OUTPUT,766,126,277105
SWAY_OUTPUT,767,124,277106
SWAY_OUTPUT,768,124,277107
SWAY_OUTPUT,769,121,277108
SWAY_OUTPUT,770,125,277109
SWAY_OUTPUT,771,124,277110
SWAY_OUTPUT,772,127,277111
SWAY_OUTPUT,773,120,277112
SWAY_OUTPUT,774,124,277113
SWAY_OUTPUT,775,125,277114
SWAY_OUTPUT,776,127,277115
SWAY_OUTPUT,777,123,277116
SWAY_OUTPUT,778,127,277117
SWAY_OUTPUT,779,-15,277118
SWAY_OUTPUT,780,6,277119
SWAY_OUTPUT,781,25,277120
SWAY_OUTPUT,782,34,277121
SWAY_OUTPUT,783,18,277122
SWAY_OUTPUT,784,12,277123
SWAY_OUTPUT,785,7,277124
SWAY_OUTPUT,786,17,277125
SWAY_OUTPUT,787,6,277126
SWAY_OUTPUT,788,-5,277127
SWAY_OUTPUT,789,-14,277128
SWAY_OUTPUT,790,-33,277129
SWAY_OUTPUT,791,-56,277130
SWAY_OUTPUT,792,-58,277131
SWAY_OUTPUT,793,-14,277132
SWAY_OUTPUT,794,-32,277133
SWAY_OUTPUT,795,-54,277134
SWAY_OUTPUT,796,-58,277135
SWAY_OUTPUT,797,20,277136
SWAY_FRAME,13,277080,277136
SWAY_PASS frames=14 outputs=798 cycles=279185 drain_cycles=2048
