SWAY_INPUT_FRAME,0,0,319
SWAY_INPUT_FRAME,1,320,639
SWAY_INPUT_FRAME,2,640,9805
SWAY_INPUT_FRAME,3,9806,24877
SWAY_OUTPUT,0,13,25014
SWAY_OUTPUT,1,13,25015
SWAY_OUTPUT,2,13,25016
SWAY_OUTPUT,3,13,25017
SWAY_OUTPUT,4,25,25018
SWAY_OUTPUT,5,36,25019
SWAY_OUTPUT,6,45,25020
SWAY_OUTPUT,7,2,25021
SWAY_OUTPUT,8,-6,25022
SWAY_OUTPUT,9,-12,25023
SWAY_OUTPUT,10,18,25024
SWAY_OUTPUT,11,21,25025
SWAY_OUTPUT,12,22,25026
SWAY_OUTPUT,13,23,25027
SWAY_OUTPUT,14,8,25028
SWAY_OUTPUT,15,2,25029
SWAY_OUTPUT,16,-2,25030
SWAY_OUTPUT,17,-4,25031
SWAY_OUTPUT,18,13,25032
SWAY_OUTPUT,19,126,25033
SWAY_OUTPUT,20,127,25034
SWAY_OUTPUT,21,125,25035
SWAY_OUTPUT,22,126,25036
SWAY_OUTPUT,23,126,25037
SWAY_OUTPUT,24,127,25038
SWAY_OUTPUT,25,126,25039
SWAY_OUTPUT,26,124,25040
SWAY_OUTPUT,27,124,25041
SWAY_OUTPUT,28,121,25042
SWAY_OUTPUT,29,125,25043
SWAY_OUTPUT,30,124,25044
SWAY_OUTPUT,31,127,25045
SWAY_OUTPUT,32,120,25046
SWAY_OUTPUT,33,124,25047
SWAY_OUTPUT,34,125,25048
SWAY_OUTPUT,35,127,25049
SWAY_OUTPUT,36,123,25050
SWAY_OUTPUT,37,127,25051
SWAY_OUTPUT,38,-15,25052
SWAY_OUTPUT,39,6,25053
SWAY_OUTPUT,40,25,25054
SWAY_OUTPUT,41,34,25055
SWAY_OUTPUT,42,18,25056
SWAY_OUTPUT,43,12,25057
SWAY_OUTPUT,44,7,25058
SWAY_OUTPUT,45,17,25059
SWAY_OUTPUT,46,6,25060
SWAY_OUTPUT,47,-5,25061
SWAY_OUTPUT,48,-14,25062
SWAY_OUTPUT,49,-33,25063
SWAY_OUTPUT,50,-56,25064
SWAY_OUTPUT,51,-58,25065
SWAY_OUTPUT,52,-14,25066
SWAY_OUTPUT,53,-32,25067
SWAY_OUTPUT,54,-54,25068
SWAY_OUTPUT,55,-58,25069
SWAY_OUTPUT,56,20,25070
SWAY_FRAME,0,25014,25070
SWAY_INPUT_FRAME,4,24878,39949
SWAY_OUTPUT,57,11,40086
SWAY_OUTPUT,58,11,40087
SWAY_OUTPUT,59,11,40088
SWAY_OUTPUT,60,11,40089
SWAY_OUTPUT,61,23,40090
SWAY_OUTPUT,62,32,40091
SWAY_OUTPUT,63,40,40092
SWAY_OUTPUT,64,-1,40093
SWAY_OUTPUT,65,-9,40094
SWAY_OUTPUT,66,-16,40095
SWAY_OUTPUT,67,16,40096
SWAY_OUTPUT,68,20,40097
SWAY_OUTPUT,69,22,40098
SWAY_OUTPUT,70,24,40099
SWAY_OUTPUT,71,6,40100
SWAY_OUTPUT,72,1,40101
SWAY_OUTPUT,73,-3,40102
SWAY_OUTPUT,74,-5,40103
SWAY_OUTPUT,75,11,40104
SWAY_OUTPUT,76,126,40105
SWAY_OUTPUT,77,127,40106
SWAY_OUTPUT,78,126,40107
SWAY_OUTPUT,79,126,40108
SWAY_OUTPUT,80,126,40109
SWAY_OUTPUT,81,127,40110
SWAY_OUTPUT,82,125,40111
SWAY_OUTPUT,83,124,40112
SWAY_OUTPUT,84,125,40113
SWAY_OUTPUT,85,123,40114
SWAY_OUTPUT,86,124,40115
SWAY_OUTPUT,87,125,40116
SWAY_OUTPUT,88,126,40117
SWAY_OUTPUT,89,119,40118
SWAY_OUTPUT,90,124,40119
SWAY_OUTPUT,91,126,40120
SWAY_OUTPUT,92,127,40121
SWAY_OUTPUT,93,124,40122
SWAY_OUTPUT,94,127,40123
SWAY_OUTPUT,95,-10,40124
SWAY_OUTPUT,96,12,40125
SWAY_OUTPUT,97,32,40126
SWAY_OUTPUT,98,41,40127
SWAY_OUTPUT,99,24,40128
SWAY_OUTPUT,100,15,40129
SWAY_OUTPUT,101,7,40130
SWAY_OUTPUT,102,23,40131
SWAY_OUTPUT,103,13,40132
SWAY_OUTPUT,104,3,40133
SWAY_OUTPUT,105,-9,40134
SWAY_OUTPUT,106,-31,40135
SWAY_OUTPUT,107,-54,40136
SWAY_OUTPUT,108,-58,40137
SWAY_OUTPUT,109,-9,40138
SWAY_OUTPUT,110,-30,40139
SWAY_OUTPUT,111,-53,40140
SWAY_OUTPUT,112,-57,40141
SWAY_OUTPUT,113,27,40142
SWAY_FRAME,1,40086,40142
SWAY_INPUT_FRAME,5,39950,55021
SWAY_OUTPUT,114,10,55158
SWAY_OUTPUT,115,10,55159
SWAY_OUTPUT,116,10,55160
SWAY_OUTPUT,117,10,55161
SWAY_OUTPUT,118,21,55162
SWAY_OUTPUT,119,29,55163
SWAY_OUTPUT,120,38,55164
SWAY_OUTPUT,121,-1,55165
SWAY_OUTPUT,122,-8,55166
SWAY_OUTPUT,123,-15,55167
SWAY_OUTPUT,124,16,55168
SWAY_OUTPUT,125,18,55169
SWAY_OUTPUT,126,19,55170
SWAY_OUTPUT,127,20,55171
SWAY_OUTPUT,128,6,55172
SWAY_OUTPUT,129,3,55173
SWAY_OUTPUT,130,2,55174
SWAY_OUTPUT,131,1,55175
SWAY_OUTPUT,132,10,55176
SWAY_OUTPUT,133,127,55177
SWAY_OUTPUT,134,127,55178
SWAY_OUTPUT,135,127,55179
SWAY_OUTPUT,136,127,55180
SWAY_OUTPUT,137,127,55181
SWAY_OUTPUT,138,127,55182
SWAY_OUTPUT,139,127,55183
SWAY_OUTPUT,140,127,55184
SWAY_OUTPUT,141,127,55185
SWAY_OUTPUT,142,125,55186
SWAY_OUTPUT,143,127,55187
SWAY_OUTPUT,144,127,55188
SWAY_OUTPUT,145,127,55189
SWAY_OUTPUT,146,124,55190
SWAY_OUTPUT,147,127,55191
SWAY_OUTPUT,148,127,55192
SWAY_OUTPUT,149,127,55193
SWAY_OUTPUT,150,125,55194
SWAY_OUTPUT,151,127,55195
SWAY_OUTPUT,152,-18,55196
SWAY_OUTPUT,153,2,55197
SWAY_OUTPUT,154,22,55198
SWAY_OUTPUT,155,30,55199
SWAY_OUTPUT,156,14,55200
SWAY_OUTPUT,157,5,55201
SWAY_OUTPUT,158,-5,55202
SWAY_OUTPUT,159,14,55203
SWAY_OUTPUT,160,2,55204
SWAY_OUTPUT,161,-10,55205
SWAY_OUTPUT,162,-17,55206
SWAY_OUTPUT,163,-34,55207
SWAY_OUTPUT,164,-57,55208
SWAY_OUTPUT,165,-60,55209
SWAY_OUTPUT,166,-17,55210
SWAY_OUTPUT,167,-34,55211
SWAY_OUTPUT,168,-56,55212
SWAY_OUTPUT,169,-60,55213
SWAY_OUTPUT,170,17,55214
SWAY_FRAME,2,55158,55214
SWAY_INPUT_FRAME,6,55022,70093
SWAY_OUTPUT,171,11,70230
SWAY_OUTPUT,172,10,70231
SWAY_OUTPUT,173,10,70232
SWAY_OUTPUT,174,10,70233
SWAY_OUTPUT,175,22,70234
SWAY_OUTPUT,176,32,70235
SWAY_OUTPUT,177,39,70236
SWAY_OUTPUT,178,-2,70237
SWAY_OUTPUT,179,-11,70238
SWAY_OUTPUT,180,-15,70239
SWAY_OUTPUT,181,16,70240
SWAY_OUTPUT,182,20,70241
SWAY_OUTPUT,183,22,70242
SWAY_OUTPUT,184,24,70243
SWAY_OUTPUT,185,6,70244
SWAY_OUTPUT,186,3,70245
SWAY_OUTPUT,187,2,70246
SWAY_OUTPUT,188,0,70247
SWAY_OUTPUT,189,10,70248
SWAY_OUTPUT,190,125,70249
SWAY_OUTPUT,191,126,70250
SWAY_OUTPUT,192,126,70251
SWAY_OUTPUT,193,127,70252
SWAY_OUTPUT,194,127,70253
SWAY_OUTPUT,195,127,70254
SWAY_OUTPUT,196,125,70255
SWAY_OUTPUT,197,125,70256
SWAY_OUTPUT,198,125,70257
SWAY_OUTPUT,199,122,70258
SWAY_OUTPUT,200,123,70259
SWAY_OUTPUT,201,126,70260
SWAY_OUTPUT,202,126,70261
SWAY_OUTPUT,203,119,70262
SWAY_OUTPUT,204,123,70263
SWAY_OUTPUT,205,126,70264
SWAY_OUTPUT,206,127,70265
SWAY_OUTPUT,207,123,70266
SWAY_OUTPUT,208,127,70267
SWAY_OUTPUT,209,-7,70268
SWAY_OUTPUT,210,15,70269
SWAY_OUTPUT,211,36,70270
SWAY_OUTPUT,212,45,70271
SWAY_OUTPUT,213,28,70272
SWAY_OUTPUT,214,21,70273
SWAY_OUTPUT,215,16,70274
SWAY_OUTPUT,216,27,70275
SWAY_OUTPUT,217,18,70276
SWAY_OUTPUT,218,10,70277
SWAY_OUTPUT,219,-6,70278
SWAY_OUTPUT,220,-31,70279
SWAY_OUTPUT,221,-54,70280
SWAY_OUTPUT,222,-58,70281
SWAY_OUTPUT,223,-6,70282
SWAY_OUTPUT,224,-31,70283
SWAY_OUTPUT,225,-55,70284
SWAY_OUTPUT,226,-60,70285
SWAY_OUTPUT,227,31,70286
SWAY_FRAME,3,70230,70286
SWAY_INPUT_FRAME,7,70094,85165
SWAY_OUTPUT,228,12,85302
SWAY_OUTPUT,229,14,85303
SWAY_OUTPUT,230,16,85304
SWAY_OUTPUT,231,14,85305
SWAY_OUTPUT,232,26,85306
SWAY_OUTPUT,233,38,85307
SWAY_OUTPUT,234,48,85308
SWAY_OUTPUT,235,3,85309
SWAY_OUTPUT,236,-12,85310
SWAY_OUTPUT,237,-28,85311
SWAY_OUTPUT,238,18,85312
SWAY_OUTPUT,239,21,85313
SWAY_OUTPUT,240,23,85314
SWAY_OUTPUT,241,24,85315
SWAY_OUTPUT,242,8,85316
SWAY_OUTPUT,243,-5,85317
SWAY_OUTPUT,244,-15,85318
SWAY_OUTPUT,245,-18,85319
SWAY_OUTPUT,246,15,85320
SWAY_OUTPUT,247,127,85321
SWAY_OUTPUT,248,127,85322
SWAY_OUTPUT,249,126,85323
SWAY_OUTPUT,250,127,85324
SWAY_OUTPUT,251,124,85325
SWAY_OUTPUT,252,123,85326
SWAY_OUTPUT,253,120,85327
SWAY_OUTPUT,254,127,85328
SWAY_OUTPUT,255,127,85329
SWAY_OUTPUT,256,127,85330
SWAY_OUTPUT,257,127,85331
SWAY_OUTPUT,258,127,85332
SWAY_OUTPUT,259,127,85333
SWAY_OUTPUT,260,127,85334
SWAY_OUTPUT,261,127,85335
SWAY_OUTPUT,262,124,85336
SWAY_OUTPUT,263,124,85337
SWAY_OUTPUT,264,118,85338
SWAY_OUTPUT,265,127,85339
SWAY_OUTPUT,266,-12,85340
SWAY_OUTPUT,267,9,85341
SWAY_OUTPUT,268,29,85342
SWAY_OUTPUT,269,38,85343
SWAY_OUTPUT,270,20,85344
SWAY_OUTPUT,271,14,85345
SWAY_OUTPUT,272,9,85346
SWAY_OUTPUT,273,22,85347
SWAY_OUTPUT,274,20,85348
SWAY_OUTPUT,275,19,85349
SWAY_OUTPUT,276,-12,85350
SWAY_OUTPUT,277,-32,85351
SWAY_OUTPUT,278,-57,85352
SWAY_OUTPUT,279,-60,85353
SWAY_OUTPUT,280,-10,85354
SWAY_OUTPUT,281,-27,85355
SWAY_OUTPUT,282,-50,85356
SWAY_OUTPUT,283,-53,85357
SWAY_OUTPUT,284,24,85358
SWAY_FRAME,4,85302,85358
SWAY_INPUT_FRAME,8,85166,100237
SWAY_OUTPUT,285,8,100374
SWAY_OUTPUT,286,7,100375
SWAY_OUTPUT,287,7,100376
SWAY_OUTPUT,288,7,100377
SWAY_OUTPUT,289,19,100378
SWAY_OUTPUT,290,33,100379
SWAY_OUTPUT,291,40,100380
SWAY_OUTPUT,292,-5,100381
SWAY_OUTPUT,293,-16,100382
SWAY_OUTPUT,294,-21,100383
SWAY_OUTPUT,295,13,100384
SWAY_OUTPUT,296,19,100385
SWAY_OUTPUT,297,24,100386
SWAY_OUTPUT,298,26,100387
SWAY_OUTPUT,299,3,100388
SWAY_OUTPUT,300,-2,100389
SWAY_OUTPUT,301,-4,100390
SWAY_OUTPUT,302,-6,100391
SWAY_OUTPUT,303,8,100392
SWAY_OUTPUT,304,124,100393
SWAY_OUTPUT,305,125,100394
SWAY_OUTPUT,306,124,100395
SWAY_OUTPUT,307,125,100396
SWAY_OUTPUT,308,124,100397
SWAY_OUTPUT,309,126,100398
SWAY_OUTPUT,310,122,100399
SWAY_OUTPUT,311,123,100400
SWAY_OUTPUT,312,124,100401
SWAY_OUTPUT,313,121,100402
SWAY_OUTPUT,314,122,100403
SWAY_OUTPUT,315,123,100404
SWAY_OUTPUT,316,125,100405
SWAY_OUTPUT,317,117,100406
SWAY_OUTPUT,318,122,100407
SWAY_OUTPUT,319,122,100408
SWAY_OUTPUT,320,126,100409
SWAY_OUTPUT,321,121,100410
SWAY_OUTPUT,322,125,100411
SWAY_OUTPUT,323,-10,100412
SWAY_OUTPUT,324,12,100413
SWAY_OUTPUT,325,32,100414
SWAY_OUTPUT,326,41,100415
SWAY_OUTPUT,327,24,100416
SWAY_OUTPUT,328,22,100417
SWAY_OUTPUT,329,26,100418
SWAY_OUTPUT,330,23,100419
SWAY_OUTPUT,331,18,100420
SWAY_OUTPUT,332,17,100421
SWAY_OUTPUT,333,-9,100422
SWAY_OUTPUT,334,-31,100423
SWAY_OUTPUT,335,-54,100424
SWAY_OUTPUT,336,-57,100425
SWAY_OUTPUT,337,-9,100426
SWAY_OUTPUT,338,-30,100427
SWAY_OUTPUT,339,-54,100428
SWAY_OUTPUT,340,-58,100429
SWAY_OUTPUT,341,27,100430
SWAY_FRAME,5,100374,100430
SWAY_INPUT_FRAME,9,100238,115309
SWAY_OUTPUT,342,7,115446
SWAY_OUTPUT,343,6,115447
SWAY_OUTPUT,344,5,115448
SWAY_OUTPUT,345,4,115449
SWAY_OUTPUT,346,17,115450
SWAY_OUTPUT,347,32,115451
SWAY_OUTPUT,348,42,115452
SWAY_OUTPUT,349,-7,115453
SWAY_OUTPUT,350,-20,115454
SWAY_OUTPUT,351,-29,115455
SWAY_OUTPUT,352,12,115456
SWAY_OUTPUT,353,21,115457
SWAY_OUTPUT,354,29,115458
SWAY_OUTPUT,355,32,115459
SWAY_OUTPUT,356,2,115460
SWAY_OUTPUT,357,-5,115461
SWAY_OUTPUT,358,-7,115462
SWAY_OUTPUT,359,-9,115463
SWAY_OUTPUT,360,5,115464
SWAY_OUTPUT,361,127,115465
SWAY_OUTPUT,362,127,115466
SWAY_OUTPUT,363,127,115467
SWAY_OUTPUT,364,127,115468
SWAY_OUTPUT,365,127,115469
SWAY_OUTPUT,366,127,115470
SWAY_OUTPUT,367,124,115471
SWAY_OUTPUT,368,127,115472
SWAY_OUTPUT,369,127,115473
SWAY_OUTPUT,370,126,115474
SWAY_OUTPUT,371,127,115475
SWAY_OUTPUT,372,127,115476
SWAY_OUTPUT,373,127,115477
SWAY_OUTPUT,374,123,115478
SWAY_OUTPUT,375,127,115479
SWAY_OUTPUT,376,126,115480
SWAY_OUTPUT,377,127,115481
SWAY_OUTPUT,378,123,115482
SWAY_OUTPUT,379,127,115483
SWAY_OUTPUT,380,-11,115484
SWAY_OUTPUT,381,10,115485
SWAY_OUTPUT,382,30,115486
SWAY_OUTPUT,383,39,115487
SWAY_OUTPUT,384,23,115488
SWAY_OUTPUT,385,21,115489
SWAY_OUTPUT,386,23,115490
SWAY_OUTPUT,387,22,115491
SWAY_OUTPUT,388,18,115492
SWAY_OUTPUT,389,16,115493
SWAY_OUTPUT,390,-10,115494
SWAY_OUTPUT,391,-29,115495
SWAY_OUTPUT,392,-53,115496
SWAY_OUTPUT,393,-57,115497
SWAY_OUTPUT,394,-10,115498
SWAY_OUTPUT,395,-30,115499
SWAY_OUTPUT,396,-55,115500
SWAY_OUTPUT,397,-59,115501
SWAY_OUTPUT,398,25,115502
SWAY_FRAME,6,115446,115502
SWAY_INPUT_FRAME,10,115310,130381
SWAY_OUTPUT,399,18,130518
SWAY_OUTPUT,400,19,130519
SWAY_OUTPUT,401,20,130520
SWAY_OUTPUT,402,21,130521
SWAY_OUTPUT,403,31,130522
SWAY_OUTPUT,404,41,130523
SWAY_OUTPUT,405,50,130524
SWAY_OUTPUT,406,9,130525
SWAY_OUTPUT,407,-4,130526
SWAY_OUTPUT,408,-16,130527
SWAY_OUTPUT,409,24,130528
SWAY_OUTPUT,410,27,130529
SWAY_OUTPUT,411,25,130530
SWAY_OUTPUT,412,27,130531
SWAY_OUTPUT,413,13,130532
SWAY_OUTPUT,414,5,130533
SWAY_OUTPUT,415,-4,130534
SWAY_OUTPUT,416,-7,130535
SWAY_OUTPUT,417,20,130536
SWAY_OUTPUT,418,125,130537
SWAY_OUTPUT,419,126,130538
SWAY_OUTPUT,420,124,130539
SWAY_OUTPUT,421,125,130540
SWAY_OUTPUT,422,124,130541
SWAY_OUTPUT,423,127,130542
SWAY_OUTPUT,424,124,130543
SWAY_OUTPUT,425,123,130544
SWAY_OUTPUT,426,124,130545
SWAY_OUTPUT,427,122,130546
SWAY_OUTPUT,428,124,130547
SWAY_OUTPUT,429,122,130548
SWAY_OUTPUT,430,126,130549
SWAY_OUTPUT,431,119,130550
SWAY_OUTPUT,432,124,130551
SWAY_OUTPUT,433,125,130552
SWAY_OUTPUT,434,127,130553
SWAY_OUTPUT,435,123,130554
SWAY_OUTPUT,436,125,130555
SWAY_OUTPUT,437,-15,130556
SWAY_OUTPUT,438,6,130557
SWAY_OUTPUT,439,26,130558
SWAY_OUTPUT,440,34,130559
SWAY_OUTPUT,441,17,130560
SWAY_OUTPUT,442,9,130561
SWAY_OUTPUT,443,0,130562
SWAY_OUTPUT,444,18,130563
SWAY_OUTPUT,445,12,130564
SWAY_OUTPUT,446,5,130565
SWAY_OUTPUT,447,-14,130566
SWAY_OUTPUT,448,-33,130567
SWAY_OUTPUT,449,-56,130568
SWAY_OUTPUT,450,-59,130569
SWAY_OUTPUT,451,-13,130570
SWAY_OUTPUT,452,-31,130571
SWAY_OUTPUT,453,-52,130572
SWAY_OUTPUT,454,-55,130573
SWAY_OUTPUT,455,21,130574
SWAY_FRAME,7,130518,130574
SWAY_INPUT_FRAME,11,130382,145453
SWAY_OUTPUT,456,10,145590
SWAY_OUTPUT,457,10,145591
SWAY_OUTPUT,458,10,145592
SWAY_OUTPUT,459,10,145593
SWAY_OUTPUT,460,22,145594
SWAY_OUTPUT,461,32,145595
SWAY_OUTPUT,462,36,145596
SWAY_OUTPUT,463,-2,145597
SWAY_OUTPUT,464,-16,145598
SWAY_OUTPUT,465,-23,145599
SWAY_OUTPUT,466,15,145600
SWAY_OUTPUT,467,19,145601
SWAY_OUTPUT,468,22,145602
SWAY_OUTPUT,469,24,145603
SWAY_OUTPUT,470,5,145604
SWAY_OUTPUT,471,-1,145605
SWAY_OUTPUT,472,-3,145606
SWAY_OUTPUT,473,-5,145607
SWAY_OUTPUT,474,10,145608
SWAY_OUTPUT,475,124,145609
SWAY_OUTPUT,476,124,145610
SWAY_OUTPUT,477,123,145611
SWAY_OUTPUT,478,124,145612
SWAY_OUTPUT,479,123,145613
SWAY_OUTPUT,480,125,145614
SWAY_OUTPUT,481,120,145615
SWAY_OUTPUT,482,123,145616
SWAY_OUTPUT,483,123,145617
SWAY_OUTPUT,484,121,145618
SWAY_OUTPUT,485,122,145619
SWAY_OUTPUT,486,122,145620
SWAY_OUTPUT,487,125,145621
SWAY_OUTPUT,488,117,145622
SWAY_OUTPUT,489,122,145623
SWAY_OUTPUT,490,122,145624
SWAY_OUTPUT,491,125,145625
SWAY_OUTPUT,492,120,145626
SWAY_OUTPUT,493,124,145627
SWAY_OUTPUT,494,-10,145628
SWAY_OUTPUT,495,12,145629
SWAY_OUTPUT,496,32,145630
SWAY_OUTPUT,497,41,145631
SWAY_OUTPUT,498,24,145632
SWAY_OUTPUT,499,17,145633
SWAY_OUTPUT,500,17,145634
SWAY_OUTPUT,501,24,145635
SWAY_OUTPUT,502,22,145636
SWAY_OUTPUT,503,25,145637
SWAY_OUTPUT,504,-9,145638
SWAY_OUTPUT,505,-32,145639
SWAY_OUTPUT,506,-55,145640
SWAY_OUTPUT,507,-59,145641
SWAY_OUTPUT,508,-9,145642
SWAY_OUTPUT,509,-31,145643
SWAY_OUTPUT,510,-54,145644
SWAY_OUTPUT,511,-59,145645
SWAY_OUTPUT,512,27,145646
SWAY_FRAME,8,145590,145646
SWAY_INPUT_FRAME,12,145454,160525
SWAY_OUTPUT,513,47,160662
SWAY_OUTPUT,514,49,160663
SWAY_OUTPUT,515,52,160664
SWAY_OUTPUT,516,51,160665
SWAY_OUTPUT,517,57,160666
SWAY_OUTPUT,518,52,160667
SWAY_OUTPUT,519,71,160668
SWAY_OUTPUT,520,42,160669
SWAY_OUTPUT,521,49,160670
SWAY_OUTPUT,522,7,160671
SWAY_OUTPUT,523,52,160672
SWAY_OUTPUT,524,46,160673
SWAY_OUTPUT,525,34,160674
SWAY_OUTPUT,526,36,160675
SWAY_OUTPUT,527,43,160676
SWAY_OUTPUT,528,49,160677
SWAY_OUTPUT,529,40,160678
SWAY_OUTPUT,530,40,160679
SWAY_OUTPUT,531,51,160680
SWAY_OUTPUT,532,127,160681
SWAY_OUTPUT,533,127,160682
SWAY_OUTPUT,534,127,160683
SWAY_OUTPUT,535,127,160684
SWAY_OUTPUT,536,127,160685
SWAY_OUTPUT,537,127,160686
SWAY_OUTPUT,538,127,160687
SWAY_OUTPUT,539,127,160688
SWAY_OUTPUT,540,127,160689
SWAY_OUTPUT,541,127,160690
SWAY_OUTPUT,542,127,160691
SWAY_OUTPUT,543,127,160692
SWAY_OUTPUT,544,127,160693
SWAY_OUTPUT,545,127,160694
SWAY_OUTPUT,546,127,160695
SWAY_OUTPUT,547,127,160696
SWAY_OUTPUT,548,127,160697
SWAY_OUTPUT,549,127,160698
SWAY_OUTPUT,550,127,160699
SWAY_OUTPUT,551,23,160700
SWAY_OUTPUT,552,58,160701
SWAY_OUTPUT,553,90,160702
SWAY_OUTPUT,554,104,160703
SWAY_OUTPUT,555,64,160704
SWAY_OUTPUT,556,27,160705
SWAY_OUTPUT,557,3,160706
SWAY_OUTPUT,558,69,160707
SWAY_OUTPUT,559,1,160708
SWAY_OUTPUT,560,-45,160709
SWAY_OUTPUT,561,23,160710
SWAY_OUTPUT,562,-36,160711
SWAY_OUTPUT,563,-94,160712
SWAY_OUTPUT,564,-111,160713
SWAY_OUTPUT,565,25,160714
SWAY_OUTPUT,566,-40,160715
SWAY_OUTPUT,567,-84,160716
SWAY_OUTPUT,568,-90,160717
SWAY_OUTPUT,569,81,160718
SWAY_FRAME,9,160662,160718
SWAY_INPUT_FRAME,13,160526,175597
SWAY_OUTPUT,570,0,175734
SWAY_OUTPUT,571,3,175735
SWAY_OUTPUT,572,6,175736
SWAY_OUTPUT,573,8,175737
SWAY_OUTPUT,574,20,175738
SWAY_OUTPUT,575,18,175739
SWAY_OUTPUT,576,-24,175740
SWAY_OUTPUT,577,-6,175741
SWAY_OUTPUT,578,-17,175742
SWAY_OUTPUT,579,14,175743
SWAY_OUTPUT,580,5,175744
SWAY_OUTPUT,581,-2,175745
SWAY_OUTPUT,582,-2,175746
SWAY_OUTPUT,583,-8,175747
SWAY_OUTPUT,584,-4,175748
SWAY_OUTPUT,585,-26,175749
SWAY_OUTPUT,586,-29,175750
SWAY_OUTPUT,587,-35,175751
SWAY_OUTPUT,588,5,175752
SWAY_OUTPUT,589,20,175753
SWAY_OUTPUT,590,19,175754
SWAY_OUTPUT,591,18,175755
SWAY_OUTPUT,592,17,175756
SWAY_OUTPUT,593,30,175757
SWAY_OUTPUT,594,43,175758
SWAY_OUTPUT,595,46,175759
SWAY_OUTPUT,596,17,175760
SWAY_OUTPUT,597,21,175761
SWAY_OUTPUT,598,34,175762
SWAY_OUTPUT,599,20,175763
SWAY_OUTPUT,600,21,175764
SWAY_OUTPUT,601,20,175765
SWAY_OUTPUT,602,0,175766
SWAY_OUTPUT,603,16,175767
SWAY_OUTPUT,604,4,175768
SWAY_OUTPUT,605,27,175769
SWAY_OUTPUT,606,37,175770
SWAY_OUTPUT,607,19,175771
SWAY_OUTPUT,608,-13,175772
SWAY_OUTPUT,609,5,175773
SWAY_OUTPUT,610,23,175774
SWAY_OUTPUT,611,30,175775
SWAY_OUTPUT,612,18,175776
SWAY_OUTPUT,613,13,175777
SWAY_OUTPUT,614,-7,175778
SWAY_OUTPUT,615,12,175779
SWAY_OUTPUT,616,15,175780
SWAY_OUTPUT,617,3,175781
SWAY_OUTPUT,618,-13,175782
SWAY_OUTPUT,619,-36,175783
SWAY_OUTPUT,620,-27,175784
SWAY_OUTPUT,621,-18,175785
SWAY_OUTPUT,622,-12,175786
SWAY_OUTPUT,623,-20,175787
SWAY_OUTPUT,624,-20,175788
SWAY_OUTPUT,625,-28,175789
SWAY_OUTPUT,626,19,175790
SWAY_FRAME,10,175734,175790
SWAY_OUTPUT,627,13,190806
SWAY_OUTPUT,628,10,190807
SWAY_OUTPUT,629,10,190808
SWAY_OUTPUT,630,11,190809
SWAY_OUTPUT,631,15,190810
SWAY_OUTPUT,632,30,190811
SWAY_OUTPUT,633,69,190812
SWAY_OUTPUT,634,6,190813
SWAY_OUTPUT,635,4,190814
SWAY_OUTPUT,636,-10,190815
SWAY_OUTPUT,637,18,190816
SWAY_OUTPUT,638,7,190817
SWAY_OUTPUT,639,21,190818
SWAY_OUTPUT,640,29,190819
SWAY_OUTPUT,641,9,190820
SWAY_OUTPUT,642,31,190821
SWAY_OUTPUT,643,35,190822
SWAY_OUTPUT,644,36,190823
SWAY_OUTPUT,645,11,190824
SWAY_OUTPUT,646,127,190825
SWAY_OUTPUT,647,127,190826
SWAY_OUTPUT,648,127,190827
SWAY_OUTPUT,649,127,190828
SWAY_OUTPUT,650,127,190829
SWAY_OUTPUT,651,127,190830
SWAY_OUTPUT,652,127,190831
SWAY_OUTPUT,653,127,190832
SWAY_OUTPUT,654,127,190833
SWAY_OUTPUT,655,127,190834
SWAY_OUTPUT,656,127,190835
SWAY_OUTPUT,657,127,190836
SWAY_OUTPUT,658,127,190837
SWAY_OUTPUT,659,127,190838
SWAY_OUTPUT,660,127,190839
SWAY_OUTPUT,661,127,190840
SWAY_OUTPUT,662,127,190841
SWAY_OUTPUT,663,127,190842
SWAY_OUTPUT,664,127,190843
SWAY_OUTPUT,665,-30,190844
SWAY_OUTPUT,666,-12,190845
SWAY_OUTPUT,667,5,190846
SWAY_OUTPUT,668,10,190847
SWAY_OUTPUT,669,1,190848
SWAY_OUTPUT,670,6,190849
SWAY_OUTPUT,671,2,190850
SWAY_OUTPUT,672,-2,190851
SWAY_OUTPUT,673,-20,190852
SWAY_OUTPUT,674,-51,190853
SWAY_OUTPUT,675,-29,190854
SWAY_OUTPUT,676,-40,190855
SWAY_OUTPUT,677,-68,190856
SWAY_OUTPUT,678,-73,190857
SWAY_OUTPUT,679,-29,190858
SWAY_OUTPUT,680,-37,190859
SWAY_OUTPUT,681,-61,190860
SWAY_OUTPUT,682,-70,190861
SWAY_OUTPUT,683,0,190862
SWAY_FRAME,11,190806,190862
SWAY_OUTPUT,684,13,205878
SWAY_OUTPUT,685,13,205879
SWAY_OUTPUT,686,13,205880
SWAY_OUTPUT,687,13,205881
SWAY_OUTPUT,688,25,205882
SWAY_OUTPUT,689,36,205883
SWAY_OUTPUT,690,45,205884
SWAY_OUTPUT,691,2,205885
SWAY_OUTPUT,692,-6,205886
SWAY_OUTPUT,693,-12,205887
SWAY_OUTPUT,694,18,205888
SWAY_OUTPUT,695,21,205889
SWAY_OUTPUT,696,22,205890
SWAY_OUTPUT,697,23,205891
SWAY_OUTPUT,698,8,205892
SWAY_OUTPUT,699,2,205893
SWAY_OUTPUT,700,-2,205894
SWAY_OUTPUT,701,-4,205895
SWAY_OUTPUT,702,13,205896
SWAY_OUTPUT,703,126,205897
SWAY_OUTPUT,704,127,205898
SWAY_OUTPUT,705,125,205899
SWAY_OUTPUT,706,126,205900
SWAY_OUTPUT,707,126,205901
SWAY_OUTPUT,708,127,205902
SWAY_OUTPUT,709,126,205903
SWAY_OUTPUT,710,124,205904
SWAY_OUTPUT,711,124,205905
SWAY_OUTPUT,712,121,205906
SWAY_OUTPUT,713,125,205907
SWAY_OUTPUT,714,124,205908
SWAY_OUTPUT,715,127,205909
SWAY_OUTPUT,716,120,205910
SWAY_OUTPUT,717,124,205911
SWAY_OUTPUT,718,125,205912
SWAY_OUTPUT,719,127,205913
SWAY_OUTPUT,720,123,205914
SWAY_OUTPUT,721,127,205915
SWAY_OUTPUT,722,-15,205916
SWAY_OUTPUT,723,6,205917
SWAY_OUTPUT,724,25,205918
SWAY_OUTPUT,725,34,205919
SWAY_OUTPUT,726,18,205920
SWAY_OUTPUT,727,12,205921
SWAY_OUTPUT,728,7,205922
SWAY_OUTPUT,729,17,205923
SWAY_OUTPUT,730,6,205924
SWAY_OUTPUT,731,-5,205925
SWAY_OUTPUT,732,-14,205926
SWAY_OUTPUT,733,-33,205927
SWAY_OUTPUT,734,-56,205928
SWAY_OUTPUT,735,-58,205929
SWAY_OUTPUT,736,-14,205930
SWAY_OUTPUT,737,-32,205931
SWAY_OUTPUT,738,-54,205932
SWAY_OUTPUT,739,-58,205933
SWAY_OUTPUT,740,20,205934
SWAY_FRAME,12,205878,205934
SWAY_OUTPUT,741,13,220950
SWAY_OUTPUT,742,13,220951
SWAY_OUTPUT,743,13,220952
SWAY_OUTPUT,744,13,220953
SWAY_OUTPUT,745,25,220954
SWAY_OUTPUT,746,36,220955
SWAY_OUTPUT,747,45,220956
SWAY_OUTPUT,748,2,220957
SWAY_OUTPUT,749,-6,220958
SWAY_OUTPUT,750,-12,220959
SWAY_OUTPUT,751,18,220960
SWAY_OUTPUT,752,21,220961
SWAY_OUTPUT,753,22,220962
SWAY_OUTPUT,754,23,220963
SWAY_OUTPUT,755,8,220964
SWAY_OUTPUT,756,2,220965
SWAY_OUTPUT,757,-2,220966
SWAY_OUTPUT,758,-4,220967
SWAY_OUTPUT,759,13,220968
SWAY_OUTPUT,760,126,220969
SWAY_OUTPUT,761,127,220970
SWAY_OUTPUT,762,125,220971
SWAY_OUTPUT,763,126,220972
SWAY_OUTPUT,764,126,220973
SWAY_OUTPUT,765,127,220974
SWAY_OUTPUT,766,126,220975
SWAY_OUTPUT,767,124,220976
SWAY_OUTPUT,768,124,220977
SWAY_OUTPUT,769,121,220978
SWAY_OUTPUT,770,125,220979
SWAY_OUTPUT,771,124,220980
SWAY_OUTPUT,772,127,220981
SWAY_OUTPUT,773,120,220982
SWAY_OUTPUT,774,124,220983
SWAY_OUTPUT,775,125,220984
SWAY_OUTPUT,776,127,220985
SWAY_OUTPUT,777,123,220986
SWAY_OUTPUT,778,127,220987
SWAY_OUTPUT,779,-15,220988
SWAY_OUTPUT,780,6,220989
SWAY_OUTPUT,781,25,220990
SWAY_OUTPUT,782,34,220991
SWAY_OUTPUT,783,18,220992
SWAY_OUTPUT,784,12,220993
SWAY_OUTPUT,785,7,220994
SWAY_OUTPUT,786,17,220995
SWAY_OUTPUT,787,6,220996
SWAY_OUTPUT,788,-5,220997
SWAY_OUTPUT,789,-14,220998
SWAY_OUTPUT,790,-33,220999
SWAY_OUTPUT,791,-56,221000
SWAY_OUTPUT,792,-58,221001
SWAY_OUTPUT,793,-14,221002
SWAY_OUTPUT,794,-32,221003
SWAY_OUTPUT,795,-54,221004
SWAY_OUTPUT,796,-58,221005
SWAY_OUTPUT,797,20,221006
SWAY_FRAME,13,220950,221006
SWAY_PASS frames=14 outputs=798 cycles=223055 drain_cycles=2048
