SWAY_INPUT_FRAME,0,2,363
SWAY_INPUT_FRAME,1,364,725
SWAY_INPUT_FRAME,2,726,8083
SWAY_OUTPUT,0,12,19153
SWAY_STALL,0,19154,27346
SWAY_INPUT_FRAME,3,8084,19299
SWAY_OUTPUT,1,13,27347
SWAY_OUTPUT,2,12,27348
SWAY_OUTPUT,3,12,27349
SWAY_OUTPUT,4,25,27350
SWAY_OUTPUT,5,34,27351
SWAY_OUTPUT,6,39,27352
SWAY_OUTPUT,7,2,27353
SWAY_OUTPUT,8,-4,27354
SWAY_OUTPUT,9,-7,27355
SWAY_OUTPUT,10,17,27356
SWAY_OUTPUT,11,19,27358
SWAY_OUTPUT,12,18,27359
SWAY_OUTPUT,13,19,27360
SWAY_OUTPUT,14,8,27361
SWAY_OUTPUT,15,3,27362
SWAY_OUTPUT,16,0,27363
SWAY_OUTPUT,17,-1,27364
SWAY_OUTPUT,18,13,27365
SWAY_OUTPUT,19,127,27366
SWAY_OUTPUT,20,127,27367
SWAY_OUTPUT,21,127,27369
SWAY_OUTPUT,22,126,27370
SWAY_OUTPUT,23,126,27371
SWAY_OUTPUT,24,125,27372
SWAY_OUTPUT,25,124,27373
SWAY_OUTPUT,26,126,27374
SWAY_OUTPUT,27,126,27375
SWAY_OUTPUT,28,122,27376
SWAY_OUTPUT,29,125,27377
SWAY_OUTPUT,30,125,27378
SWAY_OUTPUT,31,127,27380
SWAY_OUTPUT,32,122,27381
SWAY_OUTPUT,33,125,27382
SWAY_OUTPUT,34,125,27383
SWAY_OUTPUT,35,127,27384
SWAY_OUTPUT,36,122,27385
SWAY_OUTPUT,37,127,27386
SWAY_OUTPUT,38,-15,27387
SWAY_OUTPUT,39,5,27388
SWAY_OUTPUT,40,25,27389
SWAY_OUTPUT,41,33,27391
SWAY_OUTPUT,42,17,27392
SWAY_OUTPUT,43,10,27393
SWAY_OUTPUT,44,7,27394
SWAY_OUTPUT,45,16,27395
SWAY_OUTPUT,46,4,27396
SWAY_OUTPUT,47,-6,27397
SWAY_OUTPUT,48,-15,27398
SWAY_OUTPUT,49,-34,27399
SWAY_OUTPUT,50,-55,27400
SWAY_OUTPUT,51,-60,27402
SWAY_OUTPUT,52,-14,27403
SWAY_OUTPUT,53,-33,27404
SWAY_OUTPUT,54,-55,27405
SWAY_OUTPUT,55,-59,27406
SWAY_OUTPUT,56,19,27407
SWAY_FRAME,0,19153,27407
SWAY_OUTPUT,57,10,30369
SWAY_STALL,1,30370,38562
SWAY_INPUT_FRAME,4,19300,30517
SWAY_OUTPUT,58,10,38562
SWAY_OUTPUT,59,10,38563
SWAY_OUTPUT,60,10,38564
SWAY_OUTPUT,61,22,38565
SWAY_OUTPUT,62,27,38567
SWAY_OUTPUT,63,32,38568
SWAY_OUTPUT,64,-1,38569
SWAY_OUTPUT,65,-6,38570
SWAY_OUTPUT,66,-11,38571
SWAY_OUTPUT,67,15,38572
SWAY_OUTPUT,68,17,38573
SWAY_OUTPUT,69,18,38574
SWAY_OUTPUT,70,19,38575
SWAY_OUTPUT,71,6,38576
SWAY_OUTPUT,72,2,38578
SWAY_OUTPUT,73,0,38579
SWAY_OUTPUT,74,-1,38580
SWAY_OUTPUT,75,10,38581
SWAY_OUTPUT,76,127,38582
SWAY_OUTPUT,77,127,38583
SWAY_OUTPUT,78,127,38584
SWAY_OUTPUT,79,127,38585
SWAY_OUTPUT,80,127,38586
SWAY_OUTPUT,81,127,38587
SWAY_OUTPUT,82,125,38589
SWAY_OUTPUT,83,127,38590
SWAY_OUTPUT,84,127,38591
SWAY_OUTPUT,85,124,38592
SWAY_OUTPUT,86,124,38593
SWAY_OUTPUT,87,127,38594
SWAY_OUTPUT,88,127,38595
SWAY_OUTPUT,89,122,38596
SWAY_OUTPUT,90,125,38597
SWAY_OUTPUT,91,127,38598
SWAY_OUTPUT,92,127,38600
SWAY_OUTPUT,93,123,38601
SWAY_OUTPUT,94,127,38602
SWAY_OUTPUT,95,-10,38603
SWAY_OUTPUT,96,12,38604
SWAY_OUTPUT,97,32,38605
SWAY_OUTPUT,98,41,38606
SWAY_OUTPUT,99,23,38607
SWAY_OUTPUT,100,9,38608
SWAY_OUTPUT,101,-3,38609
SWAY_OUTPUT,102,22,38611
SWAY_OUTPUT,103,8,38612
SWAY_OUTPUT,104,-6,38613
SWAY_OUTPUT,105,-10,38614
SWAY_OUTPUT,106,-32,38615
SWAY_OUTPUT,107,-54,38616
SWAY_OUTPUT,108,-59,38617
SWAY_OUTPUT,109,-9,38618
SWAY_OUTPUT,110,-31,38619
SWAY_OUTPUT,111,-54,38620
SWAY_OUTPUT,112,-59,38622
SWAY_OUTPUT,113,26,38623
SWAY_FRAME,1,30369,38623
SWAY_OUTPUT,114,8,41585
SWAY_STALL,2,41586,49778
SWAY_INPUT_FRAME,5,30518,41731
SWAY_OUTPUT,115,8,49778
SWAY_OUTPUT,116,7,49779
SWAY_OUTPUT,117,7,49780
SWAY_OUTPUT,118,19,49781
SWAY_OUTPUT,119,24,49782
SWAY_OUTPUT,120,30,49783
SWAY_OUTPUT,121,-2,49784
SWAY_OUTPUT,122,-7,49785
SWAY_OUTPUT,123,-11,49787
SWAY_OUTPUT,124,12,49788
SWAY_OUTPUT,125,15,49789
SWAY_OUTPUT,126,15,49790
SWAY_OUTPUT,127,17,49791
SWAY_OUTPUT,128,4,49792
SWAY_OUTPUT,129,3,49793
SWAY_OUTPUT,130,4,49794
SWAY_OUTPUT,131,3,49795
SWAY_OUTPUT,132,8,49796
SWAY_OUTPUT,133,127,49798
SWAY_OUTPUT,134,127,49799
SWAY_OUTPUT,135,127,49800
SWAY_OUTPUT,136,127,49801
SWAY_OUTPUT,137,127,49802
SWAY_OUTPUT,138,127,49803
SWAY_OUTPUT,139,127,49804
SWAY_OUTPUT,140,127,49805
SWAY_OUTPUT,141,127,49806
SWAY_OUTPUT,142,125,49807
SWAY_OUTPUT,143,127,49809
SWAY_OUTPUT,144,127,49810
SWAY_OUTPUT,145,127,49811
SWAY_OUTPUT,146,125,49812
SWAY_OUTPUT,147,127,49813
SWAY_OUTPUT,148,127,49814
SWAY_OUTPUT,149,127,49815
SWAY_OUTPUT,150,126,49816
SWAY_OUTPUT,151,127,49817
SWAY_OUTPUT,152,-19,49818
SWAY_OUTPUT,153,2,49820
SWAY_OUTPUT,154,21,49821
SWAY_OUTPUT,155,29,49822
SWAY_OUTPUT,156,13,49823
SWAY_OUTPUT,157,1,49824
SWAY_OUTPUT,158,-10,49825
SWAY_OUTPUT,159,12,49826
SWAY_OUTPUT,160,-3,49827
SWAY_OUTPUT,161,-17,49828
SWAY_OUTPUT,162,-19,49829
SWAY_OUTPUT,163,-35,49831
SWAY_OUTPUT,164,-55,49832
SWAY_OUTPUT,165,-60,49833
SWAY_OUTPUT,166,-18,49834
SWAY_OUTPUT,167,-36,49835
SWAY_OUTPUT,168,-57,49836
SWAY_OUTPUT,169,-62,49837
SWAY_OUTPUT,170,15,49838
SWAY_FRAME,2,41585,49838
SWAY_OUTPUT,171,12,52801
SWAY_STALL,3,52802,60994
SWAY_INPUT_FRAME,6,41732,52947
SWAY_OUTPUT,172,12,60994
SWAY_OUTPUT,173,12,60996
SWAY_OUTPUT,174,12,60997
SWAY_OUTPUT,175,25,60998
SWAY_OUTPUT,176,32,60999
SWAY_OUTPUT,177,37,61000
SWAY_OUTPUT,178,1,61001
SWAY_OUTPUT,179,-9,61002
SWAY_OUTPUT,180,-14,61003
SWAY_OUTPUT,181,17,61004
SWAY_OUTPUT,182,20,61005
SWAY_OUTPUT,183,21,61007
SWAY_OUTPUT,184,23,61008
SWAY_OUTPUT,185,7,61009
SWAY_OUTPUT,186,3,61010
SWAY_OUTPUT,187,0,61011
SWAY_OUTPUT,188,-1,61012
SWAY_OUTPUT,189,12,61013
SWAY_OUTPUT,190,127,61014
SWAY_OUTPUT,191,127,61015
SWAY_OUTPUT,192,127,61016
SWAY_OUTPUT,193,127,61018
SWAY_OUTPUT,194,127,61019
SWAY_OUTPUT,195,126,61020
SWAY_OUTPUT,196,124,61021
SWAY_OUTPUT,197,127,61022
SWAY_OUTPUT,198,127,61023
SWAY_OUTPUT,199,124,61024
SWAY_OUTPUT,200,124,61025
SWAY_OUTPUT,201,126,61026
SWAY_OUTPUT,202,127,61027
SWAY_OUTPUT,203,121,61029
SWAY_OUTPUT,204,125,61030
SWAY_OUTPUT,205,127,61031
SWAY_OUTPUT,206,127,61032
SWAY_OUTPUT,207,122,61033
SWAY_OUTPUT,208,127,61034
SWAY_OUTPUT,209,-7,61035
SWAY_OUTPUT,210,15,61036
SWAY_OUTPUT,211,35,61037
SWAY_OUTPUT,212,44,61038
SWAY_OUTPUT,213,26,61040
SWAY_OUTPUT,214,17,61041
SWAY_OUTPUT,215,11,61042
SWAY_OUTPUT,216,26,61043
SWAY_OUTPUT,217,17,61044
SWAY_OUTPUT,218,11,61045
SWAY_OUTPUT,219,-7,61046
SWAY_OUTPUT,220,-30,61047
SWAY_OUTPUT,221,-53,61048
SWAY_OUTPUT,222,-59,61049
SWAY_OUTPUT,223,-6,61051
SWAY_OUTPUT,224,-30,61052
SWAY_OUTPUT,225,-54,61053
SWAY_OUTPUT,226,-58,61054
SWAY_OUTPUT,227,29,61055
SWAY_FRAME,3,52801,61055
SWAY_OUTPUT,228,13,64017
SWAY_STALL,4,64018,72210
SWAY_INPUT_FRAME,7,52948,64163
SWAY_OUTPUT,229,14,72210
SWAY_OUTPUT,230,14,72211
SWAY_OUTPUT,231,14,72212
SWAY_OUTPUT,232,27,72213
SWAY_OUTPUT,233,37,72214
SWAY_OUTPUT,234,47,72216
SWAY_OUTPUT,235,3,72217
SWAY_OUTPUT,236,-11,72218
SWAY_OUTPUT,237,-26,72219
SWAY_OUTPUT,238,17,72220
SWAY_OUTPUT,239,23,72221
SWAY_OUTPUT,240,24,72222
SWAY_OUTPUT,241,26,72223
SWAY_OUTPUT,242,8,72224
SWAY_OUTPUT,243,-4,72225
SWAY_OUTPUT,244,-13,72227
SWAY_OUTPUT,245,-15,72228
SWAY_OUTPUT,246,14,72229
SWAY_OUTPUT,247,127,72230
SWAY_OUTPUT,248,127,72231
SWAY_OUTPUT,249,126,72232
SWAY_OUTPUT,250,126,72233
SWAY_OUTPUT,251,125,72234
SWAY_OUTPUT,252,124,72235
SWAY_OUTPUT,253,123,72236
SWAY_OUTPUT,254,127,72238
SWAY_OUTPUT,255,127,72239
SWAY_OUTPUT,256,126,72240
SWAY_OUTPUT,257,126,72241
SWAY_OUTPUT,258,125,72242
SWAY_OUTPUT,259,127,72243
SWAY_OUTPUT,260,124,72244
SWAY_OUTPUT,261,127,72245
SWAY_OUTPUT,262,125,72246
SWAY_OUTPUT,263,127,72247
SWAY_OUTPUT,264,123,72249
SWAY_OUTPUT,265,127,72250
SWAY_OUTPUT,266,-14,72251
SWAY_OUTPUT,267,6,72252
SWAY_OUTPUT,268,25,72253
SWAY_OUTPUT,269,33,72254
SWAY_OUTPUT,270,17,72255
SWAY_OUTPUT,271,11,72256
SWAY_OUTPUT,272,5,72257
SWAY_OUTPUT,273,18,72258
SWAY_OUTPUT,274,14,72260
SWAY_OUTPUT,275,12,72261
SWAY_OUTPUT,276,-15,72262
SWAY_OUTPUT,277,-33,72263
SWAY_OUTPUT,278,-56,72264
SWAY_OUTPUT,279,-61,72265
SWAY_OUTPUT,280,-13,72266
SWAY_OUTPUT,281,-29,72267
SWAY_OUTPUT,282,-51,72268
SWAY_OUTPUT,283,-55,72269
SWAY_OUTPUT,284,19,72271
SWAY_FRAME,4,64017,72271
SWAY_OUTPUT,285,8,75233
SWAY_STALL,5,75234,83426
SWAY_INPUT_FRAME,8,64164,75381
SWAY_OUTPUT,286,7,83426
SWAY_OUTPUT,287,6,83427
SWAY_OUTPUT,288,6,83428
SWAY_OUTPUT,289,20,83429
SWAY_OUTPUT,290,32,83430
SWAY_OUTPUT,291,40,83431
SWAY_OUTPUT,292,-5,83432
SWAY_OUTPUT,293,-16,83433
SWAY_OUTPUT,294,-21,83434
SWAY_OUTPUT,295,13,83436
SWAY_OUTPUT,296,18,83437
SWAY_OUTPUT,297,21,83438
SWAY_OUTPUT,298,23,83439
SWAY_OUTPUT,299,3,83440
SWAY_OUTPUT,300,-1,83441
SWAY_OUTPUT,301,-2,83442
SWAY_OUTPUT,302,-3,83443
SWAY_OUTPUT,303,7,83444
SWAY_OUTPUT,304,127,83445
SWAY_OUTPUT,305,127,83447
SWAY_OUTPUT,306,127,83448
SWAY_OUTPUT,307,127,83449
SWAY_OUTPUT,308,127,83450
SWAY_OUTPUT,309,127,83451
SWAY_OUTPUT,310,126,83452
SWAY_OUTPUT,311,127,83453
SWAY_OUTPUT,312,127,83454
SWAY_OUTPUT,313,124,83455
SWAY_OUTPUT,314,126,83456
SWAY_OUTPUT,315,127,83458
SWAY_OUTPUT,316,127,83459
SWAY_OUTPUT,317,122,83460
SWAY_OUTPUT,318,126,83461
SWAY_OUTPUT,319,126,83462
SWAY_OUTPUT,320,127,83463
SWAY_OUTPUT,321,123,83464
SWAY_OUTPUT,322,127,83465
SWAY_OUTPUT,323,-10,83466
SWAY_OUTPUT,324,11,83467
SWAY_OUTPUT,325,30,83469
SWAY_OUTPUT,326,39,83470
SWAY_OUTPUT,327,23,83471
SWAY_OUTPUT,328,20,83472
SWAY_OUTPUT,329,23,83473
SWAY_OUTPUT,330,22,83474
SWAY_OUTPUT,331,17,83475
SWAY_OUTPUT,332,17,83476
SWAY_OUTPUT,333,-10,83477
SWAY_OUTPUT,334,-31,83478
SWAY_OUTPUT,335,-54,83480
SWAY_OUTPUT,336,-59,83481
SWAY_OUTPUT,337,-10,83482
SWAY_OUTPUT,338,-32,83483
SWAY_OUTPUT,339,-56,83484
SWAY_OUTPUT,340,-60,83485
SWAY_OUTPUT,341,24,83486
SWAY_FRAME,5,75233,83486
SWAY_OUTPUT,342,8,86450
SWAY_STALL,6,86451,94643
SWAY_INPUT_FRAME,9,75382,86595
SWAY_OUTPUT,343,8,94643
SWAY_OUTPUT,344,7,94645
SWAY_OUTPUT,345,7,94646
SWAY_OUTPUT,346,20,94647
SWAY_OUTPUT,347,33,94648
SWAY_OUTPUT,348,47,94649
SWAY_OUTPUT,349,-4,94650
SWAY_OUTPUT,350,-19,94651
SWAY_OUTPUT,351,-33,94652
SWAY_OUTPUT,352,13,94653
SWAY_OUTPUT,353,23,94654
SWAY_OUTPUT,354,32,94656
SWAY_OUTPUT,355,35,94657
SWAY_OUTPUT,356,4,94658
SWAY_OUTPUT,357,-6,94659
SWAY_OUTPUT,358,-12,94660
SWAY_OUTPUT,359,-13,94661
SWAY_OUTPUT,360,7,94662
SWAY_OUTPUT,361,127,94663
SWAY_OUTPUT,362,127,94664
SWAY_OUTPUT,363,126,94665
SWAY_OUTPUT,364,126,94667
SWAY_OUTPUT,365,127,94668
SWAY_OUTPUT,366,127,94669
SWAY_OUTPUT,367,126,94670
SWAY_OUTPUT,368,127,94671
SWAY_OUTPUT,369,126,94672
SWAY_OUTPUT,370,124,94673
SWAY_OUTPUT,371,127,94674
SWAY_OUTPUT,372,126,94675
SWAY_OUTPUT,373,127,94676
SWAY_OUTPUT,374,122,94678
SWAY_OUTPUT,375,127,94679
SWAY_OUTPUT,376,126,94680
SWAY_OUTPUT,377,127,94681
SWAY_OUTPUT,378,124,94682
SWAY_OUTPUT,379,127,94683
SWAY_OUTPUT,380,-8,94684
SWAY_OUTPUT,381,12,94685
SWAY_OUTPUT,382,32,94686
SWAY_OUTPUT,383,41,94687
SWAY_OUTPUT,384,25,94689
SWAY_OUTPUT,385,21,94690
SWAY_OUTPUT,386,18,94691
SWAY_OUTPUT,387,24,94692
SWAY_OUTPUT,388,21,94693
SWAY_OUTPUT,389,19,94694
SWAY_OUTPUT,390,-8,94695
SWAY_OUTPUT,391,-27,94696
SWAY_OUTPUT,392,-52,94697
SWAY_OUTPUT,393,-56,94698
SWAY_OUTPUT,394,-8,94700
SWAY_OUTPUT,395,-27,94701
SWAY_OUTPUT,396,-52,94702
SWAY_OUTPUT,397,-56,94703
SWAY_OUTPUT,398,26,94704
SWAY_FRAME,6,86450,94704
SWAY_OUTPUT,399,22,97665
SWAY_STALL,7,97666,105858
SWAY_INPUT_FRAME,10,86596,97811
SWAY_OUTPUT,400,23,105858
SWAY_OUTPUT,401,24,105859
SWAY_OUTPUT,402,25,105860
SWAY_OUTPUT,403,37,105861
SWAY_OUTPUT,404,45,105862
SWAY_OUTPUT,405,50,105863
SWAY_OUTPUT,406,13,105865
SWAY_OUTPUT,407,1,105866
SWAY_OUTPUT,408,-9,105867
SWAY_OUTPUT,409,26,105868
SWAY_OUTPUT,410,28,105869
SWAY_OUTPUT,411,23,105870
SWAY_OUTPUT,412,24,105871
SWAY_OUTPUT,413,17,105872
SWAY_OUTPUT,414,8,105873
SWAY_OUTPUT,415,-2,105874
SWAY_OUTPUT,416,-3,105876
SWAY_OUTPUT,417,24,105877
SWAY_OUTPUT,418,126,105878
SWAY_OUTPUT,419,127,105879
SWAY_OUTPUT,420,125,105880
SWAY_OUTPUT,421,125,105881
SWAY_OUTPUT,422,124,105882
SWAY_OUTPUT,423,124,105883
SWAY_OUTPUT,424,123,105884
SWAY_OUTPUT,425,126,105885
SWAY_OUTPUT,426,126,105887
SWAY_OUTPUT,427,124,105888
SWAY_OUTPUT,428,124,105889
SWAY_OUTPUT,429,122,105890
SWAY_OUTPUT,430,127,105891
SWAY_OUTPUT,431,123,105892
SWAY_OUTPUT,432,125,105893
SWAY_OUTPUT,433,126,105894
SWAY_OUTPUT,434,127,105895
SWAY_OUTPUT,435,122,105896
SWAY_OUTPUT,436,126,105898
SWAY_OUTPUT,437,-16,105899
SWAY_OUTPUT,438,4,105900
SWAY_OUTPUT,439,23,105901
SWAY_OUTPUT,440,31,105902
SWAY_OUTPUT,441,15,105903
SWAY_OUTPUT,442,9,105904
SWAY_OUTPUT,443,5,105905
SWAY_OUTPUT,444,16,105906
SWAY_OUTPUT,445,12,105907
SWAY_OUTPUT,446,10,105909
SWAY_OUTPUT,447,-17,105910
SWAY_OUTPUT,448,-34,105911
SWAY_OUTPUT,449,-57,105912
SWAY_OUTPUT,450,-62,105913
SWAY_OUTPUT,451,-15,105914
SWAY_OUTPUT,452,-32,105915
SWAY_OUTPUT,453,-52,105916
SWAY_OUTPUT,454,-56,105917
SWAY_OUTPUT,455,17,105918
SWAY_FRAME,7,97665,105918
SWAY_OUTPUT,456,12,108881
SWAY_STALL,8,108882,117074
SWAY_INPUT_FRAME,11,97812,109027
SWAY_OUTPUT,457,13,117074
SWAY_OUTPUT,458,13,117075
SWAY_OUTPUT,459,13,117076
SWAY_OUTPUT,460,26,117077
SWAY_OUTPUT,461,36,117078
SWAY_OUTPUT,462,42,117079
SWAY_OUTPUT,463,2,117080
SWAY_OUTPUT,464,-13,117081
SWAY_OUTPUT,465,-22,117082
SWAY_OUTPUT,466,17,117083
SWAY_OUTPUT,467,21,117085
SWAY_OUTPUT,468,22,117086
SWAY_OUTPUT,469,23,117087
SWAY_OUTPUT,470,8,117088
SWAY_OUTPUT,471,1,117089
SWAY_OUTPUT,472,-4,117090
SWAY_OUTPUT,473,-5,117091
SWAY_OUTPUT,474,13,117092
SWAY_OUTPUT,475,127,117093
SWAY_OUTPUT,476,127,117094
SWAY_OUTPUT,477,127,117096
SWAY_OUTPUT,478,127,117097
SWAY_OUTPUT,479,127,117098
SWAY_OUTPUT,480,127,117099
SWAY_OUTPUT,481,125,117100
SWAY_OUTPUT,482,127,117101
SWAY_OUTPUT,483,127,117102
SWAY_OUTPUT,484,126,117103
SWAY_OUTPUT,485,126,117104
SWAY_OUTPUT,486,127,117105
SWAY_OUTPUT,487,127,117107
SWAY_OUTPUT,488,124,117108
SWAY_OUTPUT,489,127,117109
SWAY_OUTPUT,490,127,117110
SWAY_OUTPUT,491,127,117111
SWAY_OUTPUT,492,123,117112
SWAY_OUTPUT,493,127,117113
SWAY_OUTPUT,494,-12,117114
SWAY_OUTPUT,495,8,117115
SWAY_OUTPUT,496,28,117116
SWAY_OUTPUT,497,36,117118
SWAY_OUTPUT,498,20,117119
SWAY_OUTPUT,499,15,117120
SWAY_OUTPUT,500,14,117121
SWAY_OUTPUT,501,20,117122
SWAY_OUTPUT,502,19,117123
SWAY_OUTPUT,503,22,117124
SWAY_OUTPUT,504,-13,117125
SWAY_OUTPUT,505,-32,117126
SWAY_OUTPUT,506,-55,117127
SWAY_OUTPUT,507,-61,117129
SWAY_OUTPUT,508,-12,117130
SWAY_OUTPUT,509,-31,117131
SWAY_OUTPUT,510,-54,117132
SWAY_OUTPUT,511,-58,117133
SWAY_OUTPUT,512,22,117134
SWAY_FRAME,8,108881,117134
SWAY_OUTPUT,513,21,120097
SWAY_STALL,9,120098,128290
SWAY_INPUT_FRAME,12,109028,120245
SWAY_OUTPUT,514,20,128290
SWAY_OUTPUT,515,19,128291
SWAY_OUTPUT,516,22,128292
SWAY_OUTPUT,517,38,128294
SWAY_OUTPUT,518,40,128295
SWAY_OUTPUT,519,23,128296
SWAY_OUTPUT,520,12,128297
SWAY_OUTPUT,521,1,128298
SWAY_OUTPUT,522,11,128299
SWAY_OUTPUT,523,26,128300
SWAY_OUTPUT,524,0,128301
SWAY_OUTPUT,525,-36,128302
SWAY_OUTPUT,526,-45,128303
SWAY_OUTPUT,527,15,128305
SWAY_OUTPUT,528,26,128306
SWAY_OUTPUT,529,13,128307
SWAY_OUTPUT,530,14,128308
SWAY_OUTPUT,531,20,128309
SWAY_OUTPUT,532,61,128310
SWAY_OUTPUT,533,73,128311
SWAY_OUTPUT,534,84,128312
SWAY_OUTPUT,535,81,128313
SWAY_OUTPUT,536,83,128314
SWAY_OUTPUT,537,87,128316
SWAY_OUTPUT,538,99,128317
SWAY_OUTPUT,539,78,128318
SWAY_OUTPUT,540,72,128319
SWAY_OUTPUT,541,78,128320
SWAY_OUTPUT,542,59,128321
SWAY_OUTPUT,543,66,128322
SWAY_OUTPUT,544,77,128323
SWAY_OUTPUT,545,60,128324
SWAY_OUTPUT,546,59,128325
SWAY_OUTPUT,547,57,128327
SWAY_OUTPUT,548,48,128328
SWAY_OUTPUT,549,23,128329
SWAY_OUTPUT,550,81,128330
SWAY_OUTPUT,551,-36,128331
SWAY_OUTPUT,552,-17,128332
SWAY_OUTPUT,553,1,128333
SWAY_OUTPUT,554,6,128334
SWAY_OUTPUT,555,-4,128335
SWAY_OUTPUT,556,-14,128336
SWAY_OUTPUT,557,-12,128338
SWAY_OUTPUT,558,-10,128339
SWAY_OUTPUT,559,8,128340
SWAY_OUTPUT,560,16,128341
SWAY_OUTPUT,561,-35,128342
SWAY_OUTPUT,562,-46,128343
SWAY_OUTPUT,563,-27,128344
SWAY_OUTPUT,564,-22,128345
SWAY_OUTPUT,565,-34,128346
SWAY_OUTPUT,566,-42,128347
SWAY_OUTPUT,567,-43,128349
SWAY_OUTPUT,568,-37,128350
SWAY_OUTPUT,569,-5,128351
SWAY_FRAME,9,120097,128351
SWAY_OUTPUT,570,32,131313
SWAY_STALL,10,131314,139506
SWAY_INPUT_FRAME,13,120246,131459
SWAY_OUTPUT,571,30,139506
SWAY_OUTPUT,572,26,139507
SWAY_OUTPUT,573,24,139508
SWAY_OUTPUT,574,42,139509
SWAY_OUTPUT,575,62,139510
SWAY_OUTPUT,576,4,139511
SWAY_OUTPUT,577,15,139512
SWAY_OUTPUT,578,14,139514
SWAY_OUTPUT,579,63,139515
SWAY_OUTPUT,580,36,139516
SWAY_OUTPUT,581,45,139517
SWAY_OUTPUT,582,47,139518
SWAY_OUTPUT,583,46,139519
SWAY_OUTPUT,584,27,139520
SWAY_OUTPUT,585,21,139521
SWAY_OUTPUT,586,17,139522
SWAY_OUTPUT,587,15,139523
SWAY_OUTPUT,588,27,139525
SWAY_OUTPUT,589,79,139526
SWAY_OUTPUT,590,86,139527
SWAY_OUTPUT,591,91,139528
SWAY_OUTPUT,592,92,139529
SWAY_OUTPUT,593,92,139530
SWAY_OUTPUT,594,86,139531
SWAY_OUTPUT,595,84,139532
SWAY_OUTPUT,596,95,139533
SWAY_OUTPUT,597,94,139534
SWAY_OUTPUT,598,115,139536
SWAY_OUTPUT,599,74,139537
SWAY_OUTPUT,600,58,139538
SWAY_OUTPUT,601,54,139539
SWAY_OUTPUT,602,35,139540
SWAY_OUTPUT,603,77,139541
SWAY_OUTPUT,604,85,139542
SWAY_OUTPUT,605,84,139543
SWAY_OUTPUT,606,88,139544
SWAY_OUTPUT,607,89,139545
SWAY_OUTPUT,608,4,139547
SWAY_OUTPUT,609,25,139548
SWAY_OUTPUT,610,45,139549
SWAY_OUTPUT,611,55,139550
SWAY_OUTPUT,612,41,139551
SWAY_OUTPUT,613,53,139552
SWAY_OUTPUT,614,95,139553
SWAY_OUTPUT,615,32,139554
SWAY_OUTPUT,616,41,139555
SWAY_OUTPUT,617,48,139556
SWAY_OUTPUT,618,5,139558
SWAY_OUTPUT,619,-24,139559
SWAY_OUTPUT,620,-36,139560
SWAY_OUTPUT,621,-36,139561
SWAY_OUTPUT,622,4,139562
SWAY_OUTPUT,623,-31,139563
SWAY_OUTPUT,624,-40,139564
SWAY_OUTPUT,625,-57,139565
SWAY_OUTPUT,626,39,139566
SWAY_FRAME,10,131313,139566
SWAY_OUTPUT,627,13,142529
SWAY_STALL,11,142530,150722
SWAY_OUTPUT,628,17,150723
SWAY_OUTPUT,629,22,150724
SWAY_OUTPUT,630,16,150725
SWAY_OUTPUT,631,28,150726
SWAY_OUTPUT,632,34,150727
SWAY_OUTPUT,633,33,150728
SWAY_OUTPUT,634,15,150729
SWAY_OUTPUT,635,26,150730
SWAY_OUTPUT,636,20,150731
SWAY_OUTPUT,637,16,150732
SWAY_OUTPUT,638,2,150734
SWAY_OUTPUT,639,-4,150735
SWAY_OUTPUT,640,-13,150736
SWAY_OUTPUT,641,10,150737
SWAY_OUTPUT,642,8,150738
SWAY_OUTPUT,643,-17,150739
SWAY_OUTPUT,644,-24,150740
SWAY_OUTPUT,645,21,150741
SWAY_OUTPUT,646,108,150742
SWAY_OUTPUT,647,124,150743
SWAY_OUTPUT,648,127,150745
SWAY_OUTPUT,649,127,150746
SWAY_OUTPUT,650,119,150747
SWAY_OUTPUT,651,94,150748
SWAY_OUTPUT,652,97,150749
SWAY_OUTPUT,653,127,150750
SWAY_OUTPUT,654,127,150751
SWAY_OUTPUT,655,127,150752
SWAY_OUTPUT,656,98,150753
SWAY_OUTPUT,657,127,150754
SWAY_OUTPUT,658,127,150756
SWAY_OUTPUT,659,127,150757
SWAY_OUTPUT,660,111,150758
SWAY_OUTPUT,661,116,150759
SWAY_OUTPUT,662,85,150760
SWAY_OUTPUT,663,66,150761
SWAY_OUTPUT,664,127,150762
SWAY_OUTPUT,665,-1,150763
SWAY_OUTPUT,666,25,150764
SWAY_OUTPUT,667,50,150765
SWAY_OUTPUT,668,57,150767
SWAY_OUTPUT,669,34,150768
SWAY_OUTPUT,670,35,150769
SWAY_OUTPUT,671,59,150770
SWAY_OUTPUT,672,35,150771
SWAY_OUTPUT,673,26,150772
SWAY_OUTPUT,674,25,150773
SWAY_OUTPUT,675,-2,150774
SWAY_OUTPUT,676,-36,150775
SWAY_OUTPUT,677,-43,150776
SWAY_OUTPUT,678,-48,150778
SWAY_OUTPUT,679,1,150779
SWAY_OUTPUT,680,-27,150780
SWAY_OUTPUT,681,-39,150781
SWAY_OUTPUT,682,-40,150782
SWAY_OUTPUT,683,42,150783
SWAY_FRAME,11,142529,150783
SWAY_OUTPUT,684,12,153745
SWAY_STALL,12,153746,161938
SWAY_OUTPUT,685,13,161938
SWAY_OUTPUT,686,12,161939
SWAY_OUTPUT,687,12,161940
SWAY_OUTPUT,688,25,161941
SWAY_OUTPUT,689,34,161943
SWAY_OUTPUT,690,39,161944
SWAY_OUTPUT,691,2,161945
SWAY_OUTPUT,692,-4,161946
SWAY_OUTPUT,693,-7,161947
SWAY_OUTPUT,694,17,161948
SWAY_OUTPUT,695,19,161949
SWAY_OUTPUT,696,18,161950
SWAY_OUTPUT,697,19,161951
SWAY_OUTPUT,698,8,161952
SWAY_OUTPUT,699,3,161954
SWAY_OUTPUT,700,0,161955
SWAY_OUTPUT,701,-1,161956
SWAY_OUTPUT,702,13,161957
SWAY_OUTPUT,703,127,161958
SWAY_OUTPUT,704,127,161959
SWAY_OUTPUT,705,127,161960
SWAY_OUTPUT,706,126,161961
SWAY_OUTPUT,707,126,161962
SWAY_OUTPUT,708,125,161963
SWAY_OUTPUT,709,124,161965
SWAY_OUTPUT,710,126,161966
SWAY_OUTPUT,711,126,161967
SWAY_OUTPUT,712,122,161968
SWAY_OUTPUT,713,125,161969
SWAY_OUTPUT,714,125,161970
SWAY_OUTPUT,715,127,161971
SWAY_OUTPUT,716,122,161972
SWAY_OUTPUT,717,125,161973
SWAY_OUTPUT,718,125,161974
SWAY_OUTPUT,719,127,161976
SWAY_OUTPUT,720,122,161977
SWAY_OUTPUT,721,127,161978
SWAY_OUTPUT,722,-15,161979
SWAY_OUTPUT,723,5,161980
SWAY_OUTPUT,724,25,161981
SWAY_OUTPUT,725,33,161982
SWAY_OUTPUT,726,17,161983
SWAY_OUTPUT,727,10,161984
SWAY_OUTPUT,728,7,161985
SWAY_OUTPUT,729,16,161987
SWAY_OUTPUT,730,4,161988
SWAY_OUTPUT,731,-6,161989
SWAY_OUTPUT,732,-15,161990
SWAY_OUTPUT,733,-34,161991
SWAY_OUTPUT,734,-55,161992
SWAY_OUTPUT,735,-60,161993
SWAY_OUTPUT,736,-14,161994
SWAY_OUTPUT,737,-33,161995
SWAY_OUTPUT,738,-55,161996
SWAY_OUTPUT,739,-59,161998
SWAY_OUTPUT,740,19,161999
SWAY_FRAME,12,153745,161999
SWAY_OUTPUT,741,12,164961
SWAY_STALL,13,164962,173154
SWAY_OUTPUT,742,13,173154
SWAY_OUTPUT,743,12,173155
SWAY_OUTPUT,744,12,173156
SWAY_OUTPUT,745,25,173157
SWAY_OUTPUT,746,34,173158
SWAY_OUTPUT,747,39,173159
SWAY_OUTPUT,748,2,173160
SWAY_OUTPUT,749,-4,173161
SWAY_OUTPUT,750,-7,173163
SWAY_OUTPUT,751,17,173164
SWAY_OUTPUT,752,19,173165
SWAY_OUTPUT,753,18,173166
SWAY_OUTPUT,754,19,173167
SWAY_OUTPUT,755,8,173168
SWAY_OUTPUT,756,3,173169
SWAY_OUTPUT,757,0,173170
SWAY_OUTPUT,758,-1,173171
SWAY_OUTPUT,759,13,173172
SWAY_OUTPUT,760,127,173174
SWAY_OUTPUT,761,127,173175
SWAY_OUTPUT,762,127,173176
SWAY_OUTPUT,763,126,173177
SWAY_OUTPUT,764,126,173178
SWAY_OUTPUT,765,125,173179
SWAY_OUTPUT,766,124,173180
SWAY_OUTPUT,767,126,173181
SWAY_OUTPUT,768,126,173182
SWAY_OUTPUT,769,122,173183
SWAY_OUTPUT,770,125,173185
SWAY_OUTPUT,771,125,173186
SWAY_OUTPUT,772,127,173187
SWAY_OUTPUT,773,122,173188
SWAY_OUTPUT,774,125,173189
SWAY_OUTPUT,775,125,173190
SWAY_OUTPUT,776,127,173191
SWAY_OUTPUT,777,122,173192
SWAY_OUTPUT,778,127,173193
SWAY_OUTPUT,779,-15,173194
SWAY_OUTPUT,780,5,173196
SWAY_OUTPUT,781,25,173197
SWAY_OUTPUT,782,33,173198
SWAY_OUTPUT,783,17,173199
SWAY_OUTPUT,784,10,173200
SWAY_OUTPUT,785,7,173201
SWAY_OUTPUT,786,16,173202
SWAY_OUTPUT,787,4,173203
SWAY_OUTPUT,788,-6,173204
SWAY_OUTPUT,789,-15,173205
SWAY_OUTPUT,790,-34,173207
SWAY_OUTPUT,791,-55,173208
SWAY_OUTPUT,792,-60,173209
SWAY_OUTPUT,793,-14,173210
SWAY_OUTPUT,794,-33,173211
SWAY_OUTPUT,795,-55,173212
SWAY_OUTPUT,796,-59,173213
SWAY_OUTPUT,797,19,173214
SWAY_FRAME,13,164961,173214
SWAY_PASS frames=14 outputs=798 cycles=175263 drain_cycles=2048
