checking package dependencies
compiling /workspace/scratch/58b69de06207/verification/native-multiply/final-rtl/snapshot/bsv/SwayMultiply.bsv
compiling /workspace/scratch/58b69de06207/verification/native-multiply/final-rtl/snapshot/bsv/TbNativeMultiply.bsv
code generation for mkTbNativeMultiply starts
Warning: "/workspace/scratch/58b69de06207/verification/native-multiply/final-rtl/snapshot/bsv/TbNativeMultiply.bsv", line 99, column 14: (G0043)
  Multiple reset signals influence rule `resetPipeline'.
  This can lead to inconsistent, non-atomic results when not all of these
  signals are asserted.
  Method calls by reset:
    Reset 1 (default_reset):
      resetCnt.read resetCnt.write restart.assertReset restart.isAsserted
    Reset 2 (restart.new_rst):
      test_acceptedCnt.read test_consumedCnt.read test_cycleCnt.read
  During elaboration of rule `resetPipeline' at
  "/workspace/scratch/58b69de06207/verification/native-multiply/final-rtl/snapshot/bsv/TbNativeMultiply.bsv",
  line 99, column 14.
  During elaboration of `mkTbNativeMultiply' at
  "/workspace/scratch/58b69de06207/verification/native-multiply/final-rtl/snapshot/bsv/TbNativeMultiply.bsv",
  line 84, column 8.
Warning: "/workspace/scratch/58b69de06207/verification/native-multiply/final-rtl/snapshot/bsv/TbNativeMultiply.bsv", line 109, column 14: (G0043)
  Multiple reset signals influence rule `resetFull'.
  This can lead to inconsistent, non-atomic results when not all of these
  signals are asserted.
  Method calls by reset:
    Reset 1 (default_reset):
      resetCnt.read resetCnt.write restart.assertReset restart.isAsserted
    Reset 2 (restart.new_rst):
      test_acceptedCnt.read test_consumedCnt.read test_cycleCnt.read
  During elaboration of rule `resetFull' at
  "/workspace/scratch/58b69de06207/verification/native-multiply/final-rtl/snapshot/bsv/TbNativeMultiply.bsv",
  line 109, column 14.
  During elaboration of `mkTbNativeMultiply' at
  "/workspace/scratch/58b69de06207/verification/native-multiply/final-rtl/snapshot/bsv/TbNativeMultiply.bsv",
  line 84, column 8.
Warning: "/workspace/scratch/58b69de06207/verification/native-multiply/final-rtl/snapshot/bsv/TbNativeMultiply.bsv", line 119, column 14: (G0043)
  Multiple reset signals influence rule `drain'.
  This can lead to inconsistent, non-atomic results when not all of these
  signals are asserted.
  Method calls by reset:
    Reset 1 (default_reset):
      resetCnt.read restart.isAsserted
    Reset 2 (restart.new_rst):
      test_drainOn.wset
  During elaboration of rule `drain' at
  "/workspace/scratch/58b69de06207/verification/native-multiply/final-rtl/snapshot/bsv/TbNativeMultiply.bsv",
  line 119, column 14.
  During elaboration of `mkTbNativeMultiply' at
  "/workspace/scratch/58b69de06207/verification/native-multiply/final-rtl/snapshot/bsv/TbNativeMultiply.bsv",
  line 84, column 8.
Warning: "/workspace/scratch/58b69de06207/verification/native-multiply/final-rtl/snapshot/bsv/TbNativeMultiply.bsv", line 123, column 14: (G0043)
  Multiple reset signals influence rule `finish'.
  This can lead to inconsistent, non-atomic results when not all of these
  signals are asserted.
  Method calls by reset:
    Reset 1 (default_reset):
      resetCnt.read restart.isAsserted
    Reset 2 (restart.new_rst):
      test_consumedCnt.read test_cycleCnt.read
  During elaboration of rule `finish' at
  "/workspace/scratch/58b69de06207/verification/native-multiply/final-rtl/snapshot/bsv/TbNativeMultiply.bsv",
  line 123, column 14.
  During elaboration of `mkTbNativeMultiply' at
  "/workspace/scratch/58b69de06207/verification/native-multiply/final-rtl/snapshot/bsv/TbNativeMultiply.bsv",
  line 84, column 8.
Schedule dump file created: /workspace/scratch/58b69de06207/verification/native-multiply/final-rtl/snapshot/iverilog/mkTbNativeMultiply.sched
Verilog file created: /workspace/scratch/58b69de06207/verification/native-multiply/final-rtl/snapshot/iverilog/mkTbNativeMultiply.v
All packages are up to date.
