RESET kind=pipeline cycle=7 accepted=6 consumed=0
CREDIT_BOUND cycle=32 accepted=8 consumed=0
RESET kind=full cycle=36 accepted=8 consumed=0
RESULT index=0 value=17179869184 cycle=4 issue=0
RESULT index=1 value=17179738112 cycle=5 issue=1
RESULT index=2 value=8589934592 cycle=6 issue=2
CREDIT_BOUND cycle=32 accepted=11 consumed=3
RESULT index=3 value=131072 cycle=72 issue=4
RESULT index=4 value=0 cycle=73 issue=5
RESULT index=5 value=-131072 cycle=74 issue=6
RESULT index=6 value=-8589803520 cycle=75 issue=8
RESULT index=7 value=-17179738112 cycle=76 issue=9
RESULT index=8 value=17179738112 cycle=77 issue=10
RESULT index=9 value=17179607041 cycle=78 issue=12
RESULT index=10 value=8589869056 cycle=80 issue=13
RESULT index=11 value=131071 cycle=81 issue=73
RESULT index=12 value=0 cycle=82 issue=74
RESULT index=13 value=-131071 cycle=83 issue=76
RESULT index=14 value=-8589737985 cycle=84 issue=77
RESULT index=15 value=-17179607041 cycle=85 issue=78
RESULT index=16 value=8589934592 cycle=86 issue=80
RESULT index=17 value=8589869056 cycle=88 issue=81
RESULT index=18 value=4294967296 cycle=89 issue=82
RESULT index=19 value=65536 cycle=90 issue=84
RESULT index=20 value=0 cycle=91 issue=85
RESULT index=21 value=-65536 cycle=92 issue=86
RESULT index=22 value=-4294901760 cycle=93 issue=88
RESULT index=23 value=-8589869056 cycle=94 issue=89
RESULT index=24 value=131072 cycle=96 issue=90
RESULT index=25 value=131071 cycle=97 issue=92
RESULT index=26 value=65536 cycle=98 issue=93
RESULT index=27 value=1 cycle=99 issue=94
RESULT index=28 value=0 cycle=100 issue=96
RESULT index=29 value=-1 cycle=101 issue=97
RESULT index=30 value=-65535 cycle=102 issue=98
RESULT index=31 value=-131071 cycle=104 issue=100
RESULT index=32 value=0 cycle=105 issue=101
RESULT index=33 value=0 cycle=106 issue=102
RESULT index=34 value=0 cycle=108 issue=104
RESULT index=35 value=0 cycle=109 issue=105
RESULT index=36 value=0 cycle=110 issue=106
RESULT index=37 value=0 cycle=112 issue=108
RESULT index=38 value=0 cycle=113 issue=109
RESULT index=39 value=0 cycle=114 issue=110
RESULT index=40 value=-131072 cycle=116 issue=112
RESULT index=41 value=-131071 cycle=117 issue=113
RESULT index=42 value=-65536 cycle=118 issue=114
RESULT index=43 value=-1 cycle=120 issue=116
RESULT index=44 value=0 cycle=121 issue=117
RESULT index=45 value=1 cycle=122 issue=118
RESULT index=46 value=65535 cycle=124 issue=120
RESULT index=47 value=131071 cycle=125 issue=121
RESULT index=48 value=-8589803520 cycle=126 issue=122
RESULT index=49 value=-8589737985 cycle=128 issue=124
RESULT index=50 value=-4294901760 cycle=129 issue=125
RESULT index=51 value=-65535 cycle=130 issue=126
RESULT index=52 value=0 cycle=132 issue=128
RESULT index=53 value=65535 cycle=133 issue=129
RESULT index=54 value=4294836225 cycle=134 issue=130
RESULT index=55 value=8589737985 cycle=136 issue=132
RESULT index=56 value=-17179738112 cycle=137 issue=133
RESULT index=57 value=-17179607041 cycle=138 issue=134
RESULT index=58 value=-8589869056 cycle=140 issue=136
RESULT index=59 value=-131071 cycle=141 issue=137
RESULT index=60 value=0 cycle=142 issue=138
RESULT index=61 value=131071 cycle=144 issue=140
RESULT index=62 value=8589737985 cycle=145 issue=141
RESULT index=63 value=17179607041 cycle=146 issue=142
RESULT index=64 value=-1812934134 cycle=148 issue=144
RESULT index=65 value=1536096423 cycle=149 issue=145
RESULT index=66 value=5440644901 cycle=150 issue=146
RESULT index=67 value=-1273939616 cycle=152 issue=148
RESULT index=68 value=-12752632370 cycle=153 issue=149
RESULT index=69 value=-607328616 cycle=154 issue=150
RESULT index=70 value=-6377379840 cycle=156 issue=152
RESULT index=71 value=3259767414 cycle=157 issue=153
RESULT index=72 value=-1258525909 cycle=158 issue=154
RESULT index=73 value=-791561888 cycle=160 issue=156
RESULT index=74 value=902971662 cycle=161 issue=157
RESULT index=75 value=888344330 cycle=162 issue=158
RESULT index=76 value=584066688 cycle=164 issue=160
RESULT index=77 value=372219408 cycle=165 issue=161
RESULT index=78 value=-2405879000 cycle=166 issue=162
RESULT index=79 value=71768433 cycle=168 issue=164
RESULT index=80 value=16411239500 cycle=169 issue=165
RESULT index=81 value=-5474329920 cycle=170 issue=166
RESULT index=82 value=31939503 cycle=172 issue=168
RESULT index=83 value=-15618524922 cycle=173 issue=169
RESULT index=84 value=8478108672 cycle=174 issue=170
RESULT index=85 value=10250611884 cycle=176 issue=172
RESULT index=86 value=2264339706 cycle=177 issue=173
RESULT index=87 value=2695134585 cycle=178 issue=174
RESULT index=88 value=8201213685 cycle=180 issue=176
RESULT index=89 value=3471693654 cycle=181 issue=177
RESULT index=90 value=6307213752 cycle=182 issue=178
RESULT index=91 value=2718206208 cycle=184 issue=180
RESULT index=92 value=-901614816 cycle=185 issue=181
RESULT index=93 value=-8597096948 cycle=186 issue=182
RESULT index=94 value=5107604787 cycle=188 issue=184
RESULT index=95 value=-3720163642 cycle=189 issue=185
RESULT index=96 value=3863090606 cycle=190 issue=186
RESULT index=97 value=-2133102250 cycle=192 issue=188
RESULT index=98 value=2834704125 cycle=193 issue=189
RESULT index=99 value=3368971552 cycle=194 issue=190
RESULT index=100 value=20311090 cycle=196 issue=192
RESULT index=101 value=245637696 cycle=197 issue=193
RESULT index=102 value=3323859808 cycle=198 issue=194
RESULT index=103 value=442939536 cycle=200 issue=196
RESULT index=104 value=-9379895688 cycle=201 issue=197
RESULT index=105 value=1685694500 cycle=202 issue=198
RESULT index=106 value=-1898208402 cycle=204 issue=200
RESULT index=107 value=-8775538785 cycle=205 issue=201
RESULT index=108 value=6080184628 cycle=206 issue=202
RESULT index=109 value=-3037794124 cycle=208 issue=204
RESULT index=110 value=-3014854747 cycle=209 issue=205
RESULT index=111 value=-6843361042 cycle=210 issue=206
RESULT index=112 value=6961238886 cycle=212 issue=208
RESULT index=113 value=6932043736 cycle=213 issue=209
RESULT index=114 value=-4783551209 cycle=214 issue=210
RESULT index=115 value=-8703268750 cycle=216 issue=212
RESULT index=116 value=-4253889639 cycle=217 issue=213
RESULT index=117 value=-2822596000 cycle=218 issue=214
RESULT index=118 value=1027954368 cycle=220 issue=216
RESULT index=119 value=-125350478 cycle=221 issue=217
RESULT index=120 value=6958267602 cycle=222 issue=218
RESULT index=121 value=1683174220 cycle=224 issue=220
RESULT index=122 value=15433981629 cycle=225 issue=221
RESULT index=123 value=-5913129690 cycle=226 issue=222
RESULT index=124 value=6040687733 cycle=228 issue=224
RESULT index=125 value=-1214188704 cycle=229 issue=225
RESULT index=126 value=-104817150 cycle=230 issue=226
RESULT index=127 value=-14626756386 cycle=232 issue=228
RESULT index=128 value=-9368163930 cycle=233 issue=229
RESULT index=129 value=-1785403548 cycle=234 issue=230
RESULT index=130 value=4263241647 cycle=236 issue=232
RESULT index=131 value=-3149559560 cycle=237 issue=233
RESULT index=132 value=-5378322620 cycle=238 issue=234
RESULT index=133 value=4273065207 cycle=240 issue=236
RESULT index=134 value=-1981257901 cycle=241 issue=237
RESULT index=135 value=-4995255596 cycle=242 issue=238
RESULT index=136 value=4258152747 cycle=244 issue=240
RESULT index=137 value=2567812148 cycle=245 issue=241
RESULT index=138 value=-1775925963 cycle=246 issue=242
RESULT index=139 value=6271443255 cycle=248 issue=244
RESULT index=140 value=1291624300 cycle=249 issue=245
RESULT index=141 value=662851149 cycle=250 issue=246
RESULT index=142 value=11508632604 cycle=252 issue=248
RESULT index=143 value=-5173389205 cycle=253 issue=249
RESULT index=144 value=3228326928 cycle=254 issue=250
RESULT index=145 value=3290653194 cycle=256 issue=252
RESULT index=146 value=-162633807 cycle=257 issue=253
RESULT index=147 value=3022827996 cycle=258 issue=254
RESULT index=148 value=-5782032760 cycle=260 issue=256
RESULT index=149 value=2520136830 cycle=261 issue=257
RESULT index=150 value=254029988 cycle=262 issue=258
RESULT index=151 value=-6900593469 cycle=264 issue=260
RESULT index=152 value=8837287936 cycle=265 issue=261
RESULT index=153 value=-1897436898 cycle=266 issue=262
RESULT index=154 value=4468673380 cycle=268 issue=264
RESULT index=155 value=9791978616 cycle=269 issue=265
RESULT index=156 value=-12080363082 cycle=270 issue=266
RESULT index=157 value=-9706585965 cycle=272 issue=268
RESULT index=158 value=398526858 cycle=273 issue=269
RESULT index=159 value=621395320 cycle=274 issue=270
RESULT index=160 value=4535560034 cycle=276 issue=272
RESULT index=161 value=3714726708 cycle=277 issue=273
RESULT index=162 value=11030475521 cycle=278 issue=274
RESULT index=163 value=-4951812525 cycle=280 issue=276
RESULT index=164 value=-2597372140 cycle=281 issue=277
RESULT index=165 value=-8104827519 cycle=282 issue=278
RESULT index=166 value=979618200 cycle=284 issue=280
RESULT index=167 value=7526052927 cycle=285 issue=281
RESULT index=168 value=122726373 cycle=286 issue=282
RESULT index=169 value=158013894 cycle=288 issue=284
RESULT index=170 value=13165065280 cycle=289 issue=285
RESULT index=171 value=5770766610 cycle=290 issue=286
RESULT index=172 value=-81860526 cycle=292 issue=288
RESULT index=173 value=-3313680430 cycle=293 issue=289
RESULT index=174 value=-3253599336 cycle=294 issue=290
RESULT index=175 value=-2844330939 cycle=296 issue=292
RESULT index=176 value=446973380 cycle=297 issue=293
RESULT index=177 value=48302056 cycle=298 issue=294
RESULT index=178 value=3149087945 cycle=300 issue=296
RESULT index=179 value=4020548880 cycle=301 issue=297
RESULT index=180 value=1987873228 cycle=302 issue=298
RESULT index=181 value=1094376022 cycle=304 issue=300
RESULT index=182 value=-388077024 cycle=305 issue=301
RESULT index=183 value=-4114037970 cycle=306 issue=302
RESULT index=184 value=348965460 cycle=308 issue=304
RESULT index=185 value=6478525420 cycle=309 issue=305
RESULT index=186 value=-9512599368 cycle=310 issue=306
RESULT index=187 value=16080985161 cycle=312 issue=308
RESULT index=188 value=13520990938 cycle=313 issue=309
RESULT index=189 value=7298471232 cycle=314 issue=310
RESULT index=190 value=-263207835 cycle=316 issue=312
RESULT index=191 value=-13876775900 cycle=317 issue=313
RESULT index=192 value=-8988532119 cycle=318 issue=314
RESULT index=193 value=704619864 cycle=320 issue=316
RESULT index=194 value=4214022749 cycle=321 issue=317
RESULT index=195 value=-7664349090 cycle=322 issue=318
RESULT index=196 value=-3334937646 cycle=324 issue=320
RESULT index=197 value=568388499 cycle=325 issue=321
RESULT index=198 value=3440311482 cycle=326 issue=322
RESULT index=199 value=-746561222 cycle=328 issue=324
RESULT index=200 value=3495879918 cycle=329 issue=325
RESULT index=201 value=-1809123426 cycle=330 issue=326
RESULT index=202 value=2451865508 cycle=332 issue=328
RESULT index=203 value=2368605104 cycle=333 issue=329
RESULT index=204 value=-2961345618 cycle=334 issue=330
RESULT index=205 value=6843232831 cycle=336 issue=332
RESULT index=206 value=-4350574890 cycle=337 issue=333
RESULT index=207 value=-903010032 cycle=338 issue=334
RESULT index=208 value=1654709056 cycle=340 issue=336
RESULT index=209 value=-16262238100 cycle=341 issue=337
RESULT index=210 value=1447164336 cycle=342 issue=338
RESULT index=211 value=6419031003 cycle=344 issue=340
RESULT index=212 value=15787865709 cycle=345 issue=341
RESULT index=213 value=8293303018 cycle=346 issue=342
RESULT index=214 value=1875272231 cycle=348 issue=344
RESULT index=215 value=-362515230 cycle=349 issue=345
RESULT index=216 value=3770375364 cycle=350 issue=346
RESULT index=217 value=54587864 cycle=352 issue=348
RESULT index=218 value=-1409211960 cycle=353 issue=349
RESULT index=219 value=-7344916731 cycle=354 issue=350
RESULT index=220 value=1408804444 cycle=356 issue=352
RESULT index=221 value=7193736519 cycle=357 issue=353
RESULT index=222 value=-3323801365 cycle=358 issue=354
RESULT index=223 value=-5086688784 cycle=360 issue=356
RESULT index=224 value=-3966726150 cycle=361 issue=357
RESULT index=225 value=-9478877895 cycle=362 issue=358
RESULT index=226 value=-3390722964 cycle=364 issue=360
RESULT index=227 value=-2420072060 cycle=365 issue=361
RESULT index=228 value=-8159529392 cycle=366 issue=362
RESULT index=229 value=13408942344 cycle=368 issue=364
RESULT index=230 value=1448984220 cycle=369 issue=365
RESULT index=231 value=-14709827346 cycle=370 issue=366
RESULT index=232 value=-400552887 cycle=372 issue=368
RESULT index=233 value=-3780346185 cycle=373 issue=369
RESULT index=234 value=238508160 cycle=374 issue=370
RESULT index=235 value=-34675992 cycle=376 issue=372
RESULT index=236 value=-4515806376 cycle=377 issue=373
RESULT index=237 value=-6795631830 cycle=378 issue=374
RESULT index=238 value=-2027165747 cycle=380 issue=376
RESULT index=239 value=5574577792 cycle=381 issue=377
RESULT index=240 value=5144382000 cycle=382 issue=378
RESULT index=241 value=-6107724173 cycle=384 issue=380
RESULT index=242 value=2026225740 cycle=385 issue=381
RESULT index=243 value=4933550830 cycle=386 issue=382
RESULT index=244 value=-5056887726 cycle=388 issue=384
RESULT index=245 value=4541461813 cycle=389 issue=385
RESULT index=246 value=2440670544 cycle=390 issue=386
RESULT index=247 value=1568309932 cycle=392 issue=388
RESULT index=248 value=8948809944 cycle=393 issue=389
RESULT index=249 value=78387322 cycle=394 issue=390
RESULT index=250 value=13620688556 cycle=396 issue=392
RESULT index=251 value=-2448689430 cycle=397 issue=393
RESULT index=252 value=2020448604 cycle=398 issue=394
RESULT index=253 value=3319057352 cycle=400 issue=396
RESULT index=254 value=11334846292 cycle=401 issue=397
RESULT index=255 value=-2655466030 cycle=402 issue=398
PASS native-multiply products=256 resets=2 final_cycle=403
