Info: constraining clock net 'CLK_clk_25mhz' to 25.00 MHz
Warning: net 'pll_clk_100mhz' does not exist in design, ignoring clock constraint
Warning: net 'pll_clk_125mhz' does not exist in design, ignoring clock constraint

Info: Logic utilisation before packing:
Info:     Total LUT4s:     45650/83640    54%
Info:         logic LUTs:  39104/83640    46%
Info:         carry LUTs:   3354/83640     4%
Info:           RAM LUTs:   2128/10455    20%
Info:          RAMW LUTs:   1064/20910     5%

Info:      Total DFFs:     57540/83640    68%

Info: Packing IOs..
Info: pin 'led[7]$tr_io' constrained to Bel 'X0/Y41/PIOD'.
Info: pin 'led[6]$tr_io' constrained to Bel 'X0/Y38/PIOD'.
Info: pin 'led[5]$tr_io' constrained to Bel 'X0/Y44/PIOD'.
Info: pin 'led[4]$tr_io' constrained to Bel 'X0/Y38/PIOB'.
Info: pin 'led[3]$tr_io' constrained to Bel 'X0/Y38/PIOC'.
Info: pin 'led[2]$tr_io' constrained to Bel 'X0/Y38/PIOA'.
Info: pin 'led[1]$tr_io' constrained to Bel 'X0/Y35/PIOD'.
Info: pin 'led[0]$tr_io' constrained to Bel 'X0/Y35/PIOC'.
Info: pin 'ftdi_txd$tr_io' constrained to Bel 'X0/Y89/PIOB'.
Info: pin 'ftdi_rxd$tr_io' constrained to Bel 'X0/Y56/PIOC'.
Info: pin 'CLK_clk_25mhz$tr_io' constrained to Bel 'X0/Y47/PIOA'.
Info: placed PLL 'clocks_pll.pll_i' at bel 'X1/Y4/EHXPLL_UL'
Info: Packing constants..
Info: Packing carries...
Info: Packing LUTs...
Info: Packing LUT5-7s...
Info: Packing FFs...
Info:     12835 FFs paired with LUTs.
Info: Generating derived timing constraints...
Info:     Input frequency of PLL 'clocks_pll.pll_i' is constrained to 25.0 MHz
Info:     Derived frequency constraint of 125.0 MHz for net clocks_pll.clk_125mhz
Info:     Derived frequency constraint of 100.0 MHz for net clocks_pll_clk_100mhz
Info:     Derived frequency constraint of 25.0 MHz for net clocks_pll.clk_25mhz
Info: Promoting globals...
Info:     promoting clock net clocks_pll_clk_100mhz to global network
Info:     promoting clock net CLK_clk_25mhz$TRELLIS_IO_IN to global network
Info: Checksum: 0x5a345941

Info: Device utilisation:
Info: 	          TRELLIS_IO:      11/    365     3%
Info: 	                DCCA:       2/     56     3%
Info: 	              DP16KD:       2/    208     0%
Info: 	          MULT18X18D:      45/    156    28%
Info: 	              ALU54B:       0/     78     0%
Info: 	             EHXPLLL:       1/      4    25%
Info: 	             EXTREFB:       0/      2     0%
Info: 	                DCUA:       0/      2     0%
Info: 	           PCSCLKDIV:       0/      2     0%
Info: 	             IOLOGIC:       0/    224     0%
Info: 	            SIOLOGIC:       0/    141     0%
Info: 	                 GSR:       0/      1     0%
Info: 	               JTAGG:       0/      1     0%
Info: 	                OSCG:       0/      1     0%
Info: 	               SEDGA:       0/      1     0%
Info: 	                 DTR:       0/      1     0%
Info: 	             USRMCLK:       0/      1     0%
Info: 	             CLKDIVF:       0/      4     0%
Info: 	           ECLKSYNCB:       0/     10     0%
Info: 	             DLLDELD:       0/      8     0%
Info: 	              DDRDLL:       0/      4     0%
Info: 	             DQSBUFM:       0/     14     0%
Info: 	     TRELLIS_ECLKBUF:       0/      8     0%
Info: 	        ECLKBRIDGECS:       0/      2     0%
Info: 	                DCSC:       0/      2     0%
Info: 	          TRELLIS_FF:   57540/  83640    68%
Info: 	        TRELLIS_COMB:   46736/  83640    55%
Info: 	        TRELLIS_RAMW:     532/  10455     5%

SWAY_OBSERVED_BELS_REPLAYED 104869
Info: Placed 104867 cells based on constraints.
Info: Creating initial analytic placement for 0 cells, random placement wirelen = 353474.
Info:     at initial placer iter 0, wirelen = 353474
Info:     at initial placer iter 1, wirelen = 353474
Info:     at initial placer iter 2, wirelen = 353474
Info:     at initial placer iter 3, wirelen = 353474
Info: Running main analytical placer, max placement attempts per cell = 10000.
Info: HeAP Placer Time: 11.64s
Info:   of which solving equations: 5.20s
Info:   of which spreading cells: 0.00s
Info:   of which strict legalisation: 0.00s

Info: Running simulated annealing placer for refinement.
Info:   at iteration #1: temp = 0.000000, timing cost = 3262, wirelen = 353474
Info:   at iteration #2: temp = 0.000000, timing cost = 3262, wirelen = 353474 
Info: SA placement time 5.55s

Info: Max frequency for clock '$glbnet$CLK_clk_25mhz$TRELLIS_IO_IN': 112.88 MHz (PASS at 25.00 MHz)
Info: Max frequency for clock       '$glbnet$clocks_pll_clk_100mhz': 65.92 MHz (FAIL at 100.00 MHz)

Info: Max delay <async>                                     -> posedge $glbnet$CLK_clk_25mhz$TRELLIS_IO_IN: 3.68 ns
Info: Max delay posedge $glbnet$CLK_clk_25mhz$TRELLIS_IO_IN -> <async>                                    : 10.05 ns
Info: Max delay posedge $glbnet$CLK_clk_25mhz$TRELLIS_IO_IN -> posedge $glbnet$clocks_pll_clk_100mhz      : 4.55 ns
Info: Max delay posedge $glbnet$clocks_pll_clk_100mhz       -> posedge $glbnet$CLK_clk_25mhz$TRELLIS_IO_IN: 8.23 ns

Info: Slack histogram:
Info:  legend: * represents 476 endpoint(s)
Info:          + represents [1,476) endpoint(s)
Info: [ -5171,  -2950) |+
Info: [ -2950,   -729) |****+
Info: [  -729,   1492) |***********************************+
Info: [  1492,   3713) |************************************************************ 
Info: [  3713,   5934) |**********************************************************+
Info: [  5934,   8155) |*****************************************************+
Info: [  8155,  10376) |****************************************************+
Info: [ 10376,  12597) | 
Info: [ 12597,  14818) | 
Info: [ 14818,  17039) | 
Info: [ 17039,  19260) | 
Info: [ 19260,  21481) | 
Info: [ 21481,  23702) | 
Info: [ 23702,  25923) | 
Info: [ 25923,  28144) | 
Info: [ 28144,  30365) | 
Info: [ 30365,  32586) |+
Info: [ 32586,  34807) |+
Info: [ 34807,  37028) |+
Info: [ 37028,  39249) |+
Info: Checksum: 0x8a3dc705
Info: constraining clock net '$glbnet$clocks_pll_clk_100mhz' to 100.00 MHz
Info: constraining clock net '$glbnet$CLK_clk_25mhz$TRELLIS_IO_IN' to 25.00 MHz
SWAY_LIVE_PLACEMENT_PASS phase=pre-route report=/workspace/scratch/62d002c09fd9/lut-physical-live/live-placement-proof.json
Info: Routing globals...
Info:     routing clock net $glbnet$CLK_clk_25mhz$TRELLIS_IO_IN using global 0
Info:     routing clock net $glbnet$clocks_pll_clk_100mhz using global 1

Info: Routing..
Info: Setting up routing queue.
Info: Routing 273763 arcs.
Info:            |   (re-)routed arcs  |   delta    | remaining|       time spent     |
Info:    IterCnt |  w/ripup   wo/ripup |  w/r  wo/r |      arcs| batch(sec) total(sec)|
Info:       1000 |        8        991 |    8   991 |    272785|       9.04       9.04|
Info:       2000 |       15       1984 |    7   993 |    271833|       1.23      10.27|
Info:       3000 |       45       2954 |   30   970 |    270870|       0.60      10.87|
Info:       4000 |      102       3897 |   57   943 |    270091|       0.89      11.76|
Info:       5000 |      161       4838 |   59   941 |    269238|       0.61      12.38|
Info:       6000 |      190       5809 |   29   971 |    268877|       0.70      13.08|
Info:       7000 |      244       6755 |   54   946 |    267989|       0.67      13.74|
Info:       8000 |      280       7719 |   36   964 |    267074|       0.67      14.42|
Info:       9000 |      312       8687 |   32   968 |    266114|       0.72      15.14|
Info:      10000 |      378       9621 |   66   934 |    265304|       0.58      15.72|
Info:      11000 |      414      10585 |   36   964 |    264619|       0.75      16.46|
Info:      12000 |      450      11549 |   36   964 |    263710|       0.62      17.08|
Info:      13000 |      490      12509 |   40   960 |    263166|       0.50      17.58|
Info:      14000 |      525      13474 |   35   965 |    262253|       0.57      18.14|
Info:      15000 |      569      14430 |   44   956 |    261303|       0.72      18.86|
Info:      16000 |      609      15390 |   40   960 |    260387|       0.60      19.47|
Info:      17000 |      659      16340 |   50   950 |    259482|       0.54      20.01|
Info:      18000 |      693      17306 |   34   966 |    258617|       0.51      20.52|
Info:      19000 |      742      18257 |   49   951 |    257744|       0.60      21.12|
Info:      20000 |      786      19213 |   44   956 |    256843|       0.51      21.63|
Info:      21000 |      834      20165 |   48   952 |    255925|       0.56      22.19|
Info:      22000 |      880      21119 |   46   954 |    254980|       0.50      22.69|
Info:      23000 |      940      22059 |   60   940 |    254161|       0.59      23.28|
Info:      24000 |      980      23019 |   40   960 |    253338|       0.54      23.82|
Info:      25000 |     1051      23948 |   71   929 |    252545|       0.61      24.43|
Info:      26000 |     1131      24868 |   80   920 |    251789|       0.56      24.99|
Info:      27000 |     1183      25816 |   52   948 |    250933|       0.54      25.52|
Info:      28000 |     1253      26746 |   70   930 |    250052|       0.71      26.23|
Info:      29000 |     1324      27675 |   71   929 |    249234|       0.55      26.78|
Info:      30000 |     1375      28624 |   51   949 |    248465|       0.59      27.37|
Info:      31000 |     1439      29560 |   64   936 |    247590|       0.63      28.00|
Info:      32000 |     1502      30497 |   63   937 |    246708|       0.58      28.58|
Info:      33000 |     1550      31449 |   48   952 |    245779|       0.52      29.10|
Info:      34000 |     1596      32403 |   46   954 |    244872|       0.53      29.63|
Info:      35000 |     1683      33316 |   87   913 |    244123|       0.58      30.21|
Info:      36000 |     1725      34274 |   42   958 |    243191|       0.59      30.80|
Info:      37000 |     1800      35199 |   75   925 |    242407|       0.66      31.46|
Info:      38000 |     1872      36127 |   72   928 |    241561|       0.61      32.07|
Info:      39000 |     1949      37050 |   77   923 |    240696|       0.62      32.69|
Info:      40000 |     2018      37981 |   69   931 |    239782|       0.55      33.23|
Info:      41000 |     2094      38905 |   76   924 |    238894|       0.63      33.86|
Info:      42000 |     2154      39845 |   60   940 |    237974|       0.64      34.50|
Info:      43000 |     2234      40765 |   80   920 |    237130|       0.62      35.12|
Info:      44000 |     2307      41692 |   73   927 |    236221|       0.55      35.67|
Info:      45000 |     2360      42639 |   53   947 |    235340|       0.67      36.34|
Info:      46000 |     2430      43569 |   70   930 |    234418|       0.61      36.95|
Info:      47000 |     2500      44499 |   70   930 |    233555|       0.60      37.55|
Info:      48000 |     2576      45423 |   76   924 |    232668|       0.60      38.16|
Info:      49000 |     2660      46339 |   84   916 |    231763|       0.60      38.76|
Info:      50000 |     2748      47251 |   88   912 |    230883|       0.66      39.42|
Info:      51000 |     2830      48169 |   82   918 |    230050|       0.56      39.98|
Info:      52000 |     2892      49107 |   62   938 |    229130|       0.69      40.67|
Info:      53000 |     2991      50008 |   99   901 |    228282|       0.64      41.31|
Info:      54000 |     3097      50902 |  106   894 |    227440|       0.67      41.98|
Info:      55000 |     3192      51807 |   95   905 |    226590|       0.60      42.59|
Info:      56000 |     3288      52711 |   96   904 |    225741|       0.59      43.17|
Info:      57000 |     3386      53613 |   98   902 |    224858|       0.63      43.80|
Info:      58000 |     3487      54512 |  101   899 |    224007|       0.61      44.41|
Info:      59000 |     3600      55399 |  113   887 |    223129|       0.61      45.02|
Info:      60000 |     3729      56270 |  129   871 |    222412|       0.68      45.70|
Info:      61000 |     3831      57168 |  102   898 |    221546|       0.61      46.32|
Info:      62000 |     3946      58053 |  115   885 |    220818|       0.68      46.99|
Info:      63000 |     4052      58947 |  106   894 |    219934|       0.73      47.72|
Info:      64000 |     4164      59835 |  112   888 |    219125|       0.58      48.30|
Info:      65000 |     4239      60760 |   75   925 |    218220|       0.72      49.02|
Info:      66000 |     4365      61634 |  126   874 |    217793|       0.70      49.72|
Info:      67000 |     4473      62526 |  108   892 |    216975|       0.60      50.33|
Info:      68000 |     4625      63374 |  152   848 |    216155|       0.69      51.02|
Info:      69000 |     4715      64284 |   90   910 |    215327|       0.60      51.62|
Info:      70000 |     4815      65184 |  100   900 |    214469|       0.72      52.35|
Info:      71000 |     4979      66020 |  164   836 |    213768|       0.63      52.97|
Info:      72000 |     5096      66903 |  117   883 |    212905|       0.57      53.54|
Info:      73000 |     5242      67757 |  146   854 |    212057|       0.68      54.23|
Info:      74000 |     5325      68674 |   83   917 |    211178|       0.66      54.88|
Info:      75000 |     5459      69540 |  134   866 |    210326|       0.60      55.49|
Info:      76000 |     5577      70422 |  118   882 |    209456|       0.89      56.38|
Info:      77000 |     5718      71281 |  141   859 |    208620|       0.68      57.06|
Info:      78000 |     5833      72166 |  115   885 |    207796|       0.75      57.81|
Info:      79000 |     5927      73072 |   94   906 |    206897|       0.67      58.48|
Info:      80000 |     6044      73955 |  117   883 |    206062|       0.70      59.17|
Info:      81000 |     6142      74857 |   98   902 |    205250|       0.84      60.02|
Info:      82000 |     6281      75718 |  139   861 |    204445|       0.64      60.65|
Info:      83000 |     6402      76597 |  121   879 |    203680|       1.21      61.86|
Info:      84000 |     6542      77457 |  140   860 |    202841|       1.40      63.27|
Info:      85000 |     6677      78322 |  135   865 |    202003|       0.66      63.92|
Info:      86000 |     6823      79176 |  146   854 |    201154|       0.73      64.65|
Info:      87000 |     6942      80057 |  119   881 |    200406|       1.05      65.71|
Info:      88000 |     7070      80929 |  128   872 |    199561|       0.76      66.47|
Info:      89000 |     7205      81794 |  135   865 |    198756|       0.68      67.15|
Info:      90000 |     7353      82646 |  148   852 |    197924|       1.13      68.27|
Info:      91000 |     7503      83496 |  150   850 |    197083|       0.71      68.98|
Info:      92000 |     7673      84326 |  170   830 |    196270|       0.74      69.73|
Info:      93000 |     7781      85218 |  108   892 |    195451|       0.88      70.61|
Info:      94000 |     7904      86095 |  123   877 |    194588|       0.78      71.39|
Info:      95000 |     8028      86971 |  124   876 |    193727|       0.79      72.18|
Info:      96000 |     8202      87797 |  174   826 |    192922|       0.78      72.97|
Info:      97000 |     8322      88677 |  120   880 |    192043|       0.89      73.85|
Info:      98000 |     8450      89549 |  128   872 |    191211|       0.71      74.56|
Info:      99000 |     8586      90413 |  136   864 |    190351|       0.70      75.26|
Info:     100000 |     8722      91277 |  136   864 |    189583|       0.94      76.20|
Info:     101000 |     8831      92168 |  109   891 |    188723|       0.78      76.98|
Info:     102000 |     8986      93013 |  155   845 |    187933|       0.72      77.70|
Info:     103000 |     9144      93855 |  158   842 |    187173|       0.80      78.50|
Info:     104000 |     9273      94726 |  129   871 |    186342|       0.69      79.19|
Info:     105000 |     9397      95602 |  124   876 |    185490|       0.77      79.96|
Info:     106000 |     9501      96498 |  104   896 |    184621|       1.02      80.98|
Info:     107000 |     9652      97347 |  151   849 |    183782|       0.77      81.75|
Info:     108000 |     9803      98196 |  151   849 |    182960|       0.74      82.49|
Info:     109000 |     9948      99051 |  145   855 |    182169|       0.82      83.30|
Info:     110000 |    10089      99910 |  141   859 |    181338|       0.82      84.12|
Info:     111000 |    10227     100772 |  138   862 |    180488|       0.74      84.86|
Info:     112000 |    10382     101617 |  155   845 |    179658|       0.74      85.60|
Info:     113000 |    10520     102479 |  138   862 |    178898|       1.17      86.78|
Info:     114000 |    10676     103323 |  156   844 |    178085|       0.76      87.54|
Info:     115000 |    10800     104199 |  124   876 |    177225|       0.79      88.33|
Info:     116000 |    10944     105055 |  144   856 |    176380|       0.77      89.10|
Info:     117000 |    11083     105916 |  139   861 |    175536|       0.73      89.83|
Info:     118000 |    11239     106760 |  156   844 |    174803|       0.75      90.58|
Info:     119000 |    11416     107583 |  177   823 |    174015|       0.82      91.40|
Info:     120000 |    11559     108440 |  143   857 |    173329|       1.08      92.48|
Info:     121000 |    11723     109276 |  164   836 |    172776|       0.74      93.22|
Info:     122000 |    11886     110113 |  163   837 |    172121|       0.80      94.02|
Info:     123000 |    12048     110948 |  162   835 |    171340|       0.77      94.79|
Info:     124000 |    12195     111799 |  147   851 |    170622|       0.86      95.65|
Info:     125000 |    12389     112605 |  194   806 |    169912|       0.86      96.51|
Info:     126000 |    12538     113456 |  149   851 |    169095|       0.79      97.29|
Info:     127000 |    12699     114295 |  161   839 |    168391|       0.82      98.12|
Info:     128000 |    12831     115163 |  132   868 |    167583|       1.18      99.30|
Info:     129000 |    12986     116008 |  155   845 |    166775|       0.88     100.18|
Info:     130000 |    13163     116831 |  177   823 |    165990|       0.87     101.05|
Info:     131000 |    13315     117677 |  152   846 |    165232|       0.88     101.94|
Info:     132000 |    13479     118508 |  164   831 |    164612|       0.92     102.86|
Info:     133000 |    13645     119342 |  166   834 |    163815|       0.84     103.70|
Info:     134000 |    13818     120167 |  173   825 |    163168|       0.88     104.58|
Info:     135000 |    14005     120979 |  187   812 |    162448|       1.04     105.62|
Info:     136000 |    14144     121840 |  139   861 |    161682|       1.28     106.89|
Info:     137000 |    14320     122664 |  176   824 |    160899|       0.90     107.80|
Info:     138000 |    14477     123507 |  157   843 |    160140|       0.98     108.78|
Info:     139000 |    14623     124361 |  146   854 |    159374|       1.13     109.91|
Info:     140000 |    14820     125164 |  197   803 |    158653|       0.99     110.90|
Info:     141000 |    14997     125987 |  177   823 |    158068|       0.85     111.75|
Info:     142000 |    15173     126809 |  176   822 |    157274|       0.82     112.57|
Info:     143000 |    15328     127653 |  155   844 |    156957|       1.21     113.78|
Info:     144000 |    15413     128568 |   85   915 |    156332|       0.89     114.66|
Info:     145000 |    15630     129347 |  217   779 |    155571|       0.91     115.57|
Info:     146000 |    15830     130144 |  200   797 |    154866|       1.21     116.78|
Info:     147000 |    15983     130991 |  153   847 |    154067|       0.85     117.62|
Info:     148000 |    16119     131849 |  136   858 |    153266|       0.91     118.54|
Info:     149000 |    16314     132652 |  195   803 |    152633|       1.03     119.57|
Info:     150000 |    16506     133453 |  192   801 |    151873|       0.93     120.49|
Info:     151000 |    16671     134286 |  165   833 |    151603|       1.28     121.77|
Info:     152000 |    16833     135124 |  162   838 |    151037|       1.15     122.93|
Info:     153000 |    16973     135983 |  140   859 |    150543|       1.33     124.26|
Info:     154000 |    17154     136786 |  181   803 |    149736|       1.07     125.33|
Info:     155000 |    17322     137599 |  168   813 |    148938|       0.89     126.22|
Info:     156000 |    17509     138408 |  187   809 |    148255|       0.93     127.15|
Info:     157000 |    17654     139254 |  145   846 |    147455|       1.09     128.24|
Info:     158000 |    17849     140035 |  195   781 |    146749|       0.96     129.20|
Info:     159000 |    18012     140860 |  163   825 |    146062|       0.87     130.07|
Info:     160000 |    18155     141687 |  143   827 |    145468|       1.28     131.35|
Info:     161000 |    18312     142527 |  157   840 |    144888|       1.40     132.75|
Info:     162000 |    18486     143320 |  174   793 |    144207|       0.87     133.62|
Info:     163000 |    18641     144128 |  155   808 |    143494|       0.90     134.52|
Info:     164000 |    18844     144903 |  203   775 |    142890|       1.31     135.83|
Info:     165000 |    19040     145669 |  196   766 |    142146|       1.27     137.11|
Info:     166000 |    19193     146474 |  153   805 |    141374|       0.86     137.97|
Info:     167000 |    19359     147276 |  166   802 |    140644|       0.84     138.80|
Info:     168000 |    19540     148030 |  181   754 |    140055|       0.92     139.72|
Info:     169000 |    19681     148794 |  141   764 |    139294|       0.82     140.53|
Info:     170000 |    19862     149612 |  181   818 |    138846|       1.53     142.07|
Info:     171000 |    20003     150433 |  141   821 |    138178|       0.91     142.98|
Info:     172000 |    20138     151186 |  135   753 |    137366|       0.82     143.80|
Info:     173000 |    20314     151940 |  176   754 |    136736|       0.86     144.66|
Info:     174000 |    20489     152698 |  175   758 |    136022|       0.80     145.46|
Info:     175000 |    20696     153474 |  207   776 |    135446|       0.94     146.40|
Info:     176000 |    20833     154268 |  137   794 |    134610|       1.11     147.52|
Info:     177000 |    20990     155065 |  157   797 |    133924|       0.99     148.50|
Info:     178000 |    21164     155853 |  174   788 |    133354|       0.98     149.48|
Info:     179000 |    21304     156610 |  140   757 |    132561|       1.07     150.55|
Info:     180000 |    21447     157393 |  143   783 |    131784|       1.28     151.84|
Info:     181000 |    21622     158218 |  175   825 |    131553|       1.68     153.52|
Info:     182000 |    21787     159038 |  165   820 |    131203|       1.39     154.91|
Info:     183000 |    21970     159778 |  183   740 |    130427|       0.90     155.80|
Info:     184000 |    22157     160487 |  187   709 |    129633|       0.95     156.75|
Info:     185000 |    22338     161288 |  181   801 |    129132|       0.92     157.67|
Info:     186000 |    22471     162059 |  133   771 |    128286|       0.86     158.53|
Info:     187000 |    22607     162844 |  136   785 |    127562|       0.92     159.46|
Info:     188000 |    22772     163589 |  165   745 |    126885|       0.96     160.42|
Info:     189000 |    22938     164318 |  166   729 |    126157|       0.97     161.39|
Info:     190000 |    23097     165082 |  159   764 |    125368|       0.87     162.25|
Info:     191000 |    23278     165771 |  181   689 |    124623|       0.82     163.07|
Info:     192000 |    23451     166589 |  173   818 |    124033|       1.65     164.72|
Info:     193000 |    23615     167391 |  164   802 |    123450|       1.22     165.94|
Info:     194000 |    23758     168088 |  143   697 |    122612|       0.93     166.87|
Info:     195000 |    23875     168865 |  117   777 |    121739|       0.91     167.78|
Info:     196000 |    24060     169564 |  185   699 |    120975|       0.86     168.65|
Info:     197000 |    24207     170295 |  147   731 |    120154|       1.01     169.66|
Info:     198000 |    24386     171038 |  179   743 |    119647|       1.05     170.71|
Info:     199000 |    24554     171838 |  168   800 |    118909|       1.13     171.84|
Info:     200000 |    24685     172596 |  131   758 |    118099|       1.14     172.98|
Info:     201000 |    24830     173327 |  145   731 |    117296|       0.95     173.93|
Info:     202000 |    24986     174165 |  156   838 |    116803|       1.91     175.84|
Info:     203000 |    25154     174968 |  168   803 |    116619|       1.55     177.39|
Info:     204000 |    25257     175799 |  103   831 |    115757|       0.92     178.31|
Info:     205000 |    25395     176570 |  138   771 |    114923|       1.13     179.44|
Info:     206000 |    25529     177328 |  134   758 |    114110|       0.93     180.37|
Info:     207000 |    25650     178104 |  121   776 |    113239|       0.91     181.28|
Info:     208000 |    25808     178818 |  158   714 |    112431|       1.00     182.28|
Info:     209000 |    25962     179616 |  154   798 |    111613|       1.07     183.35|
Info:     210000 |    26055     180364 |   93   748 |    110715|       0.95     184.30|
Info:     211000 |    26203     181067 |  148   703 |    109905|       1.00     185.30|
Info:     212000 |    26325     181854 |  122   787 |    109070|       1.09     186.39|
Info:     213000 |    26573     182606 |  248   752 |    109011|       1.89     188.27|
Info:     214000 |    26811     183368 |  238   762 |    108702|       1.66     189.93|
Info:     215000 |    26946     184233 |  135   865 |    108723|       1.36     191.29|
Info:     216000 |    27065     185026 |  119   793 |    107902|       1.14     192.43|
Info:     217000 |    27237     185778 |  172   752 |    107238|       1.16     193.59|
Info:     218000 |    27368     186540 |  131   762 |    106432|       1.05     194.63|
Info:     219000 |    27505     187247 |  137   707 |    105602|       0.97     195.61|
Info:     220000 |    27602     188033 |   97   786 |    104734|       1.08     196.69|
Info:     221000 |    27721     188817 |  119   784 |    103897|       1.03     197.72|
Info:     222000 |    27857     189519 |  136   702 |    103103|       1.02     198.75|
Info:     223000 |    28008     190288 |  151   769 |    102391|       1.05     199.80|
Info:     224000 |    28180     191058 |  172   770 |    101653|       1.68     201.48|
Info:     225000 |    28356     191882 |  176   824 |    101137|       2.01     203.49|
Info:     226000 |    28547     192691 |  191   809 |    100736|       2.05     205.54|
Info:     227000 |    28671     193432 |  124   741 |     99929|       1.06     206.61|
Info:     228000 |    28828     194160 |  157   728 |     99164|       1.07     207.68|
Info:     229000 |    28949     194880 |  121   720 |     98305|       0.94     208.62|
Info:     230000 |    29045     195670 |   96   790 |     97419|       1.01     209.64|
Info:     231000 |    29153     196401 |  108   731 |     96549|       0.94     210.58|
Info:     232000 |    29329     197119 |  176   718 |     95764|       1.05     211.62|
Info:     233000 |    29448     197966 |  119   847 |     95328|       2.07     213.70|
Info:     234000 |    29607     198703 |  159   737 |     94536|       1.35     215.05|
Info:     235000 |    29759     199406 |  152   703 |     93818|       1.04     216.08|
Info:     236000 |    30011     200151 |  252   745 |     93560|       1.88     217.96|
Info:     237000 |    30265     200897 |  254   746 |     93283|       1.83     219.79|
Info:     238000 |    30429     201615 |  164   718 |     92529|       1.32     221.11|
Info:     239000 |    30578     202391 |  149   776 |     91849|       1.11     222.23|
Info:     240000 |    30742     203181 |  164   790 |     91081|       1.08     223.30|
Info:     241000 |    30897     203913 |  155   732 |     90244|       0.99     224.30|
Info:     242000 |    31016     204637 |  119   724 |     89380|       1.05     225.34|
Info:     243000 |    31176     205404 |  160   767 |     88566|       1.23     226.58|
Info:     244000 |    31316     206201 |  140   797 |     87813|       1.12     227.70|
Info:     245000 |    31453     206897 |  137   696 |     87088|       1.17     228.87|
Info:     246000 |    31655     207689 |  202   792 |     86473|       1.95     230.82|
Info:     247000 |    31860     208484 |  205   795 |     86015|       1.95     232.77|
Info:     248000 |    32065     209278 |  205   794 |     85517|       2.30     235.06|
Info:     249000 |    32220     210022 |  155   744 |     84685|       1.41     236.47|
Info:     250000 |    32373     210755 |  153   733 |     84077|       1.28     237.74|
Info:     251000 |    32549     211517 |  176   762 |     83291|       1.27     239.01|
Info:     252000 |    32695     212181 |  146   664 |     82487|       1.54     240.55|
Info:     253000 |    32832     213000 |  137   819 |     81661|       1.58     242.13|
Info:     254000 |    32901     213875 |   69   875 |     80763|       1.98     244.11|
Info:     255000 |    33055     214607 |  154   732 |     80044|       1.47     245.58|
Info:     256000 |    33318     215333 |  263   726 |     79706|       1.84     247.42|
Info:     257000 |    33590     216059 |  272   726 |     79338|       2.17     249.59|
Info:     258000 |    33817     216757 |  227   698 |     78824|       1.52     251.10|
Info:     259000 |    33953     217532 |  136   775 |     78003|       1.03     252.14|
Info:     260000 |    34133     218274 |  180   742 |     77263|       1.12     253.26|
Info:     261000 |    34302     219027 |  169   753 |     76512|       1.09     254.35|
Info:     262000 |    34440     219814 |  138   787 |     75709|       1.33     255.68|
Info:     263000 |    34614     220575 |  174   761 |     75395|       1.13     256.81|
Info:     264000 |    34735     221454 |  121   879 |     74896|       1.13     257.94|
Info:     265000 |    34927     222185 |  192   731 |     74360|       1.63     259.56|
Info:     266000 |    35193     222919 |  266   734 |     73976|       1.97     261.53|
Info:     267000 |    35433     223679 |  240   760 |     73745|       1.86     263.39|
Info:     268000 |    35679     224433 |  246   754 |     73242|       2.03     265.43|
Info:     269000 |    35924     225188 |  245   755 |     72778|       2.10     267.52|
Info:     270000 |    36143     225898 |  219   710 |     72293|       1.80     269.32|
Info:     271000 |    36329     226624 |  186   726 |     71577|       1.27     270.59|
Info:     272000 |    36526     227378 |  197   754 |     70897|       1.15     271.74|
Info:     273000 |    36689     228105 |  163   727 |     70103|       1.05     272.78|
Info:     274000 |    36857     228887 |  168   782 |     69489|       1.16     273.95|
Info:     275000 |    36967     229771 |  110   884 |     68644|       1.34     275.29|
Info:     276000 |    37148     230531 |  181   760 |     67895|       1.31     276.60|
Info:     277000 |    37341     231305 |  193   774 |     67240|       1.26     277.87|
Info:     278000 |    37512     232076 |  171   771 |     66485|       1.18     279.05|
Info:     279000 |    37660     232835 |  148   759 |     65698|       1.13     280.19|
Info:     280000 |    37807     233668 |  147   833 |     64913|       1.13     281.31|
Info:     281000 |    37980     234438 |  173   770 |     64326|       1.39     282.70|
Info:     282000 |    38137     235265 |  157   827 |     63581|       1.24     283.95|
Info:     283000 |    38338     236051 |  201   786 |     62956|       1.44     285.38|
Info:     284000 |    38541     236820 |  203   769 |     62244|       1.51     286.89|
Info:     285000 |    38782     237579 |  241   759 |     61667|       2.69     289.58|
Info:     286000 |    39063     238298 |  281   719 |     61120|       2.60     292.19|
Info:     287000 |    39358     239003 |  295   705 |     60978|       2.02     294.21|
Info:     288000 |    39625     239736 |  267   733 |     60556|       2.30     296.51|
Info:     289000 |    39958     240403 |  333   667 |     60246|       2.99     299.50|
Info:     290000 |    40194     241141 |  236   738 |     59573|       1.66     301.15|
Info:     291000 |    40387     241911 |  193   770 |     58904|       1.74     302.89|
Info:     292000 |    40640     242630 |  253   719 |     58343|       1.57     304.46|
Info:     293000 |    40838     243409 |  198   779 |     57586|       1.25     305.71|
Info:     294000 |    41037     244191 |  199   782 |     56938|       1.29     307.00|
Info:     295000 |    41192     245030 |  155   839 |     56159|       1.39     308.38|
Info:     296000 |    41340     245851 |  148   821 |     55343|       1.40     309.79|
Info:     297000 |    41486     246667 |  146   816 |     54520|       1.62     311.41|
Info:     298000 |    41704     247394 |  218   727 |     53825|       1.85     313.26|
Info:     299000 |    41928     248121 |  224   727 |     53261|       1.51     314.77|
Info:     300000 |    42154     248865 |  226   744 |     52593|       1.36     316.13|
Info:     301000 |    42364     249643 |  210   778 |     51872|       1.29     317.41|
Info:     302000 |    42750     250254 |  386   611 |     51431|       1.58     318.99|
Info:     303000 |    42995     251004 |  245   750 |     50895|       1.54     320.53|
Info:     304000 |    43267     251732 |  272   728 |     50250|       1.46     321.99|
Info:     305000 |    43555     252444 |  288   712 |     49991|       2.21     324.20|
Info:     306000 |    43882     253117 |  327   673 |     49549|       2.32     326.51|
Info:     307000 |    44157     253842 |  275   725 |     49178|       1.91     328.43|
Info:     308000 |    44448     254551 |  291   709 |     48680|       2.08     330.50|
Info:     309000 |    44756     255243 |  308   692 |     48342|       2.05     332.55|
Info:     310000 |    45081     255918 |  325   675 |     47882|       2.14     334.69|
Info:     311000 |    45415     256584 |  334   666 |     47481|       2.19     336.88|
Info:     312000 |    45711     257288 |  296   704 |     46961|       1.86     338.74|
Info:     313000 |    45930     258063 |  219   775 |     46267|       1.27     340.01|
Info:     314000 |    46154     258826 |  224   763 |     45564|       1.19     341.20|
Info:     315000 |    46433     259545 |  279   719 |     44961|       1.36     342.56|
Info:     316000 |    46757     260218 |  324   673 |     44670|       1.57     344.13|
Info:     317000 |    46951     261023 |  194   805 |     43985|       1.25     345.38|
Info:     318000 |    47123     261851 |  172   828 |     43199|       1.37     346.75|
Info:     319000 |    47324     262650 |  201   799 |     42478|       2.35     349.11|
Info:     320000 |    47652     263320 |  328   670 |     42130|       5.35     354.46|
Info:     321000 |    47993     263979 |  341   659 |     41577|       3.72     358.18|
Info:     322000 |    48174     264796 |  181   817 |     40821|       2.62     360.80|
Info:     323000 |    48374     265593 |  200   797 |     40059|       2.87     363.67|
Info:     324000 |    48656     266311 |  282   718 |     39658|       3.72     367.39|
Info:     325000 |    48965     267002 |  309   691 |     39163|       4.43     371.82|
Info:     326000 |    49314     267653 |  349   651 |     38774|       2.37     374.19|
Info:     327000 |    49713     268254 |  399   601 |     38406|       2.41     376.60|
Info:     328000 |    50043     268924 |  330   670 |     38108|       2.00     378.60|
Info:     329000 |    50419     269548 |  376   624 |     37657|       2.16     380.76|
Info:     330000 |    50831     270136 |  412   588 |     37399|       2.54     383.30|
Info:     331000 |    51259     270708 |  428   572 |     37089|       2.15     385.45|
Info:     332000 |    51602     271365 |  343   657 |     36745|       2.05     387.50|
Info:     333000 |    52037     271930 |  435   565 |     36388|       2.13     389.63|
Info:     334000 |    52431     272536 |  394   606 |     36065|       2.31     391.94|
Info:     335000 |    52836     273131 |  405   595 |     35626|       2.33     394.27|
Info:     336000 |    53183     273784 |  347   653 |     35133|       2.07     396.34|
Info:     337000 |    53464     274503 |  281   719 |     35024|       1.51     397.86|
Info:     338000 |    53691     275276 |  227   773 |     34346|       1.49     399.35|
Info:     339000 |    54058     275909 |  367   633 |     33964|       1.99     401.34|
Info:     340000 |    54269     276698 |  211   789 |     33219|       1.22     402.56|
Info:     341000 |    54524     277443 |  255   745 |     32500|       1.31     403.87|
Info:     342000 |    54784     278183 |  260   740 |     31948|       1.39     405.25|
Info:     343000 |    55023     278944 |  239   761 |     31233|       1.28     406.54|
Info:     344000 |    55252     279715 |  229   771 |     30602|       1.48     408.01|
Info:     345000 |    55534     280433 |  282   718 |     30140|       2.18     410.19|
Info:     346000 |    55833     281134 |  299   701 |     29610|       2.27     412.46|
Info:     347000 |    56112     281855 |  279   721 |     29323|       1.44     413.89|
Info:     348000 |    56394     282573 |  282   718 |     28879|       1.52     415.41|
Info:     349000 |    56604     283318 |  210   745 |     28135|       1.30     416.72|
Info:     350000 |    56798     284073 |  194   755 |     27454|       1.44     418.15|
Info:     351000 |    57071     284800 |  273   727 |     26874|       2.20     420.35|
Info:     352000 |    57389     285482 |  318   682 |     26346|       2.48     422.83|
Info:     353000 |    57744     286127 |  355   645 |     25845|       2.60     425.43|
Info:     354000 |    58140     286731 |  396   604 |     25390|       2.71     428.13|
Info:     355000 |    58549     287322 |  409   591 |     25249|       2.92     431.06|
Info:     356000 |    58971     287900 |  422   578 |     24937|       2.62     433.68|
Info:     357000 |    59320     288551 |  349   651 |     24652|       2.61     436.29|
Info:     358000 |    59767     289104 |  447   553 |     24349|       2.60     438.89|
Info:     359000 |    60202     289669 |  435   565 |     23932|       2.71     441.60|
Info:     360000 |    60581     290290 |  379   621 |     23685|       2.46     444.06|
Info:     361000 |    60993     290878 |  412   588 |     23331|       2.61     446.67|
Info:     362000 |    61448     291423 |  455   545 |     23238|       2.59     449.26|
Info:     363000 |    61890     291981 |  442   558 |     22908|       2.68     451.94|
Info:     364000 |    62293     292578 |  403   597 |     22553|       2.47     454.41|
Info:     365000 |    62694     293177 |  401   599 |     22257|       2.53     456.94|
Info:     366000 |    63125     293746 |  431   569 |     22045|       2.63     459.57|
Info:     367000 |    63536     294335 |  411   589 |     21671|       2.71     462.27|
Info:     368000 |    63930     294941 |  394   606 |     21365|       2.63     464.91|
Info:     369000 |    64379     295492 |  449   551 |     21018|       2.64     467.55|
Info:     370000 |    64694     296174 |  315   682 |     20471|       1.88     469.43|
Info:     371000 |    65023     296845 |  329   671 |     19949|       2.03     471.46|
Info:     372000 |    65380     297488 |  357   643 |     19431|       1.97     473.43|
Info:     373000 |    65691     298177 |  311   689 |     18804|       1.75     475.18|
Info:     374000 |    65809     299059 |  118   882 |     17935|       1.31     476.49|
Info:     375000 |    65977     299891 |  168   832 |     17143|       1.44     477.93|
Info:     376000 |    66245     300623 |  268   732 |     16536|       1.69     479.62|
Info:     377000 |    66493     301375 |  248   752 |     15850|       1.60     481.22|
Info:     378000 |    66814     302054 |  321   679 |     15323|       1.78     483.00|
Info:     379000 |    67199     302669 |  385   615 |     14866|       2.21     485.22|
Info:     380000 |    67585     303283 |  386   614 |     14387|       2.07     487.29|
Info:     381000 |    67970     303898 |  385   615 |     13854|       2.05     489.34|
Info:     382000 |    68424     304444 |  454   546 |     13626|       2.29     491.63|
Info:     383000 |    68806     305062 |  382   618 |     13170|       2.91     494.54|
Info:     384000 |    69207     305661 |  401   599 |     12723|       2.08     496.61|
Info:     385000 |    69616     306252 |  409   591 |     12428|       2.07     498.68|
Info:     386000 |    70020     306848 |  404   596 |     11945|       2.17     500.85|
Info:     387000 |    70448     307420 |  428   572 |     11648|       2.19     503.04|
Info:     388000 |    70902     307966 |  454   546 |     11273|       2.26     505.30|
Info:     389000 |    71276     308592 |  374   626 |     10913|       2.26     507.57|
Info:     390000 |    71678     309190 |  402   598 |     10539|       2.28     509.84|
Info:     391000 |    72141     309727 |  463   537 |     10218|       2.53     512.37|
Info:     392000 |    72570     310298 |  429   571 |      9851|       2.34     514.71|
Info:     393000 |    73001     310867 |  431   569 |      9467|       1.92     516.63|
Info:     394000 |    73211     311644 |  210   777 |      8805|       1.64     518.27|
Info:     395000 |    73547     312244 |  336   600 |      8353|       2.54     520.81|
Info:     396000 |    73860     312901 |  313   657 |      8043|       2.62     523.43|
Info:     397000 |    74158     313538 |  298   637 |      7588|       2.18     525.61|
Info:     398000 |    74479     314160 |  321   622 |      7173|       2.61     528.22|
Info:     399000 |    74762     314816 |  283   656 |      6667|       2.28     530.50|
Info:     400000 |    74933     315552 |  171   736 |      5943|       2.21     532.71|
Info:     401000 |    75167     316236 |  234   684 |      5367|       2.41     535.12|
Info:     402000 |    75536     316828 |  369   592 |      5078|       3.30     538.42|
Info:     403000 |    75827     317468 |  291   640 |      4585|       2.94     541.37|
Info:     404000 |    76048     318171 |  221   703 |      4093|       2.45     543.81|
Info:     405000 |    76349     318809 |  301   638 |      3646|       2.58     546.39|
Info:     406000 |    76656     319451 |  307   642 |      3231|       2.69     549.09|
Info:     407000 |    76847     320186 |  191   735 |      2621|       2.38     551.47|
Info:     408000 |    77028     320909 |  181   723 |      1956|       2.35     553.81|
Info:     409000 |    77244     321626 |  216   717 |      1388|       2.74     556.55|
Info:     410000 |    77501     322293 |  257   667 |       916|       3.23     559.78|
Info:     411000 |    77832     322921 |  331   628 |       518|       3.30     563.08|
Info:     0 arcs ripped up due to negative slack WNS=0.00ns TNS=0.00ns.
Info:          0 |    77967     323450 |  135   529 |         0|       3.93     567.01|
Info: Routing complete.
Info: Router1 time 567.01s
Info: Checksum: 0x5b1b0b3e

Info: Critical path report for clock '$glbnet$CLK_clk_25mhz$TRELLIS_IO_IN' (posedge -> posedge):
Info:       type curr  total name
Info:   clk-to-q  0.52  0.52 Source uart_clkcnt_TRELLIS_FF_Q_15.Q
Info:    routing  1.08  1.60 Net uart_clkcnt[0] (69,88) -> (69,89)
Info:                          Sink x__h557_CCU2C_S0_7$CCU2_COMB0.B
Info:      logic  0.45  2.05 Source x__h557_CCU2C_S0_7$CCU2_COMB0.FCO
Info:    routing  0.00  2.05 Net x__h557_CCU2C_S0_7$CCU2_FCI_INT (69,89) -> (69,89)
Info:                          Sink x__h557_CCU2C_S0_7$CCU2_COMB1.FCI
Info:      logic  0.00  2.05 Source x__h557_CCU2C_S0_7$CCU2_COMB1.FCO
Info:    routing  0.00  2.05 Net x__h557_CCU2C_S0_4_COUT[1] (69,89) -> (69,89)
Info:                          Sink x__h557_CCU2C_S0_3$CCU2_COMB0.FCI
Info:      logic  0.07  2.12 Source x__h557_CCU2C_S0_3$CCU2_COMB0.FCO
Info:    routing  0.00  2.12 Net x__h557_CCU2C_S0_3$CCU2_FCI_INT (69,89) -> (69,89)
Info:                          Sink x__h557_CCU2C_S0_3$CCU2_COMB1.FCI
Info:      logic  0.00  2.12 Source x__h557_CCU2C_S0_3$CCU2_COMB1.FCO
Info:    routing  0.00  2.12 Net x__h557_CCU2C_S0_4_COUT[3] (69,89) -> (69,89)
Info:                          Sink x__h557_CCU2C_S0_2$CCU2_COMB0.FCI
Info:      logic  0.07  2.19 Source x__h557_CCU2C_S0_2$CCU2_COMB0.FCO
Info:    routing  0.00  2.19 Net x__h557_CCU2C_S0_2$CCU2_FCI_INT (69,89) -> (69,89)
Info:                          Sink x__h557_CCU2C_S0_2$CCU2_COMB1.FCI
Info:      logic  0.00  2.19 Source x__h557_CCU2C_S0_2$CCU2_COMB1.FCO
Info:    routing  0.00  2.19 Net x__h557_CCU2C_S0_4_COUT[5] (69,89) -> (70,89)
Info:                          Sink x__h557_CCU2C_S0_1$CCU2_COMB0.FCI
Info:      logic  0.07  2.26 Source x__h557_CCU2C_S0_1$CCU2_COMB0.FCO
Info:    routing  0.00  2.26 Net x__h557_CCU2C_S0_1$CCU2_FCI_INT (70,89) -> (70,89)
Info:                          Sink x__h557_CCU2C_S0_1$CCU2_COMB1.FCI
Info:      logic  0.00  2.26 Source x__h557_CCU2C_S0_1$CCU2_COMB1.FCO
Info:    routing  0.00  2.26 Net x__h557_CCU2C_S0_4_COUT[7] (70,89) -> (70,89)
Info:                          Sink x__h557_CCU2C_S0$CCU2_COMB0.FCI
Info:      logic  0.07  2.33 Source x__h557_CCU2C_S0$CCU2_COMB0.FCO
Info:    routing  0.00  2.33 Net x__h557_CCU2C_S0$CCU2_FCI_INT (70,89) -> (70,89)
Info:                          Sink x__h557_CCU2C_S0$CCU2_COMB1.FCI
Info:      logic  0.40  2.74 Source x__h557_CCU2C_S0$CCU2_COMB1.F
Info:    routing  1.12  3.86 Net x__h557[9] (70,89) -> (70,88)
Info:                          Sink uart_curoutoff_PFUMX_C0_Z_LUT4_Z_A_LUT4_Z_D_LUT4_Z.B
Info:      logic  0.24  4.09 Source uart_curoutoff_PFUMX_C0_Z_LUT4_Z_A_LUT4_Z_D_LUT4_Z.F
Info:    routing  0.21  4.30 Net uart_curoutoff_PFUMX_C0_Z_LUT4_Z_A_LUT4_Z_D[3] (70,88) -> (70,88)
Info:                          Sink uart_curoutoff_PFUMX_C0_Z_LUT4_Z_A_LUT4_Z.D
Info:      logic  0.24  4.54 Source uart_curoutoff_PFUMX_C0_Z_LUT4_Z_A_LUT4_Z.F
Info:    routing  0.88  5.42 Net uart_curoutoff_PFUMX_C0_Z_LUT4_Z_A[1] (70,88) -> (70,90)
Info:                          Sink uart_curoutoff_PFUMX_C0_Z_LUT4_Z.B
Info:      logic  0.24  5.65 Source uart_curoutoff_PFUMX_C0_Z_LUT4_Z.F
Info:    routing  1.02  6.67 Net uart_curoutoff_PFUMX_C0_Z[0] (70,90) -> (80,90)
Info:                          Sink uart_inQ.empty_reg_LUT4_D.B
Info:      logic  0.24  6.91 Source uart_inQ.empty_reg_LUT4_D.F
Info:    routing  0.95  7.86 Net uart_inQ.full_reg_TRELLIS_FF_Q_CE_LUT4_Z_D[5] (80,90) -> (80,92)
Info:                          Sink uart_inQ.data0_reg_TRELLIS_FF_Q_DI_L6MUX21_Z_D1_L6MUX21_Z_D1_PFUMX_Z_ALUT_LUT4_Z.M
Info:      logic  0.26  8.11 Source uart_inQ.data0_reg_TRELLIS_FF_Q_DI_L6MUX21_Z_D1_L6MUX21_Z_D1_PFUMX_Z_ALUT_LUT4_Z.OFX
Info:    routing  0.00  8.11 Net uart_inQ.data0_reg_TRELLIS_FF_Q_DI_L6MUX21_Z_D1 (80,92) -> (80,92)
Info:                          Sink uart_inQ.data0_reg_TRELLIS_FF_Q_DI_L6MUX21_Z_D1_L6MUX21_Z_D0_PFUMX_Z_ALUT_LUT4_Z.FXB
Info:      logic  0.24  8.35 Source uart_inQ.data0_reg_TRELLIS_FF_Q_DI_L6MUX21_Z_D1_L6MUX21_Z_D0_PFUMX_Z_ALUT_LUT4_Z.OFX
Info:    routing  0.37  8.72 Net uart_inQ.data0_reg_TRELLIS_FF_Q_DI (80,92) -> (80,92)
Info:                          Sink uart_inQ.data0_reg_TRELLIS_FF_Q.M
Info:      setup  0.00  8.72 Source uart_inQ.data0_reg_TRELLIS_FF_Q.M
Info: 3.10 ns logic, 5.62 ns routing

Info: Critical path report for clock '$glbnet$clocks_pll_clk_100mhz' (posedge -> posedge):
Info:       type curr  total name
Info:   clk-to-q  0.52  0.52 Source main_core_block0_gateActivationResultQ.data0_reg_TRELLIS_FF_Q_4.Q
Info:    routing  1.40  1.92 Net main_core_block0_gateActivationResultQ_D_OUT[9] (98,42) -> (97,45)
Info:                          Sink main_core_block0_gateR_7_EN_LUT4_Z_D_LUT4_Z.B
Info:      logic  0.24  2.16 Source main_core_block0_gateR_7_EN_LUT4_Z_D_LUT4_Z.F
Info:    routing  0.98  3.14 Net main_core_block0_gateR_7_EN_LUT4_Z_D[3] (97,45) -> (91,45)
Info:                          Sink main_core_block0_gateDelayQ.not_ring_full_LUT4_B.D
Info:      logic  0.24  3.37 Source main_core_block0_gateDelayQ.not_ring_full_LUT4_B.F
Info:    routing  0.62  4.00 Net main_core_block0_gateDelayQ.not_ring_full_LUT4_B_Z[0] (91,45) -> (91,45)
Info:                          Sink main_core_block0_gateDelayQ.not_ring_full_LUT4_B_Z_LUT4_B.B
Info:      logic  0.24  4.23 Source main_core_block0_gateDelayQ.not_ring_full_LUT4_B_Z_LUT4_B.F
Info:    routing  0.95  5.19 Net main_core_block0_gateActivationOn_D_IN_LUT4_Z_D[0] (91,45) -> (90,47)
Info:                          Sink main_core_block0_gateActivationOn_D_IN_LUT4_Z.C
Info:      logic  0.24  5.42 Source main_core_block0_gateActivationOn_D_IN_LUT4_Z.F
Info:    routing  1.66  7.09 Net main_core_block0_gateActivationOn_D_IN (90,47) -> (89,32)
Info:                          Sink main_core_block0_gateDelayQ.ring_empty_LUT4_B.C
Info:      logic  0.24  7.32 Source main_core_block0_gateDelayQ.ring_empty_LUT4_B.F
Info:    routing  2.64  9.97 Net main_core_block0_gateDelayQ.ring_empty_LUT4_B_Z (89,32) -> (80,56)
Info:                          Sink main_core_block0_gateDelayQ.D_OUT_TRELLIS_FF_Q_313.CE
Info:      setup  0.00  9.97 Source main_core_block0_gateDelayQ.D_OUT_TRELLIS_FF_Q_313.CE
Info: 1.71 ns logic, 8.26 ns routing

Info: Critical path report for cross-domain path '<async>' -> 'posedge $glbnet$CLK_clk_25mhz$TRELLIS_IO_IN':
Info:       type curr  total name
Info:     source  0.00  0.00 Source ftdi_txd$tr_io.O
Info:    routing  2.58  2.58 Net ftdi_txd$TRELLIS_IO_IN (0,89) -> (33,90)
Info:                          Sink uart_rxin_TRELLIS_FF_Q.M
Info:      setup  0.00  2.58 Source uart_rxin_TRELLIS_FF_Q.M
Info: 0.00 ns logic, 2.58 ns routing

Info: Critical path report for cross-domain path 'posedge $glbnet$CLK_clk_25mhz$TRELLIS_IO_IN' -> '<async>':
Info:       type curr  total name
Info:   clk-to-q  0.52  0.52 Source uart_txdr_TRELLIS_FF_Q.Q
Info:    routing  6.41  6.93 Net ftdi_rxd$TRELLIS_IO_OUT (70,89) -> (0,56)
Info:                          Sink ftdi_rxd$tr_io.I
Info: 0.52 ns logic, 6.41 ns routing

Info: Critical path report for cross-domain path 'posedge $glbnet$CLK_clk_25mhz$TRELLIS_IO_IN' -> 'posedge $glbnet$clocks_pll_clk_100mhz':
Info:       type curr  total name
Info:   clk-to-q  0.52  0.52 Source clocks_uartReset.OUT_RST_TRELLIS_FF_Q.Q
Info:    routing  2.52  3.04 Net clocks_uartReset_OUT_RST (36,66) -> (40,89)
Info:                          Sink rxQ.dSyncReg1_TRELLIS_FF_Q_4.LSR
Info:      setup  0.42  3.47 Source rxQ.dSyncReg1_TRELLIS_FF_Q_4.LSR
Info: 0.95 ns logic, 2.52 ns routing

Info: Critical path report for cross-domain path 'posedge $glbnet$clocks_pll_clk_100mhz' -> 'posedge $glbnet$CLK_clk_25mhz$TRELLIS_IO_IN':
Info:       type curr  total name
Info:   clk-to-q  0.52  0.52 Source clocks_coreReset.OUT_RST_TRELLIS_FF_Q.Q
Info:    routing  4.55  5.08 Net clocks_coreReset_OUT_RST (63,47) -> (95,90)
Info:                          Sink txQ.dNotEmptyReg_TRELLIS_FF_Q.LSR
Info:      setup  0.42  5.50 Source txQ.dNotEmptyReg_TRELLIS_FF_Q.LSR
Info: 0.95 ns logic, 4.55 ns routing

Info: Max frequency for clock '$glbnet$CLK_clk_25mhz$TRELLIS_IO_IN': 114.64 MHz (PASS at 25.00 MHz)
Info: Max frequency for clock       '$glbnet$clocks_pll_clk_100mhz': 100.33 MHz (PASS at 100.00 MHz)

Info: Max delay <async>                                     -> posedge $glbnet$CLK_clk_25mhz$TRELLIS_IO_IN: 2.58 ns
Info: Max delay posedge $glbnet$CLK_clk_25mhz$TRELLIS_IO_IN -> <async>                                    : 6.93 ns
Info: Max delay posedge $glbnet$CLK_clk_25mhz$TRELLIS_IO_IN -> posedge $glbnet$clocks_pll_clk_100mhz      : 3.47 ns
Info: Max delay posedge $glbnet$clocks_pll_clk_100mhz       -> posedge $glbnet$CLK_clk_25mhz$TRELLIS_IO_IN: 5.50 ns

Info: Slack histogram:
Info:  legend: * represents 580 endpoint(s)
Info:          + represents [1,580) endpoint(s)
Info: [    33,   1985) |*****+
Info: [  1985,   3937) |************************************************+
Info: [  3937,   5889) |******************************************************+
Info: [  5889,   7841) |************************************************+
Info: [  7841,   9793) |************************************************************ 
Info: [  9793,  11745) | 
Info: [ 11745,  13697) | 
Info: [ 13697,  15649) | 
Info: [ 15649,  17601) | 
Info: [ 17601,  19553) | 
Info: [ 19553,  21505) | 
Info: [ 21505,  23457) | 
Info: [ 23457,  25409) | 
Info: [ 25409,  27361) | 
Info: [ 27361,  29313) | 
Info: [ 29313,  31265) | 
Info: [ 31265,  33217) |+
Info: [ 33217,  35169) |+
Info: [ 35169,  37121) |+
Info: [ 37121,  39073) |+
2 warnings, 0 errors

Info: Program finished normally.
