Info: constraining clock net 'CLK_clk_25mhz' to 25.00 MHz
Warning: net 'pll_clk_100mhz' does not exist in design, ignoring clock constraint
Warning: net 'pll_clk_125mhz' does not exist in design, ignoring clock constraint

Info: Logic utilisation before packing:
Info:     Total LUT4s:     43063/83640    51%
Info:         logic LUTs:  30977/83640    37%
Info:         carry LUTs:   9080/83640    10%
Info:           RAM LUTs:   2004/10455    19%
Info:          RAMW LUTs:   1002/20910     4%

Info:      Total DFFs:     46909/83640    56%

Info: Packing IOs..
Info: pin 'led[7]$tr_io' constrained to Bel 'X0/Y41/PIOD'.
Info: pin 'led[6]$tr_io' constrained to Bel 'X0/Y38/PIOD'.
Info: pin 'led[5]$tr_io' constrained to Bel 'X0/Y44/PIOD'.
Info: pin 'led[4]$tr_io' constrained to Bel 'X0/Y38/PIOB'.
Info: pin 'led[3]$tr_io' constrained to Bel 'X0/Y38/PIOC'.
Info: pin 'led[2]$tr_io' constrained to Bel 'X0/Y38/PIOA'.
Info: pin 'led[1]$tr_io' constrained to Bel 'X0/Y35/PIOD'.
Info: pin 'led[0]$tr_io' constrained to Bel 'X0/Y35/PIOC'.
Info: pin 'ftdi_txd$tr_io' constrained to Bel 'X0/Y89/PIOB'.
Info: pin 'ftdi_rxd$tr_io' constrained to Bel 'X0/Y56/PIOC'.
Info: pin 'CLK_clk_25mhz$tr_io' constrained to Bel 'X0/Y47/PIOA'.
Info: placed PLL 'clocks_pll.pll_i' at bel 'X1/Y4/EHXPLL_UL'
Info: Packing constants..
Info: Packing carries...
Info: Packing LUTs...
Info: Packing LUT5-7s...
Info: Packing FFs...
Info:     14087 FFs paired with LUTs.
Info: Generating derived timing constraints...
Info:     Input frequency of PLL 'clocks_pll.pll_i' is constrained to 25.0 MHz
Info:     Derived frequency constraint of 125.0 MHz for net clocks_pll.clk_125mhz
Info:     Derived frequency constraint of 100.0 MHz for net clocks_coreReset.CLK
Info:     Derived frequency constraint of 25.0 MHz for net clocks_pll.clk_25mhz
Info: Promoting globals...
Info:     promoting clock net clocks_coreReset.CLK to global network
Info:     promoting clock net CLK_clk_25mhz$TRELLIS_IO_IN to global network
Info: Checksum: 0xef899d11

Info: Device utilisation:
Info: 	          TRELLIS_IO:      11/    365     3%
Info: 	                DCCA:       2/     56     3%
Info: 	              DP16KD:      49/    208    23%
Info: 	          MULT18X18D:       0/    156     0%
Info: 	              ALU54B:       0/     78     0%
Info: 	             EHXPLLL:       1/      4    25%
Info: 	             EXTREFB:       0/      2     0%
Info: 	                DCUA:       0/      2     0%
Info: 	           PCSCLKDIV:       0/      2     0%
Info: 	             IOLOGIC:       0/    224     0%
Info: 	            SIOLOGIC:       0/    141     0%
Info: 	                 GSR:       0/      1     0%
Info: 	               JTAGG:       0/      1     0%
Info: 	                OSCG:       0/      1     0%
Info: 	               SEDGA:       0/      1     0%
Info: 	                 DTR:       0/      1     0%
Info: 	             USRMCLK:       0/      1     0%
Info: 	             CLKDIVF:       0/      4     0%
Info: 	           ECLKSYNCB:       0/     10     0%
Info: 	             DLLDELD:       0/      8     0%
Info: 	              DDRDLL:       0/      4     0%
Info: 	             DQSBUFM:       0/     14     0%
Info: 	     TRELLIS_ECLKBUF:       0/      8     0%
Info: 	        ECLKBRIDGECS:       0/      2     0%
Info: 	                DCSC:       0/      2     0%
Info: 	          TRELLIS_FF:   46909/  83640    56%
Info: 	        TRELLIS_COMB:   45989/  83640    54%
Info: 	        TRELLIS_RAMW:     501/  10455     4%

Info: Placed 12 cells based on constraints.
Info: Creating initial analytic placement for 62957 cells, random placement wirelen = 6434594.
Info:     at initial placer iter 0, wirelen = 10070
Info:     at initial placer iter 1, wirelen = 10511
Info:     at initial placer iter 2, wirelen = 10128
Info:     at initial placer iter 3, wirelen = 10426
Info: Running main analytical placer.
Info:     at iteration #1, type ALL: wirelen solved = 10117, spread = 1027627, legal = 1418942; time = 94.24s
Info:     at iteration #2, type ALL: wirelen solved = 83418, spread = 338066, legal = 672982; time = 32.08s
Info:     at iteration #3, type ALL: wirelen solved = 117403, spread = 267333, legal = 578334; time = 29.25s
Info:     at iteration #4, type ALL: wirelen solved = 131999, spread = 245636, legal = 534067; time = 22.62s
Info:     at iteration #5, type ALL: wirelen solved = 143459, spread = 234322, legal = 518011; time = 21.56s
Info:     at iteration #6, type ALL: wirelen solved = 151180, spread = 231547, legal = 513818; time = 25.94s
Info:     at iteration #7, type ALL: wirelen solved = 161255, spread = 232207, legal = 499554; time = 21.46s
Info:     at iteration #8, type ALL: wirelen solved = 169738, spread = 233539, legal = 478619; time = 18.08s
Info:     at iteration #9, type ALL: wirelen solved = 180544, spread = 240215, legal = 476507; time = 19.13s
Info:     at iteration #10, type ALL: wirelen solved = 189307, spread = 245291, legal = 478264; time = 19.53s
Info:     at iteration #11, type ALL: wirelen solved = 201384, spread = 255811, legal = 480037; time = 22.08s
Info:     at iteration #12, type ALL: wirelen solved = 210075, spread = 260570, legal = 461686; time = 16.40s
Info:     at iteration #13, type ALL: wirelen solved = 216601, spread = 264320, legal = 451683; time = 18.49s
Info:     at iteration #14, type ALL: wirelen solved = 227808, spread = 274163, legal = 441852; time = 12.39s
Info:     at iteration #15, type ALL: wirelen solved = 235662, spread = 277799, legal = 424570; time = 10.03s
Info:     at iteration #16, type ALL: wirelen solved = 241996, spread = 282744, legal = 416054; time = 9.39s
Info:     at iteration #17, type ALL: wirelen solved = 247478, spread = 290721, legal = 408472; time = 7.79s
Info:     at iteration #18, type ALL: wirelen solved = 253183, spread = 292456, legal = 397890; time = 7.03s
Info:     at iteration #19, type ALL: wirelen solved = 256234, spread = 294027, legal = 391628; time = 6.85s
Info:     at iteration #20, type ALL: wirelen solved = 260750, spread = 298397, legal = 389504; time = 6.39s
Info:     at iteration #21, type ALL: wirelen solved = 265948, spread = 300923, legal = 396034; time = 14.40s
Info:     at iteration #22, type ALL: wirelen solved = 274490, spread = 308172, legal = 386420; time = 11.57s
Info:     at iteration #23, type ALL: wirelen solved = 274088, spread = 307771, legal = 375593; time = 4.46s
Info:     at iteration #24, type ALL: wirelen solved = 273522, spread = 308842, legal = 374236; time = 4.91s
Info:     at iteration #25, type ALL: wirelen solved = 275036, spread = 307251, legal = 373340; time = 4.68s
Info:     at iteration #26, type ALL: wirelen solved = 276809, spread = 311445, legal = 370791; time = 4.86s
Info:     at iteration #27, type ALL: wirelen solved = 278147, spread = 310666, legal = 369053; time = 4.26s
Info:     at iteration #28, type ALL: wirelen solved = 277336, spread = 309140, legal = 366324; time = 4.36s
Info:     at iteration #29, type ALL: wirelen solved = 278579, spread = 310215, legal = 367110; time = 4.75s
Info:     at iteration #30, type ALL: wirelen solved = 281820, spread = 315770, legal = 365248; time = 4.29s
Info:     at iteration #31, type ALL: wirelen solved = 283602, spread = 315343, legal = 361240; time = 4.21s
Info:     at iteration #32, type ALL: wirelen solved = 283950, spread = 315862, legal = 361792; time = 3.85s
Info:     at iteration #33, type ALL: wirelen solved = 285718, spread = 322253, legal = 365292; time = 3.66s
Info:     at iteration #34, type ALL: wirelen solved = 287897, spread = 322468, legal = 366531; time = 3.61s
Info:     at iteration #35, type ALL: wirelen solved = 290602, spread = 325821, legal = 366893; time = 3.75s
Info:     at iteration #36, type ALL: wirelen solved = 293307, spread = 326175, legal = 365638; time = 4.64s
Info: HeAP Placer Time: 568.27s
Info:   of which solving equations: 106.77s
Info:   of which spreading cells: 35.70s
Info:   of which strict legalisation: 383.98s

Info: Running simulated annealing placer for refinement.
Info:   at iteration #1: temp = 0.000000, timing cost = 2094, wirelen = 361240
Info:   at iteration #5: temp = 0.000000, timing cost = 1244, wirelen = 322790
Info:   at iteration #10: temp = 0.000000, timing cost = 1046, wirelen = 308205
Info:   at iteration #15: temp = 0.000000, timing cost = 1045, wirelen = 299648
Info:   at iteration #20: temp = 0.000000, timing cost = 968, wirelen = 295883
Info:   at iteration #25: temp = 0.000000, timing cost = 960, wirelen = 293788
Info:   at iteration #30: temp = 0.000000, timing cost = 991, wirelen = 292757
Info:   at iteration #35: temp = 0.000000, timing cost = 1016, wirelen = 292116
Info:   at iteration #40: temp = 0.000000, timing cost = 987, wirelen = 291748
Info:   at iteration #45: temp = 0.000000, timing cost = 1010, wirelen = 291410
Info:   at iteration #50: temp = 0.000000, timing cost = 984, wirelen = 291249
Info:   at iteration #55: temp = 0.000000, timing cost = 901, wirelen = 291101
Info:   at iteration #56: temp = 0.000000, timing cost = 885, wirelen = 291043 
Info: SA placement time 461.31s

Info: Max frequency for clock '$glbnet$CLK_clk_25mhz$TRELLIS_IO_IN': 144.43 MHz (PASS at 25.00 MHz)
Info: Max frequency for clock        '$glbnet$clocks_coreReset.CLK': 61.41 MHz (FAIL at 100.00 MHz)

Info: Max delay <async>                                     -> posedge $glbnet$CLK_clk_25mhz$TRELLIS_IO_IN: 4.64 ns
Info: Max delay posedge $glbnet$CLK_clk_25mhz$TRELLIS_IO_IN -> <async>                                    : 12.85 ns
Info: Max delay posedge $glbnet$CLK_clk_25mhz$TRELLIS_IO_IN -> posedge $glbnet$clocks_coreReset.CLK       : 3.18 ns
Info: Max delay posedge $glbnet$clocks_coreReset.CLK        -> posedge $glbnet$CLK_clk_25mhz$TRELLIS_IO_IN: 2.62 ns

Info: Slack histogram:
Info:  legend: * represents 522 endpoint(s)
Info:          + represents [1,522) endpoint(s)
Info: [ -6285,  -4008) |+
Info: [ -4008,  -1731) |**+
Info: [ -1731,    546) |*****+
Info: [   546,   2823) |**********************+
Info: [  2823,   5100) |*******************************************************+
Info: [  5100,   7377) |***********************************************************+
Info: [  7377,   9654) |************************************************************ 
Info: [  9654,  11931) | 
Info: [ 11931,  14208) | 
Info: [ 14208,  16485) | 
Info: [ 16485,  18762) | 
Info: [ 18762,  21039) | 
Info: [ 21039,  23316) | 
Info: [ 23316,  25593) | 
Info: [ 25593,  27870) | 
Info: [ 27870,  30147) | 
Info: [ 30147,  32424) | 
Info: [ 32424,  34701) |+
Info: [ 34701,  36978) |+
Info: [ 36978,  39255) |+
Info: Checksum: 0x99a77616
Info: Routing globals...
Info:     routing clock net $glbnet$CLK_clk_25mhz$TRELLIS_IO_IN using global 0
Info:     routing clock net $glbnet$clocks_coreReset.CLK using global 1

Info: Routing..
Info: Setting up routing queue.
Info: Routing 235841 arcs.
Info:            |   (re-)routed arcs  |   delta    | remaining|       time spent     |
Info:    IterCnt |  w/ripup   wo/ripup |  w/r  wo/r |      arcs| batch(sec) total(sec)|
Info:       1000 |       55        944 |   55   944 |    234967|       7.21       7.21|
Info:       2000 |      106       1893 |   51   949 |    234088|       0.52       7.73|
Info:       3000 |      175       2824 |   69   931 |    233234|       0.50       8.23|
Info:       4000 |      227       3772 |   52   948 |    232316|       0.56       8.79|
Info:       5000 |      283       4716 |   56   944 |    231416|       0.62       9.41|
Info:       6000 |      348       5651 |   65   935 |    230521|       0.51       9.92|
Info:       7000 |      413       6586 |   65   935 |    229676|       0.54      10.46|
Info:       8000 |      477       7522 |   64   936 |    228804|       0.48      10.94|
Info:       9000 |      532       8467 |   55   945 |    227917|       0.59      11.53|
Info:      10000 |      610       9389 |   78   922 |    227116|       0.59      12.12|
Info:      11000 |      701      10298 |   91   909 |    226318|       0.62      12.74|
Info:      12000 |      754      11245 |   53   947 |    225410|       0.56      13.30|
Info:      13000 |      811      12188 |   57   943 |    224495|       0.66      13.96|
Info:      14000 |      879      13120 |   68   932 |    223616|       0.53      14.49|
Info:      15000 |      953      14046 |   74   926 |    222722|       0.67      15.16|
Info:      16000 |     1011      14988 |   58   942 |    221795|       0.62      15.77|
Info:      17000 |     1065      15934 |   54   946 |    220902|       0.49      16.27|
Info:      18000 |     1125      16874 |   60   940 |    220039|       0.58      16.85|
Info:      19000 |     1183      17816 |   58   942 |    219149|       0.55      17.40|
Info:      20000 |     1232      18767 |   49   951 |    218232|       0.49      17.89|
Info:      21000 |     1308      19691 |   76   924 |    217352|       0.47      18.35|
Info:      22000 |     1367      20632 |   59   941 |    216419|       0.54      18.89|
Info:      23000 |     1454      21545 |   87   913 |    215569|       0.62      19.51|
Info:      24000 |     1528      22471 |   74   926 |    214665|       0.56      20.07|
Info:      25000 |     1599      23400 |   71   929 |    213761|       0.64      20.70|
Info:      26000 |     1681      24318 |   82   918 |    212875|       0.59      21.30|
Info:      27000 |     1748      25251 |   67   933 |    211964|       0.63      21.93|
Info:      28000 |     1827      26172 |   79   921 |    211116|       0.57      22.50|
Info:      29000 |     1894      27105 |   67   933 |    210225|       0.71      23.21|
Info:      30000 |     1962      28037 |   68   932 |    209342|       0.65      23.86|
Info:      31000 |     2042      28957 |   80   920 |    208443|       0.75      24.61|
Info:      32000 |     2099      29900 |   57   943 |    207548|       0.64      25.25|
Info:      33000 |     2151      30848 |   52   948 |    206618|       0.61      25.86|
Info:      34000 |     2231      31768 |   80   920 |    205769|       0.55      26.40|
Info:      35000 |     2303      32696 |   72   928 |    204888|       0.65      27.05|
Info:      36000 |     2371      33628 |   68   932 |    203963|       0.55      27.60|
Info:      37000 |     2449      34550 |   78   922 |    203165|       0.56      28.16|
Info:      38000 |     2524      35475 |   75   925 |    202267|       0.50      28.65|
Info:      39000 |     2578      36421 |   54   946 |    201361|       0.65      29.30|
Info:      40000 |     2638      37361 |   60   940 |    200430|       0.55      29.85|
Info:      41000 |     2717      38282 |   79   921 |    199549|       0.56      30.41|
Info:      42000 |     2784      39215 |   67   933 |    198709|       0.61      31.02|
Info:      43000 |     2845      40154 |   61   939 |    197789|       0.55      31.57|
Info:      44000 |     2924      41075 |   79   921 |    196904|       0.58      32.15|
Info:      45000 |     2993      42006 |   69   931 |    195979|       0.64      32.79|
Info:      46000 |     3066      42933 |   73   927 |    195063|       0.60      33.39|
Info:      47000 |     3151      43848 |   85   915 |    194168|       0.73      34.11|
Info:      48000 |     3230      44769 |   79   921 |    193274|       0.66      34.77|
Info:      49000 |     3324      45675 |   94   906 |    192387|       0.75      35.52|
Info:      50000 |     3382      46617 |   58   942 |    191460|       0.73      36.25|
Info:      51000 |     3465      47534 |   83   917 |    190559|       0.56      36.81|
Info:      52000 |     3564      48435 |   99   901 |    189679|       0.59      37.39|
Info:      53000 |     3618      49381 |   54   946 |    188772|       0.74      38.14|
Info:      54000 |     3697      50302 |   79   921 |    187897|       0.62      38.76|
Info:      55000 |     3791      51208 |   94   906 |    187070|       0.57      39.33|
Info:      56000 |     3882      52117 |   91   909 |    186190|       0.61      39.94|
Info:      57000 |     4009      52990 |  127   873 |    185442|       0.72      40.66|
Info:      58000 |     4074      53925 |   65   935 |    184536|       0.69      41.36|
Info:      59000 |     4179      54820 |  105   895 |    183665|       0.66      42.02|
Info:      60000 |     4281      55718 |  102   898 |    182848|       0.74      42.76|
Info:      61000 |     4345      56654 |   64   936 |    181978|       0.77      43.52|
Info:      62000 |     4422      57577 |   77   923 |    181063|       0.62      44.14|
Info:      63000 |     4506      58493 |   84   916 |    180177|       0.68      44.83|
Info:      64000 |     4604      59395 |   98   902 |    179305|       0.70      45.52|
Info:      65000 |     4700      60299 |   96   904 |    178433|       0.71      46.24|
Info:      66000 |     4784      61215 |   84   916 |    177572|       0.59      46.83|
Info:      67000 |     4873      62126 |   89   911 |    176665|       0.76      47.58|
Info:      68000 |     4953      63046 |   80   920 |    175751|       0.55      48.13|
Info:      69000 |     5035      63964 |   82   918 |    175045|       0.83      48.96|
Info:      70000 |     5134      64865 |   99   901 |    174171|       0.70      49.67|
Info:      71000 |     5220      65779 |   86   914 |    173261|       0.72      50.39|
Info:      72000 |     5310      66689 |   90   910 |    172427|       0.70      51.09|
Info:      73000 |     5396      67603 |   86   914 |    171534|       0.61      51.70|
Info:      74000 |     5470      68529 |   74   926 |    170692|       0.72      52.42|
Info:      75000 |     5559      69440 |   89   911 |    169825|       0.71      53.13|
Info:      76000 |     5651      70348 |   92   908 |    168943|       0.65      53.78|
Info:      77000 |     5739      71260 |   88   912 |    168053|       0.60      54.38|
Info:      78000 |     5812      72187 |   73   927 |    167151|       0.93      55.31|
Info:      79000 |     5907      73077 |   95   890 |    166256|       0.58      55.89|
Info:      80000 |     5962      74022 |   55   945 |    165317|       0.66      56.55|
Info:      81000 |     6061      74923 |   99   901 |    164452|       0.72      57.27|
Info:      82000 |     6151      75833 |   90   910 |    163624|       0.63      57.91|
Info:      83000 |     6232      76752 |   81   919 |    162732|       0.84      58.75|
Info:      84000 |     6340      77644 |  108   892 |    161841|       0.63      59.37|
Info:      85000 |     6411      78573 |   71   929 |    160919|       0.65      60.02|
Info:      86000 |     6517      79467 |  106   894 |    160041|       0.76      60.78|
Info:      87000 |     6637      80346 |  120   879 |    159199|       0.74      61.52|
Info:      88000 |     6732      81251 |   95   905 |    158317|       0.95      62.47|
Info:      89000 |     6818      82165 |   86   914 |    157416|       0.66      63.13|
Info:      90000 |     6905      83078 |   87   913 |    156541|       0.85      63.98|
Info:      91000 |     7015      83968 |  110   890 |    155690|       0.72      64.71|
Info:      92000 |     7118      84865 |  103   897 |    154820|       0.96      65.67|
Info:      93000 |     7224      85758 |  106   893 |    153936|       0.91      66.58|
Info:      94000 |     7319      86663 |   95   905 |    153039|       0.81      67.39|
Info:      95000 |     7402      87580 |   83   917 |    152124|       0.75      68.14|
Info:      96000 |     7522      88460 |  120   880 |    151322|       0.68      68.82|
Info:      97000 |     7625      89357 |  103   897 |    150432|       0.81      69.63|
Info:      98000 |     7702      90280 |   77   923 |    149520|       0.99      70.62|
Info:      99000 |     7829      91153 |  127   873 |    148881|       0.72      71.33|
Info:     100000 |     7933      92048 |  104   895 |    147997|       0.70      72.04|
Info:     101000 |     8039      92942 |  106   894 |    147117|       0.78      72.81|
Info:     102000 |     8145      93836 |  106   894 |    146258|       0.73      73.55|
Info:     103000 |     8237      94744 |   92   908 |    145391|       1.08      74.63|
Info:     104000 |     8359      95622 |  122   878 |    144585|       0.82      75.45|
Info:     105000 |     8465      96515 |  106   893 |    143731|       0.92      76.37|
Info:     106000 |     8580      97399 |  115   884 |    142902|       0.81      77.17|
Info:     107000 |     8681      98296 |  101   897 |    142035|       0.82      77.99|
Info:     108000 |     8789      99186 |  108   890 |    141183|       0.85      78.85|
Info:     109000 |     8879     100092 |   90   906 |    140312|       1.24      80.09|
Info:     110000 |     9003     100961 |  124   869 |    139454|       0.73      80.82|
Info:     111000 |     9112     101849 |  109   888 |    138582|       0.92      81.74|
Info:     112000 |     9240     102711 |  128   862 |    137741|       0.81      82.55|
Info:     113000 |     9324     103621 |   84   910 |    136835|       0.77      83.32|
Info:     114000 |     9482     104460 |  158   839 |    136054|       0.81      84.14|
Info:     115000 |     9581     105359 |   99   899 |    135216|       0.96      85.09|
Info:     116000 |     9706     106231 |  125   872 |    134369|       0.69      85.78|
Info:     117000 |     9823     107109 |  117   878 |    133501|       0.68      86.46|
Info:     118000 |     9938     107993 |  115   884 |    132638|       0.75      87.21|
Info:     119000 |    10055     108870 |  117   877 |    131815|       0.82      88.03|
Info:     120000 |    10179     109742 |  124   872 |    130992|       0.78      88.81|
Info:     121000 |    10324     110587 |  145   845 |    130157|       0.72      89.53|
Info:     122000 |    10436     111474 |  112   887 |    129318|       1.21      90.74|
Info:     123000 |    10598     112309 |  162   835 |    128527|       0.80      91.54|
Info:     124000 |    10764     113133 |  166   824 |    127727|       1.04      92.59|
Info:     125000 |    10901     113970 |  137   837 |    126919|       0.89      93.48|
Info:     126000 |    11047     114806 |  146   836 |    126082|       0.91      94.39|
Info:     127000 |    11172     115672 |  125   866 |    125238|       0.91      95.29|
Info:     128000 |    11339     116479 |  167   807 |    124443|       0.81      96.10|
Info:     129000 |    11473     117330 |  134   851 |    123709|       1.39      97.49|
Info:     130000 |    11626     118160 |  153   830 |    122871|       0.95      98.44|
Info:     131000 |    11780     118977 |  154   817 |    122093|       1.01      99.45|
Info:     132000 |    11949     119778 |  169   801 |    121287|       0.80     100.25|
Info:     133000 |    12072     120628 |  123   850 |    120462|       0.88     101.13|
Info:     134000 |    12237     121435 |  165   807 |    119674|       0.88     102.01|
Info:     135000 |    12395     122257 |  158   822 |    118859|       0.99     103.00|
Info:     136000 |    12564     123068 |  169   811 |    118061|       0.96     103.96|
Info:     137000 |    12699     123917 |  135   849 |    117224|       1.57     105.53|
Info:     138000 |    12854     124711 |  155   794 |    116390|       0.88     106.40|
Info:     139000 |    13040     125488 |  186   777 |    115602|       0.81     107.22|
Info:     140000 |    13223     126249 |  183   761 |    114799|       0.87     108.09|
Info:     141000 |    13405     127022 |  182   773 |    113996|       0.84     108.93|
Info:     142000 |    13601     127796 |  196   774 |    113224|       0.98     109.91|
Info:     143000 |    13769     128584 |  168   788 |    112406|       1.02     110.93|
Info:     144000 |    13950     129359 |  181   775 |    111615|       1.01     111.93|
Info:     145000 |    14084     130186 |  134   827 |    110791|       1.51     113.44|
Info:     146000 |    14277     130972 |  193   786 |    110039|       1.39     114.83|
Info:     147000 |    14445     131751 |  168   779 |    109211|       0.85     115.68|
Info:     148000 |    14670     132477 |  225   726 |    108486|       0.84     116.52|
Info:     149000 |    14854     133238 |  184   761 |    107684|       0.86     117.38|
Info:     150000 |    15063     133974 |  209   736 |    106903|       0.98     118.36|
Info:     151000 |    15271     134708 |  208   734 |    106280|       1.05     119.41|
Info:     152000 |    15445     135508 |  174   800 |    105546|       0.95     120.37|
Info:     153000 |    15624     136276 |  179   768 |    104770|       0.85     121.22|
Info:     154000 |    15782     137050 |  158   774 |    103937|       1.01     122.22|
Info:     155000 |    15968     137829 |  186   779 |    103128|       1.12     123.34|
Info:     156000 |    16098     138699 |  130   870 |    102372|       2.15     125.50|
Info:     157000 |    16286     139426 |  188   727 |    101583|       0.88     126.38|
Info:     158000 |    16461     140197 |  175   771 |    100820|       0.89     127.27|
Info:     159000 |    16638     140956 |  177   759 |    100069|       0.88     128.15|
Info:     160000 |    16869     141691 |  231   735 |     99347|       0.93     129.08|
Info:     161000 |    17026     142486 |  157   795 |     98551|       0.95     130.03|
Info:     162000 |    17226     143238 |  200   752 |     97769|       0.75     130.78|
Info:     163000 |    17413     143983 |  187   745 |     96968|       0.82     131.60|
Info:     164000 |    17609     144737 |  196   754 |     96200|       1.04     132.63|
Info:     165000 |    17788     145513 |  179   776 |     95448|       1.07     133.70|
Info:     166000 |    17994     146221 |  206   708 |     94686|       0.99     134.70|
Info:     167000 |    18221     146975 |  227   754 |     94045|       1.21     135.91|
Info:     168000 |    18452     147737 |  231   762 |     93381|       1.18     137.09|
Info:     169000 |    18633     148507 |  181   770 |     92827|       1.04     138.13|
Info:     170000 |    18806     149250 |  173   743 |     92009|       0.91     139.04|
Info:     171000 |    19039     149988 |  233   738 |     91358|       1.30     140.34|
Info:     172000 |    19239     150705 |  200   717 |     90566|       0.98     141.32|
Info:     173000 |    19441     151444 |  202   739 |     89782|       1.18     142.50|
Info:     174000 |    19625     152206 |  184   762 |     88981|       1.00     143.50|
Info:     175000 |    19806     152934 |  181   728 |     88185|       1.01     144.51|
Info:     176000 |    20015     153662 |  209   728 |     87427|       0.98     145.49|
Info:     177000 |    20208     154430 |  193   768 |     86647|       0.96     146.45|
Info:     178000 |    20418     155151 |  210   721 |     85875|       0.84     147.29|
Info:     179000 |    20586     155960 |  168   809 |     85107|       1.57     148.86|
Info:     180000 |    20789     156756 |  203   796 |     84412|       2.10     150.96|
Info:     181000 |    20963     157512 |  174   756 |     83603|       1.10     152.05|
Info:     182000 |    21205     158207 |  242   695 |     82869|       1.13     153.19|
Info:     183000 |    21412     158938 |  207   731 |     82092|       1.13     154.31|
Info:     184000 |    21644     159687 |  232   749 |     81377|       1.03     155.34|
Info:     185000 |    21795     160410 |  151   723 |     80563|       0.90     156.24|
Info:     186000 |    21985     161137 |  190   727 |     79773|       0.87     157.12|
Info:     187000 |    22166     161843 |  181   706 |     78959|       1.01     158.13|
Info:     188000 |    22310     162669 |  144   826 |     78143|       0.99     159.12|
Info:     189000 |    22484     163412 |  174   743 |     77332|       1.33     160.45|
Info:     190000 |    22729     164148 |  245   736 |     76755|       1.54     161.99|
Info:     191000 |    22926     164858 |  197   710 |     75975|       1.17     163.16|
Info:     192000 |    23072     165597 |  146   739 |     75137|       1.14     164.30|
Info:     193000 |    23235     166312 |  163   715 |     74334|       1.27     165.58|
Info:     194000 |    23396     167070 |  161   758 |     73526|       1.57     167.14|
Info:     195000 |    23572     167793 |  176   723 |     72771|       1.41     168.55|
Info:     196000 |    23729     168602 |  157   809 |     71994|       1.41     169.96|
Info:     197000 |    23915     169325 |  186   723 |     71200|       1.29     171.26|
Info:     198000 |    24154     170032 |  239   707 |     70620|       1.52     172.77|
Info:     199000 |    24321     170859 |  167   827 |     69888|       2.84     175.61|
Info:     200000 |    24547     171633 |  226   774 |     69271|       2.12     177.73|
Info:     201000 |    24667     172406 |  120   773 |     68409|       1.02     178.75|
Info:     202000 |    24891     173127 |  224   721 |     67802|       1.29     180.04|
Info:     203000 |    25084     173850 |  193   723 |     67095|       1.05     181.09|
Info:     204000 |    25250     174629 |  166   779 |     66320|       1.15     182.24|
Info:     205000 |    25526     175260 |  276   631 |     65688|       1.56     183.80|
Info:     206000 |    25775     175967 |  249   707 |     65066|       1.47     185.27|
Info:     207000 |    26000     176709 |  225   742 |     64451|       1.68     186.95|
Info:     208000 |    26164     177483 |  164   774 |     63647|       1.28     188.23|
Info:     209000 |    26332     178222 |  168   739 |     62851|       1.24     189.47|
Info:     210000 |    26492     178993 |  160   771 |     62029|       1.25     190.72|
Info:     211000 |    26654     179802 |  162   809 |     61251|       1.26     191.98|
Info:     212000 |    26856     180551 |  202   749 |     60539|       1.48     193.45|
Info:     213000 |    26996     181366 |  140   815 |     59705|       1.29     194.74|
Info:     214000 |    27292     182053 |  296   687 |     59331|       1.73     196.48|
Info:     215000 |    27483     182820 |  191   767 |     58587|       1.20     197.67|
Info:     216000 |    27745     183558 |  262   738 |     58098|       2.88     200.55|
Info:     217000 |    27989     184314 |  244   756 |     57504|       2.45     203.00|
Info:     218000 |    28253     185050 |  264   736 |     57044|       2.54     205.54|
Info:     219000 |    28441     185857 |  188   807 |     56359|       1.41     206.95|
Info:     220000 |    28621     186616 |  180   759 |     55575|       1.15     208.10|
Info:     221000 |    28746     187412 |  125   796 |     54735|       1.15     209.25|
Info:     222000 |    28957     188177 |  211   765 |     54088|       1.28     210.54|
Info:     223000 |    29190     188880 |  233   703 |     53435|       1.38     211.92|
Info:     224000 |    29414     189630 |  224   750 |     52740|       1.41     213.33|
Info:     225000 |    29539     190445 |  125   815 |     51943|       1.16     214.50|
Info:     226000 |    29803     191160 |  264   715 |     51251|       1.23     215.73|
Info:     227000 |    30018     191888 |  215   728 |     50545|       1.18     216.91|
Info:     228000 |    30170     192706 |  152   818 |     49719|       0.91     217.82|
Info:     229000 |    30326     193466 |  156   760 |     48923|       1.03     218.86|
Info:     230000 |    30498     194230 |  172   764 |     48212|       1.03     219.88|
Info:     231000 |    30739     194960 |  241   730 |     47548|       1.45     221.34|
Info:     232000 |    30940     195691 |  201   731 |     46844|       1.33     222.67|
Info:     233000 |    31137     196475 |  197   784 |     46077|       1.33     224.00|
Info:     234000 |    31421     197191 |  284   716 |     45529|       2.18     226.17|
Info:     235000 |    31659     197953 |  238   762 |     44883|       2.68     228.85|
Info:     236000 |    31969     198643 |  310   690 |     44399|       2.68     231.53|
Info:     237000 |    32301     199311 |  332   668 |     44046|       2.32     233.85|
Info:     238000 |    32568     200041 |  267   730 |     43412|       2.07     235.92|
Info:     239000 |    32660     200829 |   92   788 |     42521|       1.07     236.99|
Info:     240000 |    32833     201557 |  173   728 |     41742|       1.22     238.21|
Info:     241000 |    32947     202318 |  114   761 |     40870|       1.26     239.47|
Info:     242000 |    33057     203060 |  110   742 |     39984|       1.11     240.58|
Info:     243000 |    33241     203802 |  184   742 |     39285|       1.46     242.04|
Info:     244000 |    33387     204654 |  146   852 |     38461|       1.47     243.50|
Info:     245000 |    33481     205436 |   94   782 |     37567|       1.06     244.56|
Info:     246000 |    33814     206059 |  333   623 |     37037|       1.82     246.38|
Info:     247000 |    33997     206828 |  183   769 |     36283|       1.89     248.27|
Info:     248000 |    34232     207573 |  235   745 |     35576|       1.41     249.69|
Info:     249000 |    34362     208385 |  130   812 |     34735|       0.99     250.67|
Info:     250000 |    34715     209032 |  353   647 |     34320|       2.05     252.73|
Info:     251000 |    35027     209720 |  312   688 |     33744|       2.09     254.81|
Info:     252000 |    35319     210428 |  292   708 |     33162|       2.17     256.98|
Info:     253000 |    35672     211075 |  353   647 |     32678|       2.39     259.37|
Info:     254000 |    36008     211739 |  336   664 |     32235|       2.38     261.74|
Info:     255000 |    36327     212420 |  319   681 |     31706|       2.32     264.06|
Info:     256000 |    36735     213012 |  408   592 |     31336|       2.36     266.41|
Info:     257000 |    37048     213699 |  313   687 |     30783|       1.65     268.06|
Info:     258000 |    37289     214421 |  241   722 |     30141|       1.12     269.18|
Info:     259000 |    37636     215074 |  347   653 |     29609|       1.76     270.94|
Info:     260000 |    37826     215884 |  190   810 |     28825|       1.19     272.13|
Info:     261000 |    38102     216608 |  276   724 |     28165|       1.87     274.00|
Info:     262000 |    38354     217356 |  252   748 |     27492|       1.15     275.16|
Info:     263000 |    38564     218146 |  210   790 |     26794|       1.29     276.44|
Info:     264000 |    38725     218985 |  161   839 |     25975|       0.93     277.37|
Info:     265000 |    39002     219708 |  277   723 |     25306|       1.57     278.95|
Info:     266000 |    39309     220401 |  307   693 |     24749|       2.77     281.72|
Info:     267000 |    39682     221028 |  373   627 |     24409|       2.12     283.84|
Info:     268000 |    40070     221640 |  388   612 |     24056|       2.51     286.35|
Info:     269000 |    40434     222276 |  364   636 |     23659|       2.38     288.73|
Info:     270000 |    40896     222814 |  462   538 |     23442|       2.56     291.29|
Info:     271000 |    41323     223387 |  427   573 |     23097|       2.32     293.62|
Info:     272000 |    41674     224036 |  351   649 |     22556|       2.16     295.77|
Info:     273000 |    42070     224640 |  396   604 |     22127|       2.11     297.89|
Info:     274000 |    42520     225190 |  450   550 |     21863|       2.22     300.10|
Info:     275000 |    42933     225777 |  413   587 |     21531|       2.37     302.47|
Info:     276000 |    43360     226350 |  427   573 |     21176|       2.66     305.13|
Info:     277000 |    43788     226922 |  428   572 |     20949|       3.13     308.26|
Info:     278000 |    44241     227469 |  453   547 |     20628|       2.78     311.04|
Info:     279000 |    44513     228197 |  272   728 |     20083|       1.49     312.54|
Info:     280000 |    44609     229101 |   96   904 |     19191|       1.07     313.61|
Info:     281000 |    44763     229947 |  154   846 |     18401|       1.10     314.71|
Info:     282000 |    45127     230583 |  364   636 |     17934|       1.93     316.64|
Info:     283000 |    45477     231233 |  350   650 |     17353|       1.71     318.35|
Info:     284000 |    45837     231873 |  360   640 |     16931|       1.82     320.17|
Info:     285000 |    46208     232502 |  371   629 |     16493|       1.87     322.03|
Info:     286000 |    46576     233134 |  368   632 |     15965|       1.78     323.81|
Info:     287000 |    46957     233753 |  381   619 |     15503|       1.72     325.53|
Info:     288000 |    47312     234398 |  355   645 |     15053|       1.78     327.31|
Info:     289000 |    47661     235049 |  349   651 |     14499|       1.73     329.04|
Info:     290000 |    48040     235670 |  379   621 |     13983|       1.91     330.95|
Info:     291000 |    48408     236302 |  368   632 |     13443|       1.85     332.80|
Info:     292000 |    48653     237057 |  245   755 |     12733|       1.21     334.01|
Info:     293000 |    48723     237898 |   70   841 |     11822|       1.47     335.48|
Info:     294000 |    48804     238693 |   81   795 |     10951|       1.52     337.00|
Info:     295000 |    48858     239496 |   54   803 |     10025|       1.62     338.62|
Info:     296000 |    48907     240307 |   49   811 |      9085|       1.18     339.80|
Info:     297000 |    48963     241128 |   56   821 |      8163|       1.19     340.99|
Info:     298000 |    49040     241925 |   77   797 |      7277|       1.50     342.49|
Info:     299000 |    49129     242710 |   89   785 |      6408|       1.65     344.14|
Info:     300000 |    49215     243490 |   86   780 |      5524|       1.36     345.50|
Info:     301000 |    49267     244315 |   52   825 |      4600|       1.35     346.85|
