make: Entering directory '/workspace/scratch/2dc194a6b0cd/sway_observation2/hw'
Info: constraining clock net 'CLK_clk_25mhz' to 25.00 MHz
Warning: net 'pll_clk_100mhz' does not exist in design, ignoring clock constraint
Warning: net 'pll_clk_125mhz' does not exist in design, ignoring clock constraint

Info: Logic utilisation before packing:
Info:     Total LUT4s:     43063/83640    51%
Info:         logic LUTs:  30977/83640    37%
Info:         carry LUTs:   9080/83640    10%
Info:           RAM LUTs:   2004/10455    19%
Info:          RAMW LUTs:   1002/20910     4%

Info:      Total DFFs:     46909/83640    56%

Info: Packing IOs..
Info: pin 'led[7]$tr_io' constrained to Bel 'X0/Y41/PIOD'.
Info: pin 'led[6]$tr_io' constrained to Bel 'X0/Y38/PIOD'.
Info: pin 'led[5]$tr_io' constrained to Bel 'X0/Y44/PIOD'.
Info: pin 'led[4]$tr_io' constrained to Bel 'X0/Y38/PIOB'.
Info: pin 'led[3]$tr_io' constrained to Bel 'X0/Y38/PIOC'.
Info: pin 'led[2]$tr_io' constrained to Bel 'X0/Y38/PIOA'.
Info: pin 'led[1]$tr_io' constrained to Bel 'X0/Y35/PIOD'.
Info: pin 'led[0]$tr_io' constrained to Bel 'X0/Y35/PIOC'.
Info: pin 'ftdi_txd$tr_io' constrained to Bel 'X0/Y89/PIOB'.
Info: pin 'ftdi_rxd$tr_io' constrained to Bel 'X0/Y56/PIOC'.
Info: pin 'CLK_clk_25mhz$tr_io' constrained to Bel 'X0/Y47/PIOA'.
Info: placed PLL 'clocks_pll.pll_i' at bel 'X1/Y4/EHXPLL_UL'
Info: Packing constants..
Info: Packing carries...
Info: Packing LUTs...
Info: Packing LUT5-7s...
Info: Packing FFs...
Info:     14087 FFs paired with LUTs.
Info: Generating derived timing constraints...
Info:     Input frequency of PLL 'clocks_pll.pll_i' is constrained to 25.0 MHz
Info:     Derived frequency constraint of 125.0 MHz for net clocks_pll.clk_125mhz
Info:     Derived frequency constraint of 100.0 MHz for net clocks_coreReset.CLK
Info:     Derived frequency constraint of 25.0 MHz for net clocks_pll.clk_25mhz
Info: Promoting globals...
Info:     promoting clock net clocks_coreReset.CLK to global network
Info:     promoting clock net CLK_clk_25mhz$TRELLIS_IO_IN to global network
Info: Checksum: 0xef899d11

Info: Device utilisation:
Info: 	          TRELLIS_IO:      11/    365     3%
Info: 	                DCCA:       2/     56     3%
Info: 	              DP16KD:      49/    208    23%
Info: 	          MULT18X18D:       0/    156     0%
Info: 	              ALU54B:       0/     78     0%
Info: 	             EHXPLLL:       1/      4    25%
Info: 	             EXTREFB:       0/      2     0%
Info: 	                DCUA:       0/      2     0%
Info: 	           PCSCLKDIV:       0/      2     0%
Info: 	             IOLOGIC:       0/    224     0%
Info: 	            SIOLOGIC:       0/    141     0%
Info: 	                 GSR:       0/      1     0%
Info: 	               JTAGG:       0/      1     0%
Info: 	                OSCG:       0/      1     0%
Info: 	               SEDGA:       0/      1     0%
Info: 	                 DTR:       0/      1     0%
Info: 	             USRMCLK:       0/      1     0%
Info: 	             CLKDIVF:       0/      4     0%
Info: 	           ECLKSYNCB:       0/     10     0%
Info: 	             DLLDELD:       0/      8     0%
Info: 	              DDRDLL:       0/      4     0%
Info: 	             DQSBUFM:       0/     14     0%
Info: 	     TRELLIS_ECLKBUF:       0/      8     0%
Info: 	        ECLKBRIDGECS:       0/      2     0%
Info: 	                DCSC:       0/      2     0%
Info: 	          TRELLIS_FF:   46909/  83640    56%
Info: 	        TRELLIS_COMB:   45989/  83640    54%
Info: 	        TRELLIS_RAMW:     501/  10455     4%

Info: Placed 12 cells based on constraints.
Info: Creating initial analytic placement for 62957 cells, random placement wirelen = 6434594.
Info:     at initial placer iter 0, wirelen = 10070
Info:     at initial placer iter 1, wirelen = 10511
Info:     at initial placer iter 2, wirelen = 10128
Info:     at initial placer iter 3, wirelen = 10426
Info: Running main analytical placer.
Info:     at iteration #1, type ALL: wirelen solved = 10117, spread = 1027627, legal = 1418942; time = 105.22s
Info:     at iteration #2, type ALL: wirelen solved = 83418, spread = 338066, legal = 672982; time = 32.81s
Info:     at iteration #3, type ALL: wirelen solved = 117403, spread = 267333, legal = 578334; time = 28.49s
Info:     at iteration #4, type ALL: wirelen solved = 131999, spread = 245636, legal = 534067; time = 25.46s
Info:     at iteration #5, type ALL: wirelen solved = 143459, spread = 234322, legal = 518011; time = 28.24s
Info:     at iteration #6, type ALL: wirelen solved = 151180, spread = 231547, legal = 513818; time = 23.85s
Info:     at iteration #7, type ALL: wirelen solved = 161255, spread = 232207, legal = 499554; time = 23.06s
Info:     at iteration #8, type ALL: wirelen solved = 169738, spread = 233539, legal = 478619; time = 22.01s
Info:     at iteration #9, type ALL: wirelen solved = 180544, spread = 240215, legal = 476507; time = 19.27s
Info:     at iteration #10, type ALL: wirelen solved = 189307, spread = 245291, legal = 478264; time = 19.07s
Info:     at iteration #11, type ALL: wirelen solved = 201384, spread = 255811, legal = 480037; time = 22.56s
Info:     at iteration #12, type ALL: wirelen solved = 210075, spread = 260570, legal = 461686; time = 16.46s
Info:     at iteration #13, type ALL: wirelen solved = 216601, spread = 264320, legal = 451683; time = 20.86s
Info:     at iteration #14, type ALL: wirelen solved = 227808, spread = 274163, legal = 441852; time = 12.88s
Info:     at iteration #15, type ALL: wirelen solved = 235662, spread = 277799, legal = 424570; time = 10.87s
Info:     at iteration #16, type ALL: wirelen solved = 241996, spread = 282744, legal = 416054; time = 12.89s
Info:     at iteration #17, type ALL: wirelen solved = 247478, spread = 290721, legal = 408472; time = 9.17s
Info:     at iteration #18, type ALL: wirelen solved = 253183, spread = 292456, legal = 397890; time = 7.98s
Info:     at iteration #19, type ALL: wirelen solved = 256234, spread = 294027, legal = 391628; time = 8.10s
Info:     at iteration #20, type ALL: wirelen solved = 260750, spread = 298397, legal = 389504; time = 8.81s
Info:     at iteration #21, type ALL: wirelen solved = 265948, spread = 300923, legal = 396034; time = 16.94s
Info:     at iteration #22, type ALL: wirelen solved = 274490, spread = 308172, legal = 386420; time = 11.71s
Info:     at iteration #23, type ALL: wirelen solved = 274088, spread = 307771, legal = 375593; time = 4.52s
Info:     at iteration #24, type ALL: wirelen solved = 273522, spread = 308842, legal = 374236; time = 4.56s
Info:     at iteration #25, type ALL: wirelen solved = 275036, spread = 307251, legal = 373340; time = 5.09s
Info:     at iteration #26, type ALL: wirelen solved = 276809, spread = 311445, legal = 370791; time = 4.86s
Info:     at iteration #27, type ALL: wirelen solved = 278147, spread = 310666, legal = 369053; time = 4.27s
Info:     at iteration #28, type ALL: wirelen solved = 277336, spread = 309140, legal = 366324; time = 4.19s
Info:     at iteration #29, type ALL: wirelen solved = 278579, spread = 310215, legal = 367110; time = 4.61s
Info:     at iteration #30, type ALL: wirelen solved = 281820, spread = 315770, legal = 365248; time = 4.37s
Info:     at iteration #31, type ALL: wirelen solved = 283602, spread = 315343, legal = 361240; time = 4.06s
Info:     at iteration #32, type ALL: wirelen solved = 283950, spread = 315862, legal = 361792; time = 4.48s
Info:     at iteration #33, type ALL: wirelen solved = 285718, spread = 322253, legal = 365292; time = 4.09s
Info:     at iteration #34, type ALL: wirelen solved = 287897, spread = 322468, legal = 366531; time = 3.97s
Info:     at iteration #35, type ALL: wirelen solved = 290602, spread = 325821, legal = 366893; time = 4.07s
Info:     at iteration #36, type ALL: wirelen solved = 293307, spread = 326175, legal = 365638; time = 3.73s
Info: HeAP Placer Time: 617.69s
Info:   of which solving equations: 115.90s
Info:   of which spreading cells: 39.63s
Info:   of which strict legalisation: 416.12s

Info: Running simulated annealing placer for refinement.
Info:   at iteration #1: temp = 0.000000, timing cost = 2094, wirelen = 361240
Info:   at iteration #5: temp = 0.000000, timing cost = 1244, wirelen = 322790
Info:   at iteration #10: temp = 0.000000, timing cost = 1046, wirelen = 308205
Info:   at iteration #15: temp = 0.000000, timing cost = 1045, wirelen = 299648
Info:   at iteration #20: temp = 0.000000, timing cost = 968, wirelen = 295883
Info:   at iteration #25: temp = 0.000000, timing cost = 960, wirelen = 293788
Info:   at iteration #30: temp = 0.000000, timing cost = 991, wirelen = 292757
Info:   at iteration #35: temp = 0.000000, timing cost = 1016, wirelen = 292116
Info:   at iteration #40: temp = 0.000000, timing cost = 987, wirelen = 291748
Info:   at iteration #45: temp = 0.000000, timing cost = 1010, wirelen = 291410
Info:   at iteration #50: temp = 0.000000, timing cost = 984, wirelen = 291249
Info:   at iteration #55: temp = 0.000000, timing cost = 901, wirelen = 291101
Info:   at iteration #56: temp = 0.000000, timing cost = 885, wirelen = 291043 
Info: SA placement time 478.17s

Info: Max frequency for clock '$glbnet$CLK_clk_25mhz$TRELLIS_IO_IN': 144.43 MHz (PASS at 25.00 MHz)
Info: Max frequency for clock        '$glbnet$clocks_coreReset.CLK': 61.41 MHz (FAIL at 100.00 MHz)

Info: Max delay <async>                                     -> posedge $glbnet$CLK_clk_25mhz$TRELLIS_IO_IN: 4.64 ns
Info: Max delay posedge $glbnet$CLK_clk_25mhz$TRELLIS_IO_IN -> <async>                                    : 12.85 ns
Info: Max delay posedge $glbnet$CLK_clk_25mhz$TRELLIS_IO_IN -> posedge $glbnet$clocks_coreReset.CLK       : 3.18 ns
Info: Max delay posedge $glbnet$clocks_coreReset.CLK        -> posedge $glbnet$CLK_clk_25mhz$TRELLIS_IO_IN: 2.62 ns

Info: Slack histogram:
Info:  legend: * represents 522 endpoint(s)
Info:          + represents [1,522) endpoint(s)
Info: [ -6285,  -4008) |+
Info: [ -4008,  -1731) |**+
Info: [ -1731,    546) |*****+
Info: [   546,   2823) |**********************+
Info: [  2823,   5100) |*******************************************************+
Info: [  5100,   7377) |***********************************************************+
Info: [  7377,   9654) |************************************************************ 
Info: [  9654,  11931) | 
Info: [ 11931,  14208) | 
Info: [ 14208,  16485) | 
Info: [ 16485,  18762) | 
Info: [ 18762,  21039) | 
Info: [ 21039,  23316) | 
Info: [ 23316,  25593) | 
Info: [ 25593,  27870) | 
Info: [ 27870,  30147) | 
Info: [ 30147,  32424) | 
Info: [ 32424,  34701) |+
Info: [ 34701,  36978) |+
Info: [ 36978,  39255) |+
Info: Checksum: 0x99a77616
Info: Routing globals...
Info:     routing clock net $glbnet$CLK_clk_25mhz$TRELLIS_IO_IN using global 0
Info:     routing clock net $glbnet$clocks_coreReset.CLK using global 1

Info: Routing..
Info: Setting up routing queue.
Info: Routing 235841 arcs.
Info:            |   (re-)routed arcs  |   delta    | remaining|       time spent     |
Info:    IterCnt |  w/ripup   wo/ripup |  w/r  wo/r |      arcs| batch(sec) total(sec)|
Info:       1000 |       55        944 |   55   944 |    234967|       7.58       7.58|
Info:       2000 |      106       1893 |   51   949 |    234088|       0.82       8.40|
Info:       3000 |      175       2824 |   69   931 |    233234|       0.57       8.97|
Info:       4000 |      227       3772 |   52   948 |    232316|       0.59       9.56|
Info:       5000 |      283       4716 |   56   944 |    231416|       0.62      10.18|
Info:       6000 |      348       5651 |   65   935 |    230521|       0.55      10.73|
Info:       7000 |      413       6586 |   65   935 |    229676|       0.58      11.31|
Info:       8000 |      477       7522 |   64   936 |    228804|       0.50      11.82|
Info:       9000 |      532       8467 |   55   945 |    227917|       0.52      12.34|
Info:      10000 |      610       9389 |   78   922 |    227116|       0.49      12.83|
Info:      11000 |      701      10298 |   91   909 |    226318|       0.48      13.31|
Info:      12000 |      754      11245 |   53   947 |    225410|       0.49      13.80|
Info:      13000 |      811      12188 |   57   943 |    224495|       0.48      14.28|
Info:      14000 |      879      13120 |   68   932 |    223616|       0.56      14.83|
Info:      15000 |      953      14046 |   74   926 |    222722|       0.55      15.39|
Info:      16000 |     1011      14988 |   58   942 |    221795|       0.62      16.01|
Info:      17000 |     1065      15934 |   54   946 |    220902|       0.51      16.52|
Info:      18000 |     1125      16874 |   60   940 |    220039|       0.57      17.09|
Info:      19000 |     1183      17816 |   58   942 |    219149|       0.59      17.68|
Info:      20000 |     1232      18767 |   49   951 |    218232|       0.61      18.30|
Info:      21000 |     1308      19691 |   76   924 |    217352|       0.47      18.76|
Info:      22000 |     1367      20632 |   59   941 |    216419|       0.55      19.31|
Info:      23000 |     1454      21545 |   87   913 |    215569|       0.51      19.82|
Info:      24000 |     1528      22471 |   74   926 |    214665|       0.49      20.31|
Info:      25000 |     1599      23400 |   71   929 |    213761|       0.62      20.93|
Info:      26000 |     1681      24318 |   82   918 |    212875|       0.59      21.52|
Info:      27000 |     1748      25251 |   67   933 |    211964|       0.60      22.12|
Info:      28000 |     1827      26172 |   79   921 |    211116|       0.71      22.83|
Info:      29000 |     1894      27105 |   67   933 |    210225|       0.52      23.35|
Info:      30000 |     1962      28037 |   68   932 |    209342|       0.72      24.07|
Info:      31000 |     2042      28957 |   80   920 |    208443|       0.73      24.80|
Info:      32000 |     2099      29900 |   57   943 |    207548|       0.72      25.52|
Info:      33000 |     2151      30848 |   52   948 |    206618|       0.63      26.15|
Info:      34000 |     2231      31768 |   80   920 |    205769|       0.79      26.94|
Info:      35000 |     2303      32696 |   72   928 |    204888|       0.75      27.68|
Info:      36000 |     2371      33628 |   68   932 |    203963|       0.62      28.30|
Info:      37000 |     2449      34550 |   78   922 |    203165|       0.51      28.81|
Info:      38000 |     2524      35475 |   75   925 |    202267|       0.50      29.31|
Info:      39000 |     2578      36421 |   54   946 |    201361|       0.53      29.85|
Info:      40000 |     2638      37361 |   60   940 |    200430|       0.60      30.45|
Info:      41000 |     2717      38282 |   79   921 |    199549|       0.64      31.09|
Info:      42000 |     2784      39215 |   67   933 |    198709|       0.67      31.76|
Info:      43000 |     2845      40154 |   61   939 |    197789|       0.55      32.31|
Info:      44000 |     2924      41075 |   79   921 |    196904|       0.54      32.85|
Info:      45000 |     2993      42006 |   69   931 |    195979|       0.55      33.40|
Info:      46000 |     3066      42933 |   73   927 |    195063|       0.56      33.96|
Info:      47000 |     3151      43848 |   85   915 |    194168|       0.65      34.61|
Info:      48000 |     3230      44769 |   79   921 |    193274|       0.60      35.21|
Info:      49000 |     3324      45675 |   94   906 |    192387|       0.69      35.90|
Info:      50000 |     3382      46617 |   58   942 |    191460|       0.66      36.56|
Info:      51000 |     3465      47534 |   83   917 |    190559|       0.74      37.30|
Info:      52000 |     3564      48435 |   99   901 |    189679|       0.73      38.03|
Info:      53000 |     3618      49381 |   54   946 |    188772|       0.83      38.86|
Info:      54000 |     3697      50302 |   79   921 |    187897|       0.71      39.56|
Info:      55000 |     3791      51208 |   94   906 |    187070|       0.68      40.25|
Info:      56000 |     3882      52117 |   91   909 |    186190|       0.58      40.83|
Info:      57000 |     4009      52990 |  127   873 |    185442|       0.92      41.75|
Info:      58000 |     4074      53925 |   65   935 |    184536|       0.75      42.50|
Info:      59000 |     4179      54820 |  105   895 |    183665|       0.58      43.08|
Info:      60000 |     4281      55718 |  102   898 |    182848|       0.71      43.79|
Info:      61000 |     4345      56654 |   64   936 |    181978|       0.86      44.65|
Info:      62000 |     4422      57577 |   77   923 |    181063|       0.65      45.30|
Info:      63000 |     4506      58493 |   84   916 |    180177|       0.71      46.01|
Info:      64000 |     4604      59395 |   98   902 |    179305|       0.67      46.69|
Info:      65000 |     4700      60299 |   96   904 |    178433|       0.95      47.64|
Info:      66000 |     4784      61215 |   84   916 |    177572|       0.82      48.46|
Info:      67000 |     4873      62126 |   89   911 |    176665|       0.76      49.22|
Info:      68000 |     4953      63046 |   80   920 |    175751|       0.60      49.82|
Info:      69000 |     5035      63964 |   82   918 |    175045|       0.98      50.80|
Info:      70000 |     5134      64865 |   99   901 |    174171|       0.66      51.45|
Info:      71000 |     5220      65779 |   86   914 |    173261|       0.69      52.14|
Info:      72000 |     5310      66689 |   90   910 |    172427|       0.80      52.94|
Info:      73000 |     5396      67603 |   86   914 |    171534|       0.61      53.55|
Info:      74000 |     5470      68529 |   74   926 |    170692|       0.81      54.36|
Info:      75000 |     5559      69440 |   89   911 |    169825|       0.86      55.22|
Info:      76000 |     5651      70348 |   92   908 |    168943|       0.76      55.98|
Info:      77000 |     5739      71260 |   88   912 |    168053|       0.76      56.74|
Info:      78000 |     5812      72187 |   73   927 |    167151|       0.95      57.69|
Info:      79000 |     5907      73077 |   95   890 |    166256|       0.69      58.39|
Info:      80000 |     5962      74022 |   55   945 |    165317|       0.76      59.15|
Info:      81000 |     6061      74923 |   99   901 |    164452|       0.86      60.00|
Info:      82000 |     6151      75833 |   90   910 |    163624|       0.71      60.71|
Info:      83000 |     6232      76752 |   81   919 |    162732|       0.77      61.48|
Info:      84000 |     6340      77644 |  108   892 |    161841|       0.61      62.10|
Info:      85000 |     6411      78573 |   71   929 |    160919|       0.74      62.83|
Info:      86000 |     6517      79467 |  106   894 |    160041|       0.73      63.56|
Info:      87000 |     6637      80346 |  120   879 |    159199|       0.90      64.46|
Info:      88000 |     6732      81251 |   95   905 |    158317|       1.02      65.48|
Info:      89000 |     6818      82165 |   86   914 |    157416|       0.75      66.23|
Info:      90000 |     6905      83078 |   87   913 |    156541|       0.85      67.07|
Info:      91000 |     7015      83968 |  110   890 |    155690|       0.73      67.81|
Info:      92000 |     7118      84865 |  103   897 |    154820|       1.02      68.82|
Info:      93000 |     7224      85758 |  106   893 |    153936|       0.87      69.70|
Info:      94000 |     7319      86663 |   95   905 |    153039|       0.88      70.57|
Info:      95000 |     7402      87580 |   83   917 |    152124|       0.90      71.47|
Info:      96000 |     7522      88460 |  120   880 |    151322|       0.82      72.28|
Info:      97000 |     7625      89357 |  103   897 |    150432|       0.75      73.04|
Info:      98000 |     7702      90280 |   77   923 |    149520|       0.94      73.98|
Info:      99000 |     7829      91153 |  127   873 |    148881|       0.75      74.73|
Info:     100000 |     7933      92048 |  104   895 |    147997|       0.67      75.39|
Info:     101000 |     8039      92942 |  106   894 |    147117|       0.80      76.19|
Info:     102000 |     8145      93836 |  106   894 |    146258|       0.81      77.00|
Info:     103000 |     8237      94744 |   92   908 |    145391|       0.97      77.97|
Info:     104000 |     8359      95622 |  122   878 |    144585|       0.88      78.85|
Info:     105000 |     8465      96515 |  106   893 |    143731|       0.88      79.74|
Info:     106000 |     8580      97399 |  115   884 |    142902|       0.80      80.53|
Info:     107000 |     8681      98296 |  101   897 |    142035|       0.74      81.27|
Info:     108000 |     8789      99186 |  108   890 |    141183|       0.79      82.05|
Info:     109000 |     8879     100092 |   90   906 |    140312|       1.05      83.10|
Info:     110000 |     9003     100961 |  124   869 |    139454|       0.68      83.78|
Info:     111000 |     9112     101849 |  109   888 |    138582|       0.79      84.57|
Info:     112000 |     9240     102711 |  128   862 |    137741|       0.88      85.45|
Info:     113000 |     9324     103621 |   84   910 |    136835|       0.90      86.36|
Info:     114000 |     9482     104460 |  158   839 |    136054|       0.88      87.24|
Info:     115000 |     9581     105359 |   99   899 |    135216|       1.17      88.40|
Info:     116000 |     9706     106231 |  125   872 |    134369|       0.82      89.22|
Info:     117000 |     9823     107109 |  117   878 |    133501|       0.72      89.94|
Info:     118000 |     9938     107993 |  115   884 |    132638|       0.74      90.68|
Info:     119000 |    10055     108870 |  117   877 |    131815|       0.75      91.43|
Info:     120000 |    10179     109742 |  124   872 |    130992|       0.79      92.22|
Info:     121000 |    10324     110587 |  145   845 |    130157|       0.81      93.02|
Info:     122000 |    10436     111474 |  112   887 |    129318|       1.29      94.31|
Info:     123000 |    10598     112309 |  162   835 |    128527|       0.93      95.24|
Info:     124000 |    10764     113133 |  166   824 |    127727|       1.04      96.28|
Info:     125000 |    10901     113970 |  137   837 |    126919|       0.94      97.23|
Info:     126000 |    11047     114806 |  146   836 |    126082|       0.77      98.00|
Info:     127000 |    11172     115672 |  125   866 |    125238|       0.92      98.91|
Info:     128000 |    11339     116479 |  167   807 |    124443|       0.99      99.90|
Info:     129000 |    11473     117330 |  134   851 |    123709|       1.55     101.45|
Info:     130000 |    11626     118160 |  153   830 |    122871|       1.02     102.47|
Info:     131000 |    11780     118977 |  154   817 |    122093|       0.93     103.40|
Info:     132000 |    11949     119778 |  169   801 |    121287|       0.92     104.32|
Info:     133000 |    12072     120628 |  123   850 |    120462|       1.14     105.45|
Info:     134000 |    12237     121435 |  165   807 |    119674|       1.17     106.63|
Info:     135000 |    12395     122257 |  158   822 |    118859|       1.07     107.70|
Info:     136000 |    12564     123068 |  169   811 |    118061|       1.14     108.83|
Info:     137000 |    12699     123917 |  135   849 |    117224|       1.51     110.34|
Info:     138000 |    12854     124711 |  155   794 |    116390|       1.08     111.42|
Info:     139000 |    13040     125488 |  186   777 |    115602|       1.10     112.52|
Info:     140000 |    13223     126249 |  183   761 |    114799|       1.12     113.64|
Info:     141000 |    13405     127022 |  182   773 |    113996|       1.01     114.65|
Info:     142000 |    13601     127796 |  196   774 |    113224|       0.95     115.59|
Info:     143000 |    13769     128584 |  168   788 |    112406|       1.04     116.63|
Info:     144000 |    13950     129359 |  181   775 |    111615|       0.97     117.60|
Info:     145000 |    14084     130186 |  134   827 |    110791|       1.51     119.12|
Info:     146000 |    14277     130972 |  193   786 |    110039|       1.09     120.20|
Info:     147000 |    14445     131751 |  168   779 |    109211|       0.72     120.93|
Info:     148000 |    14670     132477 |  225   726 |    108486|       0.79     121.71|
Info:     149000 |    14854     133238 |  184   761 |    107684|       0.79     122.50|
Info:     150000 |    15063     133974 |  209   736 |    106903|       0.94     123.44|
Info:     151000 |    15271     134708 |  208   734 |    106280|       1.23     124.68|
Info:     152000 |    15445     135508 |  174   800 |    105546|       0.95     125.62|
Info:     153000 |    15624     136276 |  179   768 |    104770|       1.02     126.64|
Info:     154000 |    15782     137050 |  158   774 |    103937|       0.91     127.55|
Info:     155000 |    15968     137829 |  186   779 |    103128|       0.92     128.47|
Info:     156000 |    16098     138699 |  130   870 |    102372|       1.91     130.39|
Info:     157000 |    16286     139426 |  188   727 |    101583|       0.81     131.20|
Info:     158000 |    16461     140197 |  175   771 |    100820|       0.78     131.98|
Info:     159000 |    16638     140956 |  177   759 |    100069|       0.74     132.72|
Info:     160000 |    16869     141691 |  231   735 |     99347|       0.89     133.61|
Info:     161000 |    17026     142486 |  157   795 |     98551|       0.90     134.51|
Info:     162000 |    17226     143238 |  200   752 |     97769|       0.82     135.34|
Info:     163000 |    17413     143983 |  187   745 |     96968|       0.77     136.11|
Info:     164000 |    17609     144737 |  196   754 |     96200|       0.88     137.00|
Info:     165000 |    17788     145513 |  179   776 |     95448|       0.89     137.89|
Info:     166000 |    17994     146221 |  206   708 |     94686|       0.80     138.69|
Info:     167000 |    18221     146975 |  227   754 |     94045|       1.07     139.76|
Info:     168000 |    18452     147737 |  231   762 |     93381|       1.30     141.05|
Info:     169000 |    18633     148507 |  181   770 |     92827|       0.96     142.01|
Info:     170000 |    18806     149250 |  173   743 |     92009|       0.75     142.76|
Info:     171000 |    19039     149988 |  233   738 |     91358|       1.05     143.80|
Info:     172000 |    19239     150705 |  200   717 |     90566|       0.89     144.69|
Info:     173000 |    19441     151444 |  202   739 |     89782|       0.90     145.59|
Info:     174000 |    19625     152206 |  184   762 |     88981|       1.05     146.64|
Info:     175000 |    19806     152934 |  181   728 |     88185|       0.89     147.53|
Info:     176000 |    20015     153662 |  209   728 |     87427|       0.91     148.44|
Info:     177000 |    20208     154430 |  193   768 |     86647|       1.10     149.54|
Info:     178000 |    20418     155151 |  210   721 |     85875|       0.98     150.51|
Info:     179000 |    20586     155960 |  168   809 |     85107|       1.41     151.93|
Info:     180000 |    20789     156756 |  203   796 |     84412|       2.33     154.26|
Info:     181000 |    20963     157512 |  174   756 |     83603|       1.11     155.37|
Info:     182000 |    21205     158207 |  242   695 |     82869|       1.16     156.53|
Info:     183000 |    21412     158938 |  207   731 |     82092|       0.94     157.47|
Info:     184000 |    21644     159687 |  232   749 |     81377|       1.07     158.55|
Info:     185000 |    21795     160410 |  151   723 |     80563|       0.91     159.45|
Info:     186000 |    21985     161137 |  190   727 |     79773|       0.86     160.31|
Info:     187000 |    22166     161843 |  181   706 |     78959|       1.10     161.41|
Info:     188000 |    22310     162669 |  144   826 |     78143|       1.20     162.61|
Info:     189000 |    22484     163412 |  174   743 |     77332|       1.16     163.77|
Info:     190000 |    22729     164148 |  245   736 |     76755|       1.95     165.72|
Info:     191000 |    22926     164858 |  197   710 |     75975|       1.23     166.95|
Info:     192000 |    23072     165597 |  146   739 |     75137|       1.09     168.04|
Info:     193000 |    23235     166312 |  163   715 |     74334|       1.11     169.14|
Info:     194000 |    23396     167070 |  161   758 |     73526|       0.94     170.08|
Info:     195000 |    23572     167793 |  176   723 |     72771|       0.96     171.05|
Info:     196000 |    23729     168602 |  157   809 |     71994|       1.15     172.19|
Info:     197000 |    23915     169325 |  186   723 |     71200|       0.90     173.09|
Info:     198000 |    24154     170032 |  239   707 |     70620|       1.47     174.56|
Info:     199000 |    24321     170859 |  167   827 |     69888|       2.51     177.07|
Info:     200000 |    24547     171633 |  226   774 |     69271|       2.44     179.51|
Info:     201000 |    24667     172406 |  120   773 |     68409|       1.25     180.75|
Info:     202000 |    24891     173127 |  224   721 |     67802|       1.40     182.15|
Info:     203000 |    25084     173850 |  193   723 |     67095|       1.07     183.23|
Info:     204000 |    25250     174629 |  166   779 |     66320|       0.92     184.15|
Info:     205000 |    25526     175260 |  276   631 |     65688|       1.46     185.61|
Info:     206000 |    25775     175967 |  249   707 |     65066|       1.36     186.97|
Info:     207000 |    26000     176709 |  225   742 |     64451|       1.29     188.25|
Info:     208000 |    26164     177483 |  164   774 |     63647|       0.86     189.11|
Info:     209000 |    26332     178222 |  168   739 |     62851|       1.06     190.17|
Info:     210000 |    26492     178993 |  160   771 |     62029|       0.95     191.12|
Info:     211000 |    26654     179802 |  162   809 |     61251|       1.13     192.26|
Info:     212000 |    26856     180551 |  202   749 |     60539|       1.21     193.47|
Info:     213000 |    26996     181366 |  140   815 |     59705|       1.06     194.53|
Info:     214000 |    27292     182053 |  296   687 |     59331|       1.42     195.95|
Info:     215000 |    27483     182820 |  191   767 |     58587|       1.09     197.04|
Info:     216000 |    27745     183558 |  262   738 |     58098|       2.09     199.13|
Info:     217000 |    27989     184314 |  244   756 |     57504|       2.25     201.38|
Info:     218000 |    28253     185050 |  264   736 |     57044|       2.15     203.53|
Info:     219000 |    28441     185857 |  188   807 |     56359|       1.74     205.27|
Info:     220000 |    28621     186616 |  180   759 |     55575|       1.23     206.50|
Info:     221000 |    28746     187412 |  125   796 |     54735|       1.01     207.51|
Info:     222000 |    28957     188177 |  211   765 |     54088|       1.25     208.76|
Info:     223000 |    29190     188880 |  233   703 |     53435|       1.36     210.11|
Info:     224000 |    29414     189630 |  224   750 |     52740|       1.34     211.45|
Info:     225000 |    29539     190445 |  125   815 |     51943|       1.06     212.51|
Info:     226000 |    29803     191160 |  264   715 |     51251|       1.11     213.62|
Info:     227000 |    30018     191888 |  215   728 |     50545|       1.20     214.81|
Info:     228000 |    30170     192706 |  152   818 |     49719|       0.93     215.75|
Info:     229000 |    30326     193466 |  156   760 |     48923|       1.01     216.76|
Info:     230000 |    30498     194230 |  172   764 |     48212|       1.05     217.80|
Info:     231000 |    30739     194960 |  241   730 |     47548|       1.32     219.12|
Info:     232000 |    30940     195691 |  201   731 |     46844|       1.26     220.39|
Info:     233000 |    31137     196475 |  197   784 |     46077|       1.41     221.80|
Info:     234000 |    31421     197191 |  284   716 |     45529|       2.49     224.29|
Info:     235000 |    31659     197953 |  238   762 |     44883|       2.27     226.55|
Info:     236000 |    31969     198643 |  310   690 |     44399|       2.16     228.72|
Info:     237000 |    32301     199311 |  332   668 |     44046|       2.27     230.98|
Info:     238000 |    32568     200041 |  267   730 |     43412|       2.20     233.18|
Info:     239000 |    32660     200829 |   92   788 |     42521|       0.95     234.13|
Info:     240000 |    32833     201557 |  173   728 |     41742|       1.21     235.34|
Info:     241000 |    32947     202318 |  114   761 |     40870|       1.02     236.36|
Info:     242000 |    33057     203060 |  110   742 |     39984|       0.93     237.29|
Info:     243000 |    33241     203802 |  184   742 |     39285|       1.12     238.41|
Info:     244000 |    33387     204654 |  146   852 |     38461|       1.06     239.47|
Info:     245000 |    33481     205436 |   94   782 |     37567|       0.97     240.44|
Info:     246000 |    33814     206059 |  333   623 |     37037|       1.36     241.80|
Info:     247000 |    33997     206828 |  183   769 |     36283|       1.16     242.96|
Info:     248000 |    34232     207573 |  235   745 |     35576|       1.04     244.00|
Info:     249000 |    34362     208385 |  130   812 |     34735|       0.94     244.95|
Info:     250000 |    34715     209032 |  353   647 |     34320|       2.09     247.04|
Info:     251000 |    35027     209720 |  312   688 |     33744|       2.05     249.09|
Info:     252000 |    35319     210428 |  292   708 |     33162|       2.28     251.36|
Info:     253000 |    35672     211075 |  353   647 |     32678|       1.91     253.27|
Info:     254000 |    36008     211739 |  336   664 |     32235|       2.62     255.89|
Info:     255000 |    36327     212420 |  319   681 |     31706|       2.66     258.56|
Info:     256000 |    36735     213012 |  408   592 |     31336|       2.56     261.12|
Info:     257000 |    37048     213699 |  313   687 |     30783|       1.60     262.72|
Info:     258000 |    37289     214421 |  241   722 |     30141|       1.15     263.87|
Info:     259000 |    37636     215074 |  347   653 |     29609|       1.80     265.67|
Info:     260000 |    37826     215884 |  190   810 |     28825|       1.09     266.76|
Info:     261000 |    38102     216608 |  276   724 |     28165|       1.62     268.37|
Info:     262000 |    38354     217356 |  252   748 |     27492|       1.57     269.95|
Info:     263000 |    38564     218146 |  210   790 |     26794|       1.35     271.30|
Info:     264000 |    38725     218985 |  161   839 |     25975|       1.02     272.32|
Info:     265000 |    39002     219708 |  277   723 |     25306|       1.51     273.82|
Info:     266000 |    39309     220401 |  307   693 |     24749|       2.64     276.47|
Info:     267000 |    39682     221028 |  373   627 |     24409|       2.31     278.78|
Info:     268000 |    40070     221640 |  388   612 |     24056|       2.58     281.36|
Info:     269000 |    40434     222276 |  364   636 |     23659|       2.23     283.59|
Info:     270000 |    40896     222814 |  462   538 |     23442|       2.67     286.26|
Info:     271000 |    41323     223387 |  427   573 |     23097|       2.76     289.02|
Info:     272000 |    41674     224036 |  351   649 |     22556|       3.12     292.14|
Info:     273000 |    42070     224640 |  396   604 |     22127|       3.05     295.19|
Info:     274000 |    42520     225190 |  450   550 |     21863|       3.21     298.40|
Info:     275000 |    42933     225777 |  413   587 |     21531|       2.65     301.04|
Info:     276000 |    43360     226350 |  427   573 |     21176|       2.74     303.78|
Info:     277000 |    43788     226922 |  428   572 |     20949|       2.81     306.60|
Info:     278000 |    44241     227469 |  453   547 |     20628|       2.80     309.40|
Info:     279000 |    44513     228197 |  272   728 |     20083|       1.69     311.09|
Info:     280000 |    44609     229101 |   96   904 |     19191|       1.12     312.21|
Info:     281000 |    44763     229947 |  154   846 |     18401|       1.27     313.48|
Info:     282000 |    45127     230583 |  364   636 |     17934|       1.98     315.46|
Info:     283000 |    45477     231233 |  350   650 |     17353|       1.69     317.15|
Info:     284000 |    45837     231873 |  360   640 |     16931|       1.74     318.89|
Info:     285000 |    46208     232502 |  371   629 |     16493|       2.03     320.92|
Info:     286000 |    46576     233134 |  368   632 |     15965|       1.69     322.61|
Info:     287000 |    46957     233753 |  381   619 |     15503|       1.95     324.56|
Info:     288000 |    47312     234398 |  355   645 |     15053|       2.12     326.69|
Info:     289000 |    47661     235049 |  349   651 |     14499|       1.77     328.46|
Info:     290000 |    48040     235670 |  379   621 |     13983|       2.07     330.53|
Info:     291000 |    48408     236302 |  368   632 |     13443|       1.77     332.30|
Info:     292000 |    48653     237057 |  245   755 |     12733|       1.35     333.65|
Info:     293000 |    48723     237898 |   70   841 |     11822|       1.56     335.21|
Info:     294000 |    48804     238693 |   81   795 |     10951|       1.59     336.79|
Info:     295000 |    48858     239496 |   54   803 |     10025|       1.37     338.16|
Info:     296000 |    48907     240307 |   49   811 |      9085|       1.16     339.32|
Info:     297000 |    48963     241128 |   56   821 |      8163|       1.30     340.62|
Info:     298000 |    49040     241925 |   77   797 |      7277|       1.55     342.18|
Info:     299000 |    49129     242710 |   89   785 |      6408|       1.69     343.86|
Info:     300000 |    49215     243490 |   86   780 |      5524|       1.24     345.10|
Info:     301000 |    49267     244315 |   52   825 |      4600|       1.27     346.37|
Info:     302000 |    49309     245133 |   42   818 |      3656|       1.23     347.60|
Info:     303000 |    49366     245931 |   57   798 |      2728|       1.19     348.79|
Info:     304000 |    49407     246747 |   41   816 |      1776|       1.36     350.15|
Info:     305000 |    49469     247547 |   62   800 |       861|       1.45     351.61|
Info:     97 arcs ripped up due to negative slack WNS=-1.26ns TNS=-50.64ns.
Info:       1000 |    50054     248771 |  585  1224 |        62|       3.91     355.51|
Info:       2000 |    50562     249263 |  508   492 |       318|       1.75     357.27|
Info:       3000 |    51065     249760 |  503   497 |       317|       1.64     358.91|
Info:       4000 |    51681     250144 |  616   384 |       300|       2.27     361.19|
Info:       5000 |    52197     250628 |  516   484 |       274|       2.08     363.26|
Info:       6000 |    52712     251113 |  515   485 |        34|       2.88     366.15|
Info:     56 arcs ripped up due to negative slack WNS=-0.85ns TNS=-26.15ns.
Info:     58 arcs ripped up due to negative slack WNS=-1.06ns TNS=-36.65ns.
Info:     56 arcs ripped up due to negative slack WNS=-0.85ns TNS=-26.24ns.
Info:     56 arcs ripped up due to negative slack WNS=-0.85ns TNS=-26.24ns.
Info:     58 arcs ripped up due to negative slack WNS=-1.06ns TNS=-35.41ns.
Info:     56 arcs ripped up due to negative slack WNS=-0.85ns TNS=-26.24ns.
Info:     58 arcs ripped up due to negative slack WNS=-1.06ns TNS=-36.65ns.
Info:     56 arcs ripped up due to negative slack WNS=-0.85ns TNS=-26.24ns.
Info:     77 arcs ripped up due to negative slack WNS=-1.26ns TNS=-49.32ns.
Info:     58 arcs ripped up due to negative slack WNS=-1.06ns TNS=-35.96ns.
Info:     58 arcs ripped up due to negative slack WNS=-1.06ns TNS=-35.52ns.
Info:     77 arcs ripped up due to negative slack WNS=-1.26ns TNS=-49.77ns.
Info:     77 arcs ripped up due to negative slack WNS=-1.26ns TNS=-49.32ns.
Info:     58 arcs ripped up due to negative slack WNS=-1.06ns TNS=-35.52ns.
Info:     58 arcs ripped up due to negative slack WNS=-1.06ns TNS=-35.52ns.
Info:     58 arcs ripped up due to negative slack WNS=-1.06ns TNS=-35.96ns.
Info:     58 arcs ripped up due to negative slack WNS=-1.06ns TNS=-35.52ns.
Info:     58 arcs ripped up due to negative slack WNS=-1.06ns TNS=-35.96ns.
Info:     58 arcs ripped up due to negative slack WNS=-1.06ns TNS=-37.09ns.
Info:     56 arcs ripped up due to negative slack WNS=-0.85ns TNS=-26.13ns.
Info:     77 arcs ripped up due to negative slack WNS=-1.26ns TNS=-49.01ns.
Info:     58 arcs ripped up due to negative slack WNS=-1.06ns TNS=-35.52ns.
Info:     56 arcs ripped up due to negative slack WNS=-0.85ns TNS=-25.78ns.
Info:     77 arcs ripped up due to negative slack WNS=-1.26ns TNS=-48.83ns.
Info:     56 arcs ripped up due to negative slack WNS=-0.85ns TNS=-26.25ns.
Info:     58 arcs ripped up due to negative slack WNS=-1.06ns TNS=-36.65ns.
Info:     58 arcs ripped up due to negative slack WNS=-1.06ns TNS=-35.96ns.
Info:     58 arcs ripped up due to negative slack WNS=-1.06ns TNS=-35.52ns.
Info:     77 arcs ripped up due to negative slack WNS=-1.26ns TNS=-48.83ns.
Info:     56 arcs ripped up due to negative slack WNS=-0.85ns TNS=-25.78ns.
Info:     56 arcs ripped up due to negative slack WNS=-0.85ns TNS=-26.25ns.
Info:     58 arcs ripped up due to negative slack WNS=-1.06ns TNS=-37.12ns.
Info:     58 arcs ripped up due to negative slack WNS=-1.06ns TNS=-36.65ns.
Info:     58 arcs ripped up due to negative slack WNS=-1.06ns TNS=-37.09ns.
Info:     58 arcs ripped up due to negative slack WNS=-1.06ns TNS=-37.12ns.
Info:     56 arcs ripped up due to negative slack WNS=-0.85ns TNS=-26.23ns.
Info:     58 arcs ripped up due to negative slack WNS=-1.06ns TNS=-37.12ns.
Info:     56 arcs ripped up due to negative slack WNS=-0.85ns TNS=-26.23ns.
Info:     58 arcs ripped up due to negative slack WNS=-1.06ns TNS=-36.65ns.
Info:     58 arcs ripped up due to negative slack WNS=-1.06ns TNS=-37.09ns.
Info:     77 arcs ripped up due to negative slack WNS=-1.26ns TNS=-48.83ns.
Info:     58 arcs ripped up due to negative slack WNS=-1.06ns TNS=-35.88ns.
Info:     56 arcs ripped up due to negative slack WNS=-0.85ns TNS=-26.23ns.
Info:     58 arcs ripped up due to negative slack WNS=-1.06ns TNS=-36.65ns.
Info:     58 arcs ripped up due to negative slack WNS=-1.06ns TNS=-37.11ns.
Info:     56 arcs ripped up due to negative slack WNS=-0.85ns TNS=-26.24ns.
Info:     58 arcs ripped up due to negative slack WNS=-1.06ns TNS=-37.11ns.
Info:     56 arcs ripped up due to negative slack WNS=-0.85ns TNS=-26.24ns.
Info:     56 arcs ripped up due to negative slack WNS=-0.85ns TNS=-26.25ns.
Info:         57 |    52886     254192 |  174  3079 |         0|      67.77     433.91|
Info: Routing complete.
Info: Router1 time 433.91s
Info: Checksum: 0xbfb7f743

Info: Critical path report for clock '$glbnet$CLK_clk_25mhz$TRELLIS_IO_IN' (posedge -> posedge):
Info:       type curr  total name
Info:   clk-to-q  0.52  0.52 Source uart_clkcnt_TRELLIS_FF_Q_11.Q
Info:    routing  1.13  1.66 Net uart_clkcnt[5] (103,88) -> (104,89)
Info:                          Sink uart_clkcnt_TRELLIS_FF_Q_9_DI_LUT4_Z_C_CCU2C_S1_CIN_CCU2C_COUT$CCU2_COMB1.B
Info:                          Defined in:
Info:                               mkTop.v:7147.16-7147.27
Info:      logic  0.45  2.10 Source uart_clkcnt_TRELLIS_FF_Q_9_DI_LUT4_Z_C_CCU2C_S1_CIN_CCU2C_COUT$CCU2_COMB1.FCO
Info:    routing  0.00  2.10 Net uart_clkcnt_TRELLIS_FF_Q_9_DI_LUT4_Z_C_CCU2C_S1_CIN (104,89) -> (105,89)
Info:                          Sink uart_clkcnt_TRELLIS_FF_Q_9_DI_LUT4_Z_C_CCU2C_S1$CCU2_COMB0.FCI
Info:                          Defined in:
Info:                               mkTop.v:45506.20-45506.39
Info:                               /workspace/scratch/2dc194a6b0cd/physical_toolchains/oss-cad-suite/lib/../share/yosys/lattice/arith_map_ccu2c.v:74.7-80.4
Info:                               /workspace/scratch/2dc194a6b0cd/physical_toolchains/oss-cad-suite/lib/../share/yosys/lattice/ccu2c_sim.vh:9.9-9.13
Info:      logic  0.07  2.17 Source uart_clkcnt_TRELLIS_FF_Q_9_DI_LUT4_Z_C_CCU2C_S1$CCU2_COMB0.FCO
Info:    routing  0.00  2.17 Net uart_clkcnt_TRELLIS_FF_Q_9_DI_LUT4_Z_C_CCU2C_S1$CCU2_FCI_INT (105,89) -> (105,89)
Info:                          Sink uart_clkcnt_TRELLIS_FF_Q_9_DI_LUT4_Z_C_CCU2C_S1$CCU2_COMB1.FCI
Info:      logic  0.00  2.17 Source uart_clkcnt_TRELLIS_FF_Q_9_DI_LUT4_Z_C_CCU2C_S1$CCU2_COMB1.FCO
Info:    routing  0.00  2.17 Net uart_clkcnt_TRELLIS_FF_Q_9_DI_LUT4_Z_C_CCU2C_S1_COUT (105,89) -> (105,89)
Info:                          Sink uart_clkcnt_TRELLIS_FF_Q_9_DI_LUT4_Z_C_CCU2C_S1_COUT_CCU2C_CIN$CCU2_COMB0.FCI
Info:                          Defined in:
Info:                               mkTop.v:45506.20-45506.39
Info:                               /workspace/scratch/2dc194a6b0cd/physical_toolchains/oss-cad-suite/lib/../share/yosys/lattice/arith_map_ccu2c.v:74.7-80.4
Info:                               /workspace/scratch/2dc194a6b0cd/physical_toolchains/oss-cad-suite/lib/../share/yosys/lattice/ccu2c_sim.vh:9.9-9.13
Info:      logic  0.07  2.25 Source uart_clkcnt_TRELLIS_FF_Q_9_DI_LUT4_Z_C_CCU2C_S1_COUT_CCU2C_CIN$CCU2_COMB0.FCO
Info:    routing  0.00  2.25 Net uart_clkcnt_TRELLIS_FF_Q_9_DI_LUT4_Z_C_CCU2C_S1_COUT_CCU2C_CIN$CCU2_FCI_INT (105,89) -> (105,89)
Info:                          Sink uart_clkcnt_TRELLIS_FF_Q_9_DI_LUT4_Z_C_CCU2C_S1_COUT_CCU2C_CIN$CCU2_COMB1.FCI
Info:      logic  0.00  2.25 Source uart_clkcnt_TRELLIS_FF_Q_9_DI_LUT4_Z_C_CCU2C_S1_COUT_CCU2C_CIN$CCU2_COMB1.FCO
Info:    routing  0.00  2.25 Net uart_clkcnt_TRELLIS_FF_Q_9_DI_LUT4_Z_C_CCU2C_S1_COUT_CCU2C_CIN_COUT (105,89) -> (105,89)
Info:                          Sink uart_clkcnt_TRELLIS_FF_Q_9_DI_LUT4_Z_C_CCU2C_S1_COUT_CCU2C_CIN_COUT_CCU2C_CIN$CCU2_COMB0.FCI
Info:                          Defined in:
Info:                               mkTop.v:45506.20-45506.39
Info:                               /workspace/scratch/2dc194a6b0cd/physical_toolchains/oss-cad-suite/lib/../share/yosys/lattice/arith_map_ccu2c.v:74.7-80.4
Info:                               /workspace/scratch/2dc194a6b0cd/physical_toolchains/oss-cad-suite/lib/../share/yosys/lattice/ccu2c_sim.vh:9.9-9.13
Info:      logic  0.44  2.69 Source uart_clkcnt_TRELLIS_FF_Q_9_DI_LUT4_Z_C_CCU2C_S1_COUT_CCU2C_CIN_COUT_CCU2C_CIN$CCU2_COMB0.F
Info:    routing  1.11  3.80 Net uart_clkcnt_TRELLIS_FF_Q_9_DI_LUT4_Z_C_CCU2C_S1_COUT_CCU2C_CIN_COUT_CCU2C_CIN_S0 (105,89) -> (105,88)
Info:                          Sink uart_clkcnt_TRELLIS_FF_Q_9_DI_LUT4_Z_C_CCU2C_S1_COUT_CCU2C_CIN_COUT_CCU2C_CIN_S1_CCU2C_A1$CCU2_COMB0.A
Info:      logic  0.45  4.25 Source uart_clkcnt_TRELLIS_FF_Q_9_DI_LUT4_Z_C_CCU2C_S1_COUT_CCU2C_CIN_COUT_CCU2C_CIN_S1_CCU2C_A1$CCU2_COMB0.FCO
Info:    routing  0.00  4.25 Net uart_clkcnt_TRELLIS_FF_Q_9_DI_LUT4_Z_C_CCU2C_S1_COUT_CCU2C_CIN_COUT_CCU2C_CIN_S1_CCU2C_A1$CCU2_FCI_INT (105,88) -> (105,88)
Info:                          Sink uart_clkcnt_TRELLIS_FF_Q_9_DI_LUT4_Z_C_CCU2C_S1_COUT_CCU2C_CIN_COUT_CCU2C_CIN_S1_CCU2C_A1$CCU2_COMB1.FCI
Info:      logic  0.00  4.25 Source uart_clkcnt_TRELLIS_FF_Q_9_DI_LUT4_Z_C_CCU2C_S1_COUT_CCU2C_CIN_COUT_CCU2C_CIN_S1_CCU2C_A1$CCU2_COMB1.FCO
Info:    routing  0.00  4.25 Net uart_clkcnt_TRELLIS_FF_Q_9_DI_LUT4_Z_C_CCU2C_S1_COUT_CCU2C_CIN_COUT_CCU2C_CIN_S1_CCU2C_A1_COUT (105,88) -> (105,88)
Info:                          Sink uart_clkcnt_TRELLIS_FF_Q_9_DI_LUT4_Z_C_CCU2C_S1_COUT_CCU2C_CIN_COUT_CCU2C_CIN_COUT_CCU2C_CIN_S1_CCU2C_A1$CCU2_COMB0.FCI
Info:                          Defined in:
Info:                               mkTop.v:44953.44-44953.61
Info:                               /workspace/scratch/2dc194a6b0cd/physical_toolchains/oss-cad-suite/lib/../share/yosys/lattice/arith_map_ccu2c.v:74.7-80.4
Info:                               /workspace/scratch/2dc194a6b0cd/physical_toolchains/oss-cad-suite/lib/../share/yosys/lattice/ccu2c_sim.vh:9.9-9.13
Info:      logic  0.07  4.32 Source uart_clkcnt_TRELLIS_FF_Q_9_DI_LUT4_Z_C_CCU2C_S1_COUT_CCU2C_CIN_COUT_CCU2C_CIN_COUT_CCU2C_CIN_S1_CCU2C_A1$CCU2_COMB0.FCO
Info:    routing  0.00  4.32 Net uart_clkcnt_TRELLIS_FF_Q_9_DI_LUT4_Z_C_CCU2C_S1_COUT_CCU2C_CIN_COUT_CCU2C_CIN_COUT_CCU2C_CIN_S1_CCU2C_A1$CCU2_FCI_INT (105,88) -> (105,88)
Info:                          Sink uart_clkcnt_TRELLIS_FF_Q_9_DI_LUT4_Z_C_CCU2C_S1_COUT_CCU2C_CIN_COUT_CCU2C_CIN_COUT_CCU2C_CIN_S1_CCU2C_A1$CCU2_COMB1.FCI
Info:      logic  0.00  4.32 Source uart_clkcnt_TRELLIS_FF_Q_9_DI_LUT4_Z_C_CCU2C_S1_COUT_CCU2C_CIN_COUT_CCU2C_CIN_COUT_CCU2C_CIN_S1_CCU2C_A1$CCU2_COMB1.FCO
Info:    routing  0.00  4.32 Net uart_clkcnt_TRELLIS_FF_Q_9_DI_LUT4_Z_C_CCU2C_S1_COUT_CCU2C_CIN_COUT_CCU2C_CIN_COUT_CCU2C_CIN_S1_CCU2C_A1_COUT (105,88) -> (106,88)
Info:                          Sink uart_clkcnt_TRELLIS_FF_Q_9_DI_LUT4_Z_C_CCU2C_S1_COUT_CCU2C_CIN_COUT_CCU2C_CIN_COUT_CCU2C_CIN_COUT_CCU2C_CIN_S1_CCU2C_A1$CCU2_COMB0.FCI
Info:                          Defined in:
Info:                               mkTop.v:44953.44-44953.61
Info:                               /workspace/scratch/2dc194a6b0cd/physical_toolchains/oss-cad-suite/lib/../share/yosys/lattice/arith_map_ccu2c.v:74.7-80.4
Info:                               /workspace/scratch/2dc194a6b0cd/physical_toolchains/oss-cad-suite/lib/../share/yosys/lattice/ccu2c_sim.vh:9.9-9.13
Info:      logic  0.07  4.39 Source uart_clkcnt_TRELLIS_FF_Q_9_DI_LUT4_Z_C_CCU2C_S1_COUT_CCU2C_CIN_COUT_CCU2C_CIN_COUT_CCU2C_CIN_COUT_CCU2C_CIN_S1_CCU2C_A1$CCU2_COMB0.FCO
Info:    routing  0.00  4.39 Net uart_clkcnt_TRELLIS_FF_Q_9_DI_LUT4_Z_C_CCU2C_S1_COUT_CCU2C_CIN_COUT_CCU2C_CIN_COUT_CCU2C_CIN_COUT_CCU2C_CIN_S1_CCU2C_A1$CCU2_FCI_INT (106,88) -> (106,88)
Info:                          Sink uart_clkcnt_TRELLIS_FF_Q_9_DI_LUT4_Z_C_CCU2C_S1_COUT_CCU2C_CIN_COUT_CCU2C_CIN_COUT_CCU2C_CIN_COUT_CCU2C_CIN_S1_CCU2C_A1$CCU2_COMB1.FCI
Info:      logic  0.00  4.39 Source uart_clkcnt_TRELLIS_FF_Q_9_DI_LUT4_Z_C_CCU2C_S1_COUT_CCU2C_CIN_COUT_CCU2C_CIN_COUT_CCU2C_CIN_COUT_CCU2C_CIN_S1_CCU2C_A1$CCU2_COMB1.FCO
Info:    routing  0.00  4.39 Net $nextpnr_CCU2C_43$CIN (106,88) -> (106,88)
Info:                          Sink $nextpnr_CCU2C_43$CCU2_COMB0.FCI
Info:      logic  0.44  4.84 Source $nextpnr_CCU2C_43$CCU2_COMB0.F
Info:    routing  0.43  5.26 Net uart_clkcnt_TRELLIS_FF_Q_9_DI_LUT4_Z_C[1] (106,88) -> (107,88)
Info:                          Sink uart_inQ.empty_reg_LUT4_B_2.D
Info:                          Defined in:
Info:                               /workspace/scratch/2dc194a6b0cd/physical_toolchains/oss-cad-suite/lib/../share/yosys/lattice/cells_map_trellis.v:108.23-108.24
Info:      logic  0.24  5.50 Source uart_inQ.empty_reg_LUT4_B_2.F
Info:    routing  0.68  6.18 Net uart_inQ.empty_reg_LUT4_B_2_Z[2] (107,88) -> (107,89)
Info:                          Sink uart_inQ.empty_reg_LUT4_B_1_Z_LUT4_Z.D
Info:                          Defined in:
Info:                               /workspace/scratch/2dc194a6b0cd/physical_toolchains/oss-cad-suite/lib/../share/yosys/lattice/cells_map_trellis.v:108.23-108.24
Info:      logic  0.24  6.42 Source uart_inQ.empty_reg_LUT4_B_1_Z_LUT4_Z.F
Info:    routing  0.46  6.87 Net uart_inQ.empty_reg_LUT4_B_1_Z[3] (107,89) -> (107,89)
Info:                          Sink uart_inQ.empty_reg_LUT4_B_Z_LUT4_Z.D
Info:                          Defined in:
Info:                               /workspace/scratch/2dc194a6b0cd/physical_toolchains/oss-cad-suite/lib/../share/yosys/lattice/cells_map_trellis.v:108.23-108.24
Info:      logic  0.24  7.11 Source uart_inQ.empty_reg_LUT4_B_Z_LUT4_Z.F
Info:    routing  0.75  7.86 Net uart_inQ.empty_reg_LUT4_B_Z[2] (107,89) -> (107,88)
Info:                          Sink uart_inQ.data0_reg_TRELLIS_FF_Q_2_DI_LUT4_Z.D
Info:                          Defined in:
Info:                               /workspace/scratch/2dc194a6b0cd/physical_toolchains/oss-cad-suite/lib/../share/yosys/lattice/cells_map_trellis.v:108.23-108.24
Info:      logic  0.24  8.09 Source uart_inQ.data0_reg_TRELLIS_FF_Q_2_DI_LUT4_Z.F
Info:    routing  0.13  8.22 Net uart_inQ.data0_reg_TRELLIS_FF_Q_2_DI (107,88) -> (107,88)
Info:                          Sink uart_inQ.data0_reg_TRELLIS_FF_Q_2.DI
Info:      setup  0.00  8.22 Source uart_inQ.data0_reg_TRELLIS_FF_Q_2.DI
Info: 3.53 ns logic, 4.69 ns routing

Info: Critical path report for clock '$glbnet$clocks_coreReset.CLK' (posedge -> posedge):
Info:       type curr  total name
Info:   clk-to-q  0.52  0.52 Source core_block1_inputProjection_engine_groupStartQ.empty_reg_TRELLIS_FF_Q.Q
Info:    routing  3.26  3.79 Net core_block1_inputProjection_engine_issueOn_LUT4_A_Z[0] (41,55) -> (85,47)
Info:                          Sink core_block1_inputProjection_engine_chunkLoadOn_LUT4_B_Z_LUT4_Z.C
Info:                          Defined in:
Info:                               /workspace/scratch/2dc194a6b0cd/physical_toolchains/oss-cad-suite/lib/../share/yosys/lattice/cells_map_trellis.v:108.23-108.24
Info:      logic  0.24  4.03 Source core_block1_inputProjection_engine_chunkLoadOn_LUT4_B_Z_LUT4_Z.F
Info:    routing  3.35  7.37 Net core_block1_inputProjection_engine_chunkLoadOn_LUT4_B_Z[2] (85,47) -> (40,55)
Info:                          Sink core_block1_inputProjection_engine_issueOn_LUT4_A.C
Info:                          Defined in:
Info:                               /workspace/scratch/2dc194a6b0cd/physical_toolchains/oss-cad-suite/lib/../share/yosys/lattice/cells_map_trellis.v:108.23-108.24
Info:      logic  0.24  7.61 Source core_block1_inputProjection_engine_issueOn_LUT4_A.F
Info:    routing  0.43  8.04 Net core_block1_inputProjection_engine_issueOn_LUT4_A_Z[3] (40,55) -> (40,55)
Info:                          Sink core_block1_inputProjection_engine_hasNextGroupR_LUT4_B.D
Info:                          Defined in:
Info:                               /workspace/scratch/2dc194a6b0cd/physical_toolchains/oss-cad-suite/lib/../share/yosys/lattice/cells_map_trellis.v:108.23-108.24
Info:      logic  0.24  8.27 Source core_block1_inputProjection_engine_hasNextGroupR_LUT4_B.F
Info:    routing  1.04  9.32 Net core_block1_inputProjection_engine_hasNextGroupR_LUT4_B_Z[1] (40,55) -> (32,53)
Info:                          Sink core_block1_inputProjection_engine_issueCommandQ.full_reg_LUT4_C_Z_LUT4_Z.C
Info:                          Defined in:
Info:                               /workspace/scratch/2dc194a6b0cd/physical_toolchains/oss-cad-suite/lib/../share/yosys/lattice/cells_map_trellis.v:108.23-108.24
Info:      logic  0.24  9.55 Source core_block1_inputProjection_engine_issueCommandQ.full_reg_LUT4_C_Z_LUT4_Z.F
Info:    routing  0.79  10.34 Net core_block1_inputProjection_engine_hasNextGroupR_LUT4_A_C[4] (32,53) -> (30,52)
Info:                          Sink core_block1_inputProjection_engine_weightR_3_raw.ADDR_TRELLIS_FF_Q_8_DI_PFUMX_Z_BLUT_LUT4_Z.M
Info:                          Defined in:
Info:                               /workspace/scratch/2dc194a6b0cd/physical_toolchains/oss-cad-suite/lib/../share/yosys/lattice/cells_map_trellis.v:108.23-108.24
Info:      logic  0.26  10.60 Source core_block1_inputProjection_engine_weightR_3_raw.ADDR_TRELLIS_FF_Q_8_DI_PFUMX_Z_BLUT_LUT4_Z.OFX
Info:    routing  0.67  11.26 Net core_block1_inputProjection_engine_weightR_3_raw.ADDR_TRELLIS_FF_Q_8_DI (30,52) -> (30,51)
Info:                          Sink core_block1_inputProjection_engine_weightR_3_raw.ADDR_TRELLIS_FF_Q_8.M
Info:      setup  0.00  11.26 Source core_block1_inputProjection_engine_weightR_3_raw.ADDR_TRELLIS_FF_Q_8.M
Info: 1.73 ns logic, 9.54 ns routing

Info: Critical path report for cross-domain path '<async>' -> 'posedge $glbnet$CLK_clk_25mhz$TRELLIS_IO_IN':
Info:       type curr  total name
Info:     source  0.00  0.00 Source ftdi_txd$tr_io.O
Info:    routing  3.14  3.14 Net ftdi_txd$TRELLIS_IO_IN (0,89) -> (45,90)
Info:                          Sink uart_rxin_TRELLIS_FF_Q_1.M
Info:                          Defined in:
Info:                               mkTop.v:7168.16-7168.30
Info:      setup  0.00  3.14 Source uart_rxin_TRELLIS_FF_Q_1.M
Info: 0.00 ns logic, 3.14 ns routing

Info: Critical path report for cross-domain path 'posedge $glbnet$CLK_clk_25mhz$TRELLIS_IO_IN' -> '<async>':
Info:       type curr  total name
Info:   clk-to-q  0.52  0.52 Source uart_txdr_TRELLIS_FF_Q.Q
Info:    routing  7.61  8.14 Net ftdi_rxd$TRELLIS_IO_OUT (103,91) -> (0,56)
Info:                          Sink ftdi_rxd$tr_io.I
Info:                          Defined in:
Info:                               mkTop.v:7177.7-7177.16
Info: 0.52 ns logic, 7.61 ns routing

Info: Critical path report for cross-domain path 'posedge $glbnet$CLK_clk_25mhz$TRELLIS_IO_IN' -> 'posedge $glbnet$clocks_coreReset.CLK':
Info:       type curr  total name
Info:   clk-to-q  0.52  0.52 Source clocks_pll.locked_LUT4_D_Z_TRELLIS_FF_LSR.Q
Info:    routing  0.44  0.96 Net clocks_pll.locked_LUT4_D_Z_TRELLIS_FF_LSR_Q (59,91) -> (59,91)
Info:                          Sink clocks_pll.locked_LUT4_D_Z_TRELLIS_FF_LSR_Q_LUT4_D.D
Info:                          Defined in:
Info:                               /workspace/scratch/2dc194a6b0cd/physical_toolchains/oss-cad-suite/lib/../share/yosys/lattice/cells_map_trellis.v:108.23-108.24
Info:      logic  0.24  1.20 Source clocks_pll.locked_LUT4_D_Z_TRELLIS_FF_LSR_Q_LUT4_D.F
Info:    routing  1.19  2.39 Net clocks_pll.locked_LUT4_D_Z_TRELLIS_FF_LSR_Q_LUT4_D_Z (59,91) -> (50,90)
Info:                          Sink rxQ.fifoMem.0.0_WAD_1_LUT4_D_Z_TRELLIS_FF_DI_Q_TRELLIS_FF_DI_Q_TRELLIS_FF_Q_1_DI_TRELLIS_FF_Q.LSR
Info:      setup  0.42  2.81 Source rxQ.fifoMem.0.0_WAD_1_LUT4_D_Z_TRELLIS_FF_DI_Q_TRELLIS_FF_DI_Q_TRELLIS_FF_Q_1_DI_TRELLIS_FF_Q.LSR
Info: 1.18 ns logic, 1.62 ns routing

Info: Critical path report for cross-domain path 'posedge $glbnet$clocks_coreReset.CLK' -> 'posedge $glbnet$CLK_clk_25mhz$TRELLIS_IO_IN':
Info:       type curr  total name
Info:   clk-to-q  0.52  0.52 Source txReset_leaf.secondReset.Q
Info:    routing  0.74  1.26 Net txReset_leaf.secondReset_Q (103,84) -> (104,85)
Info:                          Sink txReset_leaf.secondReset_Q_LUT4_D.D
Info:                          Defined in:
Info:                               /workspace/scratch/2dc194a6b0cd/physical_toolchains/oss-cad-suite/lib/../share/yosys/lattice/cells_map_trellis.v:108.23-108.24
Info:      logic  0.24  1.50 Source txReset_leaf.secondReset_Q_LUT4_D.F
Info:    routing  0.64  2.14 Net txReset_leaf.secondReset_Q_LUT4_D_Z (104,85) -> (104,84)
Info:                          Sink txReset_leaf.secondReset_Q_LUT4_B_A_TRELLIS_FF_Q_DI_LUT4_Z_D_LUT4_Z_A_LUT4_C_Z_LUT4_D_Z_LUT4_Z_A_LUT4_B_Z_TRELLIS_FF_DI_Q_TRELLIS_FF_DI_Q_TRELLIS_FF_Q.LSR
Info:      setup  0.42  2.57 Source txReset_leaf.secondReset_Q_LUT4_B_A_TRELLIS_FF_Q_DI_LUT4_Z_D_LUT4_Z_A_LUT4_C_Z_LUT4_D_Z_LUT4_Z_A_LUT4_B_Z_TRELLIS_FF_DI_Q_TRELLIS_FF_DI_Q_TRELLIS_FF_Q.LSR
Info: 1.18 ns logic, 1.38 ns routing

Info: Max frequency for clock '$glbnet$CLK_clk_25mhz$TRELLIS_IO_IN': 121.61 MHz (PASS at 25.00 MHz)
ERROR: Max frequency for clock        '$glbnet$clocks_coreReset.CLK': 88.78 MHz (FAIL at 100.00 MHz)

Info: Max delay <async>                                     -> posedge $glbnet$CLK_clk_25mhz$TRELLIS_IO_IN: 3.14 ns
Info: Max delay posedge $glbnet$CLK_clk_25mhz$TRELLIS_IO_IN -> <async>                                    : 8.14 ns
Info: Max delay posedge $glbnet$CLK_clk_25mhz$TRELLIS_IO_IN -> posedge $glbnet$clocks_coreReset.CLK       : 2.81 ns
Info: Max delay posedge $glbnet$clocks_coreReset.CLK        -> posedge $glbnet$CLK_clk_25mhz$TRELLIS_IO_IN: 2.57 ns

Info: Slack histogram:
Info:  legend: * represents 700 endpoint(s)
Info:          + represents [1,700) endpoint(s)
Info: [ -1264,    752) |+
Info: [   752,   2768) |********+
Info: [  2768,   4784) |***************************+
Info: [  4784,   6800) |**************************************************+
Info: [  6800,   8816) |************************************************************ 
Info: [  8816,  10832) |*******+
Info: [ 10832,  12848) | 
Info: [ 12848,  14864) | 
Info: [ 14864,  16880) | 
Info: [ 16880,  18896) | 
Info: [ 18896,  20912) | 
Info: [ 20912,  22928) | 
Info: [ 22928,  24944) | 
Info: [ 24944,  26960) | 
Info: [ 26960,  28976) | 
Info: [ 28976,  30992) | 
Info: [ 30992,  33008) |+
Info: [ 33008,  35024) |+
Info: [ 35024,  37040) |+
Info: [ 37040,  39056) |+
2 warnings, 1 error

Info: Program finished normally.
Utilization report: /workspace/scratch/2dc194a6b0cd/sway_observation2/hw/observation2-build/B2/physical/mkTop.utilization.rpt
make: *** [/workspace/scratch/2dc194a6b0cd/toolchains/blueyosys/build.mk:170: pnr] Error 1
make: Leaving directory '/workspace/scratch/2dc194a6b0cd/sway_observation2/hw'
