SWAY_INPUT_FRAME,0,0,319
SWAY_INPUT_FRAME,1,320,639
SWAY_INPUT_FRAME,2,640,8001
SWAY_OUTPUT,0,12,19109
SWAY_OUTPUT,1,13,19110
SWAY_OUTPUT,2,12,19111
SWAY_OUTPUT,3,12,19112
SWAY_OUTPUT,4,25,19113
SWAY_OUTPUT,5,34,19114
SWAY_OUTPUT,6,39,19115
SWAY_OUTPUT,7,2,19116
SWAY_OUTPUT,8,-4,19117
SWAY_OUTPUT,9,-7,19118
SWAY_OUTPUT,10,17,19119
SWAY_OUTPUT,11,19,19120
SWAY_OUTPUT,12,18,19121
SWAY_OUTPUT,13,19,19122
SWAY_OUTPUT,14,8,19123
SWAY_OUTPUT,15,3,19124
SWAY_OUTPUT,16,0,19125
SWAY_OUTPUT,17,-1,19126
SWAY_OUTPUT,18,13,19127
SWAY_OUTPUT,19,127,19128
SWAY_OUTPUT,20,127,19129
SWAY_OUTPUT,21,127,19130
SWAY_OUTPUT,22,126,19131
SWAY_OUTPUT,23,126,19132
SWAY_OUTPUT,24,125,19133
SWAY_OUTPUT,25,124,19134
SWAY_OUTPUT,26,126,19135
SWAY_OUTPUT,27,126,19136
SWAY_OUTPUT,28,122,19137
SWAY_OUTPUT,29,125,19138
SWAY_OUTPUT,30,125,19139
SWAY_OUTPUT,31,127,19140
SWAY_OUTPUT,32,122,19141
SWAY_OUTPUT,33,125,19142
SWAY_OUTPUT,34,125,19143
SWAY_OUTPUT,35,127,19144
SWAY_OUTPUT,36,122,19145
SWAY_OUTPUT,37,127,19146
SWAY_OUTPUT,38,-15,19147
SWAY_OUTPUT,39,5,19148
SWAY_OUTPUT,40,25,19149
SWAY_OUTPUT,41,33,19150
SWAY_OUTPUT,42,17,19151
SWAY_OUTPUT,43,10,19152
SWAY_OUTPUT,44,7,19153
SWAY_OUTPUT,45,16,19154
SWAY_OUTPUT,46,4,19155
SWAY_OUTPUT,47,-6,19156
SWAY_OUTPUT,48,-15,19157
SWAY_OUTPUT,49,-34,19158
SWAY_OUTPUT,50,-55,19159
SWAY_OUTPUT,51,-60,19160
SWAY_OUTPUT,52,-14,19161
SWAY_OUTPUT,53,-33,19162
SWAY_OUTPUT,54,-55,19163
SWAY_OUTPUT,55,-59,19164
SWAY_OUTPUT,56,19,19165
SWAY_FRAME,0,19109,19165
SWAY_INPUT_FRAME,3,8002,19217
SWAY_OUTPUT,57,10,30325
SWAY_OUTPUT,58,10,30326
SWAY_OUTPUT,59,10,30327
SWAY_OUTPUT,60,10,30328
SWAY_OUTPUT,61,22,30329
SWAY_OUTPUT,62,27,30330
SWAY_OUTPUT,63,32,30331
SWAY_OUTPUT,64,-1,30332
SWAY_OUTPUT,65,-6,30333
SWAY_OUTPUT,66,-11,30334
SWAY_OUTPUT,67,15,30335
SWAY_OUTPUT,68,17,30336
SWAY_OUTPUT,69,18,30337
SWAY_OUTPUT,70,19,30338
SWAY_OUTPUT,71,6,30339
SWAY_OUTPUT,72,2,30340
SWAY_OUTPUT,73,0,30341
SWAY_OUTPUT,74,-1,30342
SWAY_OUTPUT,75,10,30343
SWAY_OUTPUT,76,127,30344
SWAY_OUTPUT,77,127,30345
SWAY_OUTPUT,78,127,30346
SWAY_OUTPUT,79,127,30347
SWAY_OUTPUT,80,127,30348
SWAY_OUTPUT,81,127,30349
SWAY_OUTPUT,82,125,30350
SWAY_OUTPUT,83,127,30351
SWAY_OUTPUT,84,127,30352
SWAY_OUTPUT,85,124,30353
SWAY_OUTPUT,86,124,30354
SWAY_OUTPUT,87,127,30355
SWAY_OUTPUT,88,127,30356
SWAY_OUTPUT,89,122,30357
SWAY_OUTPUT,90,125,30358
SWAY_OUTPUT,91,127,30359
SWAY_OUTPUT,92,127,30360
SWAY_OUTPUT,93,123,30361
SWAY_OUTPUT,94,127,30362
SWAY_OUTPUT,95,-10,30363
SWAY_OUTPUT,96,12,30364
SWAY_OUTPUT,97,32,30365
SWAY_OUTPUT,98,41,30366
SWAY_OUTPUT,99,23,30367
SWAY_OUTPUT,100,9,30368
SWAY_OUTPUT,101,-3,30369
SWAY_OUTPUT,102,22,30370
SWAY_OUTPUT,103,8,30371
SWAY_OUTPUT,104,-6,30372
SWAY_OUTPUT,105,-10,30373
SWAY_OUTPUT,106,-32,30374
SWAY_OUTPUT,107,-54,30375
SWAY_OUTPUT,108,-59,30376
SWAY_OUTPUT,109,-9,30377
SWAY_OUTPUT,110,-31,30378
SWAY_OUTPUT,111,-54,30379
SWAY_OUTPUT,112,-59,30380
SWAY_OUTPUT,113,26,30381
SWAY_FRAME,1,30325,30381
SWAY_INPUT_FRAME,4,19218,30433
SWAY_OUTPUT,114,8,41541
SWAY_OUTPUT,115,8,41542
SWAY_OUTPUT,116,7,41543
SWAY_OUTPUT,117,7,41544
SWAY_OUTPUT,118,19,41545
SWAY_OUTPUT,119,24,41546
SWAY_OUTPUT,120,30,41547
SWAY_OUTPUT,121,-2,41548
SWAY_OUTPUT,122,-7,41549
SWAY_OUTPUT,123,-11,41550
SWAY_OUTPUT,124,12,41551
SWAY_OUTPUT,125,15,41552
SWAY_OUTPUT,126,15,41553
SWAY_OUTPUT,127,17,41554
SWAY_OUTPUT,128,4,41555
SWAY_OUTPUT,129,3,41556
SWAY_OUTPUT,130,4,41557
SWAY_OUTPUT,131,3,41558
SWAY_OUTPUT,132,8,41559
SWAY_OUTPUT,133,127,41560
SWAY_OUTPUT,134,127,41561
SWAY_OUTPUT,135,127,41562
SWAY_OUTPUT,136,127,41563
SWAY_OUTPUT,137,127,41564
SWAY_OUTPUT,138,127,41565
SWAY_OUTPUT,139,127,41566
SWAY_OUTPUT,140,127,41567
SWAY_OUTPUT,141,127,41568
SWAY_OUTPUT,142,125,41569
SWAY_OUTPUT,143,127,41570
SWAY_OUTPUT,144,127,41571
SWAY_OUTPUT,145,127,41572
SWAY_OUTPUT,146,125,41573
SWAY_OUTPUT,147,127,41574
SWAY_OUTPUT,148,127,41575
SWAY_OUTPUT,149,127,41576
SWAY_OUTPUT,150,126,41577
SWAY_OUTPUT,151,127,41578
SWAY_OUTPUT,152,-19,41579
SWAY_OUTPUT,153,2,41580
SWAY_OUTPUT,154,21,41581
SWAY_OUTPUT,155,29,41582
SWAY_OUTPUT,156,13,41583
SWAY_OUTPUT,157,1,41584
SWAY_OUTPUT,158,-10,41585
SWAY_OUTPUT,159,12,41586
SWAY_OUTPUT,160,-3,41587
SWAY_OUTPUT,161,-17,41588
SWAY_OUTPUT,162,-19,41589
SWAY_OUTPUT,163,-35,41590
SWAY_OUTPUT,164,-55,41591
SWAY_OUTPUT,165,-60,41592
SWAY_OUTPUT,166,-18,41593
SWAY_OUTPUT,167,-36,41594
SWAY_OUTPUT,168,-57,41595
SWAY_OUTPUT,169,-62,41596
SWAY_OUTPUT,170,15,41597
SWAY_FRAME,2,41541,41597
SWAY_INPUT_FRAME,5,30434,41649
SWAY_OUTPUT,171,12,52757
SWAY_OUTPUT,172,12,52758
SWAY_OUTPUT,173,12,52759
SWAY_OUTPUT,174,12,52760
SWAY_OUTPUT,175,25,52761
SWAY_OUTPUT,176,32,52762
SWAY_OUTPUT,177,37,52763
SWAY_OUTPUT,178,1,52764
SWAY_OUTPUT,179,-9,52765
SWAY_OUTPUT,180,-14,52766
SWAY_OUTPUT,181,17,52767
SWAY_OUTPUT,182,20,52768
SWAY_OUTPUT,183,21,52769
SWAY_OUTPUT,184,23,52770
SWAY_OUTPUT,185,7,52771
SWAY_OUTPUT,186,3,52772
SWAY_OUTPUT,187,0,52773
SWAY_OUTPUT,188,-1,52774
SWAY_OUTPUT,189,12,52775
SWAY_OUTPUT,190,127,52776
SWAY_OUTPUT,191,127,52777
SWAY_OUTPUT,192,127,52778
SWAY_OUTPUT,193,127,52779
SWAY_OUTPUT,194,127,52780
SWAY_OUTPUT,195,126,52781
SWAY_OUTPUT,196,124,52782
SWAY_OUTPUT,197,127,52783
SWAY_OUTPUT,198,127,52784
SWAY_OUTPUT,199,124,52785
SWAY_OUTPUT,200,124,52786
SWAY_OUTPUT,201,126,52787
SWAY_OUTPUT,202,127,52788
SWAY_OUTPUT,203,121,52789
SWAY_OUTPUT,204,125,52790
SWAY_OUTPUT,205,127,52791
SWAY_OUTPUT,206,127,52792
SWAY_OUTPUT,207,122,52793
SWAY_OUTPUT,208,127,52794
SWAY_OUTPUT,209,-7,52795
SWAY_OUTPUT,210,15,52796
SWAY_OUTPUT,211,35,52797
SWAY_OUTPUT,212,44,52798
SWAY_OUTPUT,213,26,52799
SWAY_OUTPUT,214,17,52800
SWAY_OUTPUT,215,11,52801
SWAY_OUTPUT,216,26,52802
SWAY_OUTPUT,217,17,52803
SWAY_OUTPUT,218,11,52804
SWAY_OUTPUT,219,-7,52805
SWAY_OUTPUT,220,-30,52806
SWAY_OUTPUT,221,-53,52807
SWAY_OUTPUT,222,-59,52808
SWAY_OUTPUT,223,-6,52809
SWAY_OUTPUT,224,-30,52810
SWAY_OUTPUT,225,-54,52811
SWAY_OUTPUT,226,-58,52812
SWAY_OUTPUT,227,29,52813
SWAY_FRAME,3,52757,52813
SWAY_INPUT_FRAME,6,41650,52865
SWAY_OUTPUT,228,13,63973
SWAY_OUTPUT,229,14,63974
SWAY_OUTPUT,230,14,63975
SWAY_OUTPUT,231,14,63976
SWAY_OUTPUT,232,27,63977
SWAY_OUTPUT,233,37,63978
SWAY_OUTPUT,234,47,63979
SWAY_OUTPUT,235,3,63980
SWAY_OUTPUT,236,-11,63981
SWAY_OUTPUT,237,-26,63982
SWAY_OUTPUT,238,17,63983
SWAY_OUTPUT,239,23,63984
SWAY_OUTPUT,240,24,63985
SWAY_OUTPUT,241,26,63986
SWAY_OUTPUT,242,8,63987
SWAY_OUTPUT,243,-4,63988
SWAY_OUTPUT,244,-13,63989
SWAY_OUTPUT,245,-15,63990
SWAY_OUTPUT,246,14,63991
SWAY_OUTPUT,247,127,63992
SWAY_OUTPUT,248,127,63993
SWAY_OUTPUT,249,126,63994
SWAY_OUTPUT,250,126,63995
SWAY_OUTPUT,251,125,63996
SWAY_OUTPUT,252,124,63997
SWAY_OUTPUT,253,123,63998
SWAY_OUTPUT,254,127,63999
SWAY_OUTPUT,255,127,64000
SWAY_OUTPUT,256,126,64001
SWAY_OUTPUT,257,126,64002
SWAY_OUTPUT,258,125,64003
SWAY_OUTPUT,259,127,64004
SWAY_OUTPUT,260,124,64005
SWAY_OUTPUT,261,127,64006
SWAY_OUTPUT,262,125,64007
SWAY_OUTPUT,263,127,64008
SWAY_OUTPUT,264,123,64009
SWAY_OUTPUT,265,127,64010
SWAY_OUTPUT,266,-14,64011
SWAY_OUTPUT,267,6,64012
SWAY_OUTPUT,268,25,64013
SWAY_OUTPUT,269,33,64014
SWAY_OUTPUT,270,17,64015
SWAY_OUTPUT,271,11,64016
SWAY_OUTPUT,272,5,64017
SWAY_OUTPUT,273,18,64018
SWAY_OUTPUT,274,14,64019
SWAY_OUTPUT,275,12,64020
SWAY_OUTPUT,276,-15,64021
SWAY_OUTPUT,277,-33,64022
SWAY_OUTPUT,278,-56,64023
SWAY_OUTPUT,279,-61,64024
SWAY_OUTPUT,280,-13,64025
SWAY_OUTPUT,281,-29,64026
SWAY_OUTPUT,282,-51,64027
SWAY_OUTPUT,283,-55,64028
SWAY_OUTPUT,284,19,64029
SWAY_FRAME,4,63973,64029
SWAY_INPUT_FRAME,7,52866,64081
SWAY_OUTPUT,285,8,75189
SWAY_OUTPUT,286,7,75190
SWAY_OUTPUT,287,6,75191
SWAY_OUTPUT,288,6,75192
SWAY_OUTPUT,289,20,75193
SWAY_OUTPUT,290,32,75194
SWAY_OUTPUT,291,40,75195
SWAY_OUTPUT,292,-5,75196
SWAY_OUTPUT,293,-16,75197
SWAY_OUTPUT,294,-21,75198
SWAY_OUTPUT,295,13,75199
SWAY_OUTPUT,296,18,75200
SWAY_OUTPUT,297,21,75201
SWAY_OUTPUT,298,23,75202
SWAY_OUTPUT,299,3,75203
SWAY_OUTPUT,300,-1,75204
SWAY_OUTPUT,301,-2,75205
SWAY_OUTPUT,302,-3,75206
SWAY_OUTPUT,303,7,75207
SWAY_OUTPUT,304,127,75208
SWAY_OUTPUT,305,127,75209
SWAY_OUTPUT,306,127,75210
SWAY_OUTPUT,307,127,75211
SWAY_OUTPUT,308,127,75212
SWAY_OUTPUT,309,127,75213
SWAY_OUTPUT,310,126,75214
SWAY_OUTPUT,311,127,75215
SWAY_OUTPUT,312,127,75216
SWAY_OUTPUT,313,124,75217
SWAY_OUTPUT,314,126,75218
SWAY_OUTPUT,315,127,75219
SWAY_OUTPUT,316,127,75220
SWAY_OUTPUT,317,122,75221
SWAY_OUTPUT,318,126,75222
SWAY_OUTPUT,319,126,75223
SWAY_OUTPUT,320,127,75224
SWAY_OUTPUT,321,123,75225
SWAY_OUTPUT,322,127,75226
SWAY_OUTPUT,323,-10,75227
SWAY_OUTPUT,324,11,75228
SWAY_OUTPUT,325,30,75229
SWAY_OUTPUT,326,39,75230
SWAY_OUTPUT,327,23,75231
SWAY_OUTPUT,328,20,75232
SWAY_OUTPUT,329,23,75233
SWAY_OUTPUT,330,22,75234
SWAY_OUTPUT,331,17,75235
SWAY_OUTPUT,332,17,75236
SWAY_OUTPUT,333,-10,75237
SWAY_OUTPUT,334,-31,75238
SWAY_OUTPUT,335,-54,75239
SWAY_OUTPUT,336,-59,75240
SWAY_OUTPUT,337,-10,75241
SWAY_OUTPUT,338,-32,75242
SWAY_OUTPUT,339,-56,75243
SWAY_OUTPUT,340,-60,75244
SWAY_OUTPUT,341,24,75245
SWAY_FRAME,5,75189,75245
SWAY_INPUT_FRAME,8,64082,75297
SWAY_OUTPUT,342,8,86405
SWAY_OUTPUT,343,8,86406
SWAY_OUTPUT,344,7,86407
SWAY_OUTPUT,345,7,86408
SWAY_OUTPUT,346,20,86409
SWAY_OUTPUT,347,33,86410
SWAY_OUTPUT,348,47,86411
SWAY_OUTPUT,349,-4,86412
SWAY_OUTPUT,350,-19,86413
SWAY_OUTPUT,351,-33,86414
SWAY_OUTPUT,352,13,86415
SWAY_OUTPUT,353,23,86416
SWAY_OUTPUT,354,32,86417
SWAY_OUTPUT,355,35,86418
SWAY_OUTPUT,356,4,86419
SWAY_OUTPUT,357,-6,86420
SWAY_OUTPUT,358,-12,86421
SWAY_OUTPUT,359,-13,86422
SWAY_OUTPUT,360,7,86423
SWAY_OUTPUT,361,127,86424
SWAY_OUTPUT,362,127,86425
SWAY_OUTPUT,363,126,86426
SWAY_OUTPUT,364,126,86427
SWAY_OUTPUT,365,127,86428
SWAY_OUTPUT,366,127,86429
SWAY_OUTPUT,367,126,86430
SWAY_OUTPUT,368,127,86431
SWAY_OUTPUT,369,126,86432
SWAY_OUTPUT,370,124,86433
SWAY_OUTPUT,371,127,86434
SWAY_OUTPUT,372,126,86435
SWAY_OUTPUT,373,127,86436
SWAY_OUTPUT,374,122,86437
SWAY_OUTPUT,375,127,86438
SWAY_OUTPUT,376,126,86439
SWAY_OUTPUT,377,127,86440
SWAY_OUTPUT,378,124,86441
SWAY_OUTPUT,379,127,86442
SWAY_OUTPUT,380,-8,86443
SWAY_OUTPUT,381,12,86444
SWAY_OUTPUT,382,32,86445
SWAY_OUTPUT,383,41,86446
SWAY_OUTPUT,384,25,86447
SWAY_OUTPUT,385,21,86448
SWAY_OUTPUT,386,18,86449
SWAY_OUTPUT,387,24,86450
SWAY_OUTPUT,388,21,86451
SWAY_OUTPUT,389,19,86452
SWAY_OUTPUT,390,-8,86453
SWAY_OUTPUT,391,-27,86454
SWAY_OUTPUT,392,-52,86455
SWAY_OUTPUT,393,-56,86456
SWAY_OUTPUT,394,-8,86457
SWAY_OUTPUT,395,-27,86458
SWAY_OUTPUT,396,-52,86459
SWAY_OUTPUT,397,-56,86460
SWAY_OUTPUT,398,26,86461
SWAY_FRAME,6,86405,86461
SWAY_INPUT_FRAME,9,75298,86513
SWAY_OUTPUT,399,22,97621
SWAY_OUTPUT,400,23,97622
SWAY_OUTPUT,401,24,97623
SWAY_OUTPUT,402,25,97624
SWAY_OUTPUT,403,37,97625
SWAY_OUTPUT,404,45,97626
SWAY_OUTPUT,405,50,97627
SWAY_OUTPUT,406,13,97628
SWAY_OUTPUT,407,1,97629
SWAY_OUTPUT,408,-9,97630
SWAY_OUTPUT,409,26,97631
SWAY_OUTPUT,410,28,97632
SWAY_OUTPUT,411,23,97633
SWAY_OUTPUT,412,24,97634
SWAY_OUTPUT,413,17,97635
SWAY_OUTPUT,414,8,97636
SWAY_OUTPUT,415,-2,97637
SWAY_OUTPUT,416,-3,97638
SWAY_OUTPUT,417,24,97639
SWAY_OUTPUT,418,126,97640
SWAY_OUTPUT,419,127,97641
SWAY_OUTPUT,420,125,97642
SWAY_OUTPUT,421,125,97643
SWAY_OUTPUT,422,124,97644
SWAY_OUTPUT,423,124,97645
SWAY_OUTPUT,424,123,97646
SWAY_OUTPUT,425,126,97647
SWAY_OUTPUT,426,126,97648
SWAY_OUTPUT,427,124,97649
SWAY_OUTPUT,428,124,97650
SWAY_OUTPUT,429,122,97651
SWAY_OUTPUT,430,127,97652
SWAY_OUTPUT,431,123,97653
SWAY_OUTPUT,432,125,97654
SWAY_OUTPUT,433,126,97655
SWAY_OUTPUT,434,127,97656
SWAY_OUTPUT,435,122,97657
SWAY_OUTPUT,436,126,97658
SWAY_OUTPUT,437,-16,97659
SWAY_OUTPUT,438,4,97660
SWAY_OUTPUT,439,23,97661
SWAY_OUTPUT,440,31,97662
SWAY_OUTPUT,441,15,97663
SWAY_OUTPUT,442,9,97664
SWAY_OUTPUT,443,5,97665
SWAY_OUTPUT,444,16,97666
SWAY_OUTPUT,445,12,97667
SWAY_OUTPUT,446,10,97668
SWAY_OUTPUT,447,-17,97669
SWAY_OUTPUT,448,-34,97670
SWAY_OUTPUT,449,-57,97671
SWAY_OUTPUT,450,-62,97672
SWAY_OUTPUT,451,-15,97673
SWAY_OUTPUT,452,-32,97674
SWAY_OUTPUT,453,-52,97675
SWAY_OUTPUT,454,-56,97676
SWAY_OUTPUT,455,17,97677
SWAY_FRAME,7,97621,97677
SWAY_INPUT_FRAME,10,86514,97729
SWAY_OUTPUT,456,12,108837
SWAY_OUTPUT,457,13,108838
SWAY_OUTPUT,458,13,108839
SWAY_OUTPUT,459,13,108840
SWAY_OUTPUT,460,26,108841
SWAY_OUTPUT,461,36,108842
SWAY_OUTPUT,462,42,108843
SWAY_OUTPUT,463,2,108844
SWAY_OUTPUT,464,-13,108845
SWAY_OUTPUT,465,-22,108846
SWAY_OUTPUT,466,17,108847
SWAY_OUTPUT,467,21,108848
SWAY_OUTPUT,468,22,108849
SWAY_OUTPUT,469,23,108850
SWAY_OUTPUT,470,8,108851
SWAY_OUTPUT,471,1,108852
SWAY_OUTPUT,472,-4,108853
SWAY_OUTPUT,473,-5,108854
SWAY_OUTPUT,474,13,108855
SWAY_OUTPUT,475,127,108856
SWAY_OUTPUT,476,127,108857
SWAY_OUTPUT,477,127,108858
SWAY_OUTPUT,478,127,108859
SWAY_OUTPUT,479,127,108860
SWAY_OUTPUT,480,127,108861
SWAY_OUTPUT,481,125,108862
SWAY_OUTPUT,482,127,108863
SWAY_OUTPUT,483,127,108864
SWAY_OUTPUT,484,126,108865
SWAY_OUTPUT,485,126,108866
SWAY_OUTPUT,486,127,108867
SWAY_OUTPUT,487,127,108868
SWAY_OUTPUT,488,124,108869
SWAY_OUTPUT,489,127,108870
SWAY_OUTPUT,490,127,108871
SWAY_OUTPUT,491,127,108872
SWAY_OUTPUT,492,123,108873
SWAY_OUTPUT,493,127,108874
SWAY_OUTPUT,494,-12,108875
SWAY_OUTPUT,495,8,108876
SWAY_OUTPUT,496,28,108877
SWAY_OUTPUT,497,36,108878
SWAY_OUTPUT,498,20,108879
SWAY_OUTPUT,499,15,108880
SWAY_OUTPUT,500,14,108881
SWAY_OUTPUT,501,20,108882
SWAY_OUTPUT,502,19,108883
SWAY_OUTPUT,503,22,108884
SWAY_OUTPUT,504,-13,108885
SWAY_OUTPUT,505,-32,108886
SWAY_OUTPUT,506,-55,108887
SWAY_OUTPUT,507,-61,108888
SWAY_OUTPUT,508,-12,108889
SWAY_OUTPUT,509,-31,108890
SWAY_OUTPUT,510,-54,108891
SWAY_OUTPUT,511,-58,108892
SWAY_OUTPUT,512,22,108893
SWAY_FRAME,8,108837,108893
SWAY_INPUT_FRAME,11,97730,108945
SWAY_OUTPUT,513,21,120053
SWAY_OUTPUT,514,20,120054
SWAY_OUTPUT,515,19,120055
SWAY_OUTPUT,516,22,120056
SWAY_OUTPUT,517,38,120057
SWAY_OUTPUT,518,40,120058
SWAY_OUTPUT,519,23,120059
SWAY_OUTPUT,520,12,120060
SWAY_OUTPUT,521,1,120061
SWAY_OUTPUT,522,11,120062
SWAY_OUTPUT,523,26,120063
SWAY_OUTPUT,524,0,120064
SWAY_OUTPUT,525,-36,120065
SWAY_OUTPUT,526,-45,120066
SWAY_OUTPUT,527,15,120067
SWAY_OUTPUT,528,26,120068
SWAY_OUTPUT,529,13,120069
SWAY_OUTPUT,530,14,120070
SWAY_OUTPUT,531,20,120071
SWAY_OUTPUT,532,61,120072
SWAY_OUTPUT,533,73,120073
SWAY_OUTPUT,534,84,120074
SWAY_OUTPUT,535,81,120075
SWAY_OUTPUT,536,83,120076
SWAY_OUTPUT,537,87,120077
SWAY_OUTPUT,538,99,120078
SWAY_OUTPUT,539,78,120079
SWAY_OUTPUT,540,72,120080
SWAY_OUTPUT,541,78,120081
SWAY_OUTPUT,542,59,120082
SWAY_OUTPUT,543,66,120083
SWAY_OUTPUT,544,77,120084
SWAY_OUTPUT,545,60,120085
SWAY_OUTPUT,546,59,120086
SWAY_OUTPUT,547,57,120087
SWAY_OUTPUT,548,48,120088
SWAY_OUTPUT,549,23,120089
SWAY_OUTPUT,550,81,120090
SWAY_OUTPUT,551,-36,120091
SWAY_OUTPUT,552,-17,120092
SWAY_OUTPUT,553,1,120093
SWAY_OUTPUT,554,6,120094
SWAY_OUTPUT,555,-4,120095
SWAY_OUTPUT,556,-14,120096
SWAY_OUTPUT,557,-12,120097
SWAY_OUTPUT,558,-10,120098
SWAY_OUTPUT,559,8,120099
SWAY_OUTPUT,560,16,120100
SWAY_OUTPUT,561,-35,120101
SWAY_OUTPUT,562,-46,120102
SWAY_OUTPUT,563,-27,120103
SWAY_OUTPUT,564,-22,120104
SWAY_OUTPUT,565,-34,120105
SWAY_OUTPUT,566,-42,120106
SWAY_OUTPUT,567,-43,120107
SWAY_OUTPUT,568,-37,120108
SWAY_OUTPUT,569,-5,120109
SWAY_FRAME,9,120053,120109
SWAY_INPUT_FRAME,12,108946,120161
SWAY_OUTPUT,570,32,131269
SWAY_OUTPUT,571,30,131270
SWAY_OUTPUT,572,26,131271
SWAY_OUTPUT,573,24,131272
SWAY_OUTPUT,574,42,131273
SWAY_OUTPUT,575,62,131274
SWAY_OUTPUT,576,4,131275
SWAY_OUTPUT,577,15,131276
SWAY_OUTPUT,578,14,131277
SWAY_OUTPUT,579,63,131278
SWAY_OUTPUT,580,36,131279
SWAY_OUTPUT,581,45,131280
SWAY_OUTPUT,582,47,131281
SWAY_OUTPUT,583,46,131282
SWAY_OUTPUT,584,27,131283
SWAY_OUTPUT,585,21,131284
SWAY_OUTPUT,586,17,131285
SWAY_OUTPUT,587,15,131286
SWAY_OUTPUT,588,27,131287
SWAY_OUTPUT,589,79,131288
SWAY_OUTPUT,590,86,131289
SWAY_OUTPUT,591,91,131290
SWAY_OUTPUT,592,92,131291
SWAY_OUTPUT,593,92,131292
SWAY_OUTPUT,594,86,131293
SWAY_OUTPUT,595,84,131294
SWAY_OUTPUT,596,95,131295
SWAY_OUTPUT,597,94,131296
SWAY_OUTPUT,598,115,131297
SWAY_OUTPUT,599,74,131298
SWAY_OUTPUT,600,58,131299
SWAY_OUTPUT,601,54,131300
SWAY_OUTPUT,602,35,131301
SWAY_OUTPUT,603,77,131302
SWAY_OUTPUT,604,85,131303
SWAY_OUTPUT,605,84,131304
SWAY_OUTPUT,606,88,131305
SWAY_OUTPUT,607,89,131306
SWAY_OUTPUT,608,4,131307
SWAY_OUTPUT,609,25,131308
SWAY_OUTPUT,610,45,131309
SWAY_OUTPUT,611,55,131310
SWAY_OUTPUT,612,41,131311
SWAY_OUTPUT,613,53,131312
SWAY_OUTPUT,614,95,131313
SWAY_OUTPUT,615,32,131314
SWAY_OUTPUT,616,41,131315
SWAY_OUTPUT,617,48,131316
SWAY_OUTPUT,618,5,131317
SWAY_OUTPUT,619,-24,131318
SWAY_OUTPUT,620,-36,131319
SWAY_OUTPUT,621,-36,131320
SWAY_OUTPUT,622,4,131321
SWAY_OUTPUT,623,-31,131322
SWAY_OUTPUT,624,-40,131323
SWAY_OUTPUT,625,-57,131324
SWAY_OUTPUT,626,39,131325
SWAY_FRAME,10,131269,131325
SWAY_INPUT_FRAME,13,120162,131377
SWAY_OUTPUT,627,13,142485
SWAY_OUTPUT,628,17,142486
SWAY_OUTPUT,629,22,142487
SWAY_OUTPUT,630,16,142488
SWAY_OUTPUT,631,28,142489
SWAY_OUTPUT,632,34,142490
SWAY_OUTPUT,633,33,142491
SWAY_OUTPUT,634,15,142492
SWAY_OUTPUT,635,26,142493
SWAY_OUTPUT,636,20,142494
SWAY_OUTPUT,637,16,142495
SWAY_OUTPUT,638,2,142496
SWAY_OUTPUT,639,-4,142497
SWAY_OUTPUT,640,-13,142498
SWAY_OUTPUT,641,10,142499
SWAY_OUTPUT,642,8,142500
SWAY_OUTPUT,643,-17,142501
SWAY_OUTPUT,644,-24,142502
SWAY_OUTPUT,645,21,142503
SWAY_OUTPUT,646,108,142504
SWAY_OUTPUT,647,124,142505
SWAY_OUTPUT,648,127,142506
SWAY_OUTPUT,649,127,142507
SWAY_OUTPUT,650,119,142508
SWAY_OUTPUT,651,94,142509
SWAY_OUTPUT,652,97,142510
SWAY_OUTPUT,653,127,142511
SWAY_OUTPUT,654,127,142512
SWAY_OUTPUT,655,127,142513
SWAY_OUTPUT,656,98,142514
SWAY_OUTPUT,657,127,142515
SWAY_OUTPUT,658,127,142516
SWAY_OUTPUT,659,127,142517
SWAY_OUTPUT,660,111,142518
SWAY_OUTPUT,661,116,142519
SWAY_OUTPUT,662,85,142520
SWAY_OUTPUT,663,66,142521
SWAY_OUTPUT,664,127,142522
SWAY_OUTPUT,665,-1,142523
SWAY_OUTPUT,666,25,142524
SWAY_OUTPUT,667,50,142525
SWAY_OUTPUT,668,57,142526
SWAY_OUTPUT,669,34,142527
SWAY_OUTPUT,670,35,142528
SWAY_OUTPUT,671,59,142529
SWAY_OUTPUT,672,35,142530
SWAY_OUTPUT,673,26,142531
SWAY_OUTPUT,674,25,142532
SWAY_OUTPUT,675,-2,142533
SWAY_OUTPUT,676,-36,142534
SWAY_OUTPUT,677,-43,142535
SWAY_OUTPUT,678,-48,142536
SWAY_OUTPUT,679,1,142537
SWAY_OUTPUT,680,-27,142538
SWAY_OUTPUT,681,-39,142539
SWAY_OUTPUT,682,-40,142540
SWAY_OUTPUT,683,42,142541
SWAY_FRAME,11,142485,142541
SWAY_OUTPUT,684,12,153701
SWAY_OUTPUT,685,13,153702
SWAY_OUTPUT,686,12,153703
SWAY_OUTPUT,687,12,153704
SWAY_OUTPUT,688,25,153705
SWAY_OUTPUT,689,34,153706
SWAY_OUTPUT,690,39,153707
SWAY_OUTPUT,691,2,153708
SWAY_OUTPUT,692,-4,153709
SWAY_OUTPUT,693,-7,153710
SWAY_OUTPUT,694,17,153711
SWAY_OUTPUT,695,19,153712
SWAY_OUTPUT,696,18,153713
SWAY_OUTPUT,697,19,153714
SWAY_OUTPUT,698,8,153715
SWAY_OUTPUT,699,3,153716
SWAY_OUTPUT,700,0,153717
SWAY_OUTPUT,701,-1,153718
SWAY_OUTPUT,702,13,153719
SWAY_OUTPUT,703,127,153720
SWAY_OUTPUT,704,127,153721
SWAY_OUTPUT,705,127,153722
SWAY_OUTPUT,706,126,153723
SWAY_OUTPUT,707,126,153724
SWAY_OUTPUT,708,125,153725
SWAY_OUTPUT,709,124,153726
SWAY_OUTPUT,710,126,153727
SWAY_OUTPUT,711,126,153728
SWAY_OUTPUT,712,122,153729
SWAY_OUTPUT,713,125,153730
SWAY_OUTPUT,714,125,153731
SWAY_OUTPUT,715,127,153732
SWAY_OUTPUT,716,122,153733
SWAY_OUTPUT,717,125,153734
SWAY_OUTPUT,718,125,153735
SWAY_OUTPUT,719,127,153736
SWAY_OUTPUT,720,122,153737
SWAY_OUTPUT,721,127,153738
SWAY_OUTPUT,722,-15,153739
SWAY_OUTPUT,723,5,153740
SWAY_OUTPUT,724,25,153741
SWAY_OUTPUT,725,33,153742
SWAY_OUTPUT,726,17,153743
SWAY_OUTPUT,727,10,153744
SWAY_OUTPUT,728,7,153745
SWAY_OUTPUT,729,16,153746
SWAY_OUTPUT,730,4,153747
SWAY_OUTPUT,731,-6,153748
SWAY_OUTPUT,732,-15,153749
SWAY_OUTPUT,733,-34,153750
SWAY_OUTPUT,734,-55,153751
SWAY_OUTPUT,735,-60,153752
SWAY_OUTPUT,736,-14,153753
SWAY_OUTPUT,737,-33,153754
SWAY_OUTPUT,738,-55,153755
SWAY_OUTPUT,739,-59,153756
SWAY_OUTPUT,740,19,153757
SWAY_FRAME,12,153701,153757
SWAY_OUTPUT,741,12,164917
SWAY_OUTPUT,742,13,164918
SWAY_OUTPUT,743,12,164919
SWAY_OUTPUT,744,12,164920
SWAY_OUTPUT,745,25,164921
SWAY_OUTPUT,746,34,164922
SWAY_OUTPUT,747,39,164923
SWAY_OUTPUT,748,2,164924
SWAY_OUTPUT,749,-4,164925
SWAY_OUTPUT,750,-7,164926
SWAY_OUTPUT,751,17,164927
SWAY_OUTPUT,752,19,164928
SWAY_OUTPUT,753,18,164929
SWAY_OUTPUT,754,19,164930
SWAY_OUTPUT,755,8,164931
SWAY_OUTPUT,756,3,164932
SWAY_OUTPUT,757,0,164933
SWAY_OUTPUT,758,-1,164934
SWAY_OUTPUT,759,13,164935
SWAY_OUTPUT,760,127,164936
SWAY_OUTPUT,761,127,164937
SWAY_OUTPUT,762,127,164938
SWAY_OUTPUT,763,126,164939
SWAY_OUTPUT,764,126,164940
SWAY_OUTPUT,765,125,164941
SWAY_OUTPUT,766,124,164942
SWAY_OUTPUT,767,126,164943
SWAY_OUTPUT,768,126,164944
SWAY_OUTPUT,769,122,164945
SWAY_OUTPUT,770,125,164946
SWAY_OUTPUT,771,125,164947
SWAY_OUTPUT,772,127,164948
SWAY_OUTPUT,773,122,164949
SWAY_OUTPUT,774,125,164950
SWAY_OUTPUT,775,125,164951
SWAY_OUTPUT,776,127,164952
SWAY_OUTPUT,777,122,164953
SWAY_OUTPUT,778,127,164954
SWAY_OUTPUT,779,-15,164955
SWAY_OUTPUT,780,5,164956
SWAY_OUTPUT,781,25,164957
SWAY_OUTPUT,782,33,164958
SWAY_OUTPUT,783,17,164959
SWAY_OUTPUT,784,10,164960
SWAY_OUTPUT,785,7,164961
SWAY_OUTPUT,786,16,164962
SWAY_OUTPUT,787,4,164963
SWAY_OUTPUT,788,-6,164964
SWAY_OUTPUT,789,-15,164965
SWAY_OUTPUT,790,-34,164966
SWAY_OUTPUT,791,-55,164967
SWAY_OUTPUT,792,-60,164968
SWAY_OUTPUT,793,-14,164969
SWAY_OUTPUT,794,-33,164970
SWAY_OUTPUT,795,-55,164971
SWAY_OUTPUT,796,-59,164972
SWAY_OUTPUT,797,19,164973
SWAY_FRAME,13,164917,164973
SWAY_PASS frames=14 outputs=798 cycles=167022 drain_cycles=2048
