checking package dependencies
compiling bsv/SwayFoldedLinear.bsv
compiling sim/TbSwayFoldedLinear.bsv
Warning: "sim/TbSwayFoldedLinear.bsv", line 39, column 33: (P0102)
  Declaration of `value' shadows previous declaration at
  "sim/TbSwayFoldedLinear.bsv", line 46, column 27
code generation for mkTbSwayFoldedLinear starts
Warning: "hw/bsv/SwayLinear.bsv", line 141, column 14: (G0043)
  Multiple reset signals influence rule
  `embedding_original_engine_process1Capture'.
  This can lead to inconsistent, non-atomic results when not all of these
  signals are asserted.
  Method calls by reset:
    Reset 1 (embedding_original_localReset_leafReset.gen_rst):
      embedding_original_inputQ.first embedding_original_inputQ.i_notEmpty
    Reset 2 (embedding_original_engine_localReset_leafReset.gen_rst):
      embedding_original_engine_activeOn.read
      embedding_original_engine_startQ.enq
      embedding_original_engine_startQ.i_notFull
  During elaboration of rule `process1Capture' at "hw/bsv/SwayLinear.bsv",
  line 141, column 14.
  During elaboration of `engine' at "hw/bsv/SwayLinear.bsv", line 616, column
  29.
  During elaboration of `original' at "sim/TbSwayFoldedLinear.bsv", line 24,
  column 26.
  During elaboration of `embedding' at "sim/TbSwayFoldedLinear.bsv", line 73,
  column 33.
  During elaboration of `mkTbSwayFoldedLinear' at
  "sim/TbSwayFoldedLinear.bsv", line 72, column 8.
Warning: "hw/bsv/SwayLinear.bsv", line 200, column 14: (G0043)
  Multiple reset signals influence rule
  `embedding_original_engine_process2Chunk'.
  This can lead to inconsistent, non-atomic results when not all of these
  signals are asserted.
  Method calls by reset:
    Reset 1 (embedding_original_localReset_leafReset.gen_rst):
      embedding_original_inputQ.first embedding_original_inputQ.i_notEmpty
    Reset 2 (embedding_original_engine_localReset_leafReset.gen_rst):
      embedding_original_engine_chunkLoadOn.read
      embedding_original_engine_chunkLoadOn.write
      embedding_original_engine_issueOn.write
  During elaboration of rule `process2Chunk' at "hw/bsv/SwayLinear.bsv", line
  200, column 14.
  During elaboration of `engine' at "hw/bsv/SwayLinear.bsv", line 616, column
  29.
  During elaboration of `original' at "sim/TbSwayFoldedLinear.bsv", line 24,
  column 26.
  During elaboration of `embedding' at "sim/TbSwayFoldedLinear.bsv", line 73,
  column 33.
  During elaboration of `mkTbSwayFoldedLinear' at
  "sim/TbSwayFoldedLinear.bsv", line 72, column 8.
Warning: "hw/bsv/SwayLinear.bsv", line 543, column 14: (G0043)
  Multiple reset signals influence rule
  `embedding_original_engine_process8Emit'.
  This can lead to inconsistent, non-atomic results when not all of these
  signals are asserted.
  Method calls by reset:
    Reset 1 (embedding_original_localReset_leafReset.gen_rst):
      embedding_original_inputQ.deq embedding_original_inputQ.i_notEmpty
    Reset 2 (embedding_original_engine_localReset_leafReset.gen_rst):
      embedding_original_engine_activeOn.read
      embedding_original_engine_activeOn.write
      embedding_original_engine_emitOn.read
      embedding_original_engine_emitOn.write
      embedding_original_engine_outputQ.enq
      embedding_original_engine_outputQ.i_notFull
  During elaboration of rule `process8Emit' at "hw/bsv/SwayLinear.bsv", line
  543, column 14.
  During elaboration of `engine' at "hw/bsv/SwayLinear.bsv", line 616, column
  29.
  During elaboration of `original' at "sim/TbSwayFoldedLinear.bsv", line 24,
  column 26.
  During elaboration of `embedding' at "sim/TbSwayFoldedLinear.bsv", line 73,
  column 33.
  During elaboration of `mkTbSwayFoldedLinear' at
  "sim/TbSwayFoldedLinear.bsv", line 72, column 8.
Warning: "bsv/SwayFoldedLinear.bsv", line 69, column 14: (G0043)
  Multiple reset signals influence rule
  `embedding_folded_engine_process1Capture'.
  This can lead to inconsistent, non-atomic results when not all of these
  signals are asserted.
  Method calls by reset:
    Reset 1 (embedding_folded_localReset_leafReset.gen_rst):
      embedding_folded_inputQ.first embedding_folded_inputQ.i_notEmpty
    Reset 2 (embedding_folded_engine_localReset_leafReset.gen_rst):
      embedding_folded_engine_activeOn.read
      embedding_folded_engine_startQ.enq
      embedding_folded_engine_startQ.i_notFull
  During elaboration of rule `process1Capture' at "bsv/SwayFoldedLinear.bsv",
  line 69, column 14.
  During elaboration of `engine' at "bsv/SwayFoldedLinear.bsv", line 297,
  column 29.
  During elaboration of `folded' at "sim/TbSwayFoldedLinear.bsv", line 25,
  column 26.
  During elaboration of `embedding' at "sim/TbSwayFoldedLinear.bsv", line 73,
  column 33.
  During elaboration of `mkTbSwayFoldedLinear' at
  "sim/TbSwayFoldedLinear.bsv", line 72, column 8.
Warning: "bsv/SwayFoldedLinear.bsv", line 96, column 14: (G0043)
  Multiple reset signals influence rule
  `embedding_folded_engine_process2Chunk'.
  This can lead to inconsistent, non-atomic results when not all of these
  signals are asserted.
  Method calls by reset:
    Reset 1 (embedding_folded_localReset_leafReset.gen_rst):
      embedding_folded_inputQ.first embedding_folded_inputQ.i_notEmpty
    Reset 2 (embedding_folded_engine_localReset_leafReset.gen_rst):
      embedding_folded_engine_chunkLoadOn.read
      embedding_folded_engine_chunkLoadOn.write
      embedding_folded_engine_issueOn.write
  During elaboration of rule `process2Chunk' at "bsv/SwayFoldedLinear.bsv",
  line 96, column 14.
  During elaboration of `engine' at "bsv/SwayFoldedLinear.bsv", line 297,
  column 29.
  During elaboration of `folded' at "sim/TbSwayFoldedLinear.bsv", line 25,
  column 26.
  During elaboration of `embedding' at "sim/TbSwayFoldedLinear.bsv", line 73,
  column 33.
  During elaboration of `mkTbSwayFoldedLinear' at
  "sim/TbSwayFoldedLinear.bsv", line 72, column 8.
Warning: "bsv/SwayFoldedLinear.bsv", line 253, column 14: (G0043)
  Multiple reset signals influence rule
  `embedding_folded_engine_process8Emit'.
  This can lead to inconsistent, non-atomic results when not all of these
  signals are asserted.
  Method calls by reset:
    Reset 1 (embedding_folded_localReset_leafReset.gen_rst):
      embedding_folded_inputQ.deq embedding_folded_inputQ.i_notEmpty
    Reset 2 (embedding_folded_engine_localReset_leafReset.gen_rst):
      embedding_folded_engine_activeOn.read
      embedding_folded_engine_activeOn.write
      embedding_folded_engine_emitOn.read
      embedding_folded_engine_emitOn.write
      embedding_folded_engine_outputQ.enq
      embedding_folded_engine_outputQ.i_notFull
  During elaboration of rule `process8Emit' at "bsv/SwayFoldedLinear.bsv",
  line 253, column 14.
  During elaboration of `engine' at "bsv/SwayFoldedLinear.bsv", line 297,
  column 29.
  During elaboration of `folded' at "sim/TbSwayFoldedLinear.bsv", line 25,
  column 26.
  During elaboration of `embedding' at "sim/TbSwayFoldedLinear.bsv", line 73,
  column 33.
  During elaboration of `mkTbSwayFoldedLinear' at
  "sim/TbSwayFoldedLinear.bsv", line 72, column 8.
Warning: "sim/TbSwayFoldedLinear.bsv", line 35, column 14: (G0043)
  Multiple reset signals influence rule `embedding_process1'.
  This can lead to inconsistent, non-atomic results when not all of these
  signals are asserted.
  Method calls by reset:
    Reset 1 (default_reset):
      embedding_cycleCnt.read embedding_sentCnt.read embedding_sentCnt.write
    Reset 2 (embedding_original_localReset_leafReset.gen_rst):
      embedding_original_inputQ.enq embedding_original_inputQ.i_notFull
    Reset 3 (embedding_folded_localReset_leafReset.gen_rst):
      embedding_folded_inputQ.enq embedding_folded_inputQ.i_notFull
  During elaboration of rule `process1' at "sim/TbSwayFoldedLinear.bsv", line
  35, column 14.
  During elaboration of `embedding' at "sim/TbSwayFoldedLinear.bsv", line 73,
  column 33.
  During elaboration of `mkTbSwayFoldedLinear' at
  "sim/TbSwayFoldedLinear.bsv", line 72, column 8.
Warning: "sim/TbSwayFoldedLinear.bsv", line 52, column 14: (G0043)
  Multiple reset signals influence rule `embedding_process2'.
  This can lead to inconsistent, non-atomic results when not all of these
  signals are asserted.
  Method calls by reset:
    Reset 1 (default_reset):
      embedding_cycleCnt.read
      embedding_receivedCnt.read
      embedding_receivedCnt.write
    Reset 2 (embedding_original_engine_localReset_leafReset.gen_rst):
      embedding_original_engine_outputQ.deq
      embedding_original_engine_outputQ.first
      embedding_original_engine_outputQ.i_notEmpty
    Reset 3 (embedding_folded_engine_localReset_leafReset.gen_rst):
      embedding_folded_engine_outputQ.deq
      embedding_folded_engine_outputQ.first
      embedding_folded_engine_outputQ.i_notEmpty
  During elaboration of rule `process2' at "sim/TbSwayFoldedLinear.bsv", line
  52, column 14.
  During elaboration of `embedding' at "sim/TbSwayFoldedLinear.bsv", line 73,
  column 33.
  During elaboration of `mkTbSwayFoldedLinear' at
  "sim/TbSwayFoldedLinear.bsv", line 72, column 8.
Warning: "hw/bsv/SwayLinear.bsv", line 141, column 14: (G0043)
  Multiple reset signals influence rule
  `state0_original_engine_process1Capture'.
  This can lead to inconsistent, non-atomic results when not all of these
  signals are asserted.
  Method calls by reset:
    Reset 1 (state0_original_localReset_leafReset.gen_rst):
      state0_original_inputQ.first state0_original_inputQ.i_notEmpty
    Reset 2 (state0_original_engine_localReset_leafReset.gen_rst):
      state0_original_engine_activeOn.read
      state0_original_engine_startQ.enq
      state0_original_engine_startQ.i_notFull
  During elaboration of rule `process1Capture' at "hw/bsv/SwayLinear.bsv",
  line 141, column 14.
  During elaboration of `engine' at "hw/bsv/SwayLinear.bsv", line 616, column
  29.
  During elaboration of `original' at "sim/TbSwayFoldedLinear.bsv", line 24,
  column 26.
  During elaboration of `state0' at "sim/TbSwayFoldedLinear.bsv", line 74,
  column 33.
  During elaboration of `mkTbSwayFoldedLinear' at
  "sim/TbSwayFoldedLinear.bsv", line 72, column 8.
Warning: "hw/bsv/SwayLinear.bsv", line 200, column 14: (G0043)
  Multiple reset signals influence rule
  `state0_original_engine_process2Chunk'.
  This can lead to inconsistent, non-atomic results when not all of these
  signals are asserted.
  Method calls by reset:
    Reset 1 (state0_original_localReset_leafReset.gen_rst):
      state0_original_inputQ.first state0_original_inputQ.i_notEmpty
    Reset 2 (state0_original_engine_localReset_leafReset.gen_rst):
      state0_original_engine_chunkLoadOn.read
      state0_original_engine_chunkLoadOn.write
      state0_original_engine_issueOn.write
  During elaboration of rule `process2Chunk' at "hw/bsv/SwayLinear.bsv", line
  200, column 14.
  During elaboration of `engine' at "hw/bsv/SwayLinear.bsv", line 616, column
  29.
  During elaboration of `original' at "sim/TbSwayFoldedLinear.bsv", line 24,
  column 26.
  During elaboration of `state0' at "sim/TbSwayFoldedLinear.bsv", line 74,
  column 33.
  During elaboration of `mkTbSwayFoldedLinear' at
  "sim/TbSwayFoldedLinear.bsv", line 72, column 8.
Warning: "hw/bsv/SwayLinear.bsv", line 543, column 14: (G0043)
  Multiple reset signals influence rule `state0_original_engine_process8Emit'.
  This can lead to inconsistent, non-atomic results when not all of these
  signals are asserted.
  Method calls by reset:
    Reset 1 (state0_original_localReset_leafReset.gen_rst):
      state0_original_inputQ.deq state0_original_inputQ.i_notEmpty
    Reset 2 (state0_original_engine_localReset_leafReset.gen_rst):
      state0_original_engine_activeOn.read
      state0_original_engine_activeOn.write
      state0_original_engine_emitOn.read
      state0_original_engine_emitOn.write
      state0_original_engine_outputQ.enq
      state0_original_engine_outputQ.i_notFull
  During elaboration of rule `process8Emit' at "hw/bsv/SwayLinear.bsv", line
  543, column 14.
  During elaboration of `engine' at "hw/bsv/SwayLinear.bsv", line 616, column
  29.
  During elaboration of `original' at "sim/TbSwayFoldedLinear.bsv", line 24,
  column 26.
  During elaboration of `state0' at "sim/TbSwayFoldedLinear.bsv", line 74,
  column 33.
  During elaboration of `mkTbSwayFoldedLinear' at
  "sim/TbSwayFoldedLinear.bsv", line 72, column 8.
Warning: "bsv/SwayFoldedLinear.bsv", line 69, column 14: (G0043)
  Multiple reset signals influence rule
  `state0_folded_engine_process1Capture'.
  This can lead to inconsistent, non-atomic results when not all of these
  signals are asserted.
  Method calls by reset:
    Reset 1 (state0_folded_localReset_leafReset.gen_rst):
      state0_folded_inputQ.first state0_folded_inputQ.i_notEmpty
    Reset 2 (state0_folded_engine_localReset_leafReset.gen_rst):
      state0_folded_engine_activeOn.read
      state0_folded_engine_startQ.enq
      state0_folded_engine_startQ.i_notFull
  During elaboration of rule `process1Capture' at "bsv/SwayFoldedLinear.bsv",
  line 69, column 14.
  During elaboration of `engine' at "bsv/SwayFoldedLinear.bsv", line 297,
  column 29.
  During elaboration of `folded' at "sim/TbSwayFoldedLinear.bsv", line 25,
  column 26.
  During elaboration of `state0' at "sim/TbSwayFoldedLinear.bsv", line 74,
  column 33.
  During elaboration of `mkTbSwayFoldedLinear' at
  "sim/TbSwayFoldedLinear.bsv", line 72, column 8.
Warning: "bsv/SwayFoldedLinear.bsv", line 96, column 14: (G0043)
  Multiple reset signals influence rule `state0_folded_engine_process2Chunk'.
  This can lead to inconsistent, non-atomic results when not all of these
  signals are asserted.
  Method calls by reset:
    Reset 1 (state0_folded_localReset_leafReset.gen_rst):
      state0_folded_inputQ.first state0_folded_inputQ.i_notEmpty
    Reset 2 (state0_folded_engine_localReset_leafReset.gen_rst):
      state0_folded_engine_chunkLoadOn.read
      state0_folded_engine_chunkLoadOn.write
      state0_folded_engine_issueOn.write
  During elaboration of rule `process2Chunk' at "bsv/SwayFoldedLinear.bsv",
  line 96, column 14.
  During elaboration of `engine' at "bsv/SwayFoldedLinear.bsv", line 297,
  column 29.
  During elaboration of `folded' at "sim/TbSwayFoldedLinear.bsv", line 25,
  column 26.
  During elaboration of `state0' at "sim/TbSwayFoldedLinear.bsv", line 74,
  column 33.
  During elaboration of `mkTbSwayFoldedLinear' at
  "sim/TbSwayFoldedLinear.bsv", line 72, column 8.
Warning: "bsv/SwayFoldedLinear.bsv", line 253, column 14: (G0043)
  Multiple reset signals influence rule `state0_folded_engine_process8Emit'.
  This can lead to inconsistent, non-atomic results when not all of these
  signals are asserted.
  Method calls by reset:
    Reset 1 (state0_folded_localReset_leafReset.gen_rst):
      state0_folded_inputQ.deq state0_folded_inputQ.i_notEmpty
    Reset 2 (state0_folded_engine_localReset_leafReset.gen_rst):
      state0_folded_engine_activeOn.read
      state0_folded_engine_activeOn.write
      state0_folded_engine_emitOn.read
      state0_folded_engine_emitOn.write
      state0_folded_engine_outputQ.enq
      state0_folded_engine_outputQ.i_notFull
  During elaboration of rule `process8Emit' at "bsv/SwayFoldedLinear.bsv",
  line 253, column 14.
  During elaboration of `engine' at "bsv/SwayFoldedLinear.bsv", line 297,
  column 29.
  During elaboration of `folded' at "sim/TbSwayFoldedLinear.bsv", line 25,
  column 26.
  During elaboration of `state0' at "sim/TbSwayFoldedLinear.bsv", line 74,
  column 33.
  During elaboration of `mkTbSwayFoldedLinear' at
  "sim/TbSwayFoldedLinear.bsv", line 72, column 8.
Warning: "sim/TbSwayFoldedLinear.bsv", line 35, column 14: (G0043)
  Multiple reset signals influence rule `state0_process1'.
  This can lead to inconsistent, non-atomic results when not all of these
  signals are asserted.
  Method calls by reset:
    Reset 1 (default_reset):
      state0_cycleCnt.read state0_sentCnt.read state0_sentCnt.write
    Reset 2 (state0_original_localReset_leafReset.gen_rst):
      state0_original_inputQ.enq state0_original_inputQ.i_notFull
    Reset 3 (state0_folded_localReset_leafReset.gen_rst):
      state0_folded_inputQ.enq state0_folded_inputQ.i_notFull
  During elaboration of rule `process1' at "sim/TbSwayFoldedLinear.bsv", line
  35, column 14.
  During elaboration of `state0' at "sim/TbSwayFoldedLinear.bsv", line 74,
  column 33.
  During elaboration of `mkTbSwayFoldedLinear' at
  "sim/TbSwayFoldedLinear.bsv", line 72, column 8.
Warning: "sim/TbSwayFoldedLinear.bsv", line 52, column 14: (G0043)
  Multiple reset signals influence rule `state0_process2'.
  This can lead to inconsistent, non-atomic results when not all of these
  signals are asserted.
  Method calls by reset:
    Reset 1 (default_reset):
      state0_cycleCnt.read state0_receivedCnt.read state0_receivedCnt.write
    Reset 2 (state0_original_engine_localReset_leafReset.gen_rst):
      state0_original_engine_outputQ.deq
      state0_original_engine_outputQ.first
      state0_original_engine_outputQ.i_notEmpty
    Reset 3 (state0_folded_engine_localReset_leafReset.gen_rst):
      state0_folded_engine_outputQ.deq
      state0_folded_engine_outputQ.first
      state0_folded_engine_outputQ.i_notEmpty
  During elaboration of rule `process2' at "sim/TbSwayFoldedLinear.bsv", line
  52, column 14.
  During elaboration of `state0' at "sim/TbSwayFoldedLinear.bsv", line 74,
  column 33.
  During elaboration of `mkTbSwayFoldedLinear' at
  "sim/TbSwayFoldedLinear.bsv", line 72, column 8.
Warning: "hw/bsv/SwayLinear.bsv", line 141, column 14: (G0043)
  Multiple reset signals influence rule
  `output0_original_engine_process1Capture'.
  This can lead to inconsistent, non-atomic results when not all of these
  signals are asserted.
  Method calls by reset:
    Reset 1 (output0_original_localReset_leafReset.gen_rst):
      output0_original_inputQ.first output0_original_inputQ.i_notEmpty
    Reset 2 (output0_original_engine_localReset_leafReset.gen_rst):
      output0_original_engine_activeOn.read
      output0_original_engine_startQ.enq
      output0_original_engine_startQ.i_notFull
  During elaboration of rule `process1Capture' at "hw/bsv/SwayLinear.bsv",
  line 141, column 14.
  During elaboration of `engine' at "hw/bsv/SwayLinear.bsv", line 616, column
  29.
  During elaboration of `original' at "sim/TbSwayFoldedLinear.bsv", line 24,
  column 26.
  During elaboration of `output0' at "sim/TbSwayFoldedLinear.bsv", line 75,
  column 33.
  During elaboration of `mkTbSwayFoldedLinear' at
  "sim/TbSwayFoldedLinear.bsv", line 72, column 8.
Warning: "hw/bsv/SwayLinear.bsv", line 200, column 14: (G0043)
  Multiple reset signals influence rule
  `output0_original_engine_process2Chunk'.
  This can lead to inconsistent, non-atomic results when not all of these
  signals are asserted.
  Method calls by reset:
    Reset 1 (output0_original_localReset_leafReset.gen_rst):
      output0_original_inputQ.first output0_original_inputQ.i_notEmpty
    Reset 2 (output0_original_engine_localReset_leafReset.gen_rst):
      output0_original_engine_chunkLoadOn.read
      output0_original_engine_chunkLoadOn.write
      output0_original_engine_issueOn.write
  During elaboration of rule `process2Chunk' at "hw/bsv/SwayLinear.bsv", line
  200, column 14.
  During elaboration of `engine' at "hw/bsv/SwayLinear.bsv", line 616, column
  29.
  During elaboration of `original' at "sim/TbSwayFoldedLinear.bsv", line 24,
  column 26.
  During elaboration of `output0' at "sim/TbSwayFoldedLinear.bsv", line 75,
  column 33.
  During elaboration of `mkTbSwayFoldedLinear' at
  "sim/TbSwayFoldedLinear.bsv", line 72, column 8.
Warning: "hw/bsv/SwayLinear.bsv", line 543, column 14: (G0043)
  Multiple reset signals influence rule
  `output0_original_engine_process8Emit'.
  This can lead to inconsistent, non-atomic results when not all of these
  signals are asserted.
  Method calls by reset:
    Reset 1 (output0_original_localReset_leafReset.gen_rst):
      output0_original_inputQ.deq output0_original_inputQ.i_notEmpty
    Reset 2 (output0_original_engine_localReset_leafReset.gen_rst):
      output0_original_engine_activeOn.read
      output0_original_engine_activeOn.write
      output0_original_engine_emitOn.read
      output0_original_engine_emitOn.write
      output0_original_engine_outputQ.enq
      output0_original_engine_outputQ.i_notFull
  During elaboration of rule `process8Emit' at "hw/bsv/SwayLinear.bsv", line
  543, column 14.
  During elaboration of `engine' at "hw/bsv/SwayLinear.bsv", line 616, column
  29.
  During elaboration of `original' at "sim/TbSwayFoldedLinear.bsv", line 24,
  column 26.
  During elaboration of `output0' at "sim/TbSwayFoldedLinear.bsv", line 75,
  column 33.
  During elaboration of `mkTbSwayFoldedLinear' at
  "sim/TbSwayFoldedLinear.bsv", line 72, column 8.
Warning: "bsv/SwayFoldedLinear.bsv", line 69, column 14: (G0043)
  Multiple reset signals influence rule
  `output0_folded_engine_process1Capture'.
  This can lead to inconsistent, non-atomic results when not all of these
  signals are asserted.
  Method calls by reset:
    Reset 1 (output0_folded_localReset_leafReset.gen_rst):
      output0_folded_inputQ.first output0_folded_inputQ.i_notEmpty
    Reset 2 (output0_folded_engine_localReset_leafReset.gen_rst):
      output0_folded_engine_activeOn.read
      output0_folded_engine_startQ.enq
      output0_folded_engine_startQ.i_notFull
  During elaboration of rule `process1Capture' at "bsv/SwayFoldedLinear.bsv",
  line 69, column 14.
  During elaboration of `engine' at "bsv/SwayFoldedLinear.bsv", line 297,
  column 29.
  During elaboration of `folded' at "sim/TbSwayFoldedLinear.bsv", line 25,
  column 26.
  During elaboration of `output0' at "sim/TbSwayFoldedLinear.bsv", line 75,
  column 33.
  During elaboration of `mkTbSwayFoldedLinear' at
  "sim/TbSwayFoldedLinear.bsv", line 72, column 8.
Warning: "bsv/SwayFoldedLinear.bsv", line 96, column 14: (G0043)
  Multiple reset signals influence rule `output0_folded_engine_process2Chunk'.
  This can lead to inconsistent, non-atomic results when not all of these
  signals are asserted.
  Method calls by reset:
    Reset 1 (output0_folded_localReset_leafReset.gen_rst):
      output0_folded_inputQ.first output0_folded_inputQ.i_notEmpty
    Reset 2 (output0_folded_engine_localReset_leafReset.gen_rst):
      output0_folded_engine_chunkLoadOn.read
      output0_folded_engine_chunkLoadOn.write
      output0_folded_engine_issueOn.write
  During elaboration of rule `process2Chunk' at "bsv/SwayFoldedLinear.bsv",
  line 96, column 14.
  During elaboration of `engine' at "bsv/SwayFoldedLinear.bsv", line 297,
  column 29.
  During elaboration of `folded' at "sim/TbSwayFoldedLinear.bsv", line 25,
  column 26.
  During elaboration of `output0' at "sim/TbSwayFoldedLinear.bsv", line 75,
  column 33.
  During elaboration of `mkTbSwayFoldedLinear' at
  "sim/TbSwayFoldedLinear.bsv", line 72, column 8.
Warning: "bsv/SwayFoldedLinear.bsv", line 253, column 14: (G0043)
  Multiple reset signals influence rule `output0_folded_engine_process8Emit'.
  This can lead to inconsistent, non-atomic results when not all of these
  signals are asserted.
  Method calls by reset:
    Reset 1 (output0_folded_localReset_leafReset.gen_rst):
      output0_folded_inputQ.deq output0_folded_inputQ.i_notEmpty
    Reset 2 (output0_folded_engine_localReset_leafReset.gen_rst):
      output0_folded_engine_activeOn.read
      output0_folded_engine_activeOn.write
      output0_folded_engine_emitOn.read
      output0_folded_engine_emitOn.write
      output0_folded_engine_outputQ.enq
      output0_folded_engine_outputQ.i_notFull
  During elaboration of rule `process8Emit' at "bsv/SwayFoldedLinear.bsv",
  line 253, column 14.
  During elaboration of `engine' at "bsv/SwayFoldedLinear.bsv", line 297,
  column 29.
  During elaboration of `folded' at "sim/TbSwayFoldedLinear.bsv", line 25,
  column 26.
  During elaboration of `output0' at "sim/TbSwayFoldedLinear.bsv", line 75,
  column 33.
  During elaboration of `mkTbSwayFoldedLinear' at
  "sim/TbSwayFoldedLinear.bsv", line 72, column 8.
Warning: "sim/TbSwayFoldedLinear.bsv", line 35, column 14: (G0043)
  Multiple reset signals influence rule `output0_process1'.
  This can lead to inconsistent, non-atomic results when not all of these
  signals are asserted.
  Method calls by reset:
    Reset 1 (default_reset):
      output0_cycleCnt.read output0_sentCnt.read output0_sentCnt.write
    Reset 2 (output0_original_localReset_leafReset.gen_rst):
      output0_original_inputQ.enq output0_original_inputQ.i_notFull
    Reset 3 (output0_folded_localReset_leafReset.gen_rst):
      output0_folded_inputQ.enq output0_folded_inputQ.i_notFull
  During elaboration of rule `process1' at "sim/TbSwayFoldedLinear.bsv", line
  35, column 14.
  During elaboration of `output0' at "sim/TbSwayFoldedLinear.bsv", line 75,
  column 33.
  During elaboration of `mkTbSwayFoldedLinear' at
  "sim/TbSwayFoldedLinear.bsv", line 72, column 8.
Warning: "sim/TbSwayFoldedLinear.bsv", line 52, column 14: (G0043)
  Multiple reset signals influence rule `output0_process2'.
  This can lead to inconsistent, non-atomic results when not all of these
  signals are asserted.
  Method calls by reset:
    Reset 1 (default_reset):
      output0_cycleCnt.read output0_receivedCnt.read output0_receivedCnt.write
    Reset 2 (output0_original_engine_localReset_leafReset.gen_rst):
      output0_original_engine_outputQ.deq
      output0_original_engine_outputQ.first
      output0_original_engine_outputQ.i_notEmpty
    Reset 3 (output0_folded_engine_localReset_leafReset.gen_rst):
      output0_folded_engine_outputQ.deq
      output0_folded_engine_outputQ.first
      output0_folded_engine_outputQ.i_notEmpty
  During elaboration of rule `process2' at "sim/TbSwayFoldedLinear.bsv", line
  52, column 14.
  During elaboration of `output0' at "sim/TbSwayFoldedLinear.bsv", line 75,
  column 33.
  During elaboration of `mkTbSwayFoldedLinear' at
  "sim/TbSwayFoldedLinear.bsv", line 72, column 8.
Warning: "hw/bsv/SwayLinear.bsv", line 141, column 14: (G0043)
  Multiple reset signals influence rule
  `state1_original_engine_process1Capture'.
  This can lead to inconsistent, non-atomic results when not all of these
  signals are asserted.
  Method calls by reset:
    Reset 1 (state1_original_localReset_leafReset.gen_rst):
      state1_original_inputQ.first state1_original_inputQ.i_notEmpty
    Reset 2 (state1_original_engine_localReset_leafReset.gen_rst):
      state1_original_engine_activeOn.read
      state1_original_engine_startQ.enq
      state1_original_engine_startQ.i_notFull
  During elaboration of rule `process1Capture' at "hw/bsv/SwayLinear.bsv",
  line 141, column 14.
  During elaboration of `engine' at "hw/bsv/SwayLinear.bsv", line 616, column
  29.
  During elaboration of `original' at "sim/TbSwayFoldedLinear.bsv", line 24,
  column 26.
  During elaboration of `state1' at "sim/TbSwayFoldedLinear.bsv", line 76,
  column 33.
  During elaboration of `mkTbSwayFoldedLinear' at
  "sim/TbSwayFoldedLinear.bsv", line 72, column 8.
Warning: "hw/bsv/SwayLinear.bsv", line 200, column 14: (G0043)
  Multiple reset signals influence rule
  `state1_original_engine_process2Chunk'.
  This can lead to inconsistent, non-atomic results when not all of these
  signals are asserted.
  Method calls by reset:
    Reset 1 (state1_original_localReset_leafReset.gen_rst):
      state1_original_inputQ.first state1_original_inputQ.i_notEmpty
    Reset 2 (state1_original_engine_localReset_leafReset.gen_rst):
      state1_original_engine_chunkLoadOn.read
      state1_original_engine_chunkLoadOn.write
      state1_original_engine_issueOn.write
  During elaboration of rule `process2Chunk' at "hw/bsv/SwayLinear.bsv", line
  200, column 14.
  During elaboration of `engine' at "hw/bsv/SwayLinear.bsv", line 616, column
  29.
  During elaboration of `original' at "sim/TbSwayFoldedLinear.bsv", line 24,
  column 26.
  During elaboration of `state1' at "sim/TbSwayFoldedLinear.bsv", line 76,
  column 33.
  During elaboration of `mkTbSwayFoldedLinear' at
  "sim/TbSwayFoldedLinear.bsv", line 72, column 8.
Warning: "hw/bsv/SwayLinear.bsv", line 543, column 14: (G0043)
  Multiple reset signals influence rule `state1_original_engine_process8Emit'.
  This can lead to inconsistent, non-atomic results when not all of these
  signals are asserted.
  Method calls by reset:
    Reset 1 (state1_original_localReset_leafReset.gen_rst):
      state1_original_inputQ.deq state1_original_inputQ.i_notEmpty
    Reset 2 (state1_original_engine_localReset_leafReset.gen_rst):
      state1_original_engine_activeOn.read
      state1_original_engine_activeOn.write
      state1_original_engine_emitOn.read
      state1_original_engine_emitOn.write
      state1_original_engine_outputQ.enq
      state1_original_engine_outputQ.i_notFull
  During elaboration of rule `process8Emit' at "hw/bsv/SwayLinear.bsv", line
  543, column 14.
  During elaboration of `engine' at "hw/bsv/SwayLinear.bsv", line 616, column
  29.
  During elaboration of `original' at "sim/TbSwayFoldedLinear.bsv", line 24,
  column 26.
  During elaboration of `state1' at "sim/TbSwayFoldedLinear.bsv", line 76,
  column 33.
  During elaboration of `mkTbSwayFoldedLinear' at
  "sim/TbSwayFoldedLinear.bsv", line 72, column 8.
Warning: "bsv/SwayFoldedLinear.bsv", line 69, column 14: (G0043)
  Multiple reset signals influence rule
  `state1_folded_engine_process1Capture'.
  This can lead to inconsistent, non-atomic results when not all of these
  signals are asserted.
  Method calls by reset:
    Reset 1 (state1_folded_localReset_leafReset.gen_rst):
      state1_folded_inputQ.first state1_folded_inputQ.i_notEmpty
    Reset 2 (state1_folded_engine_localReset_leafReset.gen_rst):
      state1_folded_engine_activeOn.read
      state1_folded_engine_startQ.enq
      state1_folded_engine_startQ.i_notFull
  During elaboration of rule `process1Capture' at "bsv/SwayFoldedLinear.bsv",
  line 69, column 14.
  During elaboration of `engine' at "bsv/SwayFoldedLinear.bsv", line 297,
  column 29.
  During elaboration of `folded' at "sim/TbSwayFoldedLinear.bsv", line 25,
  column 26.
  During elaboration of `state1' at "sim/TbSwayFoldedLinear.bsv", line 76,
  column 33.
  During elaboration of `mkTbSwayFoldedLinear' at
  "sim/TbSwayFoldedLinear.bsv", line 72, column 8.
Warning: "bsv/SwayFoldedLinear.bsv", line 96, column 14: (G0043)
  Multiple reset signals influence rule `state1_folded_engine_process2Chunk'.
  This can lead to inconsistent, non-atomic results when not all of these
  signals are asserted.
  Method calls by reset:
    Reset 1 (state1_folded_localReset_leafReset.gen_rst):
      state1_folded_inputQ.first state1_folded_inputQ.i_notEmpty
    Reset 2 (state1_folded_engine_localReset_leafReset.gen_rst):
      state1_folded_engine_chunkLoadOn.read
      state1_folded_engine_chunkLoadOn.write
      state1_folded_engine_issueOn.write
  During elaboration of rule `process2Chunk' at "bsv/SwayFoldedLinear.bsv",
  line 96, column 14.
  During elaboration of `engine' at "bsv/SwayFoldedLinear.bsv", line 297,
  column 29.
  During elaboration of `folded' at "sim/TbSwayFoldedLinear.bsv", line 25,
  column 26.
  During elaboration of `state1' at "sim/TbSwayFoldedLinear.bsv", line 76,
  column 33.
  During elaboration of `mkTbSwayFoldedLinear' at
  "sim/TbSwayFoldedLinear.bsv", line 72, column 8.
Warning: "bsv/SwayFoldedLinear.bsv", line 253, column 14: (G0043)
  Multiple reset signals influence rule `state1_folded_engine_process8Emit'.
  This can lead to inconsistent, non-atomic results when not all of these
  signals are asserted.
  Method calls by reset:
    Reset 1 (state1_folded_localReset_leafReset.gen_rst):
      state1_folded_inputQ.deq state1_folded_inputQ.i_notEmpty
    Reset 2 (state1_folded_engine_localReset_leafReset.gen_rst):
      state1_folded_engine_activeOn.read
      state1_folded_engine_activeOn.write
      state1_folded_engine_emitOn.read
      state1_folded_engine_emitOn.write
      state1_folded_engine_outputQ.enq
      state1_folded_engine_outputQ.i_notFull
  During elaboration of rule `process8Emit' at "bsv/SwayFoldedLinear.bsv",
  line 253, column 14.
  During elaboration of `engine' at "bsv/SwayFoldedLinear.bsv", line 297,
  column 29.
  During elaboration of `folded' at "sim/TbSwayFoldedLinear.bsv", line 25,
  column 26.
  During elaboration of `state1' at "sim/TbSwayFoldedLinear.bsv", line 76,
  column 33.
  During elaboration of `mkTbSwayFoldedLinear' at
  "sim/TbSwayFoldedLinear.bsv", line 72, column 8.
Warning: "sim/TbSwayFoldedLinear.bsv", line 35, column 14: (G0043)
  Multiple reset signals influence rule `state1_process1'.
  This can lead to inconsistent, non-atomic results when not all of these
  signals are asserted.
  Method calls by reset:
    Reset 1 (default_reset):
      state1_cycleCnt.read state1_sentCnt.read state1_sentCnt.write
    Reset 2 (state1_original_localReset_leafReset.gen_rst):
      state1_original_inputQ.enq state1_original_inputQ.i_notFull
    Reset 3 (state1_folded_localReset_leafReset.gen_rst):
      state1_folded_inputQ.enq state1_folded_inputQ.i_notFull
  During elaboration of rule `process1' at "sim/TbSwayFoldedLinear.bsv", line
  35, column 14.
  During elaboration of `state1' at "sim/TbSwayFoldedLinear.bsv", line 76,
  column 33.
  During elaboration of `mkTbSwayFoldedLinear' at
  "sim/TbSwayFoldedLinear.bsv", line 72, column 8.
Warning: "sim/TbSwayFoldedLinear.bsv", line 52, column 14: (G0043)
  Multiple reset signals influence rule `state1_process2'.
  This can lead to inconsistent, non-atomic results when not all of these
  signals are asserted.
  Method calls by reset:
    Reset 1 (default_reset):
      state1_cycleCnt.read state1_receivedCnt.read state1_receivedCnt.write
    Reset 2 (state1_original_engine_localReset_leafReset.gen_rst):
      state1_original_engine_outputQ.deq
      state1_original_engine_outputQ.first
      state1_original_engine_outputQ.i_notEmpty
    Reset 3 (state1_folded_engine_localReset_leafReset.gen_rst):
      state1_folded_engine_outputQ.deq
      state1_folded_engine_outputQ.first
      state1_folded_engine_outputQ.i_notEmpty
  During elaboration of rule `process2' at "sim/TbSwayFoldedLinear.bsv", line
  52, column 14.
  During elaboration of `state1' at "sim/TbSwayFoldedLinear.bsv", line 76,
  column 33.
  During elaboration of `mkTbSwayFoldedLinear' at
  "sim/TbSwayFoldedLinear.bsv", line 72, column 8.
Warning: "hw/bsv/SwayLinear.bsv", line 141, column 14: (G0043)
  Multiple reset signals influence rule
  `output1_original_engine_process1Capture'.
  This can lead to inconsistent, non-atomic results when not all of these
  signals are asserted.
  Method calls by reset:
    Reset 1 (output1_original_localReset_leafReset.gen_rst):
      output1_original_inputQ.first output1_original_inputQ.i_notEmpty
    Reset 2 (output1_original_engine_localReset_leafReset.gen_rst):
      output1_original_engine_activeOn.read
      output1_original_engine_startQ.enq
      output1_original_engine_startQ.i_notFull
  During elaboration of rule `process1Capture' at "hw/bsv/SwayLinear.bsv",
  line 141, column 14.
  During elaboration of `engine' at "hw/bsv/SwayLinear.bsv", line 616, column
  29.
  During elaboration of `original' at "sim/TbSwayFoldedLinear.bsv", line 24,
  column 26.
  During elaboration of `output1' at "sim/TbSwayFoldedLinear.bsv", line 77,
  column 33.
  During elaboration of `mkTbSwayFoldedLinear' at
  "sim/TbSwayFoldedLinear.bsv", line 72, column 8.
Warning: "hw/bsv/SwayLinear.bsv", line 200, column 14: (G0043)
  Multiple reset signals influence rule
  `output1_original_engine_process2Chunk'.
  This can lead to inconsistent, non-atomic results when not all of these
  signals are asserted.
  Method calls by reset:
    Reset 1 (output1_original_localReset_leafReset.gen_rst):
      output1_original_inputQ.first output1_original_inputQ.i_notEmpty
    Reset 2 (output1_original_engine_localReset_leafReset.gen_rst):
      output1_original_engine_chunkLoadOn.read
      output1_original_engine_chunkLoadOn.write
      output1_original_engine_issueOn.write
  During elaboration of rule `process2Chunk' at "hw/bsv/SwayLinear.bsv", line
  200, column 14.
  During elaboration of `engine' at "hw/bsv/SwayLinear.bsv", line 616, column
  29.
  During elaboration of `original' at "sim/TbSwayFoldedLinear.bsv", line 24,
  column 26.
  During elaboration of `output1' at "sim/TbSwayFoldedLinear.bsv", line 77,
  column 33.
  During elaboration of `mkTbSwayFoldedLinear' at
  "sim/TbSwayFoldedLinear.bsv", line 72, column 8.
Warning: "hw/bsv/SwayLinear.bsv", line 543, column 14: (G0043)
  Multiple reset signals influence rule
  `output1_original_engine_process8Emit'.
  This can lead to inconsistent, non-atomic results when not all of these
  signals are asserted.
  Method calls by reset:
    Reset 1 (output1_original_localReset_leafReset.gen_rst):
      output1_original_inputQ.deq output1_original_inputQ.i_notEmpty
    Reset 2 (output1_original_engine_localReset_leafReset.gen_rst):
      output1_original_engine_activeOn.read
      output1_original_engine_activeOn.write
      output1_original_engine_emitOn.read
      output1_original_engine_emitOn.write
      output1_original_engine_outputQ.enq
      output1_original_engine_outputQ.i_notFull
  During elaboration of rule `process8Emit' at "hw/bsv/SwayLinear.bsv", line
  543, column 14.
  During elaboration of `engine' at "hw/bsv/SwayLinear.bsv", line 616, column
  29.
  During elaboration of `original' at "sim/TbSwayFoldedLinear.bsv", line 24,
  column 26.
  During elaboration of `output1' at "sim/TbSwayFoldedLinear.bsv", line 77,
  column 33.
  During elaboration of `mkTbSwayFoldedLinear' at
  "sim/TbSwayFoldedLinear.bsv", line 72, column 8.
Warning: "bsv/SwayFoldedLinear.bsv", line 69, column 14: (G0043)
  Multiple reset signals influence rule
  `output1_folded_engine_process1Capture'.
  This can lead to inconsistent, non-atomic results when not all of these
  signals are asserted.
  Method calls by reset:
    Reset 1 (output1_folded_localReset_leafReset.gen_rst):
      output1_folded_inputQ.first output1_folded_inputQ.i_notEmpty
    Reset 2 (output1_folded_engine_localReset_leafReset.gen_rst):
      output1_folded_engine_activeOn.read
      output1_folded_engine_startQ.enq
      output1_folded_engine_startQ.i_notFull
  During elaboration of rule `process1Capture' at "bsv/SwayFoldedLinear.bsv",
  line 69, column 14.
  During elaboration of `engine' at "bsv/SwayFoldedLinear.bsv", line 297,
  column 29.
  During elaboration of `folded' at "sim/TbSwayFoldedLinear.bsv", line 25,
  column 26.
  During elaboration of `output1' at "sim/TbSwayFoldedLinear.bsv", line 77,
  column 33.
  During elaboration of `mkTbSwayFoldedLinear' at
  "sim/TbSwayFoldedLinear.bsv", line 72, column 8.
Warning: "bsv/SwayFoldedLinear.bsv", line 96, column 14: (G0043)
  Multiple reset signals influence rule `output1_folded_engine_process2Chunk'.
  This can lead to inconsistent, non-atomic results when not all of these
  signals are asserted.
  Method calls by reset:
    Reset 1 (output1_folded_localReset_leafReset.gen_rst):
      output1_folded_inputQ.first output1_folded_inputQ.i_notEmpty
    Reset 2 (output1_folded_engine_localReset_leafReset.gen_rst):
      output1_folded_engine_chunkLoadOn.read
      output1_folded_engine_chunkLoadOn.write
      output1_folded_engine_issueOn.write
  During elaboration of rule `process2Chunk' at "bsv/SwayFoldedLinear.bsv",
  line 96, column 14.
  During elaboration of `engine' at "bsv/SwayFoldedLinear.bsv", line 297,
  column 29.
  During elaboration of `folded' at "sim/TbSwayFoldedLinear.bsv", line 25,
  column 26.
  During elaboration of `output1' at "sim/TbSwayFoldedLinear.bsv", line 77,
  column 33.
  During elaboration of `mkTbSwayFoldedLinear' at
  "sim/TbSwayFoldedLinear.bsv", line 72, column 8.
Warning: "Prelude.bs", line 1335, column 9: (G0024)
  The function unfolding steps interval has been exceeded when unfolding
  `Prelude.Ord~Prelude.Integer'. The current number of steps is 100000. Next
  warning at 200000 steps. Elaboration terminates at 1000000 steps.
  During elaboration of the body of rule `process6Round' at
  "bsv/SwayFoldedLinear.bsv", line 230, column 14.
  During elaboration of `engine' at "bsv/SwayFoldedLinear.bsv", line 297,
  column 29.
  During elaboration of `folded' at "sim/TbSwayFoldedLinear.bsv", line 25,
  column 26.
  During elaboration of `output1' at "sim/TbSwayFoldedLinear.bsv", line 77,
  column 33.
  During elaboration of `mkTbSwayFoldedLinear' at
  "sim/TbSwayFoldedLinear.bsv", line 72, column 8.
Warning: "bsv/SwayFoldedLinear.bsv", line 253, column 14: (G0043)
  Multiple reset signals influence rule `output1_folded_engine_process8Emit'.
  This can lead to inconsistent, non-atomic results when not all of these
  signals are asserted.
  Method calls by reset:
    Reset 1 (output1_folded_localReset_leafReset.gen_rst):
      output1_folded_inputQ.deq output1_folded_inputQ.i_notEmpty
    Reset 2 (output1_folded_engine_localReset_leafReset.gen_rst):
      output1_folded_engine_activeOn.read
      output1_folded_engine_activeOn.write
      output1_folded_engine_emitOn.read
      output1_folded_engine_emitOn.write
      output1_folded_engine_outputQ.enq
      output1_folded_engine_outputQ.i_notFull
  During elaboration of rule `process8Emit' at "bsv/SwayFoldedLinear.bsv",
  line 253, column 14.
  During elaboration of `engine' at "bsv/SwayFoldedLinear.bsv", line 297,
  column 29.
  During elaboration of `folded' at "sim/TbSwayFoldedLinear.bsv", line 25,
  column 26.
  During elaboration of `output1' at "sim/TbSwayFoldedLinear.bsv", line 77,
  column 33.
  During elaboration of `mkTbSwayFoldedLinear' at
  "sim/TbSwayFoldedLinear.bsv", line 72, column 8.
Warning: "sim/TbSwayFoldedLinear.bsv", line 35, column 14: (G0043)
  Multiple reset signals influence rule `output1_process1'.
  This can lead to inconsistent, non-atomic results when not all of these
  signals are asserted.
  Method calls by reset:
    Reset 1 (default_reset):
      output1_cycleCnt.read output1_sentCnt.read output1_sentCnt.write
    Reset 2 (output1_original_localReset_leafReset.gen_rst):
      output1_original_inputQ.enq output1_original_inputQ.i_notFull
    Reset 3 (output1_folded_localReset_leafReset.gen_rst):
      output1_folded_inputQ.enq output1_folded_inputQ.i_notFull
  During elaboration of rule `process1' at "sim/TbSwayFoldedLinear.bsv", line
  35, column 14.
  During elaboration of `output1' at "sim/TbSwayFoldedLinear.bsv", line 77,
  column 33.
  During elaboration of `mkTbSwayFoldedLinear' at
  "sim/TbSwayFoldedLinear.bsv", line 72, column 8.
Warning: "sim/TbSwayFoldedLinear.bsv", line 52, column 14: (G0043)
  Multiple reset signals influence rule `output1_process2'.
  This can lead to inconsistent, non-atomic results when not all of these
  signals are asserted.
  Method calls by reset:
    Reset 1 (default_reset):
      output1_cycleCnt.read output1_receivedCnt.read output1_receivedCnt.write
    Reset 2 (output1_original_engine_localReset_leafReset.gen_rst):
      output1_original_engine_outputQ.deq
      output1_original_engine_outputQ.first
      output1_original_engine_outputQ.i_notEmpty
    Reset 3 (output1_folded_engine_localReset_leafReset.gen_rst):
      output1_folded_engine_outputQ.deq
      output1_folded_engine_outputQ.first
      output1_folded_engine_outputQ.i_notEmpty
  During elaboration of rule `process2' at "sim/TbSwayFoldedLinear.bsv", line
  52, column 14.
  During elaboration of `output1' at "sim/TbSwayFoldedLinear.bsv", line 77,
  column 33.
  During elaboration of `mkTbSwayFoldedLinear' at
  "sim/TbSwayFoldedLinear.bsv", line 72, column 8.
Warning: "hw/bsv/SwayLinear.bsv", line 141, column 14: (G0043)
  Multiple reset signals influence rule
  `hidden_original_engine_process1Capture'.
  This can lead to inconsistent, non-atomic results when not all of these
  signals are asserted.
  Method calls by reset:
    Reset 1 (hidden_original_localReset_leafReset.gen_rst):
      hidden_original_inputQ.first hidden_original_inputQ.i_notEmpty
    Reset 2 (hidden_original_engine_localReset_leafReset.gen_rst):
      hidden_original_engine_activeOn.read
      hidden_original_engine_startQ.enq
      hidden_original_engine_startQ.i_notFull
  During elaboration of rule `process1Capture' at "hw/bsv/SwayLinear.bsv",
  line 141, column 14.
  During elaboration of `engine' at "hw/bsv/SwayLinear.bsv", line 616, column
  29.
  During elaboration of `original' at "sim/TbSwayFoldedLinear.bsv", line 24,
  column 26.
  During elaboration of `hidden' at "sim/TbSwayFoldedLinear.bsv", line 78,
  column 34.
  During elaboration of `mkTbSwayFoldedLinear' at
  "sim/TbSwayFoldedLinear.bsv", line 72, column 8.
Warning: "hw/bsv/SwayLinear.bsv", line 200, column 14: (G0043)
  Multiple reset signals influence rule
  `hidden_original_engine_process2Chunk'.
  This can lead to inconsistent, non-atomic results when not all of these
  signals are asserted.
  Method calls by reset:
    Reset 1 (hidden_original_localReset_leafReset.gen_rst):
      hidden_original_inputQ.first hidden_original_inputQ.i_notEmpty
    Reset 2 (hidden_original_engine_localReset_leafReset.gen_rst):
      hidden_original_engine_chunkLoadOn.read
      hidden_original_engine_chunkLoadOn.write
      hidden_original_engine_issueOn.write
  During elaboration of rule `process2Chunk' at "hw/bsv/SwayLinear.bsv", line
  200, column 14.
  During elaboration of `engine' at "hw/bsv/SwayLinear.bsv", line 616, column
  29.
  During elaboration of `original' at "sim/TbSwayFoldedLinear.bsv", line 24,
  column 26.
  During elaboration of `hidden' at "sim/TbSwayFoldedLinear.bsv", line 78,
  column 34.
  During elaboration of `mkTbSwayFoldedLinear' at
  "sim/TbSwayFoldedLinear.bsv", line 72, column 8.
Warning: "hw/bsv/SwayLinear.bsv", line 543, column 14: (G0043)
  Multiple reset signals influence rule `hidden_original_engine_process8Emit'.
  This can lead to inconsistent, non-atomic results when not all of these
  signals are asserted.
  Method calls by reset:
    Reset 1 (hidden_original_localReset_leafReset.gen_rst):
      hidden_original_inputQ.deq hidden_original_inputQ.i_notEmpty
    Reset 2 (hidden_original_engine_localReset_leafReset.gen_rst):
      hidden_original_engine_activeOn.read
      hidden_original_engine_activeOn.write
      hidden_original_engine_emitOn.read
      hidden_original_engine_emitOn.write
      hidden_original_engine_outputQ.enq
      hidden_original_engine_outputQ.i_notFull
  During elaboration of rule `process8Emit' at "hw/bsv/SwayLinear.bsv", line
  543, column 14.
  During elaboration of `engine' at "hw/bsv/SwayLinear.bsv", line 616, column
  29.
  During elaboration of `original' at "sim/TbSwayFoldedLinear.bsv", line 24,
  column 26.
  During elaboration of `hidden' at "sim/TbSwayFoldedLinear.bsv", line 78,
  column 34.
  During elaboration of `mkTbSwayFoldedLinear' at
  "sim/TbSwayFoldedLinear.bsv", line 72, column 8.
Warning: "bsv/SwayFoldedLinear.bsv", line 69, column 14: (G0043)
  Multiple reset signals influence rule
  `hidden_folded_engine_process1Capture'.
  This can lead to inconsistent, non-atomic results when not all of these
  signals are asserted.
  Method calls by reset:
    Reset 1 (hidden_folded_localReset_leafReset.gen_rst):
      hidden_folded_inputQ.first hidden_folded_inputQ.i_notEmpty
    Reset 2 (hidden_folded_engine_localReset_leafReset.gen_rst):
      hidden_folded_engine_activeOn.read
      hidden_folded_engine_startQ.enq
      hidden_folded_engine_startQ.i_notFull
  During elaboration of rule `process1Capture' at "bsv/SwayFoldedLinear.bsv",
  line 69, column 14.
  During elaboration of `engine' at "bsv/SwayFoldedLinear.bsv", line 297,
  column 29.
  During elaboration of `folded' at "sim/TbSwayFoldedLinear.bsv", line 25,
  column 26.
  During elaboration of `hidden' at "sim/TbSwayFoldedLinear.bsv", line 78,
  column 34.
  During elaboration of `mkTbSwayFoldedLinear' at
  "sim/TbSwayFoldedLinear.bsv", line 72, column 8.
Warning: "bsv/SwayFoldedLinear.bsv", line 96, column 14: (G0043)
  Multiple reset signals influence rule `hidden_folded_engine_process2Chunk'.
  This can lead to inconsistent, non-atomic results when not all of these
  signals are asserted.
  Method calls by reset:
    Reset 1 (hidden_folded_localReset_leafReset.gen_rst):
      hidden_folded_inputQ.first hidden_folded_inputQ.i_notEmpty
    Reset 2 (hidden_folded_engine_localReset_leafReset.gen_rst):
      hidden_folded_engine_chunkLoadOn.read
      hidden_folded_engine_chunkLoadOn.write
      hidden_folded_engine_issueOn.write
  During elaboration of rule `process2Chunk' at "bsv/SwayFoldedLinear.bsv",
  line 96, column 14.
  During elaboration of `engine' at "bsv/SwayFoldedLinear.bsv", line 297,
  column 29.
  During elaboration of `folded' at "sim/TbSwayFoldedLinear.bsv", line 25,
  column 26.
  During elaboration of `hidden' at "sim/TbSwayFoldedLinear.bsv", line 78,
  column 34.
  During elaboration of `mkTbSwayFoldedLinear' at
  "sim/TbSwayFoldedLinear.bsv", line 72, column 8.
Warning: "bsv/SwayFoldedLinear.bsv", line 253, column 14: (G0043)
  Multiple reset signals influence rule `hidden_folded_engine_process8Emit'.
  This can lead to inconsistent, non-atomic results when not all of these
  signals are asserted.
  Method calls by reset:
    Reset 1 (hidden_folded_localReset_leafReset.gen_rst):
      hidden_folded_inputQ.deq hidden_folded_inputQ.i_notEmpty
    Reset 2 (hidden_folded_engine_localReset_leafReset.gen_rst):
      hidden_folded_engine_activeOn.read
      hidden_folded_engine_activeOn.write
      hidden_folded_engine_emitOn.read
      hidden_folded_engine_emitOn.write
      hidden_folded_engine_outputQ.enq
      hidden_folded_engine_outputQ.i_notFull
  During elaboration of rule `process8Emit' at "bsv/SwayFoldedLinear.bsv",
  line 253, column 14.
  During elaboration of `engine' at "bsv/SwayFoldedLinear.bsv", line 297,
  column 29.
  During elaboration of `folded' at "sim/TbSwayFoldedLinear.bsv", line 25,
  column 26.
  During elaboration of `hidden' at "sim/TbSwayFoldedLinear.bsv", line 78,
  column 34.
  During elaboration of `mkTbSwayFoldedLinear' at
  "sim/TbSwayFoldedLinear.bsv", line 72, column 8.
Warning: "sim/TbSwayFoldedLinear.bsv", line 35, column 14: (G0043)
  Multiple reset signals influence rule `hidden_process1'.
  This can lead to inconsistent, non-atomic results when not all of these
  signals are asserted.
  Method calls by reset:
    Reset 1 (default_reset):
      hidden_cycleCnt.read hidden_sentCnt.read hidden_sentCnt.write
    Reset 2 (hidden_original_localReset_leafReset.gen_rst):
      hidden_original_inputQ.enq hidden_original_inputQ.i_notFull
    Reset 3 (hidden_folded_localReset_leafReset.gen_rst):
      hidden_folded_inputQ.enq hidden_folded_inputQ.i_notFull
  During elaboration of rule `process1' at "sim/TbSwayFoldedLinear.bsv", line
  35, column 14.
  During elaboration of `hidden' at "sim/TbSwayFoldedLinear.bsv", line 78,
  column 34.
  During elaboration of `mkTbSwayFoldedLinear' at
  "sim/TbSwayFoldedLinear.bsv", line 72, column 8.
Warning: "sim/TbSwayFoldedLinear.bsv", line 52, column 14: (G0043)
  Multiple reset signals influence rule `hidden_process2'.
  This can lead to inconsistent, non-atomic results when not all of these
  signals are asserted.
  Method calls by reset:
    Reset 1 (default_reset):
      hidden_cycleCnt.read hidden_receivedCnt.read hidden_receivedCnt.write
    Reset 2 (hidden_original_engine_localReset_leafReset.gen_rst):
      hidden_original_engine_outputQ.deq
      hidden_original_engine_outputQ.first
      hidden_original_engine_outputQ.i_notEmpty
    Reset 3 (hidden_folded_engine_localReset_leafReset.gen_rst):
      hidden_folded_engine_outputQ.deq
      hidden_folded_engine_outputQ.first
      hidden_folded_engine_outputQ.i_notEmpty
  During elaboration of rule `process2' at "sim/TbSwayFoldedLinear.bsv", line
  52, column 14.
  During elaboration of `hidden' at "sim/TbSwayFoldedLinear.bsv", line 78,
  column 34.
  During elaboration of `mkTbSwayFoldedLinear' at
  "sim/TbSwayFoldedLinear.bsv", line 72, column 8.
Warning: "hw/bsv/SwayLinear.bsv", line 141, column 14: (G0043)
  Multiple reset signals influence rule
  `head_original_engine_process1Capture'.
  This can lead to inconsistent, non-atomic results when not all of these
  signals are asserted.
  Method calls by reset:
    Reset 1 (head_original_localReset_leafReset.gen_rst):
      head_original_inputQ.first head_original_inputQ.i_notEmpty
    Reset 2 (head_original_engine_localReset_leafReset.gen_rst):
      head_original_engine_activeOn.read
      head_original_engine_startQ.enq
      head_original_engine_startQ.i_notFull
  During elaboration of rule `process1Capture' at "hw/bsv/SwayLinear.bsv",
  line 141, column 14.
  During elaboration of `engine' at "hw/bsv/SwayLinear.bsv", line 616, column
  29.
  During elaboration of `original' at "sim/TbSwayFoldedLinear.bsv", line 24,
  column 26.
  During elaboration of `head' at "sim/TbSwayFoldedLinear.bsv", line 79,
  column 33.
  During elaboration of `mkTbSwayFoldedLinear' at
  "sim/TbSwayFoldedLinear.bsv", line 72, column 8.
Warning: "hw/bsv/SwayLinear.bsv", line 200, column 14: (G0043)
  Multiple reset signals influence rule `head_original_engine_process2Chunk'.
  This can lead to inconsistent, non-atomic results when not all of these
  signals are asserted.
  Method calls by reset:
    Reset 1 (head_original_localReset_leafReset.gen_rst):
      head_original_inputQ.first head_original_inputQ.i_notEmpty
    Reset 2 (head_original_engine_localReset_leafReset.gen_rst):
      head_original_engine_chunkLoadOn.read
      head_original_engine_chunkLoadOn.write
      head_original_engine_issueOn.write
  During elaboration of rule `process2Chunk' at "hw/bsv/SwayLinear.bsv", line
  200, column 14.
  During elaboration of `engine' at "hw/bsv/SwayLinear.bsv", line 616, column
  29.
  During elaboration of `original' at "sim/TbSwayFoldedLinear.bsv", line 24,
  column 26.
  During elaboration of `head' at "sim/TbSwayFoldedLinear.bsv", line 79,
  column 33.
  During elaboration of `mkTbSwayFoldedLinear' at
  "sim/TbSwayFoldedLinear.bsv", line 72, column 8.
Warning: "hw/bsv/SwayLinear.bsv", line 543, column 14: (G0043)
  Multiple reset signals influence rule `head_original_engine_process8Emit'.
  This can lead to inconsistent, non-atomic results when not all of these
  signals are asserted.
  Method calls by reset:
    Reset 1 (head_original_localReset_leafReset.gen_rst):
      head_original_inputQ.deq head_original_inputQ.i_notEmpty
    Reset 2 (head_original_engine_localReset_leafReset.gen_rst):
      head_original_engine_activeOn.read
      head_original_engine_activeOn.write
      head_original_engine_emitOn.read
      head_original_engine_emitOn.write
      head_original_engine_outputQ.enq
      head_original_engine_outputQ.i_notFull
  During elaboration of rule `process8Emit' at "hw/bsv/SwayLinear.bsv", line
  543, column 14.
  During elaboration of `engine' at "hw/bsv/SwayLinear.bsv", line 616, column
  29.
  During elaboration of `original' at "sim/TbSwayFoldedLinear.bsv", line 24,
  column 26.
  During elaboration of `head' at "sim/TbSwayFoldedLinear.bsv", line 79,
  column 33.
  During elaboration of `mkTbSwayFoldedLinear' at
  "sim/TbSwayFoldedLinear.bsv", line 72, column 8.
Warning: "bsv/SwayFoldedLinear.bsv", line 69, column 14: (G0043)
  Multiple reset signals influence rule `head_folded_engine_process1Capture'.
  This can lead to inconsistent, non-atomic results when not all of these
  signals are asserted.
  Method calls by reset:
    Reset 1 (head_folded_localReset_leafReset.gen_rst):
      head_folded_inputQ.first head_folded_inputQ.i_notEmpty
    Reset 2 (head_folded_engine_localReset_leafReset.gen_rst):
      head_folded_engine_activeOn.read
      head_folded_engine_startQ.enq
      head_folded_engine_startQ.i_notFull
  During elaboration of rule `process1Capture' at "bsv/SwayFoldedLinear.bsv",
  line 69, column 14.
  During elaboration of `engine' at "bsv/SwayFoldedLinear.bsv", line 297,
  column 29.
  During elaboration of `folded' at "sim/TbSwayFoldedLinear.bsv", line 25,
  column 26.
  During elaboration of `head' at "sim/TbSwayFoldedLinear.bsv", line 79,
  column 33.
  During elaboration of `mkTbSwayFoldedLinear' at
  "sim/TbSwayFoldedLinear.bsv", line 72, column 8.
Warning: "bsv/SwayFoldedLinear.bsv", line 96, column 14: (G0043)
  Multiple reset signals influence rule `head_folded_engine_process2Chunk'.
  This can lead to inconsistent, non-atomic results when not all of these
  signals are asserted.
  Method calls by reset:
    Reset 1 (head_folded_localReset_leafReset.gen_rst):
      head_folded_inputQ.first head_folded_inputQ.i_notEmpty
    Reset 2 (head_folded_engine_localReset_leafReset.gen_rst):
      head_folded_engine_chunkLoadOn.read
      head_folded_engine_chunkLoadOn.write
      head_folded_engine_issueOn.write
  During elaboration of rule `process2Chunk' at "bsv/SwayFoldedLinear.bsv",
  line 96, column 14.
  During elaboration of `engine' at "bsv/SwayFoldedLinear.bsv", line 297,
  column 29.
  During elaboration of `folded' at "sim/TbSwayFoldedLinear.bsv", line 25,
  column 26.
  During elaboration of `head' at "sim/TbSwayFoldedLinear.bsv", line 79,
  column 33.
  During elaboration of `mkTbSwayFoldedLinear' at
  "sim/TbSwayFoldedLinear.bsv", line 72, column 8.
Warning: "bsv/SwayFoldedLinear.bsv", line 253, column 14: (G0043)
  Multiple reset signals influence rule `head_folded_engine_process8Emit'.
  This can lead to inconsistent, non-atomic results when not all of these
  signals are asserted.
  Method calls by reset:
    Reset 1 (head_folded_localReset_leafReset.gen_rst):
      head_folded_inputQ.deq head_folded_inputQ.i_notEmpty
    Reset 2 (head_folded_engine_localReset_leafReset.gen_rst):
      head_folded_engine_activeOn.read
      head_folded_engine_activeOn.write
      head_folded_engine_emitOn.read
      head_folded_engine_emitOn.write
      head_folded_engine_outputQ.enq
      head_folded_engine_outputQ.i_notFull
  During elaboration of rule `process8Emit' at "bsv/SwayFoldedLinear.bsv",
  line 253, column 14.
  During elaboration of `engine' at "bsv/SwayFoldedLinear.bsv", line 297,
  column 29.
  During elaboration of `folded' at "sim/TbSwayFoldedLinear.bsv", line 25,
  column 26.
  During elaboration of `head' at "sim/TbSwayFoldedLinear.bsv", line 79,
  column 33.
  During elaboration of `mkTbSwayFoldedLinear' at
  "sim/TbSwayFoldedLinear.bsv", line 72, column 8.
Warning: "sim/TbSwayFoldedLinear.bsv", line 35, column 14: (G0043)
  Multiple reset signals influence rule `head_process1'.
  This can lead to inconsistent, non-atomic results when not all of these
  signals are asserted.
  Method calls by reset:
    Reset 1 (default_reset):
      head_cycleCnt.read head_sentCnt.read head_sentCnt.write
    Reset 2 (head_original_localReset_leafReset.gen_rst):
      head_original_inputQ.enq head_original_inputQ.i_notFull
    Reset 3 (head_folded_localReset_leafReset.gen_rst):
      head_folded_inputQ.enq head_folded_inputQ.i_notFull
  During elaboration of rule `process1' at "sim/TbSwayFoldedLinear.bsv", line
  35, column 14.
  During elaboration of `head' at "sim/TbSwayFoldedLinear.bsv", line 79,
  column 33.
  During elaboration of `mkTbSwayFoldedLinear' at
  "sim/TbSwayFoldedLinear.bsv", line 72, column 8.
Warning: "sim/TbSwayFoldedLinear.bsv", line 52, column 14: (G0043)
  Multiple reset signals influence rule `head_process2'.
  This can lead to inconsistent, non-atomic results when not all of these
  signals are asserted.
  Method calls by reset:
    Reset 1 (default_reset):
      head_cycleCnt.read head_receivedCnt.read head_receivedCnt.write
    Reset 2 (head_original_engine_localReset_leafReset.gen_rst):
      head_original_engine_outputQ.deq
      head_original_engine_outputQ.first
      head_original_engine_outputQ.i_notEmpty
    Reset 3 (head_folded_engine_localReset_leafReset.gen_rst):
      head_folded_engine_outputQ.deq
      head_folded_engine_outputQ.first
      head_folded_engine_outputQ.i_notEmpty
  During elaboration of rule `process2' at "sim/TbSwayFoldedLinear.bsv", line
  52, column 14.
  During elaboration of `head' at "sim/TbSwayFoldedLinear.bsv", line 79,
  column 33.
  During elaboration of `mkTbSwayFoldedLinear' at
  "sim/TbSwayFoldedLinear.bsv", line 72, column 8.
Warning: "sim/TbSwayFoldedLinear.bsv", line 72, column 8: (G0010)
  Rule "embedding_original_engine_process2Chunk" was treated as more urgent
  than "embedding_original_engine_process2Read". Conflicts:
    "embedding_original_engine_process2Chunk" cannot fire before "embedding_original_engine_process2Read":
      calls to
	embedding_original_engine_chunkR.write vs. embedding_original_engine_chunkR.read
	embedding_original_engine_issueOn.write vs. embedding_original_engine_issueOn.read
    "embedding_original_engine_process2Read" cannot fire before "embedding_original_engine_process2Chunk":
      calls to
	embedding_original_engine_chunkCnt.write vs. embedding_original_engine_chunkCnt.read
	embedding_original_engine_chunkLoadOn.write vs. embedding_original_engine_chunkLoadOn.read
Warning: "sim/TbSwayFoldedLinear.bsv", line 72, column 8: (G0010)
  Rule "embedding_original_engine_process1" was treated as more urgent than
  "embedding_original_engine_process3Restart". Conflicts:
    "embedding_original_engine_process1" cannot fire before "embedding_original_engine_process3Restart":
      calls to
	embedding_original_engine_groupStartQ.enq vs. embedding_original_engine_groupStartQ.enq
    "embedding_original_engine_process3Restart" cannot fire before "embedding_original_engine_process1":
      calls to
	embedding_original_engine_groupStartQ.enq vs. embedding_original_engine_groupStartQ.enq
Warning: "sim/TbSwayFoldedLinear.bsv", line 72, column 8: (G0010)
  Rule "embedding_folded_engine_process1" was treated as more urgent than
  "embedding_folded_engine_process2Read". Conflicts:
    "embedding_folded_engine_process1" cannot fire before "embedding_folded_engine_process2Read":
      calls to
	embedding_folded_engine_groupStartQ.enq vs. embedding_folded_engine_groupStartQ.enq
    "embedding_folded_engine_process2Read" cannot fire before "embedding_folded_engine_process1":
      calls to
	embedding_folded_engine_groupStartQ.enq vs. embedding_folded_engine_groupStartQ.enq
Warning: "sim/TbSwayFoldedLinear.bsv", line 72, column 8: (G0010)
  Rule "embedding_folded_engine_process2Chunk" was treated as more urgent than
  "embedding_folded_engine_process2Read". Conflicts:
    "embedding_folded_engine_process2Chunk" cannot fire before "embedding_folded_engine_process2Read":
      calls to
	embedding_folded_engine_chunkR.write vs. embedding_folded_engine_chunkR.read
	embedding_folded_engine_issueOn.write vs. embedding_folded_engine_issueOn.read
    "embedding_folded_engine_process2Read" cannot fire before "embedding_folded_engine_process2Chunk":
      calls to
	embedding_folded_engine_chunkCnt.write vs. embedding_folded_engine_chunkCnt.read
	embedding_folded_engine_chunkLoadOn.write vs. embedding_folded_engine_chunkLoadOn.read
Warning: "sim/TbSwayFoldedLinear.bsv", line 72, column 8: (G0010)
  Rule "state0_original_engine_process2Chunk" was treated as more urgent than
  "state0_original_engine_process2Read". Conflicts:
    "state0_original_engine_process2Chunk" cannot fire before "state0_original_engine_process2Read":
      calls to
	state0_original_engine_chunkR.write vs. state0_original_engine_chunkR.read
	state0_original_engine_issueOn.write vs. state0_original_engine_issueOn.read
    "state0_original_engine_process2Read" cannot fire before "state0_original_engine_process2Chunk":
      calls to
	state0_original_engine_chunkCnt.write vs. state0_original_engine_chunkCnt.read
	state0_original_engine_chunkLoadOn.write vs. state0_original_engine_chunkLoadOn.read
Warning: "sim/TbSwayFoldedLinear.bsv", line 72, column 8: (G0010)
  Rule "state0_original_engine_process1" was treated as more urgent than
  "state0_original_engine_process3Restart". Conflicts:
    "state0_original_engine_process1" cannot fire before "state0_original_engine_process3Restart":
      calls to
	state0_original_engine_groupStartQ.enq vs. state0_original_engine_groupStartQ.enq
    "state0_original_engine_process3Restart" cannot fire before "state0_original_engine_process1":
      calls to
	state0_original_engine_groupStartQ.enq vs. state0_original_engine_groupStartQ.enq
Warning: "sim/TbSwayFoldedLinear.bsv", line 72, column 8: (G0010)
  Rule "state0_folded_engine_process1" was treated as more urgent than
  "state0_folded_engine_process2Read". Conflicts:
    "state0_folded_engine_process1" cannot fire before "state0_folded_engine_process2Read":
      calls to
	state0_folded_engine_groupStartQ.enq vs. state0_folded_engine_groupStartQ.enq
    "state0_folded_engine_process2Read" cannot fire before "state0_folded_engine_process1":
      calls to
	state0_folded_engine_groupStartQ.enq vs. state0_folded_engine_groupStartQ.enq
Warning: "sim/TbSwayFoldedLinear.bsv", line 72, column 8: (G0010)
  Rule "state0_folded_engine_process2Chunk" was treated as more urgent than
  "state0_folded_engine_process2Read". Conflicts:
    "state0_folded_engine_process2Chunk" cannot fire before "state0_folded_engine_process2Read":
      calls to
	state0_folded_engine_chunkR.write vs. state0_folded_engine_chunkR.read
	state0_folded_engine_issueOn.write vs. state0_folded_engine_issueOn.read
    "state0_folded_engine_process2Read" cannot fire before "state0_folded_engine_process2Chunk":
      calls to
	state0_folded_engine_chunkCnt.write vs. state0_folded_engine_chunkCnt.read
	state0_folded_engine_chunkLoadOn.write vs. state0_folded_engine_chunkLoadOn.read
Warning: "sim/TbSwayFoldedLinear.bsv", line 72, column 8: (G0010)
  Rule "output0_original_engine_process2Chunk" was treated as more urgent than
  "output0_original_engine_process2Read". Conflicts:
    "output0_original_engine_process2Chunk" cannot fire before "output0_original_engine_process2Read":
      calls to
	output0_original_engine_chunkR.write vs. output0_original_engine_chunkR.read
	output0_original_engine_issueOn.write vs. output0_original_engine_issueOn.read
    "output0_original_engine_process2Read" cannot fire before "output0_original_engine_process2Chunk":
      calls to
	output0_original_engine_chunkCnt.write vs. output0_original_engine_chunkCnt.read
	output0_original_engine_chunkLoadOn.write vs. output0_original_engine_chunkLoadOn.read
Warning: "sim/TbSwayFoldedLinear.bsv", line 72, column 8: (G0010)
  Rule "output0_original_engine_process1" was treated as more urgent than
  "output0_original_engine_process3Restart". Conflicts:
    "output0_original_engine_process1" cannot fire before "output0_original_engine_process3Restart":
      calls to
	output0_original_engine_groupStartQ.enq vs. output0_original_engine_groupStartQ.enq
    "output0_original_engine_process3Restart" cannot fire before "output0_original_engine_process1":
      calls to
	output0_original_engine_groupStartQ.enq vs. output0_original_engine_groupStartQ.enq
Warning: "sim/TbSwayFoldedLinear.bsv", line 72, column 8: (G0010)
  Rule "output0_folded_engine_process1" was treated as more urgent than
  "output0_folded_engine_process2Read". Conflicts:
    "output0_folded_engine_process1" cannot fire before "output0_folded_engine_process2Read":
      calls to
	output0_folded_engine_groupStartQ.enq vs. output0_folded_engine_groupStartQ.enq
    "output0_folded_engine_process2Read" cannot fire before "output0_folded_engine_process1":
      calls to
	output0_folded_engine_groupStartQ.enq vs. output0_folded_engine_groupStartQ.enq
Warning: "sim/TbSwayFoldedLinear.bsv", line 72, column 8: (G0010)
  Rule "output0_folded_engine_process2Chunk" was treated as more urgent than
  "output0_folded_engine_process2Read". Conflicts:
    "output0_folded_engine_process2Chunk" cannot fire before "output0_folded_engine_process2Read":
      calls to
	output0_folded_engine_chunkR.write vs. output0_folded_engine_chunkR.read
	output0_folded_engine_issueOn.write vs. output0_folded_engine_issueOn.read
    "output0_folded_engine_process2Read" cannot fire before "output0_folded_engine_process2Chunk":
      calls to
	output0_folded_engine_chunkCnt.write vs. output0_folded_engine_chunkCnt.read
	output0_folded_engine_chunkLoadOn.write vs. output0_folded_engine_chunkLoadOn.read
Warning: "sim/TbSwayFoldedLinear.bsv", line 72, column 8: (G0010)
  Rule "state1_original_engine_process2Chunk" was treated as more urgent than
  "state1_original_engine_process2Read". Conflicts:
    "state1_original_engine_process2Chunk" cannot fire before "state1_original_engine_process2Read":
      calls to
	state1_original_engine_chunkR.write vs. state1_original_engine_chunkR.read
	state1_original_engine_issueOn.write vs. state1_original_engine_issueOn.read
    "state1_original_engine_process2Read" cannot fire before "state1_original_engine_process2Chunk":
      calls to
	state1_original_engine_chunkCnt.write vs. state1_original_engine_chunkCnt.read
	state1_original_engine_chunkLoadOn.write vs. state1_original_engine_chunkLoadOn.read
Warning: "sim/TbSwayFoldedLinear.bsv", line 72, column 8: (G0010)
  Rule "state1_original_engine_process1" was treated as more urgent than
  "state1_original_engine_process3Restart". Conflicts:
    "state1_original_engine_process1" cannot fire before "state1_original_engine_process3Restart":
      calls to
	state1_original_engine_groupStartQ.enq vs. state1_original_engine_groupStartQ.enq
    "state1_original_engine_process3Restart" cannot fire before "state1_original_engine_process1":
      calls to
	state1_original_engine_groupStartQ.enq vs. state1_original_engine_groupStartQ.enq
Warning: "sim/TbSwayFoldedLinear.bsv", line 72, column 8: (G0010)
  Rule "state1_folded_engine_process1" was treated as more urgent than
  "state1_folded_engine_process2Read". Conflicts:
    "state1_folded_engine_process1" cannot fire before "state1_folded_engine_process2Read":
      calls to
	state1_folded_engine_groupStartQ.enq vs. state1_folded_engine_groupStartQ.enq
    "state1_folded_engine_process2Read" cannot fire before "state1_folded_engine_process1":
      calls to
	state1_folded_engine_groupStartQ.enq vs. state1_folded_engine_groupStartQ.enq
Warning: "sim/TbSwayFoldedLinear.bsv", line 72, column 8: (G0010)
  Rule "state1_folded_engine_process2Chunk" was treated as more urgent than
  "state1_folded_engine_process2Read". Conflicts:
    "state1_folded_engine_process2Chunk" cannot fire before "state1_folded_engine_process2Read":
      calls to
	state1_folded_engine_chunkR.write vs. state1_folded_engine_chunkR.read
	state1_folded_engine_issueOn.write vs. state1_folded_engine_issueOn.read
    "state1_folded_engine_process2Read" cannot fire before "state1_folded_engine_process2Chunk":
      calls to
	state1_folded_engine_chunkCnt.write vs. state1_folded_engine_chunkCnt.read
	state1_folded_engine_chunkLoadOn.write vs. state1_folded_engine_chunkLoadOn.read
Warning: "sim/TbSwayFoldedLinear.bsv", line 72, column 8: (G0010)
  Rule "output1_original_engine_process2Chunk" was treated as more urgent than
  "output1_original_engine_process2Read". Conflicts:
    "output1_original_engine_process2Chunk" cannot fire before "output1_original_engine_process2Read":
      calls to
	output1_original_engine_chunkR.write vs. output1_original_engine_chunkR.read
	output1_original_engine_issueOn.write vs. output1_original_engine_issueOn.read
    "output1_original_engine_process2Read" cannot fire before "output1_original_engine_process2Chunk":
      calls to
	output1_original_engine_chunkCnt.write vs. output1_original_engine_chunkCnt.read
	output1_original_engine_chunkLoadOn.write vs. output1_original_engine_chunkLoadOn.read
Warning: "sim/TbSwayFoldedLinear.bsv", line 72, column 8: (G0010)
  Rule "output1_original_engine_process1" was treated as more urgent than
  "output1_original_engine_process3Restart". Conflicts:
    "output1_original_engine_process1" cannot fire before "output1_original_engine_process3Restart":
      calls to
	output1_original_engine_groupStartQ.enq vs. output1_original_engine_groupStartQ.enq
    "output1_original_engine_process3Restart" cannot fire before "output1_original_engine_process1":
      calls to
	output1_original_engine_groupStartQ.enq vs. output1_original_engine_groupStartQ.enq
Warning: "sim/TbSwayFoldedLinear.bsv", line 72, column 8: (G0010)
  Rule "output1_folded_engine_process1" was treated as more urgent than
  "output1_folded_engine_process2Read". Conflicts:
    "output1_folded_engine_process1" cannot fire before "output1_folded_engine_process2Read":
      calls to
	output1_folded_engine_groupStartQ.enq vs. output1_folded_engine_groupStartQ.enq
    "output1_folded_engine_process2Read" cannot fire before "output1_folded_engine_process1":
      calls to
	output1_folded_engine_groupStartQ.enq vs. output1_folded_engine_groupStartQ.enq
Warning: "sim/TbSwayFoldedLinear.bsv", line 72, column 8: (G0010)
  Rule "output1_folded_engine_process2Chunk" was treated as more urgent than
  "output1_folded_engine_process2Read". Conflicts:
    "output1_folded_engine_process2Chunk" cannot fire before "output1_folded_engine_process2Read":
      calls to
	output1_folded_engine_chunkR.write vs. output1_folded_engine_chunkR.read
	output1_folded_engine_issueOn.write vs. output1_folded_engine_issueOn.read
    "output1_folded_engine_process2Read" cannot fire before "output1_folded_engine_process2Chunk":
      calls to
	output1_folded_engine_chunkCnt.write vs. output1_folded_engine_chunkCnt.read
	output1_folded_engine_chunkLoadOn.write vs. output1_folded_engine_chunkLoadOn.read
Warning: "sim/TbSwayFoldedLinear.bsv", line 72, column 8: (G0010)
  Rule "hidden_original_engine_process2Chunk" was treated as more urgent than
  "hidden_original_engine_process2Read". Conflicts:
    "hidden_original_engine_process2Chunk" cannot fire before "hidden_original_engine_process2Read":
      calls to
	hidden_original_engine_chunkR.write vs. hidden_original_engine_chunkR.read
	hidden_original_engine_issueOn.write vs. hidden_original_engine_issueOn.read
    "hidden_original_engine_process2Read" cannot fire before "hidden_original_engine_process2Chunk":
      calls to
	hidden_original_engine_chunkCnt.write vs. hidden_original_engine_chunkCnt.read
	hidden_original_engine_chunkLoadOn.write vs. hidden_original_engine_chunkLoadOn.read
Warning: "sim/TbSwayFoldedLinear.bsv", line 72, column 8: (G0010)
  Rule "hidden_original_engine_process1" was treated as more urgent than
  "hidden_original_engine_process3Restart". Conflicts:
    "hidden_original_engine_process1" cannot fire before "hidden_original_engine_process3Restart":
      calls to
	hidden_original_engine_groupStartQ.enq vs. hidden_original_engine_groupStartQ.enq
    "hidden_original_engine_process3Restart" cannot fire before "hidden_original_engine_process1":
      calls to
	hidden_original_engine_groupStartQ.enq vs. hidden_original_engine_groupStartQ.enq
Warning: "sim/TbSwayFoldedLinear.bsv", line 72, column 8: (G0010)
  Rule "hidden_folded_engine_process1" was treated as more urgent than
  "hidden_folded_engine_process2Read". Conflicts:
    "hidden_folded_engine_process1" cannot fire before "hidden_folded_engine_process2Read":
      calls to
	hidden_folded_engine_groupStartQ.enq vs. hidden_folded_engine_groupStartQ.enq
    "hidden_folded_engine_process2Read" cannot fire before "hidden_folded_engine_process1":
      calls to
	hidden_folded_engine_groupStartQ.enq vs. hidden_folded_engine_groupStartQ.enq
Warning: "sim/TbSwayFoldedLinear.bsv", line 72, column 8: (G0010)
  Rule "hidden_folded_engine_process2Chunk" was treated as more urgent than
  "hidden_folded_engine_process2Read". Conflicts:
    "hidden_folded_engine_process2Chunk" cannot fire before "hidden_folded_engine_process2Read":
      calls to
	hidden_folded_engine_chunkR.write vs. hidden_folded_engine_chunkR.read
	hidden_folded_engine_issueOn.write vs. hidden_folded_engine_issueOn.read
    "hidden_folded_engine_process2Read" cannot fire before "hidden_folded_engine_process2Chunk":
      calls to
	hidden_folded_engine_chunkCnt.write vs. hidden_folded_engine_chunkCnt.read
	hidden_folded_engine_chunkLoadOn.write vs. hidden_folded_engine_chunkLoadOn.read
Warning: "sim/TbSwayFoldedLinear.bsv", line 72, column 8: (G0010)
  Rule "head_original_engine_process2Chunk" was treated as more urgent than
  "head_original_engine_process2Read". Conflicts:
    "head_original_engine_process2Chunk" cannot fire before "head_original_engine_process2Read":
      calls to
	head_original_engine_chunkR.write vs. head_original_engine_chunkR.read
	head_original_engine_issueOn.write vs. head_original_engine_issueOn.read
    "head_original_engine_process2Read" cannot fire before "head_original_engine_process2Chunk":
      calls to
	head_original_engine_chunkCnt.write vs. head_original_engine_chunkCnt.read
	head_original_engine_chunkLoadOn.write vs. head_original_engine_chunkLoadOn.read
Warning: "sim/TbSwayFoldedLinear.bsv", line 72, column 8: (G0010)
  Rule "head_original_engine_process1" was treated as more urgent than
  "head_original_engine_process3Restart". Conflicts:
    "head_original_engine_process1" cannot fire before "head_original_engine_process3Restart":
      calls to
	head_original_engine_groupStartQ.enq vs. head_original_engine_groupStartQ.enq
    "head_original_engine_process3Restart" cannot fire before "head_original_engine_process1":
      calls to
	head_original_engine_groupStartQ.enq vs. head_original_engine_groupStartQ.enq
Warning: "sim/TbSwayFoldedLinear.bsv", line 72, column 8: (G0010)
  Rule "head_folded_engine_process1" was treated as more urgent than
  "head_folded_engine_process2Read". Conflicts:
    "head_folded_engine_process1" cannot fire before "head_folded_engine_process2Read":
      calls to
	head_folded_engine_groupStartQ.enq vs. head_folded_engine_groupStartQ.enq
    "head_folded_engine_process2Read" cannot fire before "head_folded_engine_process1":
      calls to
	head_folded_engine_groupStartQ.enq vs. head_folded_engine_groupStartQ.enq
Warning: "sim/TbSwayFoldedLinear.bsv", line 72, column 8: (G0010)
  Rule "head_folded_engine_process2Chunk" was treated as more urgent than
  "head_folded_engine_process2Read". Conflicts:
    "head_folded_engine_process2Chunk" cannot fire before "head_folded_engine_process2Read":
      calls to
	head_folded_engine_chunkR.write vs. head_folded_engine_chunkR.read
	head_folded_engine_issueOn.write vs. head_folded_engine_issueOn.read
    "head_folded_engine_process2Read" cannot fire before "head_folded_engine_process2Chunk":
      calls to
	head_folded_engine_chunkCnt.write vs. head_folded_engine_chunkCnt.read
	head_folded_engine_chunkLoadOn.write vs. head_folded_engine_chunkLoadOn.read
Warning: "sim/TbSwayFoldedLinear.bsv", line 72, column 8: (G0117)
  Rule `head_original_engine_process1' shadows the effects of
  `head_original_engine_process8Emit' when they execute in the same clock
  cycle. Affected method calls:
    head_original_engine_activeOn.write
  To silence this warning, use the `-no-warn-action-shadowing' flag.
Warning: "sim/TbSwayFoldedLinear.bsv", line 72, column 8: (G0117)
  Rule `head_original_engine_process1' shadows the effects of
  `head_original_engine_process3' when they execute in the same clock cycle.
  Affected method calls:
    head_original_engine_sumR.write
  To silence this warning, use the `-no-warn-action-shadowing' flag.
Warning: "sim/TbSwayFoldedLinear.bsv", line 72, column 8: (G0117)
  Rule `head_original_engine_process1' shadows the effects of
  `head_original_engine_process2Read' when they execute in the same clock
  cycle. Affected method calls:
    head_original_engine_addressCnt.write
  To silence this warning, use the `-no-warn-action-shadowing' flag.
Warning: "sim/TbSwayFoldedLinear.bsv", line 72, column 8: (G0117)
  Rule `head_original_engine_process1Group' shadows the effects of
  `head_original_engine_process2Read' when they execute in the same clock
  cycle. Affected method calls:
    head_original_engine_inputCnt.write, head_original_engine_chunkCnt.write
  To silence this warning, use the `-no-warn-action-shadowing' flag.
Warning: "sim/TbSwayFoldedLinear.bsv", line 72, column 8: (G0117)
  Rule `head_original_engine_process1Group' shadows the effects of
  `head_original_engine_process2Chunk' when they execute in the same clock
  cycle. Affected method calls:
    head_original_engine_chunkLoadOn.write
  To silence this warning, use the `-no-warn-action-shadowing' flag.
Warning: "sim/TbSwayFoldedLinear.bsv", line 72, column 8: (G0117)
  Rule `hidden_original_engine_process1' shadows the effects of
  `hidden_original_engine_process8Emit' when they execute in the same clock
  cycle. Affected method calls:
    hidden_original_engine_activeOn.write
  To silence this warning, use the `-no-warn-action-shadowing' flag.
Warning: "sim/TbSwayFoldedLinear.bsv", line 72, column 8: (G0117)
  Rule `hidden_original_engine_process1' shadows the effects of
  `hidden_original_engine_process3' when they execute in the same clock cycle.
  Affected method calls:
    hidden_original_engine_sumR.write
  To silence this warning, use the `-no-warn-action-shadowing' flag.
Warning: "sim/TbSwayFoldedLinear.bsv", line 72, column 8: (G0117)
  Rule `hidden_original_engine_process1' shadows the effects of
  `hidden_original_engine_process2Read' when they execute in the same clock
  cycle. Affected method calls:
    hidden_original_engine_addressCnt.write
  To silence this warning, use the `-no-warn-action-shadowing' flag.
Warning: "sim/TbSwayFoldedLinear.bsv", line 72, column 8: (G0117)
  Rule `hidden_original_engine_process1Group' shadows the effects of
  `hidden_original_engine_process2Read' when they execute in the same clock
  cycle. Affected method calls:
    hidden_original_engine_inputCnt.write,
    hidden_original_engine_chunkCnt.write
  To silence this warning, use the `-no-warn-action-shadowing' flag.
Warning: "sim/TbSwayFoldedLinear.bsv", line 72, column 8: (G0117)
  Rule `hidden_original_engine_process1Group' shadows the effects of
  `hidden_original_engine_process2Chunk' when they execute in the same clock
  cycle. Affected method calls:
    hidden_original_engine_chunkLoadOn.write
  To silence this warning, use the `-no-warn-action-shadowing' flag.
Warning: "sim/TbSwayFoldedLinear.bsv", line 72, column 8: (G0117)
  Rule `output1_original_engine_process1' shadows the effects of
  `output1_original_engine_process8Emit' when they execute in the same clock
  cycle. Affected method calls:
    output1_original_engine_activeOn.write
  To silence this warning, use the `-no-warn-action-shadowing' flag.
Warning: "sim/TbSwayFoldedLinear.bsv", line 72, column 8: (G0117)
  Rule `output1_original_engine_process1' shadows the effects of
  `output1_original_engine_process3' when they execute in the same clock
  cycle. Affected method calls:
    output1_original_engine_sumR.write
  To silence this warning, use the `-no-warn-action-shadowing' flag.
Warning: "sim/TbSwayFoldedLinear.bsv", line 72, column 8: (G0117)
  Rule `output1_original_engine_process1' shadows the effects of
  `output1_original_engine_process2Read' when they execute in the same clock
  cycle. Affected method calls:
    output1_original_engine_addressCnt.write
  To silence this warning, use the `-no-warn-action-shadowing' flag.
Warning: "sim/TbSwayFoldedLinear.bsv", line 72, column 8: (G0117)
  Rule `output1_original_engine_process1Group' shadows the effects of
  `output1_original_engine_process2Read' when they execute in the same clock
  cycle. Affected method calls:
    output1_original_engine_inputCnt.write,
    output1_original_engine_chunkCnt.write
  To silence this warning, use the `-no-warn-action-shadowing' flag.
Warning: "sim/TbSwayFoldedLinear.bsv", line 72, column 8: (G0117)
  Rule `output1_original_engine_process1Group' shadows the effects of
  `output1_original_engine_process2Chunk' when they execute in the same clock
  cycle. Affected method calls:
    output1_original_engine_chunkLoadOn.write
  To silence this warning, use the `-no-warn-action-shadowing' flag.
Warning: "sim/TbSwayFoldedLinear.bsv", line 72, column 8: (G0117)
  Rule `state1_original_engine_process1' shadows the effects of
  `state1_original_engine_process8Emit' when they execute in the same clock
  cycle. Affected method calls:
    state1_original_engine_activeOn.write
  To silence this warning, use the `-no-warn-action-shadowing' flag.
Warning: "sim/TbSwayFoldedLinear.bsv", line 72, column 8: (G0117)
  Rule `state1_original_engine_process1' shadows the effects of
  `state1_original_engine_process3' when they execute in the same clock cycle.
  Affected method calls:
    state1_original_engine_sumR.write
  To silence this warning, use the `-no-warn-action-shadowing' flag.
Warning: "sim/TbSwayFoldedLinear.bsv", line 72, column 8: (G0117)
  Rule `state1_original_engine_process1' shadows the effects of
  `state1_original_engine_process2Read' when they execute in the same clock
  cycle. Affected method calls:
    state1_original_engine_addressCnt.write
  To silence this warning, use the `-no-warn-action-shadowing' flag.
Warning: "sim/TbSwayFoldedLinear.bsv", line 72, column 8: (G0117)
  Rule `state1_original_engine_process1Group' shadows the effects of
  `state1_original_engine_process2Read' when they execute in the same clock
  cycle. Affected method calls:
    state1_original_engine_inputCnt.write,
    state1_original_engine_chunkCnt.write
  To silence this warning, use the `-no-warn-action-shadowing' flag.
Warning: "sim/TbSwayFoldedLinear.bsv", line 72, column 8: (G0117)
  Rule `state1_original_engine_process1Group' shadows the effects of
  `state1_original_engine_process2Chunk' when they execute in the same clock
  cycle. Affected method calls:
    state1_original_engine_chunkLoadOn.write
  To silence this warning, use the `-no-warn-action-shadowing' flag.
Warning: "sim/TbSwayFoldedLinear.bsv", line 72, column 8: (G0117)
  Rule `output0_original_engine_process1' shadows the effects of
  `output0_original_engine_process8Emit' when they execute in the same clock
  cycle. Affected method calls:
    output0_original_engine_activeOn.write
  To silence this warning, use the `-no-warn-action-shadowing' flag.
Warning: "sim/TbSwayFoldedLinear.bsv", line 72, column 8: (G0117)
  Rule `output0_original_engine_process1' shadows the effects of
  `output0_original_engine_process3' when they execute in the same clock
  cycle. Affected method calls:
    output0_original_engine_sumR.write
  To silence this warning, use the `-no-warn-action-shadowing' flag.
Warning: "sim/TbSwayFoldedLinear.bsv", line 72, column 8: (G0117)
  Rule `output0_original_engine_process1' shadows the effects of
  `output0_original_engine_process2Read' when they execute in the same clock
  cycle. Affected method calls:
    output0_original_engine_addressCnt.write
  To silence this warning, use the `-no-warn-action-shadowing' flag.
Warning: "sim/TbSwayFoldedLinear.bsv", line 72, column 8: (G0117)
  Rule `output0_original_engine_process1Group' shadows the effects of
  `output0_original_engine_process2Read' when they execute in the same clock
  cycle. Affected method calls:
    output0_original_engine_inputCnt.write,
    output0_original_engine_chunkCnt.write
  To silence this warning, use the `-no-warn-action-shadowing' flag.
Warning: "sim/TbSwayFoldedLinear.bsv", line 72, column 8: (G0117)
  Rule `output0_original_engine_process1Group' shadows the effects of
  `output0_original_engine_process2Chunk' when they execute in the same clock
  cycle. Affected method calls:
    output0_original_engine_chunkLoadOn.write
  To silence this warning, use the `-no-warn-action-shadowing' flag.
Warning: "sim/TbSwayFoldedLinear.bsv", line 72, column 8: (G0117)
  Rule `state0_original_engine_process1' shadows the effects of
  `state0_original_engine_process8Emit' when they execute in the same clock
  cycle. Affected method calls:
    state0_original_engine_activeOn.write
  To silence this warning, use the `-no-warn-action-shadowing' flag.
Warning: "sim/TbSwayFoldedLinear.bsv", line 72, column 8: (G0117)
  Rule `state0_original_engine_process1' shadows the effects of
  `state0_original_engine_process3' when they execute in the same clock cycle.
  Affected method calls:
    state0_original_engine_sumR.write
  To silence this warning, use the `-no-warn-action-shadowing' flag.
Warning: "sim/TbSwayFoldedLinear.bsv", line 72, column 8: (G0117)
  Rule `state0_original_engine_process1' shadows the effects of
  `state0_original_engine_process2Read' when they execute in the same clock
  cycle. Affected method calls:
    state0_original_engine_addressCnt.write
  To silence this warning, use the `-no-warn-action-shadowing' flag.
Warning: "sim/TbSwayFoldedLinear.bsv", line 72, column 8: (G0117)
  Rule `state0_original_engine_process1Group' shadows the effects of
  `state0_original_engine_process2Read' when they execute in the same clock
  cycle. Affected method calls:
    state0_original_engine_inputCnt.write,
    state0_original_engine_chunkCnt.write
  To silence this warning, use the `-no-warn-action-shadowing' flag.
Warning: "sim/TbSwayFoldedLinear.bsv", line 72, column 8: (G0117)
  Rule `state0_original_engine_process1Group' shadows the effects of
  `state0_original_engine_process2Chunk' when they execute in the same clock
  cycle. Affected method calls:
    state0_original_engine_chunkLoadOn.write
  To silence this warning, use the `-no-warn-action-shadowing' flag.
Warning: "sim/TbSwayFoldedLinear.bsv", line 72, column 8: (G0117)
  Rule `embedding_original_engine_process1' shadows the effects of
  `embedding_original_engine_process8Emit' when they execute in the same clock
  cycle. Affected method calls:
    embedding_original_engine_activeOn.write
  To silence this warning, use the `-no-warn-action-shadowing' flag.
Warning: "sim/TbSwayFoldedLinear.bsv", line 72, column 8: (G0117)
  Rule `embedding_original_engine_process1' shadows the effects of
  `embedding_original_engine_process3' when they execute in the same clock
  cycle. Affected method calls:
    embedding_original_engine_sumR.write
  To silence this warning, use the `-no-warn-action-shadowing' flag.
Warning: "sim/TbSwayFoldedLinear.bsv", line 72, column 8: (G0117)
  Rule `embedding_original_engine_process1' shadows the effects of
  `embedding_original_engine_process2Read' when they execute in the same clock
  cycle. Affected method calls:
    embedding_original_engine_addressCnt.write
  To silence this warning, use the `-no-warn-action-shadowing' flag.
Warning: "sim/TbSwayFoldedLinear.bsv", line 72, column 8: (G0117)
  Rule `embedding_original_engine_process1Group' shadows the effects of
  `embedding_original_engine_process2Read' when they execute in the same clock
  cycle. Affected method calls:
    embedding_original_engine_inputCnt.write,
    embedding_original_engine_chunkCnt.write
  To silence this warning, use the `-no-warn-action-shadowing' flag.
Warning: "sim/TbSwayFoldedLinear.bsv", line 72, column 8: (G0117)
  Rule `embedding_original_engine_process1Group' shadows the effects of
  `embedding_original_engine_process2Chunk' when they execute in the same
  clock cycle. Affected method calls:
    embedding_original_engine_chunkLoadOn.write
  To silence this warning, use the `-no-warn-action-shadowing' flag.
Elaborated module file created: folded-sim/mkTbSwayFoldedLinear.ba
All packages are up to date.
