SWAY_INPUT_FRAME,0,0,319
SWAY_INPUT_FRAME,1,320,639
SWAY_INPUT_FRAME,2,640,4381
SWAY_OUTPUT,0,12,9931
SWAY_OUTPUT,1,13,9932
SWAY_OUTPUT,2,12,9933
SWAY_OUTPUT,3,12,9934
SWAY_OUTPUT,4,25,9935
SWAY_OUTPUT,5,34,9936
SWAY_OUTPUT,6,39,9937
SWAY_OUTPUT,7,2,9938
SWAY_OUTPUT,8,-4,9939
SWAY_OUTPUT,9,-7,9940
SWAY_OUTPUT,10,17,9941
SWAY_OUTPUT,11,19,9942
SWAY_OUTPUT,12,18,9943
SWAY_OUTPUT,13,19,9944
SWAY_OUTPUT,14,8,9945
SWAY_OUTPUT,15,3,9946
SWAY_OUTPUT,16,0,9947
SWAY_OUTPUT,17,-1,9948
SWAY_OUTPUT,18,13,9949
SWAY_OUTPUT,19,127,9950
SWAY_OUTPUT,20,127,9951
SWAY_OUTPUT,21,127,9952
SWAY_OUTPUT,22,126,9953
SWAY_OUTPUT,23,126,9954
SWAY_OUTPUT,24,125,9955
SWAY_OUTPUT,25,124,9956
SWAY_OUTPUT,26,126,9957
SWAY_OUTPUT,27,126,9958
SWAY_OUTPUT,28,122,9959
SWAY_OUTPUT,29,125,9960
SWAY_OUTPUT,30,125,9961
SWAY_OUTPUT,31,127,9962
SWAY_OUTPUT,32,122,9963
SWAY_OUTPUT,33,125,9964
SWAY_OUTPUT,34,125,9965
SWAY_OUTPUT,35,127,9966
SWAY_OUTPUT,36,122,9967
SWAY_OUTPUT,37,127,9968
SWAY_OUTPUT,38,-15,9969
SWAY_OUTPUT,39,5,9970
SWAY_OUTPUT,40,25,9971
SWAY_OUTPUT,41,33,9972
SWAY_OUTPUT,42,17,9973
SWAY_OUTPUT,43,10,9974
SWAY_OUTPUT,44,7,9975
SWAY_OUTPUT,45,16,9976
SWAY_OUTPUT,46,4,9977
SWAY_OUTPUT,47,-6,9978
SWAY_OUTPUT,48,-15,9979
SWAY_OUTPUT,49,-34,9980
SWAY_OUTPUT,50,-55,9981
SWAY_OUTPUT,51,-60,9982
SWAY_OUTPUT,52,-14,9983
SWAY_OUTPUT,53,-33,9984
SWAY_OUTPUT,54,-55,9985
SWAY_OUTPUT,55,-59,9986
SWAY_OUTPUT,56,19,9987
SWAY_FRAME,0,9931,9987
SWAY_INPUT_FRAME,3,4382,10157
SWAY_OUTPUT,57,10,15707
SWAY_OUTPUT,58,10,15708
SWAY_OUTPUT,59,10,15709
SWAY_OUTPUT,60,10,15710
SWAY_OUTPUT,61,22,15711
SWAY_OUTPUT,62,27,15712
SWAY_OUTPUT,63,32,15713
SWAY_OUTPUT,64,-1,15714
SWAY_OUTPUT,65,-6,15715
SWAY_OUTPUT,66,-11,15716
SWAY_OUTPUT,67,15,15717
SWAY_OUTPUT,68,17,15718
SWAY_OUTPUT,69,18,15719
SWAY_OUTPUT,70,19,15720
SWAY_OUTPUT,71,6,15721
SWAY_OUTPUT,72,2,15722
SWAY_OUTPUT,73,0,15723
SWAY_OUTPUT,74,-1,15724
SWAY_OUTPUT,75,10,15725
SWAY_OUTPUT,76,127,15726
SWAY_OUTPUT,77,127,15727
SWAY_OUTPUT,78,127,15728
SWAY_OUTPUT,79,127,15729
SWAY_OUTPUT,80,127,15730
SWAY_OUTPUT,81,127,15731
SWAY_OUTPUT,82,125,15732
SWAY_OUTPUT,83,127,15733
SWAY_OUTPUT,84,127,15734
SWAY_OUTPUT,85,124,15735
SWAY_OUTPUT,86,124,15736
SWAY_OUTPUT,87,127,15737
SWAY_OUTPUT,88,127,15738
SWAY_OUTPUT,89,122,15739
SWAY_OUTPUT,90,125,15740
SWAY_OUTPUT,91,127,15741
SWAY_OUTPUT,92,127,15742
SWAY_OUTPUT,93,123,15743
SWAY_OUTPUT,94,127,15744
SWAY_OUTPUT,95,-10,15745
SWAY_OUTPUT,96,12,15746
SWAY_OUTPUT,97,32,15747
SWAY_OUTPUT,98,41,15748
SWAY_OUTPUT,99,23,15749
SWAY_OUTPUT,100,9,15750
SWAY_OUTPUT,101,-3,15751
SWAY_OUTPUT,102,22,15752
SWAY_OUTPUT,103,8,15753
SWAY_OUTPUT,104,-6,15754
SWAY_OUTPUT,105,-10,15755
SWAY_OUTPUT,106,-32,15756
SWAY_OUTPUT,107,-54,15757
SWAY_OUTPUT,108,-59,15758
SWAY_OUTPUT,109,-9,15759
SWAY_OUTPUT,110,-31,15760
SWAY_OUTPUT,111,-54,15761
SWAY_OUTPUT,112,-59,15762
SWAY_OUTPUT,113,26,15763
SWAY_FRAME,1,15707,15763
SWAY_INPUT_FRAME,4,10158,15933
SWAY_OUTPUT,114,8,21483
SWAY_OUTPUT,115,8,21484
SWAY_OUTPUT,116,7,21485
SWAY_OUTPUT,117,7,21486
SWAY_OUTPUT,118,19,21487
SWAY_OUTPUT,119,24,21488
SWAY_OUTPUT,120,30,21489
SWAY_OUTPUT,121,-2,21490
SWAY_OUTPUT,122,-7,21491
SWAY_OUTPUT,123,-11,21492
SWAY_OUTPUT,124,12,21493
SWAY_OUTPUT,125,15,21494
SWAY_OUTPUT,126,15,21495
SWAY_OUTPUT,127,17,21496
SWAY_OUTPUT,128,4,21497
SWAY_OUTPUT,129,3,21498
SWAY_OUTPUT,130,4,21499
SWAY_OUTPUT,131,3,21500
SWAY_OUTPUT,132,8,21501
SWAY_OUTPUT,133,127,21502
SWAY_OUTPUT,134,127,21503
SWAY_OUTPUT,135,127,21504
SWAY_OUTPUT,136,127,21505
SWAY_OUTPUT,137,127,21506
SWAY_OUTPUT,138,127,21507
SWAY_OUTPUT,139,127,21508
SWAY_OUTPUT,140,127,21509
SWAY_OUTPUT,141,127,21510
SWAY_OUTPUT,142,125,21511
SWAY_OUTPUT,143,127,21512
SWAY_OUTPUT,144,127,21513
SWAY_OUTPUT,145,127,21514
SWAY_OUTPUT,146,125,21515
SWAY_OUTPUT,147,127,21516
SWAY_OUTPUT,148,127,21517
SWAY_OUTPUT,149,127,21518
SWAY_OUTPUT,150,126,21519
SWAY_OUTPUT,151,127,21520
SWAY_OUTPUT,152,-19,21521
SWAY_OUTPUT,153,2,21522
SWAY_OUTPUT,154,21,21523
SWAY_OUTPUT,155,29,21524
SWAY_OUTPUT,156,13,21525
SWAY_OUTPUT,157,1,21526
SWAY_OUTPUT,158,-10,21527
SWAY_OUTPUT,159,12,21528
SWAY_OUTPUT,160,-3,21529
SWAY_OUTPUT,161,-17,21530
SWAY_OUTPUT,162,-19,21531
SWAY_OUTPUT,163,-35,21532
SWAY_OUTPUT,164,-55,21533
SWAY_OUTPUT,165,-60,21534
SWAY_OUTPUT,166,-18,21535
SWAY_OUTPUT,167,-36,21536
SWAY_OUTPUT,168,-57,21537
SWAY_OUTPUT,169,-62,21538
SWAY_OUTPUT,170,15,21539
SWAY_FRAME,2,21483,21539
SWAY_INPUT_FRAME,5,15934,21709
SWAY_OUTPUT,171,12,27259
SWAY_OUTPUT,172,12,27260
SWAY_OUTPUT,173,12,27261
SWAY_OUTPUT,174,12,27262
SWAY_OUTPUT,175,25,27263
SWAY_OUTPUT,176,32,27264
SWAY_OUTPUT,177,37,27265
SWAY_OUTPUT,178,1,27266
SWAY_OUTPUT,179,-9,27267
SWAY_OUTPUT,180,-14,27268
SWAY_OUTPUT,181,17,27269
SWAY_OUTPUT,182,20,27270
SWAY_OUTPUT,183,21,27271
SWAY_OUTPUT,184,23,27272
SWAY_OUTPUT,185,7,27273
SWAY_OUTPUT,186,3,27274
SWAY_OUTPUT,187,0,27275
SWAY_OUTPUT,188,-1,27276
SWAY_OUTPUT,189,12,27277
SWAY_OUTPUT,190,127,27278
SWAY_OUTPUT,191,127,27279
SWAY_OUTPUT,192,127,27280
SWAY_OUTPUT,193,127,27281
SWAY_OUTPUT,194,127,27282
SWAY_OUTPUT,195,126,27283
SWAY_OUTPUT,196,124,27284
SWAY_OUTPUT,197,127,27285
SWAY_OUTPUT,198,127,27286
SWAY_OUTPUT,199,124,27287
SWAY_OUTPUT,200,124,27288
SWAY_OUTPUT,201,126,27289
SWAY_OUTPUT,202,127,27290
SWAY_OUTPUT,203,121,27291
SWAY_OUTPUT,204,125,27292
SWAY_OUTPUT,205,127,27293
SWAY_OUTPUT,206,127,27294
SWAY_OUTPUT,207,122,27295
SWAY_OUTPUT,208,127,27296
SWAY_OUTPUT,209,-7,27297
SWAY_OUTPUT,210,15,27298
SWAY_OUTPUT,211,35,27299
SWAY_OUTPUT,212,44,27300
SWAY_OUTPUT,213,26,27301
SWAY_OUTPUT,214,17,27302
SWAY_OUTPUT,215,11,27303
SWAY_OUTPUT,216,26,27304
SWAY_OUTPUT,217,17,27305
SWAY_OUTPUT,218,11,27306
SWAY_OUTPUT,219,-7,27307
SWAY_OUTPUT,220,-30,27308
SWAY_OUTPUT,221,-53,27309
SWAY_OUTPUT,222,-59,27310
SWAY_OUTPUT,223,-6,27311
SWAY_OUTPUT,224,-30,27312
SWAY_OUTPUT,225,-54,27313
SWAY_OUTPUT,226,-58,27314
SWAY_OUTPUT,227,29,27315
SWAY_FRAME,3,27259,27315
SWAY_INPUT_FRAME,6,21710,27485
SWAY_OUTPUT,228,13,33035
SWAY_OUTPUT,229,14,33036
SWAY_OUTPUT,230,14,33037
SWAY_OUTPUT,231,14,33038
SWAY_OUTPUT,232,27,33039
SWAY_OUTPUT,233,37,33040
SWAY_OUTPUT,234,47,33041
SWAY_OUTPUT,235,3,33042
SWAY_OUTPUT,236,-11,33043
SWAY_OUTPUT,237,-26,33044
SWAY_OUTPUT,238,17,33045
SWAY_OUTPUT,239,23,33046
SWAY_OUTPUT,240,24,33047
SWAY_OUTPUT,241,26,33048
SWAY_OUTPUT,242,8,33049
SWAY_OUTPUT,243,-4,33050
SWAY_OUTPUT,244,-13,33051
SWAY_OUTPUT,245,-15,33052
SWAY_OUTPUT,246,14,33053
SWAY_OUTPUT,247,127,33054
SWAY_OUTPUT,248,127,33055
SWAY_OUTPUT,249,126,33056
SWAY_OUTPUT,250,126,33057
SWAY_OUTPUT,251,125,33058
SWAY_OUTPUT,252,124,33059
SWAY_OUTPUT,253,123,33060
SWAY_OUTPUT,254,127,33061
SWAY_OUTPUT,255,127,33062
SWAY_OUTPUT,256,126,33063
SWAY_OUTPUT,257,126,33064
SWAY_OUTPUT,258,125,33065
SWAY_OUTPUT,259,127,33066
SWAY_OUTPUT,260,124,33067
SWAY_OUTPUT,261,127,33068
SWAY_OUTPUT,262,125,33069
SWAY_OUTPUT,263,127,33070
SWAY_OUTPUT,264,123,33071
SWAY_OUTPUT,265,127,33072
SWAY_OUTPUT,266,-14,33073
SWAY_OUTPUT,267,6,33074
SWAY_OUTPUT,268,25,33075
SWAY_OUTPUT,269,33,33076
SWAY_OUTPUT,270,17,33077
SWAY_OUTPUT,271,11,33078
SWAY_OUTPUT,272,5,33079
SWAY_OUTPUT,273,18,33080
SWAY_OUTPUT,274,14,33081
SWAY_OUTPUT,275,12,33082
SWAY_OUTPUT,276,-15,33083
SWAY_OUTPUT,277,-33,33084
SWAY_OUTPUT,278,-56,33085
SWAY_OUTPUT,279,-61,33086
SWAY_OUTPUT,280,-13,33087
SWAY_OUTPUT,281,-29,33088
SWAY_OUTPUT,282,-51,33089
SWAY_OUTPUT,283,-55,33090
SWAY_OUTPUT,284,19,33091
SWAY_FRAME,4,33035,33091
SWAY_INPUT_FRAME,7,27486,33261
SWAY_OUTPUT,285,8,38811
SWAY_OUTPUT,286,7,38812
SWAY_OUTPUT,287,6,38813
SWAY_OUTPUT,288,6,38814
SWAY_OUTPUT,289,20,38815
SWAY_OUTPUT,290,32,38816
SWAY_OUTPUT,291,40,38817
SWAY_OUTPUT,292,-5,38818
SWAY_OUTPUT,293,-16,38819
SWAY_OUTPUT,294,-21,38820
SWAY_OUTPUT,295,13,38821
SWAY_OUTPUT,296,18,38822
SWAY_OUTPUT,297,21,38823
SWAY_OUTPUT,298,23,38824
SWAY_OUTPUT,299,3,38825
SWAY_OUTPUT,300,-1,38826
SWAY_OUTPUT,301,-2,38827
SWAY_OUTPUT,302,-3,38828
SWAY_OUTPUT,303,7,38829
SWAY_OUTPUT,304,127,38830
SWAY_OUTPUT,305,127,38831
SWAY_OUTPUT,306,127,38832
SWAY_OUTPUT,307,127,38833
SWAY_OUTPUT,308,127,38834
SWAY_OUTPUT,309,127,38835
SWAY_OUTPUT,310,126,38836
SWAY_OUTPUT,311,127,38837
SWAY_OUTPUT,312,127,38838
SWAY_OUTPUT,313,124,38839
SWAY_OUTPUT,314,126,38840
SWAY_OUTPUT,315,127,38841
SWAY_OUTPUT,316,127,38842
SWAY_OUTPUT,317,122,38843
SWAY_OUTPUT,318,126,38844
SWAY_OUTPUT,319,126,38845
SWAY_OUTPUT,320,127,38846
SWAY_OUTPUT,321,123,38847
SWAY_OUTPUT,322,127,38848
SWAY_OUTPUT,323,-10,38849
SWAY_OUTPUT,324,11,38850
SWAY_OUTPUT,325,30,38851
SWAY_OUTPUT,326,39,38852
SWAY_OUTPUT,327,23,38853
SWAY_OUTPUT,328,20,38854
SWAY_OUTPUT,329,23,38855
SWAY_OUTPUT,330,22,38856
SWAY_OUTPUT,331,17,38857
SWAY_OUTPUT,332,17,38858
SWAY_OUTPUT,333,-10,38859
SWAY_OUTPUT,334,-31,38860
SWAY_OUTPUT,335,-54,38861
SWAY_OUTPUT,336,-59,38862
SWAY_OUTPUT,337,-10,38863
SWAY_OUTPUT,338,-32,38864
SWAY_OUTPUT,339,-56,38865
SWAY_OUTPUT,340,-60,38866
SWAY_OUTPUT,341,24,38867
SWAY_FRAME,5,38811,38867
SWAY_INPUT_FRAME,8,33262,39037
SWAY_OUTPUT,342,8,44587
SWAY_OUTPUT,343,8,44588
SWAY_OUTPUT,344,7,44589
SWAY_OUTPUT,345,7,44590
SWAY_OUTPUT,346,20,44591
SWAY_OUTPUT,347,33,44592
SWAY_OUTPUT,348,47,44593
SWAY_OUTPUT,349,-4,44594
SWAY_OUTPUT,350,-19,44595
SWAY_OUTPUT,351,-33,44596
SWAY_OUTPUT,352,13,44597
SWAY_OUTPUT,353,23,44598
SWAY_OUTPUT,354,32,44599
SWAY_OUTPUT,355,35,44600
SWAY_OUTPUT,356,4,44601
SWAY_OUTPUT,357,-6,44602
SWAY_OUTPUT,358,-12,44603
SWAY_OUTPUT,359,-13,44604
SWAY_OUTPUT,360,7,44605
SWAY_OUTPUT,361,127,44606
SWAY_OUTPUT,362,127,44607
SWAY_OUTPUT,363,126,44608
SWAY_OUTPUT,364,126,44609
SWAY_OUTPUT,365,127,44610
SWAY_OUTPUT,366,127,44611
SWAY_OUTPUT,367,126,44612
SWAY_OUTPUT,368,127,44613
SWAY_OUTPUT,369,126,44614
SWAY_OUTPUT,370,124,44615
SWAY_OUTPUT,371,127,44616
SWAY_OUTPUT,372,126,44617
SWAY_OUTPUT,373,127,44618
SWAY_OUTPUT,374,122,44619
SWAY_OUTPUT,375,127,44620
SWAY_OUTPUT,376,126,44621
SWAY_OUTPUT,377,127,44622
SWAY_OUTPUT,378,124,44623
SWAY_OUTPUT,379,127,44624
SWAY_OUTPUT,380,-8,44625
SWAY_OUTPUT,381,12,44626
SWAY_OUTPUT,382,32,44627
SWAY_OUTPUT,383,41,44628
SWAY_OUTPUT,384,25,44629
SWAY_OUTPUT,385,21,44630
SWAY_OUTPUT,386,18,44631
SWAY_OUTPUT,387,24,44632
SWAY_OUTPUT,388,21,44633
SWAY_OUTPUT,389,19,44634
SWAY_OUTPUT,390,-8,44635
SWAY_OUTPUT,391,-27,44636
SWAY_OUTPUT,392,-52,44637
SWAY_OUTPUT,393,-56,44638
SWAY_OUTPUT,394,-8,44639
SWAY_OUTPUT,395,-27,44640
SWAY_OUTPUT,396,-52,44641
SWAY_OUTPUT,397,-56,44642
SWAY_OUTPUT,398,26,44643
SWAY_FRAME,6,44587,44643
SWAY_INPUT_FRAME,9,39038,44813
SWAY_OUTPUT,399,22,50363
SWAY_OUTPUT,400,23,50364
SWAY_OUTPUT,401,24,50365
SWAY_OUTPUT,402,25,50366
SWAY_OUTPUT,403,37,50367
SWAY_OUTPUT,404,45,50368
SWAY_OUTPUT,405,50,50369
SWAY_OUTPUT,406,13,50370
SWAY_OUTPUT,407,1,50371
SWAY_OUTPUT,408,-9,50372
SWAY_OUTPUT,409,26,50373
SWAY_OUTPUT,410,28,50374
SWAY_OUTPUT,411,23,50375
SWAY_OUTPUT,412,24,50376
SWAY_OUTPUT,413,17,50377
SWAY_OUTPUT,414,8,50378
SWAY_OUTPUT,415,-2,50379
SWAY_OUTPUT,416,-3,50380
SWAY_OUTPUT,417,24,50381
SWAY_OUTPUT,418,126,50382
SWAY_OUTPUT,419,127,50383
SWAY_OUTPUT,420,125,50384
SWAY_OUTPUT,421,125,50385
SWAY_OUTPUT,422,124,50386
SWAY_OUTPUT,423,124,50387
SWAY_OUTPUT,424,123,50388
SWAY_OUTPUT,425,126,50389
SWAY_OUTPUT,426,126,50390
SWAY_OUTPUT,427,124,50391
SWAY_OUTPUT,428,124,50392
SWAY_OUTPUT,429,122,50393
SWAY_OUTPUT,430,127,50394
SWAY_OUTPUT,431,123,50395
SWAY_OUTPUT,432,125,50396
SWAY_OUTPUT,433,126,50397
SWAY_OUTPUT,434,127,50398
SWAY_OUTPUT,435,122,50399
SWAY_OUTPUT,436,126,50400
SWAY_OUTPUT,437,-16,50401
SWAY_OUTPUT,438,4,50402
SWAY_OUTPUT,439,23,50403
SWAY_OUTPUT,440,31,50404
SWAY_OUTPUT,441,15,50405
SWAY_OUTPUT,442,9,50406
SWAY_OUTPUT,443,5,50407
SWAY_OUTPUT,444,16,50408
SWAY_OUTPUT,445,12,50409
SWAY_OUTPUT,446,10,50410
SWAY_OUTPUT,447,-17,50411
SWAY_OUTPUT,448,-34,50412
SWAY_OUTPUT,449,-57,50413
SWAY_OUTPUT,450,-62,50414
SWAY_OUTPUT,451,-15,50415
SWAY_OUTPUT,452,-32,50416
SWAY_OUTPUT,453,-52,50417
SWAY_OUTPUT,454,-56,50418
SWAY_OUTPUT,455,17,50419
SWAY_FRAME,7,50363,50419
SWAY_INPUT_FRAME,10,44814,50589
SWAY_OUTPUT,456,12,56139
SWAY_OUTPUT,457,13,56140
SWAY_OUTPUT,458,13,56141
SWAY_OUTPUT,459,13,56142
SWAY_OUTPUT,460,26,56143
SWAY_OUTPUT,461,36,56144
SWAY_OUTPUT,462,42,56145
SWAY_OUTPUT,463,2,56146
SWAY_OUTPUT,464,-13,56147
SWAY_OUTPUT,465,-22,56148
SWAY_OUTPUT,466,17,56149
SWAY_OUTPUT,467,21,56150
SWAY_OUTPUT,468,22,56151
SWAY_OUTPUT,469,23,56152
SWAY_OUTPUT,470,8,56153
SWAY_OUTPUT,471,1,56154
SWAY_OUTPUT,472,-4,56155
SWAY_OUTPUT,473,-5,56156
SWAY_OUTPUT,474,13,56157
SWAY_OUTPUT,475,127,56158
SWAY_OUTPUT,476,127,56159
SWAY_OUTPUT,477,127,56160
SWAY_OUTPUT,478,127,56161
SWAY_OUTPUT,479,127,56162
SWAY_OUTPUT,480,127,56163
SWAY_OUTPUT,481,125,56164
SWAY_OUTPUT,482,127,56165
SWAY_OUTPUT,483,127,56166
SWAY_OUTPUT,484,126,56167
SWAY_OUTPUT,485,126,56168
SWAY_OUTPUT,486,127,56169
SWAY_OUTPUT,487,127,56170
SWAY_OUTPUT,488,124,56171
SWAY_OUTPUT,489,127,56172
SWAY_OUTPUT,490,127,56173
SWAY_OUTPUT,491,127,56174
SWAY_OUTPUT,492,123,56175
SWAY_OUTPUT,493,127,56176
SWAY_OUTPUT,494,-12,56177
SWAY_OUTPUT,495,8,56178
SWAY_OUTPUT,496,28,56179
SWAY_OUTPUT,497,36,56180
SWAY_OUTPUT,498,20,56181
SWAY_OUTPUT,499,15,56182
SWAY_OUTPUT,500,14,56183
SWAY_OUTPUT,501,20,56184
SWAY_OUTPUT,502,19,56185
SWAY_OUTPUT,503,22,56186
SWAY_OUTPUT,504,-13,56187
SWAY_OUTPUT,505,-32,56188
SWAY_OUTPUT,506,-55,56189
SWAY_OUTPUT,507,-61,56190
SWAY_OUTPUT,508,-12,56191
SWAY_OUTPUT,509,-31,56192
SWAY_OUTPUT,510,-54,56193
SWAY_OUTPUT,511,-58,56194
SWAY_OUTPUT,512,22,56195
SWAY_FRAME,8,56139,56195
SWAY_INPUT_FRAME,11,50590,56365
SWAY_OUTPUT,513,21,61915
SWAY_OUTPUT,514,20,61916
SWAY_OUTPUT,515,19,61917
SWAY_OUTPUT,516,22,61918
SWAY_OUTPUT,517,38,61919
SWAY_OUTPUT,518,40,61920
SWAY_OUTPUT,519,23,61921
SWAY_OUTPUT,520,12,61922
SWAY_OUTPUT,521,1,61923
SWAY_OUTPUT,522,11,61924
SWAY_OUTPUT,523,26,61925
SWAY_OUTPUT,524,0,61926
SWAY_OUTPUT,525,-36,61927
SWAY_OUTPUT,526,-45,61928
SWAY_OUTPUT,527,15,61929
SWAY_OUTPUT,528,26,61930
SWAY_OUTPUT,529,13,61931
SWAY_OUTPUT,530,14,61932
SWAY_OUTPUT,531,20,61933
SWAY_OUTPUT,532,61,61934
SWAY_OUTPUT,533,73,61935
SWAY_OUTPUT,534,84,61936
SWAY_OUTPUT,535,81,61937
SWAY_OUTPUT,536,83,61938
SWAY_OUTPUT,537,87,61939
SWAY_OUTPUT,538,99,61940
SWAY_OUTPUT,539,78,61941
SWAY_OUTPUT,540,72,61942
SWAY_OUTPUT,541,78,61943
SWAY_OUTPUT,542,59,61944
SWAY_OUTPUT,543,66,61945
SWAY_OUTPUT,544,77,61946
SWAY_OUTPUT,545,60,61947
SWAY_OUTPUT,546,59,61948
SWAY_OUTPUT,547,57,61949
SWAY_OUTPUT,548,48,61950
SWAY_OUTPUT,549,23,61951
SWAY_OUTPUT,550,81,61952
SWAY_OUTPUT,551,-36,61953
SWAY_OUTPUT,552,-17,61954
SWAY_OUTPUT,553,1,61955
SWAY_OUTPUT,554,6,61956
SWAY_OUTPUT,555,-4,61957
SWAY_OUTPUT,556,-14,61958
SWAY_OUTPUT,557,-12,61959
SWAY_OUTPUT,558,-10,61960
SWAY_OUTPUT,559,8,61961
SWAY_OUTPUT,560,16,61962
SWAY_OUTPUT,561,-35,61963
SWAY_OUTPUT,562,-46,61964
SWAY_OUTPUT,563,-27,61965
SWAY_OUTPUT,564,-22,61966
SWAY_OUTPUT,565,-34,61967
SWAY_OUTPUT,566,-42,61968
SWAY_OUTPUT,567,-43,61969
SWAY_OUTPUT,568,-37,61970
SWAY_OUTPUT,569,-5,61971
SWAY_FRAME,9,61915,61971
SWAY_INPUT_FRAME,12,56366,62141
SWAY_OUTPUT,570,32,67691
SWAY_OUTPUT,571,30,67692
SWAY_OUTPUT,572,26,67693
SWAY_OUTPUT,573,24,67694
SWAY_OUTPUT,574,42,67695
SWAY_OUTPUT,575,62,67696
SWAY_OUTPUT,576,4,67697
SWAY_OUTPUT,577,15,67698
SWAY_OUTPUT,578,14,67699
SWAY_OUTPUT,579,63,67700
SWAY_OUTPUT,580,36,67701
SWAY_OUTPUT,581,45,67702
SWAY_OUTPUT,582,47,67703
SWAY_OUTPUT,583,46,67704
SWAY_OUTPUT,584,27,67705
SWAY_OUTPUT,585,21,67706
SWAY_OUTPUT,586,17,67707
SWAY_OUTPUT,587,15,67708
SWAY_OUTPUT,588,27,67709
SWAY_OUTPUT,589,79,67710
SWAY_OUTPUT,590,86,67711
SWAY_OUTPUT,591,91,67712
SWAY_OUTPUT,592,92,67713
SWAY_OUTPUT,593,92,67714
SWAY_OUTPUT,594,86,67715
SWAY_OUTPUT,595,84,67716
SWAY_OUTPUT,596,95,67717
SWAY_OUTPUT,597,94,67718
SWAY_OUTPUT,598,115,67719
SWAY_OUTPUT,599,74,67720
SWAY_OUTPUT,600,58,67721
SWAY_OUTPUT,601,54,67722
SWAY_OUTPUT,602,35,67723
SWAY_OUTPUT,603,77,67724
SWAY_OUTPUT,604,85,67725
SWAY_OUTPUT,605,84,67726
SWAY_OUTPUT,606,88,67727
SWAY_OUTPUT,607,89,67728
SWAY_OUTPUT,608,4,67729
SWAY_OUTPUT,609,25,67730
SWAY_OUTPUT,610,45,67731
SWAY_OUTPUT,611,55,67732
SWAY_OUTPUT,612,41,67733
SWAY_OUTPUT,613,53,67734
SWAY_OUTPUT,614,95,67735
SWAY_OUTPUT,615,32,67736
SWAY_OUTPUT,616,41,67737
SWAY_OUTPUT,617,48,67738
SWAY_OUTPUT,618,5,67739
SWAY_OUTPUT,619,-24,67740
SWAY_OUTPUT,620,-36,67741
SWAY_OUTPUT,621,-36,67742
SWAY_OUTPUT,622,4,67743
SWAY_OUTPUT,623,-31,67744
SWAY_OUTPUT,624,-40,67745
SWAY_OUTPUT,625,-57,67746
SWAY_OUTPUT,626,39,67747
SWAY_FRAME,10,67691,67747
SWAY_INPUT_FRAME,13,62142,67917
SWAY_OUTPUT,627,13,73467
SWAY_OUTPUT,628,17,73468
SWAY_OUTPUT,629,22,73469
SWAY_OUTPUT,630,16,73470
SWAY_OUTPUT,631,28,73471
SWAY_OUTPUT,632,34,73472
SWAY_OUTPUT,633,33,73473
SWAY_OUTPUT,634,15,73474
SWAY_OUTPUT,635,26,73475
SWAY_OUTPUT,636,20,73476
SWAY_OUTPUT,637,16,73477
SWAY_OUTPUT,638,2,73478
SWAY_OUTPUT,639,-4,73479
SWAY_OUTPUT,640,-13,73480
SWAY_OUTPUT,641,10,73481
SWAY_OUTPUT,642,8,73482
SWAY_OUTPUT,643,-17,73483
SWAY_OUTPUT,644,-24,73484
SWAY_OUTPUT,645,21,73485
SWAY_OUTPUT,646,108,73486
SWAY_OUTPUT,647,124,73487
SWAY_OUTPUT,648,127,73488
SWAY_OUTPUT,649,127,73489
SWAY_OUTPUT,650,119,73490
SWAY_OUTPUT,651,94,73491
SWAY_OUTPUT,652,97,73492
SWAY_OUTPUT,653,127,73493
SWAY_OUTPUT,654,127,73494
SWAY_OUTPUT,655,127,73495
SWAY_OUTPUT,656,98,73496
SWAY_OUTPUT,657,127,73497
SWAY_OUTPUT,658,127,73498
SWAY_OUTPUT,659,127,73499
SWAY_OUTPUT,660,111,73500
SWAY_OUTPUT,661,116,73501
SWAY_OUTPUT,662,85,73502
SWAY_OUTPUT,663,66,73503
SWAY_OUTPUT,664,127,73504
SWAY_OUTPUT,665,-1,73505
SWAY_OUTPUT,666,25,73506
SWAY_OUTPUT,667,50,73507
SWAY_OUTPUT,668,57,73508
SWAY_OUTPUT,669,34,73509
SWAY_OUTPUT,670,35,73510
SWAY_OUTPUT,671,59,73511
SWAY_OUTPUT,672,35,73512
SWAY_OUTPUT,673,26,73513
SWAY_OUTPUT,674,25,73514
SWAY_OUTPUT,675,-2,73515
SWAY_OUTPUT,676,-36,73516
SWAY_OUTPUT,677,-43,73517
SWAY_OUTPUT,678,-48,73518
SWAY_OUTPUT,679,1,73519
SWAY_OUTPUT,680,-27,73520
SWAY_OUTPUT,681,-39,73521
SWAY_OUTPUT,682,-40,73522
SWAY_OUTPUT,683,42,73523
SWAY_FRAME,11,73467,73523
SWAY_OUTPUT,684,12,79243
SWAY_OUTPUT,685,13,79244
SWAY_OUTPUT,686,12,79245
SWAY_OUTPUT,687,12,79246
SWAY_OUTPUT,688,25,79247
SWAY_OUTPUT,689,34,79248
SWAY_OUTPUT,690,39,79249
SWAY_OUTPUT,691,2,79250
SWAY_OUTPUT,692,-4,79251
SWAY_OUTPUT,693,-7,79252
SWAY_OUTPUT,694,17,79253
SWAY_OUTPUT,695,19,79254
SWAY_OUTPUT,696,18,79255
SWAY_OUTPUT,697,19,79256
SWAY_OUTPUT,698,8,79257
SWAY_OUTPUT,699,3,79258
SWAY_OUTPUT,700,0,79259
SWAY_OUTPUT,701,-1,79260
SWAY_OUTPUT,702,13,79261
SWAY_OUTPUT,703,127,79262
SWAY_OUTPUT,704,127,79263
SWAY_OUTPUT,705,127,79264
SWAY_OUTPUT,706,126,79265
SWAY_OUTPUT,707,126,79266
SWAY_OUTPUT,708,125,79267
SWAY_OUTPUT,709,124,79268
SWAY_OUTPUT,710,126,79269
SWAY_OUTPUT,711,126,79270
SWAY_OUTPUT,712,122,79271
SWAY_OUTPUT,713,125,79272
SWAY_OUTPUT,714,125,79273
SWAY_OUTPUT,715,127,79274
SWAY_OUTPUT,716,122,79275
SWAY_OUTPUT,717,125,79276
SWAY_OUTPUT,718,125,79277
SWAY_OUTPUT,719,127,79278
SWAY_OUTPUT,720,122,79279
SWAY_OUTPUT,721,127,79280
SWAY_OUTPUT,722,-15,79281
SWAY_OUTPUT,723,5,79282
SWAY_OUTPUT,724,25,79283
SWAY_OUTPUT,725,33,79284
SWAY_OUTPUT,726,17,79285
SWAY_OUTPUT,727,10,79286
SWAY_OUTPUT,728,7,79287
SWAY_OUTPUT,729,16,79288
SWAY_OUTPUT,730,4,79289
SWAY_OUTPUT,731,-6,79290
SWAY_OUTPUT,732,-15,79291
SWAY_OUTPUT,733,-34,79292
SWAY_OUTPUT,734,-55,79293
SWAY_OUTPUT,735,-60,79294
SWAY_OUTPUT,736,-14,79295
SWAY_OUTPUT,737,-33,79296
SWAY_OUTPUT,738,-55,79297
SWAY_OUTPUT,739,-59,79298
SWAY_OUTPUT,740,19,79299
SWAY_FRAME,12,79243,79299
SWAY_OUTPUT,741,12,85019
SWAY_OUTPUT,742,13,85020
SWAY_OUTPUT,743,12,85021
SWAY_OUTPUT,744,12,85022
SWAY_OUTPUT,745,25,85023
SWAY_OUTPUT,746,34,85024
SWAY_OUTPUT,747,39,85025
SWAY_OUTPUT,748,2,85026
SWAY_OUTPUT,749,-4,85027
SWAY_OUTPUT,750,-7,85028
SWAY_OUTPUT,751,17,85029
SWAY_OUTPUT,752,19,85030
SWAY_OUTPUT,753,18,85031
SWAY_OUTPUT,754,19,85032
SWAY_OUTPUT,755,8,85033
SWAY_OUTPUT,756,3,85034
SWAY_OUTPUT,757,0,85035
SWAY_OUTPUT,758,-1,85036
SWAY_OUTPUT,759,13,85037
SWAY_OUTPUT,760,127,85038
SWAY_OUTPUT,761,127,85039
SWAY_OUTPUT,762,127,85040
SWAY_OUTPUT,763,126,85041
SWAY_OUTPUT,764,126,85042
SWAY_OUTPUT,765,125,85043
SWAY_OUTPUT,766,124,85044
SWAY_OUTPUT,767,126,85045
SWAY_OUTPUT,768,126,85046
SWAY_OUTPUT,769,122,85047
SWAY_OUTPUT,770,125,85048
SWAY_OUTPUT,771,125,85049
SWAY_OUTPUT,772,127,85050
SWAY_OUTPUT,773,122,85051
SWAY_OUTPUT,774,125,85052
SWAY_OUTPUT,775,125,85053
SWAY_OUTPUT,776,127,85054
SWAY_OUTPUT,777,122,85055
SWAY_OUTPUT,778,127,85056
SWAY_OUTPUT,779,-15,85057
SWAY_OUTPUT,780,5,85058
SWAY_OUTPUT,781,25,85059
SWAY_OUTPUT,782,33,85060
SWAY_OUTPUT,783,17,85061
SWAY_OUTPUT,784,10,85062
SWAY_OUTPUT,785,7,85063
SWAY_OUTPUT,786,16,85064
SWAY_OUTPUT,787,4,85065
SWAY_OUTPUT,788,-6,85066
SWAY_OUTPUT,789,-15,85067
SWAY_OUTPUT,790,-34,85068
SWAY_OUTPUT,791,-55,85069
SWAY_OUTPUT,792,-60,85070
SWAY_OUTPUT,793,-14,85071
SWAY_OUTPUT,794,-33,85072
SWAY_OUTPUT,795,-55,85073
SWAY_OUTPUT,796,-59,85074
SWAY_OUTPUT,797,19,85075
SWAY_FRAME,13,85019,85075
SWAY_PASS frames=14 outputs=798 cycles=87124 drain_cycles=2048
