SWAY_INPUT_FRAME,0,2,363
SWAY_INPUT_FRAME,1,364,725
SWAY_INPUT_FRAME,2,726,6602
SWAY_OUTPUT,0,13,12467
SWAY_STALL,0,12468,20660
SWAY_INPUT_FRAME,3,6603,15226
SWAY_OUTPUT,1,13,20660
SWAY_OUTPUT,2,13,20661
SWAY_OUTPUT,3,13,20662
SWAY_OUTPUT,4,25,20663
SWAY_OUTPUT,5,36,20664
SWAY_OUTPUT,6,45,20665
SWAY_OUTPUT,7,2,20666
SWAY_OUTPUT,8,-6,20667
SWAY_OUTPUT,9,-12,20668
SWAY_OUTPUT,10,18,20670
SWAY_OUTPUT,11,21,20671
SWAY_OUTPUT,12,22,20672
SWAY_OUTPUT,13,23,20673
SWAY_OUTPUT,14,8,20674
SWAY_OUTPUT,15,2,20675
SWAY_OUTPUT,16,-2,20676
SWAY_OUTPUT,17,-4,20677
SWAY_OUTPUT,18,13,20678
SWAY_OUTPUT,19,126,20679
SWAY_OUTPUT,20,127,20681
SWAY_OUTPUT,21,125,20682
SWAY_OUTPUT,22,126,20683
SWAY_OUTPUT,23,126,20684
SWAY_OUTPUT,24,127,20685
SWAY_OUTPUT,25,126,20686
SWAY_OUTPUT,26,124,20687
SWAY_OUTPUT,27,124,20688
SWAY_OUTPUT,28,121,20689
SWAY_OUTPUT,29,125,20690
SWAY_OUTPUT,30,124,20692
SWAY_OUTPUT,31,127,20693
SWAY_OUTPUT,32,120,20694
SWAY_OUTPUT,33,124,20695
SWAY_OUTPUT,34,125,20696
SWAY_OUTPUT,35,127,20697
SWAY_OUTPUT,36,123,20698
SWAY_OUTPUT,37,127,20699
SWAY_OUTPUT,38,-15,20700
SWAY_OUTPUT,39,6,20701
SWAY_OUTPUT,40,25,20703
SWAY_OUTPUT,41,34,20704
SWAY_OUTPUT,42,18,20705
SWAY_OUTPUT,43,12,20706
SWAY_OUTPUT,44,7,20707
SWAY_OUTPUT,45,17,20708
SWAY_OUTPUT,46,6,20709
SWAY_OUTPUT,47,-5,20710
SWAY_OUTPUT,48,-14,20711
SWAY_OUTPUT,49,-33,20712
SWAY_OUTPUT,50,-56,20714
SWAY_OUTPUT,51,-58,20715
SWAY_OUTPUT,52,-14,20716
SWAY_OUTPUT,53,-32,20717
SWAY_OUTPUT,54,-54,20718
SWAY_OUTPUT,55,-58,20719
SWAY_OUTPUT,56,20,20720
SWAY_FRAME,0,12467,20720
SWAY_OUTPUT,57,11,21091
SWAY_STALL,1,21092,29284
SWAY_INPUT_FRAME,4,15227,23850
SWAY_OUTPUT,58,11,29284
SWAY_OUTPUT,59,11,29285
SWAY_OUTPUT,60,11,29286
SWAY_OUTPUT,61,23,29287
SWAY_OUTPUT,62,32,29288
SWAY_OUTPUT,63,40,29289
SWAY_OUTPUT,64,-1,29290
SWAY_OUTPUT,65,-9,29291
SWAY_OUTPUT,66,-16,29292
SWAY_OUTPUT,67,16,29294
SWAY_OUTPUT,68,20,29295
SWAY_OUTPUT,69,22,29296
SWAY_OUTPUT,70,24,29297
SWAY_OUTPUT,71,6,29298
SWAY_OUTPUT,72,1,29299
SWAY_OUTPUT,73,-3,29300
SWAY_OUTPUT,74,-5,29301
SWAY_OUTPUT,75,11,29302
SWAY_OUTPUT,76,126,29303
SWAY_OUTPUT,77,127,29305
SWAY_OUTPUT,78,126,29306
SWAY_OUTPUT,79,126,29307
SWAY_OUTPUT,80,126,29308
SWAY_OUTPUT,81,127,29309
SWAY_OUTPUT,82,125,29310
SWAY_OUTPUT,83,124,29311
SWAY_OUTPUT,84,125,29312
SWAY_OUTPUT,85,123,29313
SWAY_OUTPUT,86,124,29314
SWAY_OUTPUT,87,125,29316
SWAY_OUTPUT,88,126,29317
SWAY_OUTPUT,89,119,29318
SWAY_OUTPUT,90,124,29319
SWAY_OUTPUT,91,126,29320
SWAY_OUTPUT,92,127,29321
SWAY_OUTPUT,93,124,29322
SWAY_OUTPUT,94,127,29323
SWAY_OUTPUT,95,-10,29324
SWAY_OUTPUT,96,12,29325
SWAY_OUTPUT,97,32,29327
SWAY_OUTPUT,98,41,29328
SWAY_OUTPUT,99,24,29329
SWAY_OUTPUT,100,15,29330
SWAY_OUTPUT,101,7,29331
SWAY_OUTPUT,102,23,29332
SWAY_OUTPUT,103,13,29333
SWAY_OUTPUT,104,3,29334
SWAY_OUTPUT,105,-9,29335
SWAY_OUTPUT,106,-31,29336
SWAY_OUTPUT,107,-54,29338
SWAY_OUTPUT,108,-58,29339
SWAY_OUTPUT,109,-9,29340
SWAY_OUTPUT,110,-30,29341
SWAY_OUTPUT,111,-53,29342
SWAY_OUTPUT,112,-57,29343
SWAY_OUTPUT,113,27,29344
SWAY_FRAME,1,21091,29344
SWAY_OUTPUT,114,10,29715
SWAY_STALL,2,29716,37908
SWAY_INPUT_FRAME,5,23853,32474
SWAY_OUTPUT,115,10,37908
SWAY_OUTPUT,116,10,37909
SWAY_OUTPUT,117,10,37910
SWAY_OUTPUT,118,21,37911
SWAY_OUTPUT,119,29,37912
SWAY_OUTPUT,120,38,37913
SWAY_OUTPUT,121,-1,37914
SWAY_OUTPUT,122,-8,37915
SWAY_OUTPUT,123,-15,37916
SWAY_OUTPUT,124,16,37918
SWAY_OUTPUT,125,18,37919
SWAY_OUTPUT,126,19,37920
SWAY_OUTPUT,127,20,37921
SWAY_OUTPUT,128,6,37922
SWAY_OUTPUT,129,3,37923
SWAY_OUTPUT,130,2,37924
SWAY_OUTPUT,131,1,37925
SWAY_OUTPUT,132,10,37926
SWAY_OUTPUT,133,127,37927
SWAY_OUTPUT,134,127,37929
SWAY_OUTPUT,135,127,37930
SWAY_OUTPUT,136,127,37931
SWAY_OUTPUT,137,127,37932
SWAY_OUTPUT,138,127,37933
SWAY_OUTPUT,139,127,37934
SWAY_OUTPUT,140,127,37935
SWAY_OUTPUT,141,127,37936
SWAY_OUTPUT,142,125,37937
SWAY_OUTPUT,143,127,37938
SWAY_OUTPUT,144,127,37940
SWAY_OUTPUT,145,127,37941
SWAY_OUTPUT,146,124,37942
SWAY_OUTPUT,147,127,37943
SWAY_OUTPUT,148,127,37944
SWAY_OUTPUT,149,127,37945
SWAY_OUTPUT,150,125,37946
SWAY_OUTPUT,151,127,37947
SWAY_OUTPUT,152,-18,37948
SWAY_OUTPUT,153,2,37949
SWAY_OUTPUT,154,22,37951
SWAY_OUTPUT,155,30,37952
SWAY_OUTPUT,156,14,37953
SWAY_OUTPUT,157,5,37954
SWAY_OUTPUT,158,-5,37955
SWAY_OUTPUT,159,14,37956
SWAY_OUTPUT,160,2,37957
SWAY_OUTPUT,161,-10,37958
SWAY_OUTPUT,162,-17,37959
SWAY_OUTPUT,163,-34,37960
SWAY_OUTPUT,164,-57,37962
SWAY_OUTPUT,165,-60,37963
SWAY_OUTPUT,166,-17,37964
SWAY_OUTPUT,167,-34,37965
SWAY_OUTPUT,168,-56,37966
SWAY_OUTPUT,169,-60,37967
SWAY_OUTPUT,170,17,37968
SWAY_FRAME,2,29715,37968
SWAY_OUTPUT,171,11,38339
SWAY_STALL,3,38340,46532
SWAY_INPUT_FRAME,6,32475,41098
SWAY_OUTPUT,172,10,46532
SWAY_OUTPUT,173,10,46533
SWAY_OUTPUT,174,10,46534
SWAY_OUTPUT,175,22,46535
SWAY_OUTPUT,176,32,46536
SWAY_OUTPUT,177,39,46537
SWAY_OUTPUT,178,-2,46538
SWAY_OUTPUT,179,-11,46539
SWAY_OUTPUT,180,-15,46540
SWAY_OUTPUT,181,16,46542
SWAY_OUTPUT,182,20,46543
SWAY_OUTPUT,183,22,46544
SWAY_OUTPUT,184,24,46545
SWAY_OUTPUT,185,6,46546
SWAY_OUTPUT,186,3,46547
SWAY_OUTPUT,187,2,46548
SWAY_OUTPUT,188,0,46549
SWAY_OUTPUT,189,10,46550
SWAY_OUTPUT,190,125,46551
SWAY_OUTPUT,191,126,46553
SWAY_OUTPUT,192,126,46554
SWAY_OUTPUT,193,127,46555
SWAY_OUTPUT,194,127,46556
SWAY_OUTPUT,195,127,46557
SWAY_OUTPUT,196,125,46558
SWAY_OUTPUT,197,125,46559
SWAY_OUTPUT,198,125,46560
SWAY_OUTPUT,199,122,46561
SWAY_OUTPUT,200,123,46562
SWAY_OUTPUT,201,126,46564
SWAY_OUTPUT,202,126,46565
SWAY_OUTPUT,203,119,46566
SWAY_OUTPUT,204,123,46567
SWAY_OUTPUT,205,126,46568
SWAY_OUTPUT,206,127,46569
SWAY_OUTPUT,207,123,46570
SWAY_OUTPUT,208,127,46571
SWAY_OUTPUT,209,-7,46572
SWAY_OUTPUT,210,15,46573
SWAY_OUTPUT,211,36,46575
SWAY_OUTPUT,212,45,46576
SWAY_OUTPUT,213,28,46577
SWAY_OUTPUT,214,21,46578
SWAY_OUTPUT,215,16,46579
SWAY_OUTPUT,216,27,46580
SWAY_OUTPUT,217,18,46581
SWAY_OUTPUT,218,10,46582
SWAY_OUTPUT,219,-6,46583
SWAY_OUTPUT,220,-31,46584
SWAY_OUTPUT,221,-54,46586
SWAY_OUTPUT,222,-58,46587
SWAY_OUTPUT,223,-6,46588
SWAY_OUTPUT,224,-31,46589
SWAY_OUTPUT,225,-55,46590
SWAY_OUTPUT,226,-60,46591
SWAY_OUTPUT,227,31,46592
SWAY_FRAME,3,38339,46592
SWAY_OUTPUT,228,12,46963
SWAY_STALL,4,46964,55156
SWAY_INPUT_FRAME,7,41099,49722
SWAY_OUTPUT,229,14,55156
SWAY_OUTPUT,230,16,55157
SWAY_OUTPUT,231,14,55158
SWAY_OUTPUT,232,26,55159
SWAY_OUTPUT,233,38,55160
SWAY_OUTPUT,234,48,55161
SWAY_OUTPUT,235,3,55162
SWAY_OUTPUT,236,-12,55163
SWAY_OUTPUT,237,-28,55164
SWAY_OUTPUT,238,18,55166
SWAY_OUTPUT,239,21,55167
SWAY_OUTPUT,240,23,55168
SWAY_OUTPUT,241,24,55169
SWAY_OUTPUT,242,8,55170
SWAY_OUTPUT,243,-5,55171
SWAY_OUTPUT,244,-15,55172
SWAY_OUTPUT,245,-18,55173
SWAY_OUTPUT,246,15,55174
SWAY_OUTPUT,247,127,55175
SWAY_OUTPUT,248,127,55177
SWAY_OUTPUT,249,126,55178
SWAY_OUTPUT,250,127,55179
SWAY_OUTPUT,251,124,55180
SWAY_OUTPUT,252,123,55181
SWAY_OUTPUT,253,120,55182
SWAY_OUTPUT,254,127,55183
SWAY_OUTPUT,255,127,55184
SWAY_OUTPUT,256,127,55185
SWAY_OUTPUT,257,127,55186
SWAY_OUTPUT,258,127,55188
SWAY_OUTPUT,259,127,55189
SWAY_OUTPUT,260,127,55190
SWAY_OUTPUT,261,127,55191
SWAY_OUTPUT,262,124,55192
SWAY_OUTPUT,263,124,55193
SWAY_OUTPUT,264,118,55194
SWAY_OUTPUT,265,127,55195
SWAY_OUTPUT,266,-12,55196
SWAY_OUTPUT,267,9,55197
SWAY_OUTPUT,268,29,55199
SWAY_OUTPUT,269,38,55200
SWAY_OUTPUT,270,20,55201
SWAY_OUTPUT,271,14,55202
SWAY_OUTPUT,272,9,55203
SWAY_OUTPUT,273,22,55204
SWAY_OUTPUT,274,20,55205
SWAY_OUTPUT,275,19,55206
SWAY_OUTPUT,276,-12,55207
SWAY_OUTPUT,277,-32,55208
SWAY_OUTPUT,278,-57,55210
SWAY_OUTPUT,279,-60,55211
SWAY_OUTPUT,280,-10,55212
SWAY_OUTPUT,281,-27,55213
SWAY_OUTPUT,282,-50,55214
SWAY_OUTPUT,283,-53,55215
SWAY_OUTPUT,284,24,55216
SWAY_FRAME,4,46963,55216
SWAY_OUTPUT,285,8,55587
SWAY_STALL,5,55588,63780
SWAY_INPUT_FRAME,8,49723,58348
SWAY_OUTPUT,286,7,63780
SWAY_OUTPUT,287,7,63781
SWAY_OUTPUT,288,7,63782
SWAY_OUTPUT,289,19,63783
SWAY_OUTPUT,290,33,63784
SWAY_OUTPUT,291,40,63785
SWAY_OUTPUT,292,-5,63786
SWAY_OUTPUT,293,-16,63787
SWAY_OUTPUT,294,-21,63788
SWAY_OUTPUT,295,13,63790
SWAY_OUTPUT,296,19,63791
SWAY_OUTPUT,297,24,63792
SWAY_OUTPUT,298,26,63793
SWAY_OUTPUT,299,3,63794
SWAY_OUTPUT,300,-2,63795
SWAY_OUTPUT,301,-4,63796
SWAY_OUTPUT,302,-6,63797
SWAY_OUTPUT,303,8,63798
SWAY_OUTPUT,304,124,63799
SWAY_OUTPUT,305,125,63801
SWAY_OUTPUT,306,124,63802
SWAY_OUTPUT,307,125,63803
SWAY_OUTPUT,308,124,63804
SWAY_OUTPUT,309,126,63805
SWAY_OUTPUT,310,122,63806
SWAY_OUTPUT,311,123,63807
SWAY_OUTPUT,312,124,63808
SWAY_OUTPUT,313,121,63809
SWAY_OUTPUT,314,122,63810
SWAY_OUTPUT,315,123,63812
SWAY_OUTPUT,316,125,63813
SWAY_OUTPUT,317,117,63814
SWAY_OUTPUT,318,122,63815
SWAY_OUTPUT,319,122,63816
SWAY_OUTPUT,320,126,63817
SWAY_OUTPUT,321,121,63818
SWAY_OUTPUT,322,125,63819
SWAY_OUTPUT,323,-10,63820
SWAY_OUTPUT,324,12,63821
SWAY_OUTPUT,325,32,63823
SWAY_OUTPUT,326,41,63824
SWAY_OUTPUT,327,24,63825
SWAY_OUTPUT,328,22,63826
SWAY_OUTPUT,329,26,63827
SWAY_OUTPUT,330,23,63828
SWAY_OUTPUT,331,18,63829
SWAY_OUTPUT,332,17,63830
SWAY_OUTPUT,333,-9,63831
SWAY_OUTPUT,334,-31,63832
SWAY_OUTPUT,335,-54,63834
SWAY_OUTPUT,336,-57,63835
SWAY_OUTPUT,337,-9,63836
SWAY_OUTPUT,338,-30,63837
SWAY_OUTPUT,339,-54,63838
SWAY_OUTPUT,340,-58,63839
SWAY_OUTPUT,341,27,63840
SWAY_FRAME,5,55587,63840
SWAY_OUTPUT,342,7,64211
SWAY_STALL,6,64212,72404
SWAY_INPUT_FRAME,9,58349,66970
SWAY_OUTPUT,343,6,72404
SWAY_OUTPUT,344,5,72405
SWAY_OUTPUT,345,4,72406
SWAY_OUTPUT,346,17,72407
SWAY_OUTPUT,347,32,72408
SWAY_OUTPUT,348,42,72409
SWAY_OUTPUT,349,-7,72410
SWAY_OUTPUT,350,-20,72411
SWAY_OUTPUT,351,-29,72412
SWAY_OUTPUT,352,12,72414
SWAY_OUTPUT,353,21,72415
SWAY_OUTPUT,354,29,72416
SWAY_OUTPUT,355,32,72417
SWAY_OUTPUT,356,2,72418
SWAY_OUTPUT,357,-5,72419
SWAY_OUTPUT,358,-7,72420
SWAY_OUTPUT,359,-9,72421
SWAY_OUTPUT,360,5,72422
SWAY_OUTPUT,361,127,72423
SWAY_OUTPUT,362,127,72425
SWAY_OUTPUT,363,127,72426
SWAY_OUTPUT,364,127,72427
SWAY_OUTPUT,365,127,72428
SWAY_OUTPUT,366,127,72429
SWAY_OUTPUT,367,124,72430
SWAY_OUTPUT,368,127,72431
SWAY_OUTPUT,369,127,72432
SWAY_OUTPUT,370,126,72433
SWAY_OUTPUT,371,127,72434
SWAY_OUTPUT,372,127,72436
SWAY_OUTPUT,373,127,72437
SWAY_OUTPUT,374,123,72438
SWAY_OUTPUT,375,127,72439
SWAY_OUTPUT,376,126,72440
SWAY_OUTPUT,377,127,72441
SWAY_OUTPUT,378,123,72442
SWAY_OUTPUT,379,127,72443
SWAY_OUTPUT,380,-11,72444
SWAY_OUTPUT,381,10,72445
SWAY_OUTPUT,382,30,72447
SWAY_OUTPUT,383,39,72448
SWAY_OUTPUT,384,23,72449
SWAY_OUTPUT,385,21,72450
SWAY_OUTPUT,386,23,72451
SWAY_OUTPUT,387,22,72452
SWAY_OUTPUT,388,18,72453
SWAY_OUTPUT,389,16,72454
SWAY_OUTPUT,390,-10,72455
SWAY_OUTPUT,391,-29,72456
SWAY_OUTPUT,392,-53,72458
SWAY_OUTPUT,393,-57,72459
SWAY_OUTPUT,394,-10,72460
SWAY_OUTPUT,395,-30,72461
SWAY_OUTPUT,396,-55,72462
SWAY_OUTPUT,397,-59,72463
SWAY_OUTPUT,398,25,72464
SWAY_FRAME,6,64211,72464
SWAY_OUTPUT,399,18,72835
SWAY_STALL,7,72836,81028
SWAY_INPUT_FRAME,10,66971,75594
SWAY_OUTPUT,400,19,81028
SWAY_OUTPUT,401,20,81029
SWAY_OUTPUT,402,21,81030
SWAY_OUTPUT,403,31,81031
SWAY_OUTPUT,404,41,81032
SWAY_OUTPUT,405,50,81033
SWAY_OUTPUT,406,9,81034
SWAY_OUTPUT,407,-4,81035
SWAY_OUTPUT,408,-16,81036
SWAY_OUTPUT,409,24,81038
SWAY_OUTPUT,410,27,81039
SWAY_OUTPUT,411,25,81040
SWAY_OUTPUT,412,27,81041
SWAY_OUTPUT,413,13,81042
SWAY_OUTPUT,414,5,81043
SWAY_OUTPUT,415,-4,81044
SWAY_OUTPUT,416,-7,81045
SWAY_OUTPUT,417,20,81046
SWAY_OUTPUT,418,125,81047
SWAY_OUTPUT,419,126,81049
SWAY_OUTPUT,420,124,81050
SWAY_OUTPUT,421,125,81051
SWAY_OUTPUT,422,124,81052
SWAY_OUTPUT,423,127,81053
SWAY_OUTPUT,424,124,81054
SWAY_OUTPUT,425,123,81055
SWAY_OUTPUT,426,124,81056
SWAY_OUTPUT,427,122,81057
SWAY_OUTPUT,428,124,81058
SWAY_OUTPUT,429,122,81060
SWAY_OUTPUT,430,126,81061
SWAY_OUTPUT,431,119,81062
SWAY_OUTPUT,432,124,81063
SWAY_OUTPUT,433,125,81064
SWAY_OUTPUT,434,127,81065
SWAY_OUTPUT,435,123,81066
SWAY_OUTPUT,436,125,81067
SWAY_OUTPUT,437,-15,81068
SWAY_OUTPUT,438,6,81069
SWAY_OUTPUT,439,26,81071
SWAY_OUTPUT,440,34,81072
SWAY_OUTPUT,441,17,81073
SWAY_OUTPUT,442,9,81074
SWAY_OUTPUT,443,0,81075
SWAY_OUTPUT,444,18,81076
SWAY_OUTPUT,445,12,81077
SWAY_OUTPUT,446,5,81078
SWAY_OUTPUT,447,-14,81079
SWAY_OUTPUT,448,-33,81080
SWAY_OUTPUT,449,-56,81082
SWAY_OUTPUT,450,-59,81083
SWAY_OUTPUT,451,-13,81084
SWAY_OUTPUT,452,-31,81085
SWAY_OUTPUT,453,-52,81086
SWAY_OUTPUT,454,-55,81087
SWAY_OUTPUT,455,21,81088
SWAY_FRAME,7,72835,81088
SWAY_OUTPUT,456,10,81459
SWAY_STALL,8,81460,89652
SWAY_INPUT_FRAME,11,75595,84220
SWAY_OUTPUT,457,10,89652
SWAY_OUTPUT,458,10,89653
SWAY_OUTPUT,459,10,89654
SWAY_OUTPUT,460,22,89655
SWAY_OUTPUT,461,32,89656
SWAY_OUTPUT,462,36,89657
SWAY_OUTPUT,463,-2,89658
SWAY_OUTPUT,464,-16,89659
SWAY_OUTPUT,465,-23,89660
SWAY_OUTPUT,466,15,89662
SWAY_OUTPUT,467,19,89663
SWAY_OUTPUT,468,22,89664
SWAY_OUTPUT,469,24,89665
SWAY_OUTPUT,470,5,89666
SWAY_OUTPUT,471,-1,89667
SWAY_OUTPUT,472,-3,89668
SWAY_OUTPUT,473,-5,89669
SWAY_OUTPUT,474,10,89670
SWAY_OUTPUT,475,124,89671
SWAY_OUTPUT,476,124,89673
SWAY_OUTPUT,477,123,89674
SWAY_OUTPUT,478,124,89675
SWAY_OUTPUT,479,123,89676
SWAY_OUTPUT,480,125,89677
SWAY_OUTPUT,481,120,89678
SWAY_OUTPUT,482,123,89679
SWAY_OUTPUT,483,123,89680
SWAY_OUTPUT,484,121,89681
SWAY_OUTPUT,485,122,89682
SWAY_OUTPUT,486,122,89684
SWAY_OUTPUT,487,125,89685
SWAY_OUTPUT,488,117,89686
SWAY_OUTPUT,489,122,89687
SWAY_OUTPUT,490,122,89688
SWAY_OUTPUT,491,125,89689
SWAY_OUTPUT,492,120,89690
SWAY_OUTPUT,493,124,89691
SWAY_OUTPUT,494,-10,89692
SWAY_OUTPUT,495,12,89693
SWAY_OUTPUT,496,32,89695
SWAY_OUTPUT,497,41,89696
SWAY_OUTPUT,498,24,89697
SWAY_OUTPUT,499,17,89698
SWAY_OUTPUT,500,17,89699
SWAY_OUTPUT,501,24,89700
SWAY_OUTPUT,502,22,89701
SWAY_OUTPUT,503,25,89702
SWAY_OUTPUT,504,-9,89703
SWAY_OUTPUT,505,-32,89704
SWAY_OUTPUT,506,-55,89706
SWAY_OUTPUT,507,-59,89707
SWAY_OUTPUT,508,-9,89708
SWAY_OUTPUT,509,-31,89709
SWAY_OUTPUT,510,-54,89710
SWAY_OUTPUT,511,-59,89711
SWAY_OUTPUT,512,27,89712
SWAY_FRAME,8,81459,89712
SWAY_OUTPUT,513,47,90083
SWAY_STALL,9,90084,98276
SWAY_INPUT_FRAME,12,84221,92842
SWAY_OUTPUT,514,49,98276
SWAY_OUTPUT,515,52,98277
SWAY_OUTPUT,516,51,98278
SWAY_OUTPUT,517,57,98279
SWAY_OUTPUT,518,52,98280
SWAY_OUTPUT,519,71,98281
SWAY_OUTPUT,520,42,98282
SWAY_OUTPUT,521,49,98283
SWAY_OUTPUT,522,7,98284
SWAY_OUTPUT,523,52,98286
SWAY_OUTPUT,524,46,98287
SWAY_OUTPUT,525,34,98288
SWAY_OUTPUT,526,36,98289
SWAY_OUTPUT,527,43,98290
SWAY_OUTPUT,528,49,98291
SWAY_OUTPUT,529,40,98292
SWAY_OUTPUT,530,40,98293
SWAY_OUTPUT,531,51,98294
SWAY_OUTPUT,532,127,98295
SWAY_OUTPUT,533,127,98297
SWAY_OUTPUT,534,127,98298
SWAY_OUTPUT,535,127,98299
SWAY_OUTPUT,536,127,98300
SWAY_OUTPUT,537,127,98301
SWAY_OUTPUT,538,127,98302
SWAY_OUTPUT,539,127,98303
SWAY_OUTPUT,540,127,98304
SWAY_OUTPUT,541,127,98305
SWAY_OUTPUT,542,127,98306
SWAY_OUTPUT,543,127,98308
SWAY_OUTPUT,544,127,98309
SWAY_OUTPUT,545,127,98310
SWAY_OUTPUT,546,127,98311
SWAY_OUTPUT,547,127,98312
SWAY_OUTPUT,548,127,98313
SWAY_OUTPUT,549,127,98314
SWAY_OUTPUT,550,127,98315
SWAY_OUTPUT,551,23,98316
SWAY_OUTPUT,552,58,98317
SWAY_OUTPUT,553,90,98319
SWAY_OUTPUT,554,104,98320
SWAY_OUTPUT,555,64,98321
SWAY_OUTPUT,556,27,98322
SWAY_OUTPUT,557,3,98323
SWAY_OUTPUT,558,69,98324
SWAY_OUTPUT,559,1,98325
SWAY_OUTPUT,560,-45,98326
SWAY_OUTPUT,561,23,98327
SWAY_OUTPUT,562,-36,98328
SWAY_OUTPUT,563,-94,98330
SWAY_OUTPUT,564,-111,98331
SWAY_OUTPUT,565,25,98332
SWAY_OUTPUT,566,-40,98333
SWAY_OUTPUT,567,-84,98334
SWAY_OUTPUT,568,-90,98335
SWAY_OUTPUT,569,81,98336
SWAY_FRAME,9,90083,98336
SWAY_OUTPUT,570,0,98707
SWAY_STALL,10,98708,106900
SWAY_INPUT_FRAME,13,92843,101466
SWAY_OUTPUT,571,3,106900
SWAY_OUTPUT,572,6,106901
SWAY_OUTPUT,573,8,106902
SWAY_OUTPUT,574,20,106903
SWAY_OUTPUT,575,18,106904
SWAY_OUTPUT,576,-24,106905
SWAY_OUTPUT,577,-6,106906
SWAY_OUTPUT,578,-17,106907
SWAY_OUTPUT,579,14,106908
SWAY_OUTPUT,580,5,106910
SWAY_OUTPUT,581,-2,106911
SWAY_OUTPUT,582,-2,106912
SWAY_OUTPUT,583,-8,106913
SWAY_OUTPUT,584,-4,106914
SWAY_OUTPUT,585,-26,106915
SWAY_OUTPUT,586,-29,106916
SWAY_OUTPUT,587,-35,106917
SWAY_OUTPUT,588,5,106918
SWAY_OUTPUT,589,20,106919
SWAY_OUTPUT,590,19,106921
SWAY_OUTPUT,591,18,106922
SWAY_OUTPUT,592,17,106923
SWAY_OUTPUT,593,30,106924
SWAY_OUTPUT,594,43,106925
SWAY_OUTPUT,595,46,106926
SWAY_OUTPUT,596,17,106927
SWAY_OUTPUT,597,21,106928
SWAY_OUTPUT,598,34,106929
SWAY_OUTPUT,599,20,106930
SWAY_OUTPUT,600,21,106932
SWAY_OUTPUT,601,20,106933
SWAY_OUTPUT,602,0,106934
SWAY_OUTPUT,603,16,106935
SWAY_OUTPUT,604,4,106936
SWAY_OUTPUT,605,27,106937
SWAY_OUTPUT,606,37,106938
SWAY_OUTPUT,607,19,106939
SWAY_OUTPUT,608,-13,106940
SWAY_OUTPUT,609,5,106941
SWAY_OUTPUT,610,23,106943
SWAY_OUTPUT,611,30,106944
SWAY_OUTPUT,612,18,106945
SWAY_OUTPUT,613,13,106946
SWAY_OUTPUT,614,-7,106947
SWAY_OUTPUT,615,12,106948
SWAY_OUTPUT,616,15,106949
SWAY_OUTPUT,617,3,106950
SWAY_OUTPUT,618,-13,106951
SWAY_OUTPUT,619,-36,106952
SWAY_OUTPUT,620,-27,106954
SWAY_OUTPUT,621,-18,106955
SWAY_OUTPUT,622,-12,106956
SWAY_OUTPUT,623,-20,106957
SWAY_OUTPUT,624,-20,106958
SWAY_OUTPUT,625,-28,106959
SWAY_OUTPUT,626,19,106960
SWAY_FRAME,10,98707,106960
SWAY_OUTPUT,627,13,107331
SWAY_STALL,11,107332,115524
SWAY_OUTPUT,628,10,115524
SWAY_OUTPUT,629,10,115525
SWAY_OUTPUT,630,11,115526
SWAY_OUTPUT,631,15,115527
SWAY_OUTPUT,632,30,115528
SWAY_OUTPUT,633,69,115529
SWAY_OUTPUT,634,6,115530
SWAY_OUTPUT,635,4,115531
SWAY_OUTPUT,636,-10,115532
SWAY_OUTPUT,637,18,115534
SWAY_OUTPUT,638,7,115535
SWAY_OUTPUT,639,21,115536
SWAY_OUTPUT,640,29,115537
SWAY_OUTPUT,641,9,115538
SWAY_OUTPUT,642,31,115539
SWAY_OUTPUT,643,35,115540
SWAY_OUTPUT,644,36,115541
SWAY_OUTPUT,645,11,115542
SWAY_OUTPUT,646,127,115543
SWAY_OUTPUT,647,127,115545
SWAY_OUTPUT,648,127,115546
SWAY_OUTPUT,649,127,115547
SWAY_OUTPUT,650,127,115548
SWAY_OUTPUT,651,127,115549
SWAY_OUTPUT,652,127,115550
SWAY_OUTPUT,653,127,115551
SWAY_OUTPUT,654,127,115552
SWAY_OUTPUT,655,127,115553
SWAY_OUTPUT,656,127,115554
SWAY_OUTPUT,657,127,115556
SWAY_OUTPUT,658,127,115557
SWAY_OUTPUT,659,127,115558
SWAY_OUTPUT,660,127,115559
SWAY_OUTPUT,661,127,115560
SWAY_OUTPUT,662,127,115561
SWAY_OUTPUT,663,127,115562
SWAY_OUTPUT,664,127,115563
SWAY_OUTPUT,665,-30,115564
SWAY_OUTPUT,666,-12,115565
SWAY_OUTPUT,667,5,115567
SWAY_OUTPUT,668,10,115568
SWAY_OUTPUT,669,1,115569
SWAY_OUTPUT,670,6,115570
SWAY_OUTPUT,671,2,115571
SWAY_OUTPUT,672,-2,115572
SWAY_OUTPUT,673,-20,115573
SWAY_OUTPUT,674,-51,115574
SWAY_OUTPUT,675,-29,115575
SWAY_OUTPUT,676,-40,115576
SWAY_OUTPUT,677,-68,115578
SWAY_OUTPUT,678,-73,115579
SWAY_OUTPUT,679,-29,115580
SWAY_OUTPUT,680,-37,115581
SWAY_OUTPUT,681,-61,115582
SWAY_OUTPUT,682,-70,115583
SWAY_OUTPUT,683,0,115584
SWAY_FRAME,11,107331,115584
SWAY_OUTPUT,684,13,115955
SWAY_STALL,12,115956,124148
SWAY_OUTPUT,685,13,124148
SWAY_OUTPUT,686,13,124149
SWAY_OUTPUT,687,13,124150
SWAY_OUTPUT,688,25,124151
SWAY_OUTPUT,689,36,124152
SWAY_OUTPUT,690,45,124153
SWAY_OUTPUT,691,2,124154
SWAY_OUTPUT,692,-6,124155
SWAY_OUTPUT,693,-12,124156
SWAY_OUTPUT,694,18,124158
SWAY_OUTPUT,695,21,124159
SWAY_OUTPUT,696,22,124160
SWAY_OUTPUT,697,23,124161
SWAY_OUTPUT,698,8,124162
SWAY_OUTPUT,699,2,124163
SWAY_OUTPUT,700,-2,124164
SWAY_OUTPUT,701,-4,124165
SWAY_OUTPUT,702,13,124166
SWAY_OUTPUT,703,126,124167
SWAY_OUTPUT,704,127,124169
SWAY_OUTPUT,705,125,124170
SWAY_OUTPUT,706,126,124171
SWAY_OUTPUT,707,126,124172
SWAY_OUTPUT,708,127,124173
SWAY_OUTPUT,709,126,124174
SWAY_OUTPUT,710,124,124175
SWAY_OUTPUT,711,124,124176
SWAY_OUTPUT,712,121,124177
SWAY_OUTPUT,713,125,124178
SWAY_OUTPUT,714,124,124180
SWAY_OUTPUT,715,127,124181
SWAY_OUTPUT,716,120,124182
SWAY_OUTPUT,717,124,124183
SWAY_OUTPUT,718,125,124184
SWAY_OUTPUT,719,127,124185
SWAY_OUTPUT,720,123,124186
SWAY_OUTPUT,721,127,124187
SWAY_OUTPUT,722,-15,124188
SWAY_OUTPUT,723,6,124189
SWAY_OUTPUT,724,25,124191
SWAY_OUTPUT,725,34,124192
SWAY_OUTPUT,726,18,124193
SWAY_OUTPUT,727,12,124194
SWAY_OUTPUT,728,7,124195
SWAY_OUTPUT,729,17,124196
SWAY_OUTPUT,730,6,124197
SWAY_OUTPUT,731,-5,124198
SWAY_OUTPUT,732,-14,124199
SWAY_OUTPUT,733,-33,124200
SWAY_OUTPUT,734,-56,124202
SWAY_OUTPUT,735,-58,124203
SWAY_OUTPUT,736,-14,124204
SWAY_OUTPUT,737,-32,124205
SWAY_OUTPUT,738,-54,124206
SWAY_OUTPUT,739,-58,124207
SWAY_OUTPUT,740,20,124208
SWAY_FRAME,12,115955,124208
SWAY_OUTPUT,741,13,124579
SWAY_STALL,13,124580,132772
SWAY_OUTPUT,742,13,132772
SWAY_OUTPUT,743,13,132773
SWAY_OUTPUT,744,13,132774
SWAY_OUTPUT,745,25,132775
SWAY_OUTPUT,746,36,132776
SWAY_OUTPUT,747,45,132777
SWAY_OUTPUT,748,2,132778
SWAY_OUTPUT,749,-6,132779
SWAY_OUTPUT,750,-12,132780
SWAY_OUTPUT,751,18,132782
SWAY_OUTPUT,752,21,132783
SWAY_OUTPUT,753,22,132784
SWAY_OUTPUT,754,23,132785
SWAY_OUTPUT,755,8,132786
SWAY_OUTPUT,756,2,132787
SWAY_OUTPUT,757,-2,132788
SWAY_OUTPUT,758,-4,132789
SWAY_OUTPUT,759,13,132790
SWAY_OUTPUT,760,126,132791
SWAY_OUTPUT,761,127,132793
SWAY_OUTPUT,762,125,132794
SWAY_OUTPUT,763,126,132795
SWAY_OUTPUT,764,126,132796
SWAY_OUTPUT,765,127,132797
SWAY_OUTPUT,766,126,132798
SWAY_OUTPUT,767,124,132799
SWAY_OUTPUT,768,124,132800
SWAY_OUTPUT,769,121,132801
SWAY_OUTPUT,770,125,132802
SWAY_OUTPUT,771,124,132804
SWAY_OUTPUT,772,127,132805
SWAY_OUTPUT,773,120,132806
SWAY_OUTPUT,774,124,132807
SWAY_OUTPUT,775,125,132808
SWAY_OUTPUT,776,127,132809
SWAY_OUTPUT,777,123,132810
SWAY_OUTPUT,778,127,132811
SWAY_OUTPUT,779,-15,132812
SWAY_OUTPUT,780,6,132813
SWAY_OUTPUT,781,25,132815
SWAY_OUTPUT,782,34,132816
SWAY_OUTPUT,783,18,132817
SWAY_OUTPUT,784,12,132818
SWAY_OUTPUT,785,7,132819
SWAY_OUTPUT,786,17,132820
SWAY_OUTPUT,787,6,132821
SWAY_OUTPUT,788,-5,132822
SWAY_OUTPUT,789,-14,132823
SWAY_OUTPUT,790,-33,132824
SWAY_OUTPUT,791,-56,132826
SWAY_OUTPUT,792,-58,132827
SWAY_OUTPUT,793,-14,132828
SWAY_OUTPUT,794,-32,132829
SWAY_OUTPUT,795,-54,132830
SWAY_OUTPUT,796,-58,132831
SWAY_OUTPUT,797,20,132832
SWAY_FRAME,13,124579,132832
SWAY_PASS frames=14 outputs=798 cycles=134881 drain_cycles=2048
